2025-12-14 20:53:26,406 [INFO] \U0001f50d [1] @user_1 \u2192 ╚∙хЄ уЁєяяє: '╚╤1-231'
2025-12-14 20:53:26,407 [INFO] \u2705 [1] ═рщфхэю 1 уЁєяя√ фы  чряЁюёр '╚╤1-231'
2025-12-14 20:53:26,407 [INFO] \U0001f4c5 [1] ╟руЁєцр■ Ёрёяшёрэшх фы : ╚╤1-231
2025-12-14 20:53:26,427 [INFO] \U0001f50d [1] @user_1 \u2192 ╚∙хЄ уЁєяяє: '╚╤1-232'
2025-12-14 20:53:26,428 [INFO] \u2705 [1] ═рщфхэю 1 уЁєяя√ фы  чряЁюёр '╚╤1-232'
2025-12-14 20:53:26,428 [INFO] \U0001f4c5 [1] ╟руЁєцр■ Ёрёяшёрэшх фы : ╚╤1-232
2025-12-14 20:53:26,445 [INFO] \U0001f50d [2] @user_2 \u2192 ╚∙хЄ уЁєяяє: '╚╤1-231'
2025-12-14 20:53:26,446 [INFO] \u2705 [2] ═рщфхэю 1 уЁєяя√ фы  чряЁюёр '╚╤1-231'
2025-12-14 20:53:26,446 [INFO] \U0001f4c5 [2] ╟руЁєцр■ Ёрёяшёрэшх фы : ╚╤1-231
2025-12-14 20:53:26,470 [INFO] \U0001f50d [2] @user_2 \u2192 ╚∙хЄ уЁєяяє: '╚╤1-232'
2025-12-14 20:53:26,471 [INFO] \u2705 [2] ═рщфхэю 1 уЁєяя√ фы  чряЁюёр '╚╤1-232'
2025-12-14 20:53:26,471 [INFO] \U0001f4c5 [2] ╟руЁєцр■ Ёрёяшёрэшх фы : ╚╤1-232
2025-12-14 20:53:26,486 [INFO] \U0001f50d [3] @user_3 \u2192 ╚∙хЄ уЁєяяє: '╚╤1-231'
2025-12-14 20:53:26,487 [INFO] \u2705 [3] ═рщфхэю 1 уЁєяя√ фы  чряЁюёр '╚╤1-231'
2025-12-14 20:53:26,488 [INFO] \U0001f4c5 [3] ╟руЁєцр■ Ёрёяшёрэшх фы : ╚╤1-231
2025-12-14 20:53:26,505 [INFO] \U0001f50d [3] @user_3 \u2192 ╚∙хЄ уЁєяяє: '╚╤1-232'
2025-12-14 20:53:26,506 [INFO] \u2705 [3] ═рщфхэю 1 уЁєяя√ фы  чряЁюёр '╚╤1-232'
2025-12-14 20:53:26,506 [INFO] \U0001f4c5 [3] ╟руЁєцр■ Ёрёяшёрэшх фы : ╚╤1-232
2025-12-14 20:53:26,525 [INFO] \U0001f50d [4] @user_4 \u2192 ╚∙хЄ уЁєяяє: '╚╤1-231'
2025-12-14 20:53:26,526 [INFO] \u2705 [4] ═рщфхэю 1 уЁєяя√ фы  чряЁюёр '╚╤1-231'
2025-12-14 20:53:26,526 [INFO] \U0001f4c5 [4] ╟руЁєцр■ Ёрёяшёрэшх фы : ╚╤1-231
2025-12-14 20:53:26,544 [INFO] \U0001f50d [4] @user_4 \u2192 ╚∙хЄ уЁєяяє: '╚╤1-232'
2025-12-14 20:53:26,545 [INFO] \u2705 [4] ═рщфхэю 1 уЁєяя√ фы  чряЁюёр '╚╤1-232'
2025-12-14 20:53:26,545 [INFO] \U0001f4c5 [4] ╟руЁєцр■ Ёрёяшёрэшх фы : ╚╤1-232
2025-12-14 20:53:26,564 [INFO] \U0001f50d [5] @user_5 \u2192 ╚∙хЄ уЁєяяє: '╚╤1-231'
2025-12-14 20:53:26,565 [INFO] \u2705 [5] ═рщфхэю 1 уЁєяя√ фы  чряЁюёр '╚╤1-231'
2025-12-14 20:53:26,565 [INFO] \U0001f4c5 [5] ╟руЁєцр■ Ёрёяшёрэшх фы : ╚╤1-231
2025-12-14 20:53:26,582 [INFO] \U0001f50d [5] @user_5 \u2192 ╚∙хЄ уЁєяяє: '╚╤1-232'
2025-12-14 20:53:26,585 [INFO] \u2705 [5] ═рщфхэю 1 уЁєяя√ фы  чряЁюёр '╚╤1-232'
2025-12-14 20:53:26,586 [INFO] \U0001f4c5 [5] ╟руЁєцр■ Ёрёяшёрэшх фы : ╚╤1-232
2025-12-14 20:53:26,604 [INFO] \U0001f50d [6] @user_6 \u2192 ╚∙хЄ уЁєяяє: '╚╤1-231'
2025-12-14 20:53:26,605 [INFO] \u2705 [6] ═рщфхэю 1 уЁєяя√ фы  чряЁюёр '╚╤1-231'
2025-12-14 20:53:26,605 [INFO] \U0001f4c5 [6] ╟руЁєцр■ Ёрёяшёрэшх фы : ╚╤1-231
2025-12-14 20:53:26,625 [INFO] \U0001f50d [6] @user_6 \u2192 ╚∙хЄ уЁєяяє: '╚╤1-232'
2025-12-14 20:53:26,626 [INFO] \u2705 [6] ═рщфхэю 1 уЁєяя√ фы  чряЁюёр '╚╤1-232'
2025-12-14 20:53:26,626 [INFO] \U0001f4c5 [6] ╟руЁєцр■ Ёрёяшёрэшх фы : ╚╤1-232
2025-12-14 20:53:26,650 [INFO] \U0001f50d [7] @user_7 \u2192 ╚∙хЄ уЁєяяє: '╚╤1-231'
2025-12-14 20:53:26,652 [INFO] \u2705 [7] ═рщфхэю 1 уЁєяя√ фы  чряЁюёр '╚╤1-231'
2025-12-14 20:53:26,652 [INFO] \U0001f4c5 [7] ╟руЁєцр■ Ёрёяшёрэшх фы : ╚╤1-231
2025-12-14 20:53:26,673 [INFO] \U0001f50d [7] @user_7 \u2192 ╚∙хЄ уЁєяяє: '╚╤1-232'
2025-12-14 20:53:26,674 [INFO] \u2705 [7] ═рщфхэю 1 уЁєяя√ фы  чряЁюёр '╚╤1-232'
2025-12-14 20:53:26,675 [INFO] \U0001f4c5 [7] ╟руЁєцр■ Ёрёяшёрэшх фы : ╚╤1-232
2025-12-14 20:53:26,694 [INFO] \U0001f50d [8] @user_8 \u2192 ╚∙хЄ уЁєяяє: '╚╤1-231'
2025-12-14 20:53:26,695 [INFO] \u2705 [8] ═рщфхэю 1 уЁєяя√ фы  чряЁюёр '╚╤1-231'
2025-12-14 20:53:26,696 [INFO] \U0001f4c5 [8] ╟руЁєцр■ Ёрёяшёрэшх фы : ╚╤1-231
2025-12-14 20:53:26,721 [INFO] \U0001f50d [8] @user_8 \u2192 ╚∙хЄ уЁєяяє: '╚╤1-232'
2025-12-14 20:53:26,722 [INFO] \u2705 [8] ═рщфхэю 1 уЁєяя√ фы  чряЁюёр '╚╤1-232'
2025-12-14 20:53:26,723 [INFO] \U0001f4c5 [8] ╟руЁєцр■ Ёрёяшёрэшх фы : ╚╤1-232
2025-12-14 20:53:26,742 [INFO] \U0001f50d [9] @user_9 \u2192 ╚∙хЄ уЁєяяє: '╚╤1-231'
2025-12-14 20:53:26,743 [INFO] \u2705 [9] ═рщфхэю 1 уЁєяя√ фы  чряЁюёр '╚╤1-231'
2025-12-14 20:53:26,743 [INFO] \U0001f4c5 [9] ╟руЁєцр■ Ёрёяшёрэшх фы : ╚╤1-231
2025-12-14 20:53:26,762 [INFO] \U0001f50d [9] @user_9 \u2192 ╚∙хЄ уЁєяяє: '╚╤1-232'
2025-12-14 20:53:26,763 [INFO] \u2705 [9] ═рщфхэю 1 уЁєяя√ фы  чряЁюёр '╚╤1-232'
2025-12-14 20:53:26,763 [INFO] \U0001f4c5 [9] ╟руЁєцр■ Ёрёяшёрэшх фы : ╚╤1-232
2025-12-14 20:53:26,781 [INFO] \U0001f50d [10] @user_10 \u2192 ╚∙хЄ уЁєяяє: '╚╤1-231'
2025-12-14 20:53:26,781 [INFO] \u2705 [10] ═рщфхэю 1 уЁєяя√ фы  чряЁюёр '╚╤1-231'
2025-12-14 20:53:26,782 [INFO] \U0001f4c5 [10] ╟руЁєцр■ Ёрёяшёрэшх фы : ╚╤1-231
2025-12-14 20:53:26,798 [INFO] \U0001f50d [10] @user_10 \u2192 ╚∙хЄ уЁєяяє: '╚╤1-232'
2025-12-14 20:53:26,800 [INFO] \u2705 [10] ═рщфхэю 1 уЁєяя√ фы  чряЁюёр '╚╤1-232'
2025-12-14 20:53:26,800 [INFO] \U0001f4c5 [10] ╟руЁєцр■ Ёрёяшёрэшх фы : ╚╤1-232
2025-12-14 20:53:26,824 [INFO] \U0001f50d [11] @user_11 \u2192 ╚∙хЄ уЁєяяє: '╚╤1-231'
2025-12-14 20:53:26,826 [INFO] \u2705 [11] ═рщфхэю 1 уЁєяя√ фы  чряЁюёр '╚╤1-231'
2025-12-14 20:53:26,826 [INFO] \U0001f4c5 [11] ╟руЁєцр■ Ёрёяшёрэшх фы : ╚╤1-231
2025-12-14 20:53:26,843 [INFO] \U0001f50d [11] @user_11 \u2192 ╚∙хЄ уЁєяяє: '╚╤1-232'
2025-12-14 20:53:26,844 [INFO] \u2705 [11] ═рщфхэю 1 уЁєяя√ фы  чряЁюёр '╚╤1-232'
2025-12-14 20:53:26,845 [INFO] \U0001f4c5 [11] ╟руЁєцр■ Ёрёяшёрэшх фы : ╚╤1-232
2025-12-14 20:53:26,863 [INFO] \U0001f50d [12] @user_12 \u2192 ╚∙хЄ уЁєяяє: '╚╤1-231'
2025-12-14 20:53:26,864 [INFO] \u2705 [12] ═рщфхэю 1 уЁєяя√ фы  чряЁюёр '╚╤1-231'
2025-12-14 20:53:26,864 [INFO] \U0001f4c5 [12] ╟руЁєцр■ Ёрёяшёрэшх фы : ╚╤1-231
2025-12-14 20:53:26,887 [INFO] \U0001f50d [12] @user_12 \u2192 ╚∙хЄ уЁєяяє: '╚╤1-232'
2025-12-14 20:53:26,888 [INFO] \u2705 [12] ═рщфхэю 1 уЁєяя√ фы  чряЁюёр '╚╤1-232'
2025-12-14 20:53:26,888 [INFO] \U0001f4c5 [12] ╟руЁєцр■ Ёрёяшёрэшх фы : ╚╤1-232
2025-12-14 20:53:26,906 [INFO] \U0001f50d [13] @user_13 \u2192 ╚∙хЄ уЁєяяє: '╚╤1-231'
2025-12-14 20:53:26,907 [INFO] \u2705 [13] ═рщфхэю 1 уЁєяя√ фы  чряЁюёр '╚╤1-231'
2025-12-14 20:53:26,907 [INFO] \U0001f4c5 [13] ╟руЁєцр■ Ёрёяшёрэшх фы : ╚╤1-231
2025-12-14 20:53:26,923 [INFO] \U0001f50d [13] @user_13 \u2192 ╚∙хЄ уЁєяяє: '╚╤1-232'
2025-12-14 20:53:26,923 [INFO] \u2705 [13] ═рщфхэю 1 уЁєяя√ фы  чряЁюёр '╚╤1-232'
2025-12-14 20:53:26,924 [INFO] \U0001f4c5 [13] ╟руЁєцр■ Ёрёяшёрэшх фы : ╚╤1-232
2025-12-14 20:53:26,942 [INFO] \U0001f50d [14] @user_14 \u2192 ╚∙хЄ уЁєяяє: '╚╤1-231'
2025-12-14 20:53:26,944 [INFO] \u2705 [14] ═рщфхэю 1 уЁєяя√ фы  чряЁюёр '╚╤1-231'
2025-12-14 20:53:26,944 [INFO] \U0001f4c5 [14] ╟руЁєцр■ Ёрёяшёрэшх фы : ╚╤1-231
2025-12-14 20:53:26,962 [INFO] \U0001f50d [14] @user_14 \u2192 ╚∙хЄ уЁєяяє: '╚╤1-232'
2025-12-14 20:53:26,963 [INFO] \u2705 [14] ═рщфхэю 1 уЁєяя√ фы  чряЁюёр '╚╤1-232'
2025-12-14 20:53:26,963 [INFO] \U0001f4c5 [14] ╟руЁєцр■ Ёрёяшёрэшх фы : ╚╤1-232
2025-12-14 20:53:26,982 [INFO] \U0001f50d [15] @user_15 \u2192 ╚∙хЄ уЁєяяє: '╚╤1-231'
2025-12-14 20:53:26,984 [INFO] \u2705 [15] ═рщфхэю 1 уЁєяя√ фы  чряЁюёр '╚╤1-231'
2025-12-14 20:53:26,984 [INFO] \U0001f4c5 [15] ╟руЁєцр■ Ёрёяшёрэшх фы : ╚╤1-231
2025-12-14 20:53:27,007 [INFO] \U0001f50d [15] @user_15 \u2192 ╚∙хЄ уЁєяяє: '╚╤1-232'
2025-12-14 20:53:27,007 [INFO] \u2705 [15] ═рщфхэю 1 уЁєяя√ фы  чряЁюёр '╚╤1-232'
2025-12-14 20:53:27,008 [INFO] \U0001f4c5 [15] ╟руЁєцр■ Ёрёяшёрэшх фы : ╚╤1-232
2025-12-14 20:53:27,025 [INFO] \U0001f50d [16] @user_16 \u2192 ╚∙хЄ уЁєяяє: '╚╤1-231'
2025-12-14 20:53:27,026 [INFO] \u2705 [16] ═рщфхэю 1 уЁєяя√ фы  чряЁюёр '╚╤1-231'
2025-12-14 20:53:27,026 [INFO] \U0001f4c5 [16] ╟руЁєцр■ Ёрёяшёрэшх фы : ╚╤1-231
2025-12-14 20:53:27,044 [INFO] \U0001f50d [16] @user_16 \u2192 ╚∙хЄ уЁєяяє: '╚╤1-232'
2025-12-14 20:53:27,045 [INFO] \u2705 [16] ═рщфхэю 1 уЁєяя√ фы  чряЁюёр '╚╤1-232'
2025-12-14 20:53:27,045 [INFO] \U0001f4c5 [16] ╟руЁєцр■ Ёрёяшёрэшх фы : ╚╤1-232
2025-12-14 20:53:27,065 [INFO] \U0001f50d [17] @user_17 \u2192 ╚∙хЄ уЁєяяє: '╚╤1-231'
2025-12-14 20:53:27,066 [INFO] \u2705 [17] ═рщфхэю 1 уЁєяя√ фы  чряЁюёр '╚╤1-231'
2025-12-14 20:53:27,067 [INFO] \U0001f4c5 [17] ╟руЁєцр■ Ёрёяшёрэшх фы : ╚╤1-231
2025-12-14 20:53:27,090 [INFO] \U0001f50d [17] @user_17 \u2192 ╚∙хЄ уЁєяяє: '╚╤1-232'
2025-12-14 20:53:27,092 [INFO] \u2705 [17] ═рщфхэю 1 уЁєяя√ фы  чряЁюёр '╚╤1-232'
2025-12-14 20:53:27,092 [INFO] \U0001f4c5 [17] ╟руЁєцр■ Ёрёяшёрэшх фы : ╚╤1-232
2025-12-14 20:53:27,109 [INFO] \U0001f50d [18] @user_18 \u2192 ╚∙хЄ уЁєяяє: '╚╤1-231'
2025-12-14 20:53:27,110 [INFO] \u2705 [18] ═рщфхэю 1 уЁєяя√ фы  чряЁюёр '╚╤1-231'
2025-12-14 20:53:27,110 [INFO] \U0001f4c5 [18] ╟руЁєцр■ Ёрёяшёрэшх фы : ╚╤1-231
2025-12-14 20:53:27,130 [INFO] \U0001f50d [18] @user_18 \u2192 ╚∙хЄ уЁєяяє: '╚╤1-232'
2025-12-14 20:53:27,131 [INFO] \u2705 [18] ═рщфхэю 1 уЁєяя√ фы  чряЁюёр '╚╤1-232'
2025-12-14 20:53:27,131 [INFO] \U0001f4c5 [18] ╟руЁєцр■ Ёрёяшёрэшх фы : ╚╤1-232
2025-12-14 20:53:27,152 [INFO] \U0001f50d [19] @user_19 \u2192 ╚∙хЄ уЁєяяє: '╚╤1-231'
2025-12-14 20:53:27,153 [INFO] \u2705 [19] ═рщфхэю 1 уЁєяя√ фы  чряЁюёр '╚╤1-231'
2025-12-14 20:53:27,153 [INFO] \U0001f4c5 [19] ╟руЁєцр■ Ёрёяшёрэшх фы : ╚╤1-231
2025-12-14 20:53:27,172 [INFO] \U0001f50d [19] @user_19 \u2192 ╚∙хЄ уЁєяяє: '╚╤1-232'
2025-12-14 20:53:27,173 [INFO] \u2705 [19] ═рщфхэю 1 уЁєяя√ фы  чряЁюёр '╚╤1-232'
2025-12-14 20:53:27,173 [INFO] \U0001f4c5 [19] ╟руЁєцр■ Ёрёяшёрэшх фы : ╚╤1-232
2025-12-14 20:53:27,192 [INFO] \U0001f50d [20] @user_20 \u2192 ╚∙хЄ уЁєяяє: '╚╤1-231'
2025-12-14 20:53:27,193 [INFO] \u2705 [20] ═рщфхэю 1 уЁєяя√ фы  чряЁюёр '╚╤1-231'
2025-12-14 20:53:27,193 [INFO] \U0001f4c5 [20] ╟руЁєцр■ Ёрёяшёрэшх фы : ╚╤1-231
2025-12-14 20:53:27,214 [INFO] \U0001f50d [20] @user_20 \u2192 ╚∙хЄ уЁєяяє: '╚╤1-232'
2025-12-14 20:53:27,214 [INFO] \u2705 [20] ═рщфхэю 1 уЁєяя√ фы  чряЁюёр '╚╤1-232'
2025-12-14 20:53:27,214 [INFO] \U0001f4c5 [20] ╟руЁєцр■ Ёрёяшёрэшх фы : ╚╤1-232
2025-12-14 20:53:27,237 [INFO] \U0001f50d [21] @user_21 \u2192 ╚∙хЄ уЁєяяє: '╚╤1-231'
2025-12-14 20:53:27,238 [INFO] \u2705 [21] ═рщфхэю 1 уЁєяя√ фы  чряЁюёр '╚╤1-231'
2025-12-14 20:53:27,238 [INFO] \U0001f4c5 [21] ╟руЁєцр■ Ёрёяшёрэшх фы : ╚╤1-231
2025-12-14 20:53:27,260 [INFO] \U0001f50d [21] @user_21 \u2192 ╚∙хЄ уЁєяяє: '╚╤1-232'
2025-12-14 20:53:27,261 [INFO] \u2705 [21] ═рщфхэю 1 уЁєяя√ фы  чряЁюёр '╚╤1-232'
2025-12-14 20:53:27,261 [INFO] \U0001f4c5 [21] ╟руЁєцр■ Ёрёяшёрэшх фы : ╚╤1-232
2025-12-14 20:53:27,283 [INFO] \U0001f50d [22] @user_22 \u2192 ╚∙хЄ уЁєяяє: '╚╤1-231'
2025-12-14 20:53:27,284 [INFO] \u2705 [22] ═рщфхэю 1 уЁєяя√ фы  чряЁюёр '╚╤1-231'
2025-12-14 20:53:27,285 [INFO] \U0001f4c5 [22] ╟руЁєцр■ Ёрёяшёрэшх фы : ╚╤1-231
2025-12-14 20:53:27,304 [INFO] \U0001f50d [22] @user_22 \u2192 ╚∙хЄ уЁєяяє: '╚╤1-232'
2025-12-14 20:53:27,304 [INFO] \u2705 [22] ═рщфхэю 1 уЁєяя√ фы  чряЁюёр '╚╤1-232'
2025-12-14 20:53:27,305 [INFO] \U0001f4c5 [22] ╟руЁєцр■ Ёрёяшёрэшх фы : ╚╤1-232
2025-12-14 20:53:27,322 [INFO] \U0001f50d [23] @user_23 \u2192 ╚∙хЄ уЁєяяє: '╚╤1-231'
2025-12-14 20:53:27,323 [INFO] \u2705 [23] ═рщфхэю 1 уЁєяя√ фы  чряЁюёр '╚╤1-231'
2025-12-14 20:53:27,323 [INFO] \U0001f4c5 [23] ╟руЁєцр■ Ёрёяшёрэшх фы : ╚╤1-231
2025-12-14 20:53:27,344 [INFO] \U0001f50d [23] @user_23 \u2192 ╚∙хЄ уЁєяяє: '╚╤1-232'
2025-12-14 20:53:27,345 [INFO] \u2705 [23] ═рщфхэю 1 уЁєяя√ фы  чряЁюёр '╚╤1-232'
2025-12-14 20:53:27,345 [INFO] \U0001f4c5 [23] ╟руЁєцр■ Ёрёяшёрэшх фы : ╚╤1-232
2025-12-14 20:53:27,363 [INFO] \U0001f50d [24] @user_24 \u2192 ╚∙хЄ уЁєяяє: '╚╤1-231'
2025-12-14 20:53:27,363 [INFO] \u2705 [24] ═рщфхэю 1 уЁєяя√ фы  чряЁюёр '╚╤1-231'
2025-12-14 20:53:27,364 [INFO] \U0001f4c5 [24] ╟руЁєцр■ Ёрёяшёрэшх фы : ╚╤1-231
2025-12-14 20:53:27,387 [INFO] \U0001f50d [24] @user_24 \u2192 ╚∙хЄ уЁєяяє: '╚╤1-232'
2025-12-14 20:53:27,389 [INFO] \u2705 [24] ═рщфхэю 1 уЁєяя√ фы  чряЁюёр '╚╤1-232'
2025-12-14 20:53:27,389 [INFO] \U0001f4c5 [24] ╟руЁєцр■ Ёрёяшёрэшх фы : ╚╤1-232
2025-12-14 20:53:27,411 [INFO] \U0001f50d [25] @user_25 \u2192 ╚∙хЄ уЁєяяє: '╚╤1-231'
2025-12-14 20:53:27,412 [INFO] \u2705 [25] ═рщфхэю 1 уЁєяя√ фы  чряЁюёр '╚╤1-231'
2025-12-14 20:53:27,413 [INFO] \U0001f4c5 [25] ╟руЁєцр■ Ёрёяшёрэшх фы : ╚╤1-231
2025-12-14 20:53:27,436 [INFO] \U0001f50d [25] @user_25 \u2192 ╚∙хЄ уЁєяяє: '╚╤1-232'
2025-12-14 20:53:27,437 [INFO] \u2705 [25] ═рщфхэю 1 уЁєяя√ фы  чряЁюёр '╚╤1-232'
2025-12-14 20:53:27,438 [INFO] \U0001f4c5 [25] ╟руЁєцр■ Ёрёяшёрэшх фы : ╚╤1-232
2025-12-14 20:53:27,456 [INFO] \U0001f50d [26] @user_26 \u2192 ╚∙хЄ уЁєяяє: '╚╤1-231'
2025-12-14 20:53:27,457 [INFO] \u2705 [26] ═рщфхэю 1 уЁєяя√ фы  чряЁюёр '╚╤1-231'
2025-12-14 20:53:27,457 [INFO] \U0001f4c5 [26] ╟руЁєцр■ Ёрёяшёрэшх фы : ╚╤1-231
2025-12-14 20:53:27,476 [INFO] \U0001f50d [26] @user_26 \u2192 ╚∙хЄ уЁєяяє: '╚╤1-232'
2025-12-14 20:53:27,478 [INFO] \u2705 [26] ═рщфхэю 1 уЁєяя√ фы  чряЁюёр '╚╤1-232'
2025-12-14 20:53:27,478 [INFO] \U0001f4c5 [26] ╟руЁєцр■ Ёрёяшёрэшх фы : ╚╤1-232
2025-12-14 20:53:27,497 [INFO] \U0001f50d [27] @user_27 \u2192 ╚∙хЄ уЁєяяє: '╚╤1-231'
2025-12-14 20:53:27,498 [INFO] \u2705 [27] ═рщфхэю 1 уЁєяя√ фы  чряЁюёр '╚╤1-231'
2025-12-14 20:53:27,499 [INFO] \U0001f4c5 [27] ╟руЁєцр■ Ёрёяшёрэшх фы : ╚╤1-231
2025-12-14 20:53:27,520 [INFO] \U0001f50d [27] @user_27 \u2192 ╚∙хЄ уЁєяяє: '╚╤1-232'
2025-12-14 20:53:27,521 [INFO] \u2705 [27] ═рщфхэю 1 уЁєяя√ фы  чряЁюёр '╚╤1-232'
2025-12-14 20:53:27,522 [INFO] \U0001f4c5 [27] ╟руЁєцр■ Ёрёяшёрэшх фы : ╚╤1-232
2025-12-14 20:53:27,542 [INFO] \U0001f50d [28] @user_28 \u2192 ╚∙хЄ уЁєяяє: '╚╤1-231'
2025-12-14 20:53:27,544 [INFO] \u2705 [28] ═рщфхэю 1 уЁєяя√ фы  чряЁюёр '╚╤1-231'
2025-12-14 20:53:27,544 [INFO] \U0001f4c5 [28] ╟руЁєцр■ Ёрёяшёрэшх фы : ╚╤1-231
2025-12-14 20:53:27,565 [INFO] \U0001f50d [28] @user_28 \u2192 ╚∙хЄ уЁєяяє: '╚╤1-232'
2025-12-14 20:53:27,567 [INFO] \u2705 [28] ═рщфхэю 1 уЁєяя√ фы  чряЁюёр '╚╤1-232'
2025-12-14 20:53:27,567 [INFO] \U0001f4c5 [28] ╟руЁєцр■ Ёрёяшёрэшх фы : ╚╤1-232
2025-12-14 20:53:27,593 [INFO] \U0001f50d [29] @user_29 \u2192 ╚∙хЄ уЁєяяє: '╚╤1-231'
2025-12-14 20:53:27,594 [INFO] \u2705 [29] ═рщфхэю 1 уЁєяя√ фы  чряЁюёр '╚╤1-231'
2025-12-14 20:53:27,594 [INFO] \U0001f4c5 [29] ╟руЁєцр■ Ёрёяшёрэшх фы : ╚╤1-231
2025-12-14 20:53:27,611 [INFO] \U0001f50d [29] @user_29 \u2192 ╚∙хЄ уЁєяяє: '╚╤1-232'
2025-12-14 20:53:27,612 [INFO] \u2705 [29] ═рщфхэю 1 уЁєяя√ фы  чряЁюёр '╚╤1-232'
2025-12-14 20:53:27,613 [INFO] \U0001f4c5 [29] ╟руЁєцр■ Ёрёяшёрэшх фы : ╚╤1-232
2025-12-14 20:53:27,638 [INFO] \U0001f50d [30] @user_30 \u2192 ╚∙хЄ уЁєяяє: '╚╤1-231'
2025-12-14 20:53:27,638 [INFO] \u2705 [30] ═рщфхэю 1 уЁєяя√ фы  чряЁюёр '╚╤1-231'
2025-12-14 20:53:27,639 [INFO] \U0001f4c5 [30] ╟руЁєцр■ Ёрёяшёрэшх фы : ╚╤1-231
2025-12-14 20:53:27,658 [INFO] \U0001f50d [30] @user_30 \u2192 ╚∙хЄ уЁєяяє: '╚╤1-232'
2025-12-14 20:53:27,659 [INFO] \u2705 [30] ═рщфхэю 1 уЁєяя√ фы  чряЁюёр '╚╤1-232'
2025-12-14 20:53:27,659 [INFO] \U0001f4c5 [30] ╟руЁєцр■ Ёрёяшёрэшх фы : ╚╤1-232
2025-12-14 20:53:27,684 [INFO] \U0001f50d [31] @user_31 \u2192 ╚∙хЄ уЁєяяє: '╚╤1-231'
2025-12-14 20:53:27,685 [INFO] \u2705 [31] ═рщфхэю 1 уЁєяя√ фы  чряЁюёр '╚╤1-231'
2025-12-14 20:53:27,686 [INFO] \U0001f4c5 [31] ╟руЁєцр■ Ёрёяшёрэшх фы : ╚╤1-231
2025-12-14 20:53:27,706 [INFO] \U0001f50d [31] @user_31 \u2192 ╚∙хЄ уЁєяяє: '╚╤1-232'
2025-12-14 20:53:27,707 [INFO] \u2705 [31] ═рщфхэю 1 уЁєяя√ фы  чряЁюёр '╚╤1-232'
2025-12-14 20:53:27,708 [INFO] \U0001f4c5 [31] ╟руЁєцр■ Ёрёяшёрэшх фы : ╚╤1-232
2025-12-14 20:53:27,725 [INFO] \U0001f50d [32] @user_32 \u2192 ╚∙хЄ уЁєяяє: '╚╤1-231'
2025-12-14 20:53:27,725 [INFO] \u2705 [32] ═рщфхэю 1 уЁєяя√ фы  чряЁюёр '╚╤1-231'
2025-12-14 20:53:27,726 [INFO] \U0001f4c5 [32] ╟руЁєцр■ Ёрёяшёрэшх фы : ╚╤1-231
2025-12-14 20:53:27,741 [INFO] \U0001f50d [32] @user_32 \u2192 ╚∙хЄ уЁєяяє: '╚╤1-232'
2025-12-14 20:53:27,742 [INFO] \u2705 [32] ═рщфхэю 1 уЁєяя√ фы  чряЁюёр '╚╤1-232'
2025-12-14 20:53:27,742 [INFO] \U0001f4c5 [32] ╟руЁєцр■ Ёрёяшёрэшх фы : ╚╤1-232
2025-12-14 20:53:27,759 [INFO] \U0001f50d [33] @user_33 \u2192 ╚∙хЄ уЁєяяє: '╚╤1-231'
2025-12-14 20:53:27,761 [INFO] \u2705 [33] ═рщфхэю 1 уЁєяя√ фы  чряЁюёр '╚╤1-231'
2025-12-14 20:53:27,762 [INFO] \U0001f4c5 [33] ╟руЁєцр■ Ёрёяшёрэшх фы : ╚╤1-231
2025-12-14 20:53:27,780 [INFO] \U0001f50d [33] @user_33 \u2192 ╚∙хЄ уЁєяяє: '╚╤1-232'
2025-12-14 20:53:27,781 [INFO] \u2705 [33] ═рщфхэю 1 уЁєяя√ фы  чряЁюёр '╚╤1-232'
2025-12-14 20:53:27,781 [INFO] \U0001f4c5 [33] ╟руЁєцр■ Ёрёяшёрэшх фы : ╚╤1-232
2025-12-14 20:53:27,806 [INFO] \U0001f50d [34] @user_34 \u2192 ╚∙хЄ уЁєяяє: '╚╤1-231'
2025-12-14 20:53:27,807 [INFO] \u2705 [34] ═рщфхэю 1 уЁєяя√ фы  чряЁюёр '╚╤1-231'
2025-12-14 20:53:27,807 [INFO] \U0001f4c5 [34] ╟руЁєцр■ Ёрёяшёрэшх фы : ╚╤1-231
2025-12-14 20:53:27,825 [INFO] \U0001f50d [34] @user_34 \u2192 ╚∙хЄ уЁєяяє: '╚╤1-232'
2025-12-14 20:53:27,826 [INFO] \u2705 [34] ═рщфхэю 1 уЁєяя√ фы  чряЁюёр '╚╤1-232'
2025-12-14 20:53:27,826 [INFO] \U0001f4c5 [34] ╟руЁєцр■ Ёрёяшёрэшх фы : ╚╤1-232
2025-12-14 20:53:27,840 [INFO] \U0001f50d [35] @user_35 \u2192 ╚∙хЄ уЁєяяє: '╚╤1-231'
2025-12-14 20:53:27,841 [INFO] \u2705 [35] ═рщфхэю 1 уЁєяя√ фы  чряЁюёр '╚╤1-231'
2025-12-14 20:53:27,841 [INFO] \U0001f4c5 [35] ╟руЁєцр■ Ёрёяшёрэшх фы : ╚╤1-231
2025-12-14 20:53:27,862 [INFO] \U0001f50d [35] @user_35 \u2192 ╚∙хЄ уЁєяяє: '╚╤1-232'
2025-12-14 20:53:27,865 [INFO] \u2705 [35] ═рщфхэю 1 уЁєяя√ фы  чряЁюёр '╚╤1-232'
2025-12-14 20:53:27,865 [INFO] \U0001f4c5 [35] ╟руЁєцр■ Ёрёяшёрэшх фы : ╚╤1-232
2025-12-14 20:53:27,882 [INFO] \U0001f50d [36] @user_36 \u2192 ╚∙хЄ уЁєяяє: '╚╤1-231'
2025-12-14 20:53:27,885 [INFO] \u2705 [36] ═рщфхэю 1 уЁєяя√ фы  чряЁюёр '╚╤1-231'
2025-12-14 20:53:27,885 [INFO] \U0001f4c5 [36] ╟руЁєцр■ Ёрёяшёрэшх фы : ╚╤1-231
2025-12-14 20:53:27,904 [INFO] \U0001f50d [36] @user_36 \u2192 ╚∙хЄ уЁєяяє: '╚╤1-232'
2025-12-14 20:53:27,905 [INFO] \u2705 [36] ═рщфхэю 1 уЁєяя√ фы  чряЁюёр '╚╤1-232'
2025-12-14 20:53:27,905 [INFO] \U0001f4c5 [36] ╟руЁєцр■ Ёрёяшёрэшх фы : ╚╤1-232
2025-12-14 20:53:27,928 [INFO] \U0001f50d [37] @user_37 \u2192 ╚∙хЄ уЁєяяє: '╚╤1-231'
2025-12-14 20:53:27,929 [INFO] \u2705 [37] ═рщфхэю 1 уЁєяя√ фы  чряЁюёр '╚╤1-231'
2025-12-14 20:53:27,929 [INFO] \U0001f4c5 [37] ╟руЁєцр■ Ёрёяшёрэшх фы : ╚╤1-231
2025-12-14 20:53:27,947 [INFO] \U0001f50d [37] @user_37 \u2192 ╚∙хЄ уЁєяяє: '╚╤1-232'
2025-12-14 20:53:27,947 [INFO] \u2705 [37] ═рщфхэю 1 уЁєяя√ фы  чряЁюёр '╚╤1-232'
2025-12-14 20:53:27,948 [INFO] \U0001f4c5 [37] ╟руЁєцр■ Ёрёяшёрэшх фы : ╚╤1-232
2025-12-14 20:53:27,969 [INFO] \U0001f50d [38] @user_38 \u2192 ╚∙хЄ уЁєяяє: '╚╤1-231'
2025-12-14 20:53:27,970 [INFO] \u2705 [38] ═рщфхэю 1 уЁєяя√ фы  чряЁюёр '╚╤1-231'
2025-12-14 20:53:27,970 [INFO] \U0001f4c5 [38] ╟руЁєцр■ Ёрёяшёрэшх фы : ╚╤1-231
2025-12-14 20:53:27,991 [INFO] \U0001f50d [38] @user_38 \u2192 ╚∙хЄ уЁєяяє: '╚╤1-232'
2025-12-14 20:53:27,992 [INFO] \u2705 [38] ═рщфхэю 1 уЁєяя√ фы  чряЁюёр '╚╤1-232'
2025-12-14 20:53:27,992 [INFO] \U0001f4c5 [38] ╟руЁєцр■ Ёрёяшёрэшх фы : ╚╤1-232
2025-12-14 20:53:28,016 [INFO] \U0001f50d [39] @user_39 \u2192 ╚∙хЄ уЁєяяє: '╚╤1-231'
2025-12-14 20:53:28,017 [INFO] \u2705 [39] ═рщфхэю 1 уЁєяя√ фы  чряЁюёр '╚╤1-231'
2025-12-14 20:53:28,018 [INFO] \U0001f4c5 [39] ╟руЁєцр■ Ёрёяшёрэшх фы : ╚╤1-231
2025-12-14 20:53:28,037 [INFO] \U0001f50d [39] @user_39 \u2192 ╚∙хЄ уЁєяяє: '╚╤1-232'
2025-12-14 20:53:28,038 [INFO] \u2705 [39] ═рщфхэю 1 уЁєяя√ фы  чряЁюёр '╚╤1-232'
2025-12-14 20:53:28,039 [INFO] \U0001f4c5 [39] ╟руЁєцр■ Ёрёяшёрэшх фы : ╚╤1-232
2025-12-14 20:53:28,058 [INFO] \U0001f50d [40] @user_40 \u2192 ╚∙хЄ уЁєяяє: '╚╤1-231'
2025-12-14 20:53:28,059 [INFO] \u2705 [40] ═рщфхэю 1 уЁєяя√ фы  чряЁюёр '╚╤1-231'
2025-12-14 20:53:28,059 [INFO] \U0001f4c5 [40] ╟руЁєцр■ Ёрёяшёрэшх фы : ╚╤1-231
2025-12-14 20:53:28,086 [INFO] \U0001f50d [40] @user_40 \u2192 ╚∙хЄ уЁєяяє: '╚╤1-232'
2025-12-14 20:53:28,088 [INFO] \u2705 [40] ═рщфхэю 1 уЁєяя√ фы  чряЁюёр '╚╤1-232'
2025-12-14 20:53:28,088 [INFO] \U0001f4c5 [40] ╟руЁєцр■ Ёрёяшёрэшх фы : ╚╤1-232
2025-12-14 20:53:28,105 [INFO] \U0001f50d [41] @user_41 \u2192 ╚∙хЄ уЁєяяє: '╚╤1-231'
2025-12-14 20:53:28,106 [INFO] \u2705 [41] ═рщфхэю 1 уЁєяя√ фы  чряЁюёр '╚╤1-231'
2025-12-14 20:53:28,106 [INFO] \U0001f4c5 [41] ╟руЁєцр■ Ёрёяшёрэшх фы : ╚╤1-231
2025-12-14 20:53:28,127 [INFO] \U0001f50d [41] @user_41 \u2192 ╚∙хЄ уЁєяяє: '╚╤1-232'
2025-12-14 20:53:28,128 [INFO] \u2705 [41] ═рщфхэю 1 уЁєяя√ фы  чряЁюёр '╚╤1-232'
2025-12-14 20:53:28,129 [INFO] \U0001f4c5 [41] ╟руЁєцр■ Ёрёяшёрэшх фы : ╚╤1-232
2025-12-14 20:53:28,152 [INFO] \U0001f50d [42] @user_42 \u2192 ╚∙хЄ уЁєяяє: '╚╤1-231'
2025-12-14 20:53:28,153 [INFO] \u2705 [42] ═рщфхэю 1 уЁєяя√ фы  чряЁюёр '╚╤1-231'
2025-12-14 20:53:28,153 [INFO] \U0001f4c5 [42] ╟руЁєцр■ Ёрёяшёрэшх фы : ╚╤1-231
2025-12-14 20:53:28,179 [INFO] \U0001f50d [42] @user_42 \u2192 ╚∙хЄ уЁєяяє: '╚╤1-232'
2025-12-14 20:53:28,181 [INFO] \u2705 [42] ═рщфхэю 1 уЁєяя√ фы  чряЁюёр '╚╤1-232'
2025-12-14 20:53:28,181 [INFO] \U0001f4c5 [42] ╟руЁєцр■ Ёрёяшёрэшх фы : ╚╤1-232
2025-12-14 20:53:28,204 [INFO] \U0001f50d [43] @user_43 \u2192 ╚∙хЄ уЁєяяє: '╚╤1-231'
2025-12-14 20:53:28,205 [INFO] \u2705 [43] ═рщфхэю 1 уЁєяя√ фы  чряЁюёр '╚╤1-231'
2025-12-14 20:53:28,205 [INFO] \U0001f4c5 [43] ╟руЁєцр■ Ёрёяшёрэшх фы : ╚╤1-231
2025-12-14 20:53:28,226 [INFO] \U0001f50d [43] @user_43 \u2192 ╚∙хЄ уЁєяяє: '╚╤1-232'
2025-12-14 20:53:28,226 [INFO] \u2705 [43] ═рщфхэю 1 уЁєяя√ фы  чряЁюёр '╚╤1-232'
2025-12-14 20:53:28,227 [INFO] \U0001f4c5 [43] ╟руЁєцр■ Ёрёяшёрэшх фы : ╚╤1-232
2025-12-14 20:53:28,242 [INFO] \U0001f50d [44] @user_44 \u2192 ╚∙хЄ уЁєяяє: '╚╤1-231'
2025-12-14 20:53:28,243 [INFO] \u2705 [44] ═рщфхэю 1 уЁєяя√ фы  чряЁюёр '╚╤1-231'
2025-12-14 20:53:28,243 [INFO] \U0001f4c5 [44] ╟руЁєцр■ Ёрёяшёрэшх фы : ╚╤1-231
2025-12-14 20:53:28,260 [INFO] \U0001f50d [44] @user_44 \u2192 ╚∙хЄ уЁєяяє: '╚╤1-232'
2025-12-14 20:53:28,261 [INFO] \u2705 [44] ═рщфхэю 1 уЁєяя√ фы  чряЁюёр '╚╤1-232'
2025-12-14 20:53:28,261 [INFO] \U0001f4c5 [44] ╟руЁєцр■ Ёрёяшёрэшх фы : ╚╤1-232
2025-12-14 20:53:28,278 [INFO] \U0001f50d [45] @user_45 \u2192 ╚∙хЄ уЁєяяє: '╚╤1-231'
2025-12-14 20:53:28,279 [INFO] \u2705 [45] ═рщфхэю 1 уЁєяя√ фы  чряЁюёр '╚╤1-231'
2025-12-14 20:53:28,279 [INFO] \U0001f4c5 [45] ╟руЁєцр■ Ёрёяшёрэшх фы : ╚╤1-231
2025-12-14 20:53:28,296 [INFO] \U0001f50d [45] @user_45 \u2192 ╚∙хЄ уЁєяяє: '╚╤1-232'
2025-12-14 20:53:28,297 [INFO] \u2705 [45] ═рщфхэю 1 уЁєяя√ фы  чряЁюёр '╚╤1-232'
2025-12-14 20:53:28,297 [INFO] \U0001f4c5 [45] ╟руЁєцр■ Ёрёяшёрэшх фы : ╚╤1-232
2025-12-14 20:53:28,316 [INFO] \U0001f50d [46] @user_46 \u2192 ╚∙хЄ уЁєяяє: '╚╤1-231'
2025-12-14 20:53:28,317 [INFO] \u2705 [46] ═рщфхэю 1 уЁєяя√ фы  чряЁюёр '╚╤1-231'
2025-12-14 20:53:28,318 [INFO] \U0001f4c5 [46] ╟руЁєцр■ Ёрёяшёрэшх фы : ╚╤1-231
2025-12-14 20:53:28,338 [INFO] \U0001f50d [46] @user_46 \u2192 ╚∙хЄ уЁєяяє: '╚╤1-232'
2025-12-14 20:53:28,338 [INFO] \u2705 [46] ═рщфхэю 1 уЁєяя√ фы  чряЁюёр '╚╤1-232'
2025-12-14 20:53:28,339 [INFO] \U0001f4c5 [46] ╟руЁєцр■ Ёрёяшёрэшх фы : ╚╤1-232
2025-12-14 20:53:28,356 [INFO] \U0001f50d [47] @user_47 \u2192 ╚∙хЄ уЁєяяє: '╚╤1-231'
2025-12-14 20:53:28,357 [INFO] \u2705 [47] ═рщфхэю 1 уЁєяя√ фы  чряЁюёр '╚╤1-231'
2025-12-14 20:53:28,357 [INFO] \U0001f4c5 [47] ╟руЁєцр■ Ёрёяшёрэшх фы : ╚╤1-231
2025-12-14 20:53:28,373 [INFO] \U0001f50d [47] @user_47 \u2192 ╚∙хЄ уЁєяяє: '╚╤1-232'
2025-12-14 20:53:28,375 [INFO] \u2705 [47] ═рщфхэю 1 уЁєяя√ фы  чряЁюёр '╚╤1-232'
2025-12-14 20:53:28,375 [INFO] \U0001f4c5 [47] ╟руЁєцр■ Ёрёяшёрэшх фы : ╚╤1-232
2025-12-14 20:53:28,390 [INFO] \U0001f50d [48] @user_48 \u2192 ╚∙хЄ уЁєяяє: '╚╤1-231'
2025-12-14 20:53:28,391 [INFO] \u2705 [48] ═рщфхэю 1 уЁєяя√ фы  чряЁюёр '╚╤1-231'
2025-12-14 20:53:28,391 [INFO] \U0001f4c5 [48] ╟руЁєцр■ Ёрёяшёрэшх фы : ╚╤1-231
2025-12-14 20:53:28,411 [INFO] \U0001f50d [48] @user_48 \u2192 ╚∙хЄ уЁєяяє: '╚╤1-232'
2025-12-14 20:53:28,412 [INFO] \u2705 [48] ═рщфхэю 1 уЁєяя√ фы  чряЁюёр '╚╤1-232'
2025-12-14 20:53:28,412 [INFO] \U0001f4c5 [48] ╟руЁєцр■ Ёрёяшёрэшх фы : ╚╤1-232
2025-12-14 20:53:28,430 [INFO] \U0001f50d [49] @user_49 \u2192 ╚∙хЄ уЁєяяє: '╚╤1-231'
2025-12-14 20:53:28,430 [INFO] \u2705 [49] ═рщфхэю 1 уЁєяя√ фы  чряЁюёр '╚╤1-231'
2025-12-14 20:53:28,430 [INFO] \U0001f4c5 [49] ╟руЁєцр■ Ёрёяшёрэшх фы : ╚╤1-231
2025-12-14 20:53:28,450 [INFO] \U0001f50d [49] @user_49 \u2192 ╚∙хЄ уЁєяяє: '╚╤1-232'
2025-12-14 20:53:28,451 [INFO] \u2705 [49] ═рщфхэю 1 уЁєяя√ фы  чряЁюёр '╚╤1-232'
2025-12-14 20:53:28,452 [INFO] \U0001f4c5 [49] ╟руЁєцр■ Ёрёяшёрэшх фы : ╚╤1-232
2025-12-14 20:53:28,472 [INFO] \U0001f50d [50] @user_50 \u2192 ╚∙хЄ уЁєяяє: '╚╤1-231'
2025-12-14 20:53:28,473 [INFO] \u2705 [50] ═рщфхэю 1 уЁєяя√ фы  чряЁюёр '╚╤1-231'
2025-12-14 20:53:28,473 [INFO] \U0001f4c5 [50] ╟руЁєцр■ Ёрёяшёрэшх фы : ╚╤1-231
2025-12-14 20:53:28,488 [INFO] \U0001f50d [50] @user_50 \u2192 ╚∙хЄ уЁєяяє: '╚╤1-232'
2025-12-14 20:53:28,489 [INFO] \u2705 [50] ═рщфхэю 1 уЁєяя√ фы  чряЁюёр '╚╤1-232'
2025-12-14 20:53:28,489 [INFO] \U0001f4c5 [50] ╟руЁєцр■ Ёрёяшёрэшх фы : ╚╤1-232
2025-12-14 20:53:28,505 [INFO] \U0001f50d [51] @user_51 \u2192 ╚∙хЄ уЁєяяє: '╚╤1-231'
2025-12-14 20:53:28,505 [INFO] \u2705 [51] ═рщфхэю 1 уЁєяя√ фы  чряЁюёр '╚╤1-231'
2025-12-14 20:53:28,505 [INFO] \U0001f4c5 [51] ╟руЁєцр■ Ёрёяшёрэшх фы : ╚╤1-231
2025-12-14 20:53:28,522 [INFO] \U0001f50d [51] @user_51 \u2192 ╚∙хЄ уЁєяяє: '╚╤1-232'
2025-12-14 20:53:28,523 [INFO] \u2705 [51] ═рщфхэю 1 уЁєяя√ фы  чряЁюёр '╚╤1-232'
2025-12-14 20:53:28,523 [INFO] \U0001f4c5 [51] ╟руЁєцр■ Ёрёяшёрэшх фы : ╚╤1-232
2025-12-14 20:53:28,540 [INFO] \U0001f50d [52] @user_52 \u2192 ╚∙хЄ уЁєяяє: '╚╤1-231'
2025-12-14 20:53:28,541 [INFO] \u2705 [52] ═рщфхэю 1 уЁєяя√ фы  чряЁюёр '╚╤1-231'
2025-12-14 20:53:28,541 [INFO] \U0001f4c5 [52] ╟руЁєцр■ Ёрёяшёрэшх фы : ╚╤1-231
2025-12-14 20:53:28,561 [INFO] \U0001f50d [52] @user_52 \u2192 ╚∙хЄ уЁєяяє: '╚╤1-232'
2025-12-14 20:53:28,562 [INFO] \u2705 [52] ═рщфхэю 1 уЁєяя√ фы  чряЁюёр '╚╤1-232'
2025-12-14 20:53:28,562 [INFO] \U0001f4c5 [52] ╟руЁєцр■ Ёрёяшёрэшх фы : ╚╤1-232
2025-12-14 20:53:28,582 [INFO] \U0001f50d [53] @user_53 \u2192 ╚∙хЄ уЁєяяє: '╚╤1-231'
2025-12-14 20:53:28,585 [INFO] \u2705 [53] ═рщфхэю 1 уЁєяя√ фы  чряЁюёр '╚╤1-231'
2025-12-14 20:53:28,586 [INFO] \U0001f4c5 [53] ╟руЁєцр■ Ёрёяшёрэшх фы : ╚╤1-231
2025-12-14 20:53:28,607 [INFO] \U0001f50d [53] @user_53 \u2192 ╚∙хЄ уЁєяяє: '╚╤1-232'
2025-12-14 20:53:28,608 [INFO] \u2705 [53] ═рщфхэю 1 уЁєяя√ фы  чряЁюёр '╚╤1-232'
2025-12-14 20:53:28,609 [INFO] \U0001f4c5 [53] ╟руЁєцр■ Ёрёяшёрэшх фы : ╚╤1-232
2025-12-14 20:53:28,625 [INFO] \U0001f50d [54] @user_54 \u2192 ╚∙хЄ уЁєяяє: '╚╤1-231'
2025-12-14 20:53:28,626 [INFO] \u2705 [54] ═рщфхэю 1 уЁєяя√ фы  чряЁюёр '╚╤1-231'
2025-12-14 20:53:28,626 [INFO] \U0001f4c5 [54] ╟руЁєцр■ Ёрёяшёрэшх фы : ╚╤1-231
2025-12-14 20:53:28,641 [INFO] \U0001f50d [54] @user_54 \u2192 ╚∙хЄ уЁєяяє: '╚╤1-232'
2025-12-14 20:53:28,642 [INFO] \u2705 [54] ═рщфхэю 1 уЁєяя√ фы  чряЁюёр '╚╤1-232'
2025-12-14 20:53:28,642 [INFO] \U0001f4c5 [54] ╟руЁєцр■ Ёрёяшёрэшх фы : ╚╤1-232
2025-12-14 20:53:28,663 [INFO] \U0001f50d [55] @user_55 \u2192 ╚∙хЄ уЁєяяє: '╚╤1-231'
2025-12-14 20:53:28,666 [INFO] \u2705 [55] ═рщфхэю 1 уЁєяя√ фы  чряЁюёр '╚╤1-231'
2025-12-14 20:53:28,666 [INFO] \U0001f4c5 [55] ╟руЁєцр■ Ёрёяшёрэшх фы : ╚╤1-231
2025-12-14 20:53:28,684 [INFO] \U0001f50d [55] @user_55 \u2192 ╚∙хЄ уЁєяяє: '╚╤1-232'
2025-12-14 20:53:28,685 [INFO] \u2705 [55] ═рщфхэю 1 уЁєяя√ фы  чряЁюёр '╚╤1-232'
2025-12-14 20:53:28,686 [INFO] \U0001f4c5 [55] ╟руЁєцр■ Ёрёяшёрэшх фы : ╚╤1-232
2025-12-14 20:53:28,707 [INFO] \U0001f50d [56] @user_56 \u2192 ╚∙хЄ уЁєяяє: '╚╤1-231'
2025-12-14 20:53:28,707 [INFO] \u2705 [56] ═рщфхэю 1 уЁєяя√ фы  чряЁюёр '╚╤1-231'
2025-12-14 20:53:28,707 [INFO] \U0001f4c5 [56] ╟руЁєцр■ Ёрёяшёрэшх фы : ╚╤1-231
2025-12-14 20:53:28,727 [INFO] \U0001f50d [56] @user_56 \u2192 ╚∙хЄ уЁєяяє: '╚╤1-232'
2025-12-14 20:53:28,728 [INFO] \u2705 [56] ═рщфхэю 1 уЁєяя√ фы  чряЁюёр '╚╤1-232'
2025-12-14 20:53:28,729 [INFO] \U0001f4c5 [56] ╟руЁєцр■ Ёрёяшёрэшх фы : ╚╤1-232
2025-12-14 20:53:28,747 [INFO] \U0001f50d [57] @user_57 \u2192 ╚∙хЄ уЁєяяє: '╚╤1-231'
2025-12-14 20:53:28,747 [INFO] \u2705 [57] ═рщфхэю 1 уЁєяя√ фы  чряЁюёр '╚╤1-231'
2025-12-14 20:53:28,747 [INFO] \U0001f4c5 [57] ╟руЁєцр■ Ёрёяшёрэшх фы : ╚╤1-231
2025-12-14 20:53:28,771 [INFO] \U0001f50d [57] @user_57 \u2192 ╚∙хЄ уЁєяяє: '╚╤1-232'
2025-12-14 20:53:28,771 [INFO] \u2705 [57] ═рщфхэю 1 уЁєяя√ фы  чряЁюёр '╚╤1-232'
2025-12-14 20:53:28,771 [INFO] \U0001f4c5 [57] ╟руЁєцр■ Ёрёяшёрэшх фы : ╚╤1-232
2025-12-14 20:53:28,788 [INFO] \U0001f50d [58] @user_58 \u2192 ╚∙хЄ уЁєяяє: '╚╤1-231'
2025-12-14 20:53:28,789 [INFO] \u2705 [58] ═рщфхэю 1 уЁєяя√ фы  чряЁюёр '╚╤1-231'
2025-12-14 20:53:28,789 [INFO] \U0001f4c5 [58] ╟руЁєцр■ Ёрёяшёрэшх фы : ╚╤1-231
2025-12-14 20:53:28,815 [INFO] \U0001f50d [58] @user_58 \u2192 ╚∙хЄ уЁєяяє: '╚╤1-232'
2025-12-14 20:53:28,818 [INFO] \u2705 [58] ═рщфхэю 1 уЁєяя√ фы  чряЁюёр '╚╤1-232'
2025-12-14 20:53:28,818 [INFO] \U0001f4c5 [58] ╟руЁєцр■ Ёрёяшёрэшх фы : ╚╤1-232
2025-12-14 20:53:28,836 [INFO] \U0001f50d [59] @user_59 \u2192 ╚∙хЄ уЁєяяє: '╚╤1-231'
2025-12-14 20:53:28,837 [INFO] \u2705 [59] ═рщфхэю 1 уЁєяя√ фы  чряЁюёр '╚╤1-231'
2025-12-14 20:53:28,837 [INFO] \U0001f4c5 [59] ╟руЁєцр■ Ёрёяшёрэшх фы : ╚╤1-231
2025-12-14 20:53:28,853 [INFO] \U0001f50d [59] @user_59 \u2192 ╚∙хЄ уЁєяяє: '╚╤1-232'
2025-12-14 20:53:28,855 [INFO] \u2705 [59] ═рщфхэю 1 уЁєяя√ фы  чряЁюёр '╚╤1-232'
2025-12-14 20:53:28,855 [INFO] \U0001f4c5 [59] ╟руЁєцр■ Ёрёяшёрэшх фы : ╚╤1-232
2025-12-14 20:53:28,878 [INFO] \U0001f50d [60] @user_60 \u2192 ╚∙хЄ уЁєяяє: '╚╤1-231'
2025-12-14 20:53:28,880 [INFO] \u2705 [60] ═рщфхэю 1 уЁєяя√ фы  чряЁюёр '╚╤1-231'
2025-12-14 20:53:28,880 [INFO] \U0001f4c5 [60] ╟руЁєцр■ Ёрёяшёрэшх фы : ╚╤1-231
2025-12-14 20:53:28,896 [INFO] \U0001f50d [60] @user_60 \u2192 ╚∙хЄ уЁєяяє: '╚╤1-232'
2025-12-14 20:53:28,897 [INFO] \u2705 [60] ═рщфхэю 1 уЁєяя√ фы  чряЁюёр '╚╤1-232'
2025-12-14 20:53:28,897 [INFO] \U0001f4c5 [60] ╟руЁєцр■ Ёрёяшёрэшх фы : ╚╤1-232
2025-12-14 20:53:28,920 [INFO] \U0001f50d [61] @user_61 \u2192 ╚∙хЄ уЁєяяє: '╚╤1-231'
2025-12-14 20:53:28,922 [INFO] \u2705 [61] ═рщфхэю 1 уЁєяя√ фы  чряЁюёр '╚╤1-231'
2025-12-14 20:53:28,922 [INFO] \U0001f4c5 [61] ╟руЁєцр■ Ёрёяшёрэшх фы : ╚╤1-231
2025-12-14 20:53:28,942 [INFO] \U0001f50d [61] @user_61 \u2192 ╚∙хЄ уЁєяяє: '╚╤1-232'
2025-12-14 20:53:28,943 [INFO] \u2705 [61] ═рщфхэю 1 уЁєяя√ фы  чряЁюёр '╚╤1-232'
2025-12-14 20:53:28,943 [INFO] \U0001f4c5 [61] ╟руЁєцр■ Ёрёяшёрэшх фы : ╚╤1-232
2025-12-14 20:53:28,961 [INFO] \U0001f50d [62] @user_62 \u2192 ╚∙хЄ уЁєяяє: '╚╤1-231'
2025-12-14 20:53:28,962 [INFO] \u2705 [62] ═рщфхэю 1 уЁєяя√ фы  чряЁюёр '╚╤1-231'
2025-12-14 20:53:28,963 [INFO] \U0001f4c5 [62] ╟руЁєцр■ Ёрёяшёрэшх фы : ╚╤1-231
2025-12-14 20:53:28,988 [INFO] \U0001f50d [62] @user_62 \u2192 ╚∙хЄ уЁєяяє: '╚╤1-232'
2025-12-14 20:53:28,988 [INFO] \u2705 [62] ═рщфхэю 1 уЁєяя√ фы  чряЁюёр '╚╤1-232'
2025-12-14 20:53:28,988 [INFO] \U0001f4c5 [62] ╟руЁєцр■ Ёрёяшёрэшх фы : ╚╤1-232
2025-12-14 20:53:29,004 [INFO] \U0001f50d [63] @user_63 \u2192 ╚∙хЄ уЁєяяє: '╚╤1-231'
2025-12-14 20:53:29,005 [INFO] \u2705 [63] ═рщфхэю 1 уЁєяя√ фы  чряЁюёр '╚╤1-231'
2025-12-14 20:53:29,005 [INFO] \U0001f4c5 [63] ╟руЁєцр■ Ёрёяшёрэшх фы : ╚╤1-231
2025-12-14 20:53:29,023 [INFO] \U0001f50d [63] @user_63 \u2192 ╚∙хЄ уЁєяяє: '╚╤1-232'
2025-12-14 20:53:29,024 [INFO] \u2705 [63] ═рщфхэю 1 уЁєяя√ фы  чряЁюёр '╚╤1-232'
2025-12-14 20:53:29,024 [INFO] \U0001f4c5 [63] ╟руЁєцр■ Ёрёяшёрэшх фы : ╚╤1-232
2025-12-14 20:53:29,048 [INFO] \U0001f50d [64] @user_64 \u2192 ╚∙хЄ уЁєяяє: '╚╤1-231'
2025-12-14 20:53:29,050 [INFO] \u2705 [64] ═рщфхэю 1 уЁєяя√ фы  чряЁюёр '╚╤1-231'
2025-12-14 20:53:29,050 [INFO] \U0001f4c5 [64] ╟руЁєцр■ Ёрёяшёрэшх фы : ╚╤1-231
2025-12-14 20:53:29,069 [INFO] \U0001f50d [64] @user_64 \u2192 ╚∙хЄ уЁєяяє: '╚╤1-232'
2025-12-14 20:53:29,070 [INFO] \u2705 [64] ═рщфхэю 1 уЁєяя√ фы  чряЁюёр '╚╤1-232'
2025-12-14 20:53:29,070 [INFO] \U0001f4c5 [64] ╟руЁєцр■ Ёрёяшёрэшх фы : ╚╤1-232
2025-12-14 20:53:29,093 [INFO] \U0001f50d [65] @user_65 \u2192 ╚∙хЄ уЁєяяє: '╚╤1-231'
2025-12-14 20:53:29,095 [INFO] \u2705 [65] ═рщфхэю 1 уЁєяя√ фы  чряЁюёр '╚╤1-231'
2025-12-14 20:53:29,096 [INFO] \U0001f4c5 [65] ╟руЁєцр■ Ёрёяшёрэшх фы : ╚╤1-231
2025-12-14 20:53:29,118 [INFO] \U0001f50d [65] @user_65 \u2192 ╚∙хЄ уЁєяяє: '╚╤1-232'
2025-12-14 20:53:29,119 [INFO] \u2705 [65] ═рщфхэю 1 уЁєяя√ фы  чряЁюёр '╚╤1-232'
2025-12-14 20:53:29,119 [INFO] \U0001f4c5 [65] ╟руЁєцр■ Ёрёяшёрэшх фы : ╚╤1-232
2025-12-14 20:53:29,139 [INFO] \U0001f50d [66] @user_66 \u2192 ╚∙хЄ уЁєяяє: '╚╤1-231'
2025-12-14 20:53:29,141 [INFO] \u2705 [66] ═рщфхэю 1 уЁєяя√ фы  чряЁюёр '╚╤1-231'
2025-12-14 20:53:29,141 [INFO] \U0001f4c5 [66] ╟руЁєцр■ Ёрёяшёрэшх фы : ╚╤1-231
2025-12-14 20:53:29,159 [INFO] \U0001f50d [66] @user_66 \u2192 ╚∙хЄ уЁєяяє: '╚╤1-232'
2025-12-14 20:53:29,160 [INFO] \u2705 [66] ═рщфхэю 1 уЁєяя√ фы  чряЁюёр '╚╤1-232'
2025-12-14 20:53:29,160 [INFO] \U0001f4c5 [66] ╟руЁєцр■ Ёрёяшёрэшх фы : ╚╤1-232
2025-12-14 20:53:29,178 [INFO] \U0001f50d [67] @user_67 \u2192 ╚∙хЄ уЁєяяє: '╚╤1-231'
2025-12-14 20:53:29,178 [INFO] \u2705 [67] ═рщфхэю 1 уЁєяя√ фы  чряЁюёр '╚╤1-231'
2025-12-14 20:53:29,179 [INFO] \U0001f4c5 [67] ╟руЁєцр■ Ёрёяшёрэшх фы : ╚╤1-231
2025-12-14 20:53:29,198 [INFO] \U0001f50d [67] @user_67 \u2192 ╚∙хЄ уЁєяяє: '╚╤1-232'
2025-12-14 20:53:29,199 [INFO] \u2705 [67] ═рщфхэю 1 уЁєяя√ фы  чряЁюёр '╚╤1-232'
2025-12-14 20:53:29,199 [INFO] \U0001f4c5 [67] ╟руЁєцр■ Ёрёяшёрэшх фы : ╚╤1-232
2025-12-14 20:53:29,216 [INFO] \U0001f50d [68] @user_68 \u2192 ╚∙хЄ уЁєяяє: '╚╤1-231'
2025-12-14 20:53:29,217 [INFO] \u2705 [68] ═рщфхэю 1 уЁєяя√ фы  чряЁюёр '╚╤1-231'
2025-12-14 20:53:29,217 [INFO] \U0001f4c5 [68] ╟руЁєцр■ Ёрёяшёрэшх фы : ╚╤1-231
2025-12-14 20:53:29,234 [INFO] \U0001f50d [68] @user_68 \u2192 ╚∙хЄ уЁєяяє: '╚╤1-232'
2025-12-14 20:53:29,236 [INFO] \u2705 [68] ═рщфхэю 1 уЁєяя√ фы  чряЁюёр '╚╤1-232'
2025-12-14 20:53:29,236 [INFO] \U0001f4c5 [68] ╟руЁєцр■ Ёрёяшёрэшх фы : ╚╤1-232
2025-12-14 20:53:29,258 [INFO] \U0001f50d [69] @user_69 \u2192 ╚∙хЄ уЁєяяє: '╚╤1-231'
2025-12-14 20:53:29,259 [INFO] \u2705 [69] ═рщфхэю 1 уЁєяя√ фы  чряЁюёр '╚╤1-231'
2025-12-14 20:53:29,260 [INFO] \U0001f4c5 [69] ╟руЁєцр■ Ёрёяшёрэшх фы : ╚╤1-231
2025-12-14 20:53:29,279 [INFO] \U0001f50d [69] @user_69 \u2192 ╚∙хЄ уЁєяяє: '╚╤1-232'
2025-12-14 20:53:29,279 [INFO] \u2705 [69] ═рщфхэю 1 уЁєяя√ фы  чряЁюёр '╚╤1-232'
2025-12-14 20:53:29,280 [INFO] \U0001f4c5 [69] ╟руЁєцр■ Ёрёяшёрэшх фы : ╚╤1-232
2025-12-14 20:53:29,304 [INFO] \U0001f50d [70] @user_70 \u2192 ╚∙хЄ уЁєяяє: '╚╤1-231'
2025-12-14 20:53:29,306 [INFO] \u2705 [70] ═рщфхэю 1 уЁєяя√ фы  чряЁюёр '╚╤1-231'
2025-12-14 20:53:29,306 [INFO] \U0001f4c5 [70] ╟руЁєцр■ Ёрёяшёрэшх фы : ╚╤1-231
2025-12-14 20:53:29,323 [INFO] \U0001f50d [70] @user_70 \u2192 ╚∙хЄ уЁєяяє: '╚╤1-232'
2025-12-14 20:53:29,324 [INFO] \u2705 [70] ═рщфхэю 1 уЁєяя√ фы  чряЁюёр '╚╤1-232'
2025-12-14 20:53:29,324 [INFO] \U0001f4c5 [70] ╟руЁєцр■ Ёрёяшёрэшх фы : ╚╤1-232
2025-12-14 20:53:29,340 [INFO] \U0001f50d [71] @user_71 \u2192 ╚∙хЄ уЁєяяє: '╚╤1-231'
2025-12-14 20:53:29,341 [INFO] \u2705 [71] ═рщфхэю 1 уЁєяя√ фы  чряЁюёр '╚╤1-231'
2025-12-14 20:53:29,341 [INFO] \U0001f4c5 [71] ╟руЁєцр■ Ёрёяшёрэшх фы : ╚╤1-231
2025-12-14 20:53:29,360 [INFO] \U0001f50d [71] @user_71 \u2192 ╚∙хЄ уЁєяяє: '╚╤1-232'
2025-12-14 20:53:29,362 [INFO] \u2705 [71] ═рщфхэю 1 уЁєяя√ фы  чряЁюёр '╚╤1-232'
2025-12-14 20:53:29,362 [INFO] \U0001f4c5 [71] ╟руЁєцр■ Ёрёяшёрэшх фы : ╚╤1-232
2025-12-14 20:53:29,386 [INFO] \U0001f50d [72] @user_72 \u2192 ╚∙хЄ уЁєяяє: '╚╤1-231'
2025-12-14 20:53:29,387 [INFO] \u2705 [72] ═рщфхэю 1 уЁєяя√ фы  чряЁюёр '╚╤1-231'
2025-12-14 20:53:29,387 [INFO] \U0001f4c5 [72] ╟руЁєцр■ Ёрёяшёрэшх фы : ╚╤1-231
2025-12-14 20:53:29,409 [INFO] \U0001f50d [72] @user_72 \u2192 ╚∙хЄ уЁєяяє: '╚╤1-232'
2025-12-14 20:53:29,410 [INFO] \u2705 [72] ═рщфхэю 1 уЁєяя√ фы  чряЁюёр '╚╤1-232'
2025-12-14 20:53:29,410 [INFO] \U0001f4c5 [72] ╟руЁєцр■ Ёрёяшёрэшх фы : ╚╤1-232
2025-12-14 20:53:29,430 [INFO] \U0001f50d [73] @user_73 \u2192 ╚∙хЄ уЁєяяє: '╚╤1-231'
2025-12-14 20:53:29,431 [INFO] \u2705 [73] ═рщфхэю 1 уЁєяя√ фы  чряЁюёр '╚╤1-231'
2025-12-14 20:53:29,432 [INFO] \U0001f4c5 [73] ╟руЁєцр■ Ёрёяшёрэшх фы : ╚╤1-231
2025-12-14 20:53:29,452 [INFO] \U0001f50d [73] @user_73 \u2192 ╚∙хЄ уЁєяяє: '╚╤1-232'
2025-12-14 20:53:29,453 [INFO] \u2705 [73] ═рщфхэю 1 уЁєяя√ фы  чряЁюёр '╚╤1-232'
2025-12-14 20:53:29,453 [INFO] \U0001f4c5 [73] ╟руЁєцр■ Ёрёяшёрэшх фы : ╚╤1-232
2025-12-14 20:53:29,473 [INFO] \U0001f50d [74] @user_74 \u2192 ╚∙хЄ уЁєяяє: '╚╤1-231'
2025-12-14 20:53:29,474 [INFO] \u2705 [74] ═рщфхэю 1 уЁєяя√ фы  чряЁюёр '╚╤1-231'
2025-12-14 20:53:29,474 [INFO] \U0001f4c5 [74] ╟руЁєцр■ Ёрёяшёрэшх фы : ╚╤1-231
2025-12-14 20:53:29,491 [INFO] \U0001f50d [74] @user_74 \u2192 ╚∙хЄ уЁєяяє: '╚╤1-232'
2025-12-14 20:53:29,491 [INFO] \u2705 [74] ═рщфхэю 1 уЁєяя√ фы  чряЁюёр '╚╤1-232'
2025-12-14 20:53:29,492 [INFO] \U0001f4c5 [74] ╟руЁєцр■ Ёрёяшёрэшх фы : ╚╤1-232
2025-12-14 20:53:29,506 [INFO] \U0001f50d [75] @user_75 \u2192 ╚∙хЄ уЁєяяє: '╚╤1-231'
2025-12-14 20:53:29,508 [INFO] \u2705 [75] ═рщфхэю 1 уЁєяя√ фы  чряЁюёр '╚╤1-231'
2025-12-14 20:53:29,508 [INFO] \U0001f4c5 [75] ╟руЁєцр■ Ёрёяшёрэшх фы : ╚╤1-231
2025-12-14 20:53:29,528 [INFO] \U0001f50d [75] @user_75 \u2192 ╚∙хЄ уЁєяяє: '╚╤1-232'
2025-12-14 20:53:29,529 [INFO] \u2705 [75] ═рщфхэю 1 уЁєяя√ фы  чряЁюёр '╚╤1-232'
2025-12-14 20:53:29,529 [INFO] \U0001f4c5 [75] ╟руЁєцр■ Ёрёяшёрэшх фы : ╚╤1-232
2025-12-14 20:53:29,553 [INFO] \U0001f50d [76] @user_76 \u2192 ╚∙хЄ уЁєяяє: '╚╤1-231'
2025-12-14 20:53:29,554 [INFO] \u2705 [76] ═рщфхэю 1 уЁєяя√ фы  чряЁюёр '╚╤1-231'
2025-12-14 20:53:29,554 [INFO] \U0001f4c5 [76] ╟руЁєцр■ Ёрёяшёрэшх фы : ╚╤1-231
2025-12-14 20:53:29,573 [INFO] \U0001f50d [76] @user_76 \u2192 ╚∙хЄ уЁєяяє: '╚╤1-232'
2025-12-14 20:53:29,574 [INFO] \u2705 [76] ═рщфхэю 1 уЁєяя√ фы  чряЁюёр '╚╤1-232'
2025-12-14 20:53:29,574 [INFO] \U0001f4c5 [76] ╟руЁєцр■ Ёрёяшёрэшх фы : ╚╤1-232
2025-12-14 20:53:29,593 [INFO] \U0001f50d [77] @user_77 \u2192 ╚∙хЄ уЁєяяє: '╚╤1-231'
2025-12-14 20:53:29,593 [INFO] \u2705 [77] ═рщфхэю 1 уЁєяя√ фы  чряЁюёр '╚╤1-231'
2025-12-14 20:53:29,594 [INFO] \U0001f4c5 [77] ╟руЁєцр■ Ёрёяшёрэшх фы : ╚╤1-231
2025-12-14 20:53:29,612 [INFO] \U0001f50d [77] @user_77 \u2192 ╚∙хЄ уЁєяяє: '╚╤1-232'
2025-12-14 20:53:29,613 [INFO] \u2705 [77] ═рщфхэю 1 уЁєяя√ фы  чряЁюёр '╚╤1-232'
2025-12-14 20:53:29,613 [INFO] \U0001f4c5 [77] ╟руЁєцр■ Ёрёяшёрэшх фы : ╚╤1-232
2025-12-14 20:53:29,633 [INFO] \U0001f50d [78] @user_78 \u2192 ╚∙хЄ уЁєяяє: '╚╤1-231'
2025-12-14 20:53:29,634 [INFO] \u2705 [78] ═рщфхэю 1 уЁєяя√ фы  чряЁюёр '╚╤1-231'
2025-12-14 20:53:29,634 [INFO] \U0001f4c5 [78] ╟руЁєцр■ Ёрёяшёрэшх фы : ╚╤1-231
2025-12-14 20:53:29,660 [INFO] \U0001f50d [78] @user_78 \u2192 ╚∙хЄ уЁєяяє: '╚╤1-232'
2025-12-14 20:53:29,661 [INFO] \u2705 [78] ═рщфхэю 1 уЁєяя√ фы  чряЁюёр '╚╤1-232'
2025-12-14 20:53:29,661 [INFO] \U0001f4c5 [78] ╟руЁєцр■ Ёрёяшёрэшх фы : ╚╤1-232
2025-12-14 20:53:29,685 [INFO] \U0001f50d [79] @user_79 \u2192 ╚∙хЄ уЁєяяє: '╚╤1-231'
2025-12-14 20:53:29,686 [INFO] \u2705 [79] ═рщфхэю 1 уЁєяя√ фы  чряЁюёр '╚╤1-231'
2025-12-14 20:53:29,687 [INFO] \U0001f4c5 [79] ╟руЁєцр■ Ёрёяшёрэшх фы : ╚╤1-231
2025-12-14 20:53:29,703 [INFO] \U0001f50d [79] @user_79 \u2192 ╚∙хЄ уЁєяяє: '╚╤1-232'
2025-12-14 20:53:29,704 [INFO] \u2705 [79] ═рщфхэю 1 уЁєяя√ фы  чряЁюёр '╚╤1-232'
2025-12-14 20:53:29,704 [INFO] \U0001f4c5 [79] ╟руЁєцр■ Ёрёяшёрэшх фы : ╚╤1-232
2025-12-14 20:53:29,727 [INFO] \U0001f50d [80] @user_80 \u2192 ╚∙хЄ уЁєяяє: '╚╤1-231'
2025-12-14 20:53:29,728 [INFO] \u2705 [80] ═рщфхэю 1 уЁєяя√ фы  чряЁюёр '╚╤1-231'
2025-12-14 20:53:29,728 [INFO] \U0001f4c5 [80] ╟руЁєцр■ Ёрёяшёрэшх фы : ╚╤1-231
2025-12-14 20:53:29,745 [INFO] \U0001f50d [80] @user_80 \u2192 ╚∙хЄ уЁєяяє: '╚╤1-232'
2025-12-14 20:53:29,746 [INFO] \u2705 [80] ═рщфхэю 1 уЁєяя√ фы  чряЁюёр '╚╤1-232'
2025-12-14 20:53:29,746 [INFO] \U0001f4c5 [80] ╟руЁєцр■ Ёрёяшёрэшх фы : ╚╤1-232
2025-12-14 20:53:29,762 [INFO] \U0001f50d [81] @user_81 \u2192 ╚∙хЄ уЁєяяє: '╚╤1-231'
2025-12-14 20:53:29,763 [INFO] \u2705 [81] ═рщфхэю 1 уЁєяя√ фы  чряЁюёр '╚╤1-231'
2025-12-14 20:53:29,763 [INFO] \U0001f4c5 [81] ╟руЁєцр■ Ёрёяшёрэшх фы : ╚╤1-231
2025-12-14 20:53:29,782 [INFO] \U0001f50d [81] @user_81 \u2192 ╚∙хЄ уЁєяяє: '╚╤1-232'
2025-12-14 20:53:29,785 [INFO] \u2705 [81] ═рщфхэю 1 уЁєяя√ фы  чряЁюёр '╚╤1-232'
2025-12-14 20:53:29,785 [INFO] \U0001f4c5 [81] ╟руЁєцр■ Ёрёяшёрэшх фы : ╚╤1-232
2025-12-14 20:53:29,811 [INFO] \U0001f50d [82] @user_82 \u2192 ╚∙хЄ уЁєяяє: '╚╤1-231'
2025-12-14 20:53:29,813 [INFO] \u2705 [82] ═рщфхэю 1 уЁєяя√ фы  чряЁюёр '╚╤1-231'
2025-12-14 20:53:29,813 [INFO] \U0001f4c5 [82] ╟руЁєцр■ Ёрёяшёрэшх фы : ╚╤1-231
2025-12-14 20:53:29,836 [INFO] \U0001f50d [82] @user_82 \u2192 ╚∙хЄ уЁєяяє: '╚╤1-232'
2025-12-14 20:53:29,838 [INFO] \u2705 [82] ═рщфхэю 1 уЁєяя√ фы  чряЁюёр '╚╤1-232'
2025-12-14 20:53:29,838 [INFO] \U0001f4c5 [82] ╟руЁєцр■ Ёрёяшёрэшх фы : ╚╤1-232
2025-12-14 20:53:29,861 [INFO] \U0001f50d [83] @user_83 \u2192 ╚∙хЄ уЁєяяє: '╚╤1-231'
2025-12-14 20:53:29,861 [INFO] \u2705 [83] ═рщфхэю 1 уЁєяя√ фы  чряЁюёр '╚╤1-231'
2025-12-14 20:53:29,862 [INFO] \U0001f4c5 [83] ╟руЁєцр■ Ёрёяшёрэшх фы : ╚╤1-231
2025-12-14 20:53:29,886 [INFO] \U0001f50d [83] @user_83 \u2192 ╚∙хЄ уЁєяяє: '╚╤1-232'
2025-12-14 20:53:29,887 [INFO] \u2705 [83] ═рщфхэю 1 уЁєяя√ фы  чряЁюёр '╚╤1-232'
2025-12-14 20:53:29,887 [INFO] \U0001f4c5 [83] ╟руЁєцр■ Ёрёяшёрэшх фы : ╚╤1-232
2025-12-14 20:53:29,904 [INFO] \U0001f50d [84] @user_84 \u2192 ╚∙хЄ уЁєяяє: '╚╤1-231'
2025-12-14 20:53:29,905 [INFO] \u2705 [84] ═рщфхэю 1 уЁєяя√ фы  чряЁюёр '╚╤1-231'
2025-12-14 20:53:29,905 [INFO] \U0001f4c5 [84] ╟руЁєцр■ Ёрёяшёрэшх фы : ╚╤1-231
2025-12-14 20:53:29,923 [INFO] \U0001f50d [84] @user_84 \u2192 ╚∙хЄ уЁєяяє: '╚╤1-232'
2025-12-14 20:53:29,924 [INFO] \u2705 [84] ═рщфхэю 1 уЁєяя√ фы  чряЁюёр '╚╤1-232'
2025-12-14 20:53:29,924 [INFO] \U0001f4c5 [84] ╟руЁєцр■ Ёрёяшёрэшх фы : ╚╤1-232
2025-12-14 20:53:29,945 [INFO] \U0001f50d [85] @user_85 \u2192 ╚∙хЄ уЁєяяє: '╚╤1-231'
2025-12-14 20:53:29,946 [INFO] \u2705 [85] ═рщфхэю 1 уЁєяя√ фы  чряЁюёр '╚╤1-231'
2025-12-14 20:53:29,946 [INFO] \U0001f4c5 [85] ╟руЁєцр■ Ёрёяшёрэшх фы : ╚╤1-231
2025-12-14 20:53:29,970 [INFO] \U0001f50d [85] @user_85 \u2192 ╚∙хЄ уЁєяяє: '╚╤1-232'
2025-12-14 20:53:29,971 [INFO] \u2705 [85] ═рщфхэю 1 уЁєяя√ фы  чряЁюёр '╚╤1-232'
2025-12-14 20:53:29,971 [INFO] \U0001f4c5 [85] ╟руЁєцр■ Ёрёяшёрэшх фы : ╚╤1-232
2025-12-14 20:53:29,989 [INFO] \U0001f50d [86] @user_86 \u2192 ╚∙хЄ уЁєяяє: '╚╤1-231'
2025-12-14 20:53:29,989 [INFO] \u2705 [86] ═рщфхэю 1 уЁєяя√ фы  чряЁюёр '╚╤1-231'
2025-12-14 20:53:29,989 [INFO] \U0001f4c5 [86] ╟руЁєцр■ Ёрёяшёрэшх фы : ╚╤1-231
2025-12-14 20:53:30,011 [INFO] \U0001f50d [86] @user_86 \u2192 ╚∙хЄ уЁєяяє: '╚╤1-232'
2025-12-14 20:53:30,012 [INFO] \u2705 [86] ═рщфхэю 1 уЁєяя√ фы  чряЁюёр '╚╤1-232'
2025-12-14 20:53:30,012 [INFO] \U0001f4c5 [86] ╟руЁєцр■ Ёрёяшёрэшх фы : ╚╤1-232
2025-12-14 20:53:30,037 [INFO] \U0001f50d [87] @user_87 \u2192 ╚∙хЄ уЁєяяє: '╚╤1-231'
2025-12-14 20:53:30,039 [INFO] \u2705 [87] ═рщфхэю 1 уЁєяя√ фы  чряЁюёр '╚╤1-231'
2025-12-14 20:53:30,039 [INFO] \U0001f4c5 [87] ╟руЁєцр■ Ёрёяшёрэшх фы : ╚╤1-231
2025-12-14 20:53:30,061 [INFO] \U0001f50d [87] @user_87 \u2192 ╚∙хЄ уЁєяяє: '╚╤1-232'
2025-12-14 20:53:30,063 [INFO] \u2705 [87] ═рщфхэю 1 уЁєяя√ фы  чряЁюёр '╚╤1-232'
2025-12-14 20:53:30,063 [INFO] \U0001f4c5 [87] ╟руЁєцр■ Ёрёяшёрэшх фы : ╚╤1-232
2025-12-14 20:53:30,086 [INFO] \U0001f50d [88] @user_88 \u2192 ╚∙хЄ уЁєяяє: '╚╤1-231'
2025-12-14 20:53:30,087 [INFO] \u2705 [88] ═рщфхэю 1 уЁєяя√ фы  чряЁюёр '╚╤1-231'
2025-12-14 20:53:30,087 [INFO] \U0001f4c5 [88] ╟руЁєцр■ Ёрёяшёрэшх фы : ╚╤1-231
2025-12-14 20:53:30,105 [INFO] \U0001f50d [88] @user_88 \u2192 ╚∙хЄ уЁєяяє: '╚╤1-232'
2025-12-14 20:53:30,106 [INFO] \u2705 [88] ═рщфхэю 1 уЁєяя√ фы  чряЁюёр '╚╤1-232'
2025-12-14 20:53:30,106 [INFO] \U0001f4c5 [88] ╟руЁєцр■ Ёрёяшёрэшх фы : ╚╤1-232
2025-12-14 20:53:30,128 [INFO] \U0001f50d [89] @user_89 \u2192 ╚∙хЄ уЁєяяє: '╚╤1-231'
2025-12-14 20:53:30,130 [INFO] \u2705 [89] ═рщфхэю 1 уЁєяя√ фы  чряЁюёр '╚╤1-231'
2025-12-14 20:53:30,130 [INFO] \U0001f4c5 [89] ╟руЁєцр■ Ёрёяшёрэшх фы : ╚╤1-231
2025-12-14 20:53:30,152 [INFO] \U0001f50d [89] @user_89 \u2192 ╚∙хЄ уЁєяяє: '╚╤1-232'
2025-12-14 20:53:30,156 [INFO] \u2705 [89] ═рщфхэю 1 уЁєяя√ фы  чряЁюёр '╚╤1-232'
2025-12-14 20:53:30,156 [INFO] \U0001f4c5 [89] ╟руЁєцр■ Ёрёяшёрэшх фы : ╚╤1-232
2025-12-14 20:53:30,172 [INFO] \U0001f50d [90] @user_90 \u2192 ╚∙хЄ уЁєяяє: '╚╤1-231'
2025-12-14 20:53:30,173 [INFO] \u2705 [90] ═рщфхэю 1 уЁєяя√ фы  чряЁюёр '╚╤1-231'
2025-12-14 20:53:30,173 [INFO] \U0001f4c5 [90] ╟руЁєцр■ Ёрёяшёрэшх фы : ╚╤1-231
2025-12-14 20:53:30,189 [INFO] \U0001f50d [90] @user_90 \u2192 ╚∙хЄ уЁєяяє: '╚╤1-232'
2025-12-14 20:53:30,190 [INFO] \u2705 [90] ═рщфхэю 1 уЁєяя√ фы  чряЁюёр '╚╤1-232'
2025-12-14 20:53:30,190 [INFO] \U0001f4c5 [90] ╟руЁєцр■ Ёрёяшёрэшх фы : ╚╤1-232
2025-12-14 20:53:30,207 [INFO] \U0001f50d [91] @user_91 \u2192 ╚∙хЄ уЁєяяє: '╚╤1-231'
2025-12-14 20:53:30,208 [INFO] \u2705 [91] ═рщфхэю 1 уЁєяя√ фы  чряЁюёр '╚╤1-231'
2025-12-14 20:53:30,208 [INFO] \U0001f4c5 [91] ╟руЁєцр■ Ёрёяшёрэшх фы : ╚╤1-231
2025-12-14 20:53:30,226 [INFO] \U0001f50d [91] @user_91 \u2192 ╚∙хЄ уЁєяяє: '╚╤1-232'
2025-12-14 20:53:30,227 [INFO] \u2705 [91] ═рщфхэю 1 уЁєяя√ фы  чряЁюёр '╚╤1-232'
2025-12-14 20:53:30,227 [INFO] \U0001f4c5 [91] ╟руЁєцр■ Ёрёяшёрэшх фы : ╚╤1-232
2025-12-14 20:53:30,245 [INFO] \U0001f50d [92] @user_92 \u2192 ╚∙хЄ уЁєяяє: '╚╤1-231'
2025-12-14 20:53:30,245 [INFO] \u2705 [92] ═рщфхэю 1 уЁєяя√ фы  чряЁюёр '╚╤1-231'
2025-12-14 20:53:30,245 [INFO] \U0001f4c5 [92] ╟руЁєцр■ Ёрёяшёрэшх фы : ╚╤1-231
2025-12-14 20:53:30,265 [INFO] \U0001f50d [92] @user_92 \u2192 ╚∙хЄ уЁєяяє: '╚╤1-232'
2025-12-14 20:53:30,267 [INFO] \u2705 [92] ═рщфхэю 1 уЁєяя√ фы  чряЁюёр '╚╤1-232'
2025-12-14 20:53:30,267 [INFO] \U0001f4c5 [92] ╟руЁєцр■ Ёрёяшёрэшх фы : ╚╤1-232
2025-12-14 20:53:30,288 [INFO] \U0001f50d [93] @user_93 \u2192 ╚∙хЄ уЁєяяє: '╚╤1-231'
2025-12-14 20:53:30,289 [INFO] \u2705 [93] ═рщфхэю 1 уЁєяя√ фы  чряЁюёр '╚╤1-231'
2025-12-14 20:53:30,289 [INFO] \U0001f4c5 [93] ╟руЁєцр■ Ёрёяшёрэшх фы : ╚╤1-231
2025-12-14 20:53:30,306 [INFO] \U0001f50d [93] @user_93 \u2192 ╚∙хЄ уЁєяяє: '╚╤1-232'
2025-12-14 20:53:30,307 [INFO] \u2705 [93] ═рщфхэю 1 уЁєяя√ фы  чряЁюёр '╚╤1-232'
2025-12-14 20:53:30,307 [INFO] \U0001f4c5 [93] ╟руЁєцр■ Ёрёяшёрэшх фы : ╚╤1-232
2025-12-14 20:53:30,326 [INFO] \U0001f50d [94] @user_94 \u2192 ╚∙хЄ уЁєяяє: '╚╤1-231'
2025-12-14 20:53:30,327 [INFO] \u2705 [94] ═рщфхэю 1 уЁєяя√ фы  чряЁюёр '╚╤1-231'
2025-12-14 20:53:30,328 [INFO] \U0001f4c5 [94] ╟руЁєцр■ Ёрёяшёрэшх фы : ╚╤1-231
2025-12-14 20:53:30,348 [INFO] \U0001f50d [94] @user_94 \u2192 ╚∙хЄ уЁєяяє: '╚╤1-232'
2025-12-14 20:53:30,350 [INFO] \u2705 [94] ═рщфхэю 1 уЁєяя√ фы  чряЁюёр '╚╤1-232'
2025-12-14 20:53:30,350 [INFO] \U0001f4c5 [94] ╟руЁєцр■ Ёрёяшёрэшх фы : ╚╤1-232
2025-12-14 20:53:30,371 [INFO] \U0001f50d [95] @user_95 \u2192 ╚∙хЄ уЁєяяє: '╚╤1-231'
2025-12-14 20:53:30,372 [INFO] \u2705 [95] ═рщфхэю 1 уЁєяя√ фы  чряЁюёр '╚╤1-231'
2025-12-14 20:53:30,372 [INFO] \U0001f4c5 [95] ╟руЁєцр■ Ёрёяшёрэшх фы : ╚╤1-231
2025-12-14 20:53:30,389 [INFO] \U0001f50d [95] @user_95 \u2192 ╚∙хЄ уЁєяяє: '╚╤1-232'
2025-12-14 20:53:30,390 [INFO] \u2705 [95] ═рщфхэю 1 уЁєяя√ фы  чряЁюёр '╚╤1-232'
2025-12-14 20:53:30,390 [INFO] \U0001f4c5 [95] ╟руЁєцр■ Ёрёяшёрэшх фы : ╚╤1-232
2025-12-14 20:53:30,407 [INFO] \U0001f50d [96] @user_96 \u2192 ╚∙хЄ уЁєяяє: '╚╤1-231'
2025-12-14 20:53:30,408 [INFO] \u2705 [96] ═рщфхэю 1 уЁєяя√ фы  чряЁюёр '╚╤1-231'
2025-12-14 20:53:30,409 [INFO] \U0001f4c5 [96] ╟руЁєцр■ Ёрёяшёрэшх фы : ╚╤1-231
2025-12-14 20:53:30,429 [INFO] \U0001f50d [96] @user_96 \u2192 ╚∙хЄ уЁєяяє: '╚╤1-232'
2025-12-14 20:53:30,431 [INFO] \u2705 [96] ═рщфхэю 1 уЁєяя√ фы  чряЁюёр '╚╤1-232'
2025-12-14 20:53:30,432 [INFO] \U0001f4c5 [96] ╟руЁєцр■ Ёрёяшёрэшх фы : ╚╤1-232
2025-12-14 20:53:30,454 [INFO] \U0001f50d [97] @user_97 \u2192 ╚∙хЄ уЁєяяє: '╚╤1-231'
2025-12-14 20:53:30,455 [INFO] \u2705 [97] ═рщфхэю 1 уЁєяя√ фы  чряЁюёр '╚╤1-231'
2025-12-14 20:53:30,455 [INFO] \U0001f4c5 [97] ╟руЁєцр■ Ёрёяшёрэшх фы : ╚╤1-231
2025-12-14 20:53:30,474 [INFO] \U0001f50d [97] @user_97 \u2192 ╚∙хЄ уЁєяяє: '╚╤1-232'
2025-12-14 20:53:30,474 [INFO] \u2705 [97] ═рщфхэю 1 уЁєяя√ фы  чряЁюёр '╚╤1-232'
2025-12-14 20:53:30,475 [INFO] \U0001f4c5 [97] ╟руЁєцр■ Ёрёяшёрэшх фы : ╚╤1-232
2025-12-14 20:53:30,493 [INFO] \U0001f50d [98] @user_98 \u2192 ╚∙хЄ уЁєяяє: '╚╤1-231'
2025-12-14 20:53:30,494 [INFO] \u2705 [98] ═рщфхэю 1 уЁєяя√ фы  чряЁюёр '╚╤1-231'
2025-12-14 20:53:30,494 [INFO] \U0001f4c5 [98] ╟руЁєцр■ Ёрёяшёрэшх фы : ╚╤1-231
2025-12-14 20:53:30,512 [INFO] \U0001f50d [98] @user_98 \u2192 ╚∙хЄ уЁєяяє: '╚╤1-232'
2025-12-14 20:53:30,514 [INFO] \u2705 [98] ═рщфхэю 1 уЁєяя√ фы  чряЁюёр '╚╤1-232'
2025-12-14 20:53:30,514 [INFO] \U0001f4c5 [98] ╟руЁєцр■ Ёрёяшёрэшх фы : ╚╤1-232
2025-12-14 20:53:30,533 [INFO] \U0001f50d [99] @user_99 \u2192 ╚∙хЄ уЁєяяє: '╚╤1-231'
2025-12-14 20:53:30,534 [INFO] \u2705 [99] ═рщфхэю 1 уЁєяя√ фы  чряЁюёр '╚╤1-231'
2025-12-14 20:53:30,534 [INFO] \U0001f4c5 [99] ╟руЁєцр■ Ёрёяшёрэшх фы : ╚╤1-231
2025-12-14 20:53:30,555 [INFO] \U0001f50d [99] @user_99 \u2192 ╚∙хЄ уЁєяяє: '╚╤1-232'
2025-12-14 20:53:30,556 [INFO] \u2705 [99] ═рщфхэю 1 уЁєяя√ фы  чряЁюёр '╚╤1-232'
2025-12-14 20:53:30,556 [INFO] \U0001f4c5 [99] ╟руЁєцр■ Ёрёяшёрэшх фы : ╚╤1-232
2025-12-14 20:53:30,574 [INFO] \U0001f50d [100] @user_100 \u2192 ╚∙хЄ уЁєяяє: '╚╤1-231'
2025-12-14 20:53:30,575 [INFO] \u2705 [100] ═рщфхэю 1 уЁєяя√ фы  чряЁюёр '╚╤1-231'
2025-12-14 20:53:30,575 [INFO] \U0001f4c5 [100] ╟руЁєцр■ Ёрёяшёрэшх фы : ╚╤1-231
2025-12-14 20:53:30,593 [INFO] \U0001f50d [100] @user_100 \u2192 ╚∙хЄ уЁєяяє: '╚╤1-232'
2025-12-14 20:53:30,595 [INFO] \u2705 [100] ═рщфхэю 1 уЁєяя√ фы  чряЁюёр '╚╤1-232'
2025-12-14 20:53:30,595 [INFO] \U0001f4c5 [100] ╟руЁєцр■ Ёрёяшёрэшх фы : ╚╤1-232
2025-12-14 20:53:30,620 [INFO] \U0001f50d [101] @user_101 \u2192 ╚∙хЄ уЁєяяє: '╚╤1-231'
2025-12-14 20:53:30,622 [INFO] \u2705 [101] ═рщфхэю 1 уЁєяя√ фы  чряЁюёр '╚╤1-231'
2025-12-14 20:53:30,622 [INFO] \U0001f4c5 [101] ╟руЁєцр■ Ёрёяшёрэшх фы : ╚╤1-231
2025-12-14 20:53:30,641 [INFO] \U0001f50d [101] @user_101 \u2192 ╚∙хЄ уЁєяяє: '╚╤1-232'
2025-12-14 20:53:30,642 [INFO] \u2705 [101] ═рщфхэю 1 уЁєяя√ фы  чряЁюёр '╚╤1-232'
2025-12-14 20:53:30,642 [INFO] \U0001f4c5 [101] ╟руЁєцр■ Ёрёяшёрэшх фы : ╚╤1-232
2025-12-14 20:53:30,670 [INFO] \U0001f50d [102] @user_102 \u2192 ╚∙хЄ уЁєяяє: '╚╤1-231'
2025-12-14 20:53:30,672 [INFO] \u2705 [102] ═рщфхэю 1 уЁєяя√ фы  чряЁюёр '╚╤1-231'
2025-12-14 20:53:30,672 [INFO] \U0001f4c5 [102] ╟руЁєцр■ Ёрёяшёрэшх фы : ╚╤1-231
2025-12-14 20:53:30,693 [INFO] \U0001f50d [102] @user_102 \u2192 ╚∙хЄ уЁєяяє: '╚╤1-232'
2025-12-14 20:53:30,693 [INFO] \u2705 [102] ═рщфхэю 1 уЁєяя√ фы  чряЁюёр '╚╤1-232'
2025-12-14 20:53:30,694 [INFO] \U0001f4c5 [102] ╟руЁєцр■ Ёрёяшёрэшх фы : ╚╤1-232
2025-12-14 20:53:30,712 [INFO] \U0001f50d [103] @user_103 \u2192 ╚∙хЄ уЁєяяє: '╚╤1-231'
2025-12-14 20:53:30,713 [INFO] \u2705 [103] ═рщфхэю 1 уЁєяя√ фы  чряЁюёр '╚╤1-231'
2025-12-14 20:53:30,713 [INFO] \U0001f4c5 [103] ╟руЁєцр■ Ёрёяшёрэшх фы : ╚╤1-231
2025-12-14 20:53:30,734 [INFO] \U0001f50d [103] @user_103 \u2192 ╚∙хЄ уЁєяяє: '╚╤1-232'
2025-12-14 20:53:30,735 [INFO] \u2705 [103] ═рщфхэю 1 уЁєяя√ фы  чряЁюёр '╚╤1-232'
2025-12-14 20:53:30,735 [INFO] \U0001f4c5 [103] ╟руЁєцр■ Ёрёяшёрэшх фы : ╚╤1-232
2025-12-14 20:53:30,754 [INFO] \U0001f50d [104] @user_104 \u2192 ╚∙хЄ уЁєяяє: '╚╤1-231'
2025-12-14 20:53:30,755 [INFO] \u2705 [104] ═рщфхэю 1 уЁєяя√ фы  чряЁюёр '╚╤1-231'
2025-12-14 20:53:30,755 [INFO] \U0001f4c5 [104] ╟руЁєцр■ Ёрёяшёрэшх фы : ╚╤1-231
2025-12-14 20:53:30,773 [INFO] \U0001f50d [104] @user_104 \u2192 ╚∙хЄ уЁєяяє: '╚╤1-232'
2025-12-14 20:53:30,774 [INFO] \u2705 [104] ═рщфхэю 1 уЁєяя√ фы  чряЁюёр '╚╤1-232'
2025-12-14 20:53:30,774 [INFO] \U0001f4c5 [104] ╟руЁєцр■ Ёрёяшёрэшх фы : ╚╤1-232
2025-12-14 20:53:30,790 [INFO] \U0001f50d [105] @user_105 \u2192 ╚∙хЄ уЁєяяє: '╚╤1-231'
2025-12-14 20:53:30,790 [INFO] \u2705 [105] ═рщфхэю 1 уЁєяя√ фы  чряЁюёр '╚╤1-231'
2025-12-14 20:53:30,791 [INFO] \U0001f4c5 [105] ╟руЁєцр■ Ёрёяшёрэшх фы : ╚╤1-231
2025-12-14 20:53:30,806 [INFO] \U0001f50d [105] @user_105 \u2192 ╚∙хЄ уЁєяяє: '╚╤1-232'
2025-12-14 20:53:30,807 [INFO] \u2705 [105] ═рщфхэю 1 уЁєяя√ фы  чряЁюёр '╚╤1-232'
2025-12-14 20:53:30,807 [INFO] \U0001f4c5 [105] ╟руЁєцр■ Ёрёяшёрэшх фы : ╚╤1-232
2025-12-14 20:53:30,826 [INFO] \U0001f50d [106] @user_106 \u2192 ╚∙хЄ уЁєяяє: '╚╤1-231'
2025-12-14 20:53:30,827 [INFO] \u2705 [106] ═рщфхэю 1 уЁєяя√ фы  чряЁюёр '╚╤1-231'
2025-12-14 20:53:30,828 [INFO] \U0001f4c5 [106] ╟руЁєцр■ Ёрёяшёрэшх фы : ╚╤1-231
2025-12-14 20:53:30,850 [INFO] \U0001f50d [106] @user_106 \u2192 ╚∙хЄ уЁєяяє: '╚╤1-232'
2025-12-14 20:53:30,851 [INFO] \u2705 [106] ═рщфхэю 1 уЁєяя√ фы  чряЁюёр '╚╤1-232'
2025-12-14 20:53:30,851 [INFO] \U0001f4c5 [106] ╟руЁєцр■ Ёрёяшёрэшх фы : ╚╤1-232
2025-12-14 20:53:30,876 [INFO] \U0001f50d [107] @user_107 \u2192 ╚∙хЄ уЁєяяє: '╚╤1-231'
2025-12-14 20:53:30,877 [INFO] \u2705 [107] ═рщфхэю 1 уЁєяя√ фы  чряЁюёр '╚╤1-231'
2025-12-14 20:53:30,877 [INFO] \U0001f4c5 [107] ╟руЁєцр■ Ёрёяшёрэшх фы : ╚╤1-231
2025-12-14 20:53:30,899 [INFO] \U0001f50d [107] @user_107 \u2192 ╚∙хЄ уЁєяяє: '╚╤1-232'
2025-12-14 20:53:30,900 [INFO] \u2705 [107] ═рщфхэю 1 уЁєяя√ фы  чряЁюёр '╚╤1-232'
2025-12-14 20:53:30,901 [INFO] \U0001f4c5 [107] ╟руЁєцр■ Ёрёяшёрэшх фы : ╚╤1-232
2025-12-14 20:53:30,919 [INFO] \U0001f50d [108] @user_108 \u2192 ╚∙хЄ уЁєяяє: '╚╤1-231'
2025-12-14 20:53:30,921 [INFO] \u2705 [108] ═рщфхэю 1 уЁєяя√ фы  чряЁюёр '╚╤1-231'
2025-12-14 20:53:30,921 [INFO] \U0001f4c5 [108] ╟руЁєцр■ Ёрёяшёрэшх фы : ╚╤1-231
2025-12-14 20:53:30,938 [INFO] \U0001f50d [108] @user_108 \u2192 ╚∙хЄ уЁєяяє: '╚╤1-232'
2025-12-14 20:53:30,938 [INFO] \u2705 [108] ═рщфхэю 1 уЁєяя√ фы  чряЁюёр '╚╤1-232'
2025-12-14 20:53:30,939 [INFO] \U0001f4c5 [108] ╟руЁєцр■ Ёрёяшёрэшх фы : ╚╤1-232
2025-12-14 20:53:30,956 [INFO] \U0001f50d [109] @user_109 \u2192 ╚∙хЄ уЁєяяє: '╚╤1-231'
2025-12-14 20:53:30,956 [INFO] \u2705 [109] ═рщфхэю 1 уЁєяя√ фы  чряЁюёр '╚╤1-231'
2025-12-14 20:53:30,956 [INFO] \U0001f4c5 [109] ╟руЁєцр■ Ёрёяшёрэшх фы : ╚╤1-231
2025-12-14 20:53:30,973 [INFO] \U0001f50d [109] @user_109 \u2192 ╚∙хЄ уЁєяяє: '╚╤1-232'
2025-12-14 20:53:30,973 [INFO] \u2705 [109] ═рщфхэю 1 уЁєяя√ фы  чряЁюёр '╚╤1-232'
2025-12-14 20:53:30,974 [INFO] \U0001f4c5 [109] ╟руЁєцр■ Ёрёяшёрэшх фы : ╚╤1-232
2025-12-14 20:53:30,991 [INFO] \U0001f50d [110] @user_110 \u2192 ╚∙хЄ уЁєяяє: '╚╤1-231'
2025-12-14 20:53:30,993 [INFO] \u2705 [110] ═рщфхэю 1 уЁєяя√ фы  чряЁюёр '╚╤1-231'
2025-12-14 20:53:30,993 [INFO] \U0001f4c5 [110] ╟руЁєцр■ Ёрёяшёрэшх фы : ╚╤1-231
2025-12-14 20:53:31,017 [INFO] \U0001f50d [110] @user_110 \u2192 ╚∙хЄ уЁєяяє: '╚╤1-232'
2025-12-14 20:53:31,019 [INFO] \u2705 [110] ═рщфхэю 1 уЁєяя√ фы  чряЁюёр '╚╤1-232'
2025-12-14 20:53:31,019 [INFO] \U0001f4c5 [110] ╟руЁєцр■ Ёрёяшёрэшх фы : ╚╤1-232
2025-12-14 20:53:31,035 [INFO] \U0001f50d [111] @user_111 \u2192 ╚∙хЄ уЁєяяє: '╚╤1-231'
2025-12-14 20:53:31,036 [INFO] \u2705 [111] ═рщфхэю 1 уЁєяя√ фы  чряЁюёр '╚╤1-231'
2025-12-14 20:53:31,036 [INFO] \U0001f4c5 [111] ╟руЁєцр■ Ёрёяшёрэшх фы : ╚╤1-231
2025-12-14 20:53:31,054 [INFO] \U0001f50d [111] @user_111 \u2192 ╚∙хЄ уЁєяяє: '╚╤1-232'
2025-12-14 20:53:31,054 [INFO] \u2705 [111] ═рщфхэю 1 уЁєяя√ фы  чряЁюёр '╚╤1-232'
2025-12-14 20:53:31,055 [INFO] \U0001f4c5 [111] ╟руЁєцр■ Ёрёяшёрэшх фы : ╚╤1-232
2025-12-14 20:53:31,074 [INFO] \U0001f50d [112] @user_112 \u2192 ╚∙хЄ уЁєяяє: '╚╤1-231'
2025-12-14 20:53:31,076 [INFO] \u2705 [112] ═рщфхэю 1 уЁєяя√ фы  чряЁюёр '╚╤1-231'
2025-12-14 20:53:31,076 [INFO] \U0001f4c5 [112] ╟руЁєцр■ Ёрёяшёрэшх фы : ╚╤1-231
2025-12-14 20:53:31,092 [INFO] \U0001f50d [112] @user_112 \u2192 ╚∙хЄ уЁєяяє: '╚╤1-232'
2025-12-14 20:53:31,093 [INFO] \u2705 [112] ═рщфхэю 1 уЁєяя√ фы  чряЁюёр '╚╤1-232'
2025-12-14 20:53:31,093 [INFO] \U0001f4c5 [112] ╟руЁєцр■ Ёрёяшёрэшх фы : ╚╤1-232
2025-12-14 20:53:31,109 [INFO] \U0001f50d [113] @user_113 \u2192 ╚∙хЄ уЁєяяє: '╚╤1-231'
2025-12-14 20:53:31,110 [INFO] \u2705 [113] ═рщфхэю 1 уЁєяя√ фы  чряЁюёр '╚╤1-231'
2025-12-14 20:53:31,110 [INFO] \U0001f4c5 [113] ╟руЁєцр■ Ёрёяшёрэшх фы : ╚╤1-231
2025-12-14 20:53:31,133 [INFO] \U0001f50d [113] @user_113 \u2192 ╚∙хЄ уЁєяяє: '╚╤1-232'
2025-12-14 20:53:31,134 [INFO] \u2705 [113] ═рщфхэю 1 уЁєяя√ фы  чряЁюёр '╚╤1-232'
2025-12-14 20:53:31,134 [INFO] \U0001f4c5 [113] ╟руЁєцр■ Ёрёяшёрэшх фы : ╚╤1-232
2025-12-14 20:53:31,157 [INFO] \U0001f50d [114] @user_114 \u2192 ╚∙хЄ уЁєяяє: '╚╤1-231'
2025-12-14 20:53:31,158 [INFO] \u2705 [114] ═рщфхэю 1 уЁєяя√ фы  чряЁюёр '╚╤1-231'
2025-12-14 20:53:31,158 [INFO] \U0001f4c5 [114] ╟руЁєцр■ Ёрёяшёрэшх фы : ╚╤1-231
2025-12-14 20:53:31,180 [INFO] \U0001f50d [114] @user_114 \u2192 ╚∙хЄ уЁєяяє: '╚╤1-232'
2025-12-14 20:53:31,182 [INFO] \u2705 [114] ═рщфхэю 1 уЁєяя√ фы  чряЁюёр '╚╤1-232'
2025-12-14 20:53:31,182 [INFO] \U0001f4c5 [114] ╟руЁєцр■ Ёрёяшёрэшх фы : ╚╤1-232
2025-12-14 20:53:31,200 [INFO] \U0001f50d [115] @user_115 \u2192 ╚∙хЄ уЁєяяє: '╚╤1-231'
2025-12-14 20:53:31,201 [INFO] \u2705 [115] ═рщфхэю 1 уЁєяя√ фы  чряЁюёр '╚╤1-231'
2025-12-14 20:53:31,201 [INFO] \U0001f4c5 [115] ╟руЁєцр■ Ёрёяшёрэшх фы : ╚╤1-231
2025-12-14 20:53:31,221 [INFO] \U0001f50d [115] @user_115 \u2192 ╚∙хЄ уЁєяяє: '╚╤1-232'
2025-12-14 20:53:31,222 [INFO] \u2705 [115] ═рщфхэю 1 уЁєяя√ фы  чряЁюёр '╚╤1-232'
2025-12-14 20:53:31,222 [INFO] \U0001f4c5 [115] ╟руЁєцр■ Ёрёяшёрэшх фы : ╚╤1-232
2025-12-14 20:53:31,240 [INFO] \U0001f50d [116] @user_116 \u2192 ╚∙хЄ уЁєяяє: '╚╤1-231'
2025-12-14 20:53:31,242 [INFO] \u2705 [116] ═рщфхэю 1 уЁєяя√ фы  чряЁюёр '╚╤1-231'
2025-12-14 20:53:31,242 [INFO] \U0001f4c5 [116] ╟руЁєцр■ Ёрёяшёрэшх фы : ╚╤1-231
2025-12-14 20:53:31,258 [INFO] \U0001f50d [116] @user_116 \u2192 ╚∙хЄ уЁєяяє: '╚╤1-232'
2025-12-14 20:53:31,259 [INFO] \u2705 [116] ═рщфхэю 1 уЁєяя√ фы  чряЁюёр '╚╤1-232'
2025-12-14 20:53:31,259 [INFO] \U0001f4c5 [116] ╟руЁєцр■ Ёрёяшёрэшх фы : ╚╤1-232
2025-12-14 20:53:31,280 [INFO] \U0001f50d [117] @user_117 \u2192 ╚∙хЄ уЁєяяє: '╚╤1-231'
2025-12-14 20:53:31,281 [INFO] \u2705 [117] ═рщфхэю 1 уЁєяя√ фы  чряЁюёр '╚╤1-231'
2025-12-14 20:53:31,282 [INFO] \U0001f4c5 [117] ╟руЁєцр■ Ёрёяшёрэшх фы : ╚╤1-231
2025-12-14 20:53:31,298 [INFO] \U0001f50d [117] @user_117 \u2192 ╚∙хЄ уЁєяяє: '╚╤1-232'
2025-12-14 20:53:31,300 [INFO] \u2705 [117] ═рщфхэю 1 уЁєяя√ фы  чряЁюёр '╚╤1-232'
2025-12-14 20:53:31,300 [INFO] \U0001f4c5 [117] ╟руЁєцр■ Ёрёяшёрэшх фы : ╚╤1-232
2025-12-14 20:53:31,320 [INFO] \U0001f50d [118] @user_118 \u2192 ╚∙хЄ уЁєяяє: '╚╤1-231'
2025-12-14 20:53:31,320 [INFO] \u2705 [118] ═рщфхэю 1 уЁєяя√ фы  чряЁюёр '╚╤1-231'
2025-12-14 20:53:31,321 [INFO] \U0001f4c5 [118] ╟руЁєцр■ Ёрёяшёрэшх фы : ╚╤1-231
2025-12-14 20:53:31,340 [INFO] \U0001f50d [118] @user_118 \u2192 ╚∙хЄ уЁєяяє: '╚╤1-232'
2025-12-14 20:53:31,341 [INFO] \u2705 [118] ═рщфхэю 1 уЁєяя√ фы  чряЁюёр '╚╤1-232'
2025-12-14 20:53:31,341 [INFO] \U0001f4c5 [118] ╟руЁєцр■ Ёрёяшёрэшх фы : ╚╤1-232
2025-12-14 20:53:31,361 [INFO] \U0001f50d [119] @user_119 \u2192 ╚∙хЄ уЁєяяє: '╚╤1-231'
2025-12-14 20:53:31,362 [INFO] \u2705 [119] ═рщфхэю 1 уЁєяя√ фы  чряЁюёр '╚╤1-231'
2025-12-14 20:53:31,362 [INFO] \U0001f4c5 [119] ╟руЁєцр■ Ёрёяшёрэшх фы : ╚╤1-231
2025-12-14 20:53:31,384 [INFO] \U0001f50d [119] @user_119 \u2192 ╚∙хЄ уЁєяяє: '╚╤1-232'
2025-12-14 20:53:31,385 [INFO] \u2705 [119] ═рщфхэю 1 уЁєяя√ фы  чряЁюёр '╚╤1-232'
2025-12-14 20:53:31,385 [INFO] \U0001f4c5 [119] ╟руЁєцр■ Ёрёяшёрэшх фы : ╚╤1-232
2025-12-14 20:53:31,405 [INFO] \U0001f50d [120] @user_120 \u2192 ╚∙хЄ уЁєяяє: '╚╤1-231'
2025-12-14 20:53:31,406 [INFO] \u2705 [120] ═рщфхэю 1 уЁєяя√ фы  чряЁюёр '╚╤1-231'
2025-12-14 20:53:31,406 [INFO] \U0001f4c5 [120] ╟руЁєцр■ Ёрёяшёрэшх фы : ╚╤1-231
2025-12-14 20:53:31,427 [INFO] \U0001f50d [120] @user_120 \u2192 ╚∙хЄ уЁєяяє: '╚╤1-232'
2025-12-14 20:53:31,428 [INFO] \u2705 [120] ═рщфхэю 1 уЁєяя√ фы  чряЁюёр '╚╤1-232'
2025-12-14 20:53:31,428 [INFO] \U0001f4c5 [120] ╟руЁєцр■ Ёрёяшёрэшх фы : ╚╤1-232
2025-12-14 20:53:31,448 [INFO] \U0001f50d [121] @user_121 \u2192 ╚∙хЄ уЁєяяє: '╚╤1-231'
2025-12-14 20:53:31,450 [INFO] \u2705 [121] ═рщфхэю 1 уЁєяя√ фы  чряЁюёр '╚╤1-231'
2025-12-14 20:53:31,450 [INFO] \U0001f4c5 [121] ╟руЁєцр■ Ёрёяшёрэшх фы : ╚╤1-231
2025-12-14 20:53:31,467 [INFO] \U0001f50d [121] @user_121 \u2192 ╚∙хЄ уЁєяяє: '╚╤1-232'
2025-12-14 20:53:31,468 [INFO] \u2705 [121] ═рщфхэю 1 уЁєяя√ фы  чряЁюёр '╚╤1-232'
2025-12-14 20:53:31,468 [INFO] \U0001f4c5 [121] ╟руЁєцр■ Ёрёяшёрэшх фы : ╚╤1-232
2025-12-14 20:53:31,488 [INFO] \U0001f50d [122] @user_122 \u2192 ╚∙хЄ уЁєяяє: '╚╤1-231'
2025-12-14 20:53:31,489 [INFO] \u2705 [122] ═рщфхэю 1 уЁєяя√ фы  чряЁюёр '╚╤1-231'
2025-12-14 20:53:31,489 [INFO] \U0001f4c5 [122] ╟руЁєцр■ Ёрёяшёрэшх фы : ╚╤1-231
2025-12-14 20:53:31,506 [INFO] \U0001f50d [122] @user_122 \u2192 ╚∙хЄ уЁєяяє: '╚╤1-232'
2025-12-14 20:53:31,506 [INFO] \u2705 [122] ═рщфхэю 1 уЁєяя√ фы  чряЁюёр '╚╤1-232'
2025-12-14 20:53:31,507 [INFO] \U0001f4c5 [122] ╟руЁєцр■ Ёрёяшёрэшх фы : ╚╤1-232
2025-12-14 20:53:31,525 [INFO] \U0001f50d [123] @user_123 \u2192 ╚∙хЄ уЁєяяє: '╚╤1-231'
2025-12-14 20:53:31,526 [INFO] \u2705 [123] ═рщфхэю 1 уЁєяя√ фы  чряЁюёр '╚╤1-231'
2025-12-14 20:53:31,526 [INFO] \U0001f4c5 [123] ╟руЁєцр■ Ёрёяшёрэшх фы : ╚╤1-231
2025-12-14 20:53:31,544 [INFO] \U0001f50d [123] @user_123 \u2192 ╚∙хЄ уЁєяяє: '╚╤1-232'
2025-12-14 20:53:31,545 [INFO] \u2705 [123] ═рщфхэю 1 уЁєяя√ фы  чряЁюёр '╚╤1-232'
2025-12-14 20:53:31,545 [INFO] \U0001f4c5 [123] ╟руЁєцр■ Ёрёяшёрэшх фы : ╚╤1-232
2025-12-14 20:53:31,566 [INFO] \U0001f50d [124] @user_124 \u2192 ╚∙хЄ уЁєяяє: '╚╤1-231'
2025-12-14 20:53:31,567 [INFO] \u2705 [124] ═рщфхэю 1 уЁєяя√ фы  чряЁюёр '╚╤1-231'
2025-12-14 20:53:31,567 [INFO] \U0001f4c5 [124] ╟руЁєцр■ Ёрёяшёрэшх фы : ╚╤1-231
2025-12-14 20:53:31,585 [INFO] \U0001f50d [124] @user_124 \u2192 ╚∙хЄ уЁєяяє: '╚╤1-232'
2025-12-14 20:53:31,586 [INFO] \u2705 [124] ═рщфхэю 1 уЁєяя√ фы  чряЁюёр '╚╤1-232'
2025-12-14 20:53:31,586 [INFO] \U0001f4c5 [124] ╟руЁєцр■ Ёрёяшёрэшх фы : ╚╤1-232
2025-12-14 20:53:31,605 [INFO] \U0001f50d [125] @user_125 \u2192 ╚∙хЄ уЁєяяє: '╚╤1-231'
2025-12-14 20:53:31,607 [INFO] \u2705 [125] ═рщфхэю 1 уЁєяя√ фы  чряЁюёр '╚╤1-231'
2025-12-14 20:53:31,607 [INFO] \U0001f4c5 [125] ╟руЁєцр■ Ёрёяшёрэшх фы : ╚╤1-231
2025-12-14 20:53:31,624 [INFO] \U0001f50d [125] @user_125 \u2192 ╚∙хЄ уЁєяяє: '╚╤1-232'
2025-12-14 20:53:31,624 [INFO] \u2705 [125] ═рщфхэю 1 уЁєяя√ фы  чряЁюёр '╚╤1-232'
2025-12-14 20:53:31,625 [INFO] \U0001f4c5 [125] ╟руЁєцр■ Ёрёяшёрэшх фы : ╚╤1-232
2025-12-14 20:53:31,644 [INFO] \U0001f50d [126] @user_126 \u2192 ╚∙хЄ уЁєяяє: '╚╤1-231'
2025-12-14 20:53:31,644 [INFO] \u2705 [126] ═рщфхэю 1 уЁєяя√ фы  чряЁюёр '╚╤1-231'
2025-12-14 20:53:31,645 [INFO] \U0001f4c5 [126] ╟руЁєцр■ Ёрёяшёрэшх фы : ╚╤1-231
2025-12-14 20:53:31,666 [INFO] \U0001f50d [126] @user_126 \u2192 ╚∙хЄ уЁєяяє: '╚╤1-232'
2025-12-14 20:53:31,667 [INFO] \u2705 [126] ═рщфхэю 1 уЁєяя√ фы  чряЁюёр '╚╤1-232'
2025-12-14 20:53:31,667 [INFO] \U0001f4c5 [126] ╟руЁєцр■ Ёрёяшёрэшх фы : ╚╤1-232
2025-12-14 20:53:31,686 [INFO] \U0001f50d [127] @user_127 \u2192 ╚∙хЄ уЁєяяє: '╚╤1-231'
2025-12-14 20:53:31,687 [INFO] \u2705 [127] ═рщфхэю 1 уЁєяя√ фы  чряЁюёр '╚╤1-231'
2025-12-14 20:53:31,688 [INFO] \U0001f4c5 [127] ╟руЁєцр■ Ёрёяшёрэшх фы : ╚╤1-231
2025-12-14 20:53:31,706 [INFO] \U0001f50d [127] @user_127 \u2192 ╚∙хЄ уЁєяяє: '╚╤1-232'
2025-12-14 20:53:31,708 [INFO] \u2705 [127] ═рщфхэю 1 уЁєяя√ фы  чряЁюёр '╚╤1-232'
2025-12-14 20:53:31,708 [INFO] \U0001f4c5 [127] ╟руЁєцр■ Ёрёяшёрэшх фы : ╚╤1-232
2025-12-14 20:53:31,726 [INFO] \U0001f50d [128] @user_128 \u2192 ╚∙хЄ уЁєяяє: '╚╤1-231'
2025-12-14 20:53:31,726 [INFO] \u2705 [128] ═рщфхэю 1 уЁєяя√ фы  чряЁюёр '╚╤1-231'
2025-12-14 20:53:31,727 [INFO] \U0001f4c5 [128] ╟руЁєцр■ Ёрёяшёрэшх фы : ╚╤1-231
2025-12-14 20:53:31,747 [INFO] \U0001f50d [128] @user_128 \u2192 ╚∙хЄ уЁєяяє: '╚╤1-232'
2025-12-14 20:53:31,748 [INFO] \u2705 [128] ═рщфхэю 1 уЁєяя√ фы  чряЁюёр '╚╤1-232'
2025-12-14 20:53:31,749 [INFO] \U0001f4c5 [128] ╟руЁєцр■ Ёрёяшёрэшх фы : ╚╤1-232
2025-12-14 20:53:31,768 [INFO] \U0001f50d [129] @user_129 \u2192 ╚∙хЄ уЁєяяє: '╚╤1-231'
2025-12-14 20:53:31,768 [INFO] \u2705 [129] ═рщфхэю 1 уЁєяя√ фы  чряЁюёр '╚╤1-231'
2025-12-14 20:53:31,769 [INFO] \U0001f4c5 [129] ╟руЁєцр■ Ёрёяшёрэшх фы : ╚╤1-231
2025-12-14 20:53:31,786 [INFO] \U0001f50d [129] @user_129 \u2192 ╚∙хЄ уЁєяяє: '╚╤1-232'
2025-12-14 20:53:31,787 [INFO] \u2705 [129] ═рщфхэю 1 уЁєяя√ фы  чряЁюёр '╚╤1-232'
2025-12-14 20:53:31,787 [INFO] \U0001f4c5 [129] ╟руЁєцр■ Ёрёяшёрэшх фы : ╚╤1-232
2025-12-14 20:53:31,807 [INFO] \U0001f50d [130] @user_130 \u2192 ╚∙хЄ уЁєяяє: '╚╤1-231'
2025-12-14 20:53:31,808 [INFO] \u2705 [130] ═рщфхэю 1 уЁєяя√ фы  чряЁюёр '╚╤1-231'
2025-12-14 20:53:31,808 [INFO] \U0001f4c5 [130] ╟руЁєцр■ Ёрёяшёрэшх фы : ╚╤1-231
2025-12-14 20:53:31,829 [INFO] \U0001f50d [130] @user_130 \u2192 ╚∙хЄ уЁєяяє: '╚╤1-232'
2025-12-14 20:53:31,830 [INFO] \u2705 [130] ═рщфхэю 1 уЁєяя√ фы  чряЁюёр '╚╤1-232'
2025-12-14 20:53:31,830 [INFO] \U0001f4c5 [130] ╟руЁєцр■ Ёрёяшёрэшх фы : ╚╤1-232
2025-12-14 20:53:31,848 [INFO] \U0001f50d [131] @user_131 \u2192 ╚∙хЄ уЁєяяє: '╚╤1-231'
2025-12-14 20:53:31,849 [INFO] \u2705 [131] ═рщфхэю 1 уЁєяя√ фы  чряЁюёр '╚╤1-231'
2025-12-14 20:53:31,850 [INFO] \U0001f4c5 [131] ╟руЁєцр■ Ёрёяшёрэшх фы : ╚╤1-231
2025-12-14 20:53:31,867 [INFO] \U0001f50d [131] @user_131 \u2192 ╚∙хЄ уЁєяяє: '╚╤1-232'
2025-12-14 20:53:31,868 [INFO] \u2705 [131] ═рщфхэю 1 уЁєяя√ фы  чряЁюёр '╚╤1-232'
2025-12-14 20:53:31,868 [INFO] \U0001f4c5 [131] ╟руЁєцр■ Ёрёяшёрэшх фы : ╚╤1-232
2025-12-14 20:53:31,881 [INFO] \U0001f50d [132] @user_132 \u2192 ╚∙хЄ уЁєяяє: '╚╤1-231'
2025-12-14 20:53:31,883 [INFO] \u2705 [132] ═рщфхэю 1 уЁєяя√ фы  чряЁюёр '╚╤1-231'
2025-12-14 20:53:31,883 [INFO] \U0001f4c5 [132] ╟руЁєцр■ Ёрёяшёрэшх фы : ╚╤1-231
2025-12-14 20:53:31,902 [INFO] \U0001f50d [132] @user_132 \u2192 ╚∙хЄ уЁєяяє: '╚╤1-232'
2025-12-14 20:53:31,902 [INFO] \u2705 [132] ═рщфхэю 1 уЁєяя√ фы  чряЁюёр '╚╤1-232'
2025-12-14 20:53:31,902 [INFO] \U0001f4c5 [132] ╟руЁєцр■ Ёрёяшёрэшх фы : ╚╤1-232
2025-12-14 20:53:31,923 [INFO] \U0001f50d [133] @user_133 \u2192 ╚∙хЄ уЁєяяє: '╚╤1-231'
2025-12-14 20:53:31,924 [INFO] \u2705 [133] ═рщфхэю 1 уЁєяя√ фы  чряЁюёр '╚╤1-231'
2025-12-14 20:53:31,925 [INFO] \U0001f4c5 [133] ╟руЁєцр■ Ёрёяшёрэшх фы : ╚╤1-231
2025-12-14 20:53:31,944 [INFO] \U0001f50d [133] @user_133 \u2192 ╚∙хЄ уЁєяяє: '╚╤1-232'
2025-12-14 20:53:31,945 [INFO] \u2705 [133] ═рщфхэю 1 уЁєяя√ фы  чряЁюёр '╚╤1-232'
2025-12-14 20:53:31,945 [INFO] \U0001f4c5 [133] ╟руЁєцр■ Ёрёяшёрэшх фы : ╚╤1-232
2025-12-14 20:53:31,967 [INFO] \U0001f50d [134] @user_134 \u2192 ╚∙хЄ уЁєяяє: '╚╤1-231'
2025-12-14 20:53:31,968 [INFO] \u2705 [134] ═рщфхэю 1 уЁєяя√ фы  чряЁюёр '╚╤1-231'
2025-12-14 20:53:31,968 [INFO] \U0001f4c5 [134] ╟руЁєцр■ Ёрёяшёрэшх фы : ╚╤1-231
2025-12-14 20:53:31,984 [INFO] \U0001f50d [134] @user_134 \u2192 ╚∙хЄ уЁєяяє: '╚╤1-232'
2025-12-14 20:53:31,985 [INFO] \u2705 [134] ═рщфхэю 1 уЁєяя√ фы  чряЁюёр '╚╤1-232'
2025-12-14 20:53:31,985 [INFO] \U0001f4c5 [134] ╟руЁєцр■ Ёрёяшёрэшх фы : ╚╤1-232
2025-12-14 20:53:32,000 [INFO] \U0001f50d [135] @user_135 \u2192 ╚∙хЄ уЁєяяє: '╚╤1-231'
2025-12-14 20:53:32,001 [INFO] \u2705 [135] ═рщфхэю 1 уЁєяя√ фы  чряЁюёр '╚╤1-231'
2025-12-14 20:53:32,002 [INFO] \U0001f4c5 [135] ╟руЁєцр■ Ёрёяшёрэшх фы : ╚╤1-231
2025-12-14 20:53:32,016 [INFO] \U0001f50d [135] @user_135 \u2192 ╚∙хЄ уЁєяяє: '╚╤1-232'
2025-12-14 20:53:32,017 [INFO] \u2705 [135] ═рщфхэю 1 уЁєяя√ фы  чряЁюёр '╚╤1-232'
2025-12-14 20:53:32,017 [INFO] \U0001f4c5 [135] ╟руЁєцр■ Ёрёяшёрэшх фы : ╚╤1-232
2025-12-14 20:53:32,034 [INFO] \U0001f50d [136] @user_136 \u2192 ╚∙хЄ уЁєяяє: '╚╤1-231'
2025-12-14 20:53:32,034 [INFO] \u2705 [136] ═рщфхэю 1 уЁєяя√ фы  чряЁюёр '╚╤1-231'
2025-12-14 20:53:32,034 [INFO] \U0001f4c5 [136] ╟руЁєцр■ Ёрёяшёрэшх фы : ╚╤1-231
2025-12-14 20:53:32,053 [INFO] \U0001f50d [136] @user_136 \u2192 ╚∙хЄ уЁєяяє: '╚╤1-232'
2025-12-14 20:53:32,054 [INFO] \u2705 [136] ═рщфхэю 1 уЁєяя√ фы  чряЁюёр '╚╤1-232'
2025-12-14 20:53:32,054 [INFO] \U0001f4c5 [136] ╟руЁєцр■ Ёрёяшёрэшх фы : ╚╤1-232
2025-12-14 20:53:32,072 [INFO] \U0001f50d [137] @user_137 \u2192 ╚∙хЄ уЁєяяє: '╚╤1-231'
2025-12-14 20:53:32,072 [INFO] \u2705 [137] ═рщфхэю 1 уЁєяя√ фы  чряЁюёр '╚╤1-231'
2025-12-14 20:53:32,072 [INFO] \U0001f4c5 [137] ╟руЁєцр■ Ёрёяшёрэшх фы : ╚╤1-231
2025-12-14 20:53:32,087 [INFO] \U0001f50d [137] @user_137 \u2192 ╚∙хЄ уЁєяяє: '╚╤1-232'
2025-12-14 20:53:32,088 [INFO] \u2705 [137] ═рщфхэю 1 уЁєяя√ фы  чряЁюёр '╚╤1-232'
2025-12-14 20:53:32,088 [INFO] \U0001f4c5 [137] ╟руЁєцр■ Ёрёяшёрэшх фы : ╚╤1-232
2025-12-14 20:53:32,113 [INFO] \U0001f50d [138] @user_138 \u2192 ╚∙хЄ уЁєяяє: '╚╤1-231'
2025-12-14 20:53:32,114 [INFO] \u2705 [138] ═рщфхэю 1 уЁєяя√ фы  чряЁюёр '╚╤1-231'
2025-12-14 20:53:32,115 [INFO] \U0001f4c5 [138] ╟руЁєцр■ Ёрёяшёрэшх фы : ╚╤1-231
2025-12-14 20:53:32,134 [INFO] \U0001f50d [138] @user_138 \u2192 ╚∙хЄ уЁєяяє: '╚╤1-232'
2025-12-14 20:53:32,135 [INFO] \u2705 [138] ═рщфхэю 1 уЁєяя√ фы  чряЁюёр '╚╤1-232'
2025-12-14 20:53:32,135 [INFO] \U0001f4c5 [138] ╟руЁєцр■ Ёрёяшёрэшх фы : ╚╤1-232
2025-12-14 20:53:32,150 [INFO] \U0001f50d [139] @user_139 \u2192 ╚∙хЄ уЁєяяє: '╚╤1-231'
2025-12-14 20:53:32,151 [INFO] \u2705 [139] ═рщфхэю 1 уЁєяя√ фы  чряЁюёр '╚╤1-231'
2025-12-14 20:53:32,151 [INFO] \U0001f4c5 [139] ╟руЁєцр■ Ёрёяшёрэшх фы : ╚╤1-231
2025-12-14 20:53:32,167 [INFO] \U0001f50d [139] @user_139 \u2192 ╚∙хЄ уЁєяяє: '╚╤1-232'
2025-12-14 20:53:32,209 [INFO] \u2705 [139] ═рщфхэю 1 уЁєяя√ фы  чряЁюёр '╚╤1-232'
2025-12-14 20:53:32,209 [INFO] \U0001f4c5 [139] ╟руЁєцр■ Ёрёяшёрэшх фы : ╚╤1-232
2025-12-14 20:53:32,230 [INFO] \U0001f50d [140] @user_140 \u2192 ╚∙хЄ уЁєяяє: '╚╤1-231'
2025-12-14 20:53:32,231 [INFO] \u2705 [140] ═рщфхэю 1 уЁєяя√ фы  чряЁюёр '╚╤1-231'
2025-12-14 20:53:32,231 [INFO] \U0001f4c5 [140] ╟руЁєцр■ Ёрёяшёрэшх фы : ╚╤1-231
2025-12-14 20:53:32,245 [INFO] \U0001f50d [140] @user_140 \u2192 ╚∙хЄ уЁєяяє: '╚╤1-232'
2025-12-14 20:53:32,246 [INFO] \u2705 [140] ═рщфхэю 1 уЁєяя√ фы  чряЁюёр '╚╤1-232'
2025-12-14 20:53:32,246 [INFO] \U0001f4c5 [140] ╟руЁєцр■ Ёрёяшёрэшх фы : ╚╤1-232
2025-12-14 20:53:32,261 [INFO] \U0001f50d [141] @user_141 \u2192 ╚∙хЄ уЁєяяє: '╚╤1-231'
2025-12-14 20:53:32,264 [INFO] \u2705 [141] ═рщфхэю 1 уЁєяя√ фы  чряЁюёр '╚╤1-231'
2025-12-14 20:53:32,265 [INFO] \U0001f4c5 [141] ╟руЁєцр■ Ёрёяшёрэшх фы : ╚╤1-231
2025-12-14 20:53:32,284 [INFO] \U0001f50d [141] @user_141 \u2192 ╚∙хЄ уЁєяяє: '╚╤1-232'
2025-12-14 20:53:32,284 [INFO] \u2705 [141] ═рщфхэю 1 уЁєяя√ фы  чряЁюёр '╚╤1-232'
2025-12-14 20:53:32,285 [INFO] \U0001f4c5 [141] ╟руЁєцр■ Ёрёяшёрэшх фы : ╚╤1-232
2025-12-14 20:53:32,306 [INFO] \U0001f50d [142] @user_142 \u2192 ╚∙хЄ уЁєяяє: '╚╤1-231'
2025-12-14 20:53:32,307 [INFO] \u2705 [142] ═рщфхэю 1 уЁєяя√ фы  чряЁюёр '╚╤1-231'
2025-12-14 20:53:32,307 [INFO] \U0001f4c5 [142] ╟руЁєцр■ Ёрёяшёрэшх фы : ╚╤1-231
2025-12-14 20:53:32,324 [INFO] \U0001f50d [142] @user_142 \u2192 ╚∙хЄ уЁєяяє: '╚╤1-232'
2025-12-14 20:53:32,324 [INFO] \u2705 [142] ═рщфхэю 1 уЁєяя√ фы  чряЁюёр '╚╤1-232'
2025-12-14 20:53:32,325 [INFO] \U0001f4c5 [142] ╟руЁєцр■ Ёрёяшёрэшх фы : ╚╤1-232
2025-12-14 20:53:32,346 [INFO] \U0001f50d [143] @user_143 \u2192 ╚∙хЄ уЁєяяє: '╚╤1-231'
2025-12-14 20:53:32,347 [INFO] \u2705 [143] ═рщфхэю 1 уЁєяя√ фы  чряЁюёр '╚╤1-231'
2025-12-14 20:53:32,348 [INFO] \U0001f4c5 [143] ╟руЁєцр■ Ёрёяшёрэшх фы : ╚╤1-231
2025-12-14 20:53:32,374 [INFO] \U0001f50d [143] @user_143 \u2192 ╚∙хЄ уЁєяяє: '╚╤1-232'
2025-12-14 20:53:32,375 [INFO] \u2705 [143] ═рщфхэю 1 уЁєяя√ фы  чряЁюёр '╚╤1-232'
2025-12-14 20:53:32,375 [INFO] \U0001f4c5 [143] ╟руЁєцр■ Ёрёяшёрэшх фы : ╚╤1-232
2025-12-14 20:53:32,394 [INFO] \U0001f50d [144] @user_144 \u2192 ╚∙хЄ уЁєяяє: '╚╤1-231'
2025-12-14 20:53:32,395 [INFO] \u2705 [144] ═рщфхэю 1 уЁєяя√ фы  чряЁюёр '╚╤1-231'
2025-12-14 20:53:32,395 [INFO] \U0001f4c5 [144] ╟руЁєцр■ Ёрёяшёрэшх фы : ╚╤1-231
2025-12-14 20:53:32,411 [INFO] \U0001f50d [144] @user_144 \u2192 ╚∙хЄ уЁєяяє: '╚╤1-232'
2025-12-14 20:53:32,411 [INFO] \u2705 [144] ═рщфхэю 1 уЁєяя√ фы  чряЁюёр '╚╤1-232'
2025-12-14 20:53:32,411 [INFO] \U0001f4c5 [144] ╟руЁєцр■ Ёрёяшёрэшх фы : ╚╤1-232
2025-12-14 20:53:32,435 [INFO] \U0001f50d [145] @user_145 \u2192 ╚∙хЄ уЁєяяє: '╚╤1-231'
2025-12-14 20:53:32,436 [INFO] \u2705 [145] ═рщфхэю 1 уЁєяя√ фы  чряЁюёр '╚╤1-231'
2025-12-14 20:53:32,436 [INFO] \U0001f4c5 [145] ╟руЁєцр■ Ёрёяшёрэшх фы : ╚╤1-231
2025-12-14 20:53:32,453 [INFO] \U0001f50d [145] @user_145 \u2192 ╚∙хЄ уЁєяяє: '╚╤1-232'
2025-12-14 20:53:32,454 [INFO] \u2705 [145] ═рщфхэю 1 уЁєяя√ фы  чряЁюёр '╚╤1-232'
2025-12-14 20:53:32,454 [INFO] \U0001f4c5 [145] ╟руЁєцр■ Ёрёяшёрэшх фы : ╚╤1-232
2025-12-14 20:53:32,470 [INFO] \U0001f50d [146] @user_146 \u2192 ╚∙хЄ уЁєяяє: '╚╤1-231'
2025-12-14 20:53:32,470 [INFO] \u2705 [146] ═рщфхэю 1 уЁєяя√ фы  чряЁюёр '╚╤1-231'
2025-12-14 20:53:32,471 [INFO] \U0001f4c5 [146] ╟руЁєцр■ Ёрёяшёрэшх фы : ╚╤1-231
2025-12-14 20:53:32,494 [INFO] \U0001f50d [146] @user_146 \u2192 ╚∙хЄ уЁєяяє: '╚╤1-232'
2025-12-14 20:53:32,495 [INFO] \u2705 [146] ═рщфхэю 1 уЁєяя√ фы  чряЁюёр '╚╤1-232'
2025-12-14 20:53:32,496 [INFO] \U0001f4c5 [146] ╟руЁєцр■ Ёрёяшёрэшх фы : ╚╤1-232
2025-12-14 20:53:32,516 [INFO] \U0001f50d [147] @user_147 \u2192 ╚∙хЄ уЁєяяє: '╚╤1-231'
2025-12-14 20:53:32,517 [INFO] \u2705 [147] ═рщфхэю 1 уЁєяя√ фы  чряЁюёр '╚╤1-231'
2025-12-14 20:53:32,517 [INFO] \U0001f4c5 [147] ╟руЁєцр■ Ёрёяшёрэшх фы : ╚╤1-231
2025-12-14 20:53:32,539 [INFO] \U0001f50d [147] @user_147 \u2192 ╚∙хЄ уЁєяяє: '╚╤1-232'
2025-12-14 20:53:32,540 [INFO] \u2705 [147] ═рщфхэю 1 уЁєяя√ фы  чряЁюёр '╚╤1-232'
2025-12-14 20:53:32,540 [INFO] \U0001f4c5 [147] ╟руЁєцр■ Ёрёяшёрэшх фы : ╚╤1-232
2025-12-14 20:53:32,559 [INFO] \U0001f50d [148] @user_148 \u2192 ╚∙хЄ уЁєяяє: '╚╤1-231'
2025-12-14 20:53:32,561 [INFO] \u2705 [148] ═рщфхэю 1 уЁєяя√ фы  чряЁюёр '╚╤1-231'
2025-12-14 20:53:32,561 [INFO] \U0001f4c5 [148] ╟руЁєцр■ Ёрёяшёрэшх фы : ╚╤1-231
2025-12-14 20:53:32,582 [INFO] \U0001f50d [148] @user_148 \u2192 ╚∙хЄ уЁєяяє: '╚╤1-232'
2025-12-14 20:53:32,583 [INFO] \u2705 [148] ═рщфхэю 1 уЁєяя√ фы  чряЁюёр '╚╤1-232'
2025-12-14 20:53:32,583 [INFO] \U0001f4c5 [148] ╟руЁєцр■ Ёрёяшёрэшх фы : ╚╤1-232
2025-12-14 20:53:32,601 [INFO] \U0001f50d [149] @user_149 \u2192 ╚∙хЄ уЁєяяє: '╚╤1-231'
2025-12-14 20:53:32,602 [INFO] \u2705 [149] ═рщфхэю 1 уЁєяя√ фы  чряЁюёр '╚╤1-231'
2025-12-14 20:53:32,602 [INFO] \U0001f4c5 [149] ╟руЁєцр■ Ёрёяшёрэшх фы : ╚╤1-231
2025-12-14 20:53:32,622 [INFO] \U0001f50d [149] @user_149 \u2192 ╚∙хЄ уЁєяяє: '╚╤1-232'
2025-12-14 20:53:32,623 [INFO] \u2705 [149] ═рщфхэю 1 уЁєяя√ фы  чряЁюёр '╚╤1-232'
2025-12-14 20:53:32,623 [INFO] \U0001f4c5 [149] ╟руЁєцр■ Ёрёяшёрэшх фы : ╚╤1-232
2025-12-14 20:53:32,642 [INFO] \U0001f50d [150] @user_150 \u2192 ╚∙хЄ уЁєяяє: '╚╤1-231'
2025-12-14 20:53:32,643 [INFO] \u2705 [150] ═рщфхэю 1 уЁєяя√ фы  чряЁюёр '╚╤1-231'
2025-12-14 20:53:32,643 [INFO] \U0001f4c5 [150] ╟руЁєцр■ Ёрёяшёрэшх фы : ╚╤1-231
2025-12-14 20:53:32,660 [INFO] \U0001f50d [150] @user_150 \u2192 ╚∙хЄ уЁєяяє: '╚╤1-232'
2025-12-14 20:53:32,661 [INFO] \u2705 [150] ═рщфхэю 1 уЁєяя√ фы  чряЁюёр '╚╤1-232'
2025-12-14 20:53:32,661 [INFO] \U0001f4c5 [150] ╟руЁєцр■ Ёрёяшёрэшх фы : ╚╤1-232
2025-12-14 20:53:32,685 [INFO] \U0001f50d [151] @user_151 \u2192 ╚∙хЄ уЁєяяє: '╚╤1-231'
2025-12-14 20:53:32,686 [INFO] \u2705 [151] ═рщфхэю 1 уЁєяя√ фы  чряЁюёр '╚╤1-231'
2025-12-14 20:53:32,686 [INFO] \U0001f4c5 [151] ╟руЁєцр■ Ёрёяшёрэшх фы : ╚╤1-231
2025-12-14 20:53:32,705 [INFO] \U0001f50d [151] @user_151 \u2192 ╚∙хЄ уЁєяяє: '╚╤1-232'
2025-12-14 20:53:32,706 [INFO] \u2705 [151] ═рщфхэю 1 уЁєяя√ фы  чряЁюёр '╚╤1-232'
2025-12-14 20:53:32,706 [INFO] \U0001f4c5 [151] ╟руЁєцр■ Ёрёяшёрэшх фы : ╚╤1-232
2025-12-14 20:53:32,723 [INFO] \U0001f50d [152] @user_152 \u2192 ╚∙хЄ уЁєяяє: '╚╤1-231'
2025-12-14 20:53:32,724 [INFO] \u2705 [152] ═рщфхэю 1 уЁєяя√ фы  чряЁюёр '╚╤1-231'
2025-12-14 20:53:32,724 [INFO] \U0001f4c5 [152] ╟руЁєцр■ Ёрёяшёрэшх фы : ╚╤1-231
2025-12-14 20:53:32,743 [INFO] \U0001f50d [152] @user_152 \u2192 ╚∙хЄ уЁєяяє: '╚╤1-232'
2025-12-14 20:53:32,743 [INFO] \u2705 [152] ═рщфхэю 1 уЁєяя√ фы  чряЁюёр '╚╤1-232'
2025-12-14 20:53:32,744 [INFO] \U0001f4c5 [152] ╟руЁєцр■ Ёрёяшёрэшх фы : ╚╤1-232
2025-12-14 20:53:32,764 [INFO] \U0001f50d [153] @user_153 \u2192 ╚∙хЄ уЁєяяє: '╚╤1-231'
2025-12-14 20:53:32,766 [INFO] \u2705 [153] ═рщфхэю 1 уЁєяя√ фы  чряЁюёр '╚╤1-231'
2025-12-14 20:53:32,766 [INFO] \U0001f4c5 [153] ╟руЁєцр■ Ёрёяшёрэшх фы : ╚╤1-231
2025-12-14 20:53:32,788 [INFO] \U0001f50d [153] @user_153 \u2192 ╚∙хЄ уЁєяяє: '╚╤1-232'
2025-12-14 20:53:32,789 [INFO] \u2705 [153] ═рщфхэю 1 уЁєяя√ фы  чряЁюёр '╚╤1-232'
2025-12-14 20:53:32,789 [INFO] \U0001f4c5 [153] ╟руЁєцр■ Ёрёяшёрэшх фы : ╚╤1-232
2025-12-14 20:53:32,806 [INFO] \U0001f50d [154] @user_154 \u2192 ╚∙хЄ уЁєяяє: '╚╤1-231'
2025-12-14 20:53:32,807 [INFO] \u2705 [154] ═рщфхэю 1 уЁєяя√ фы  чряЁюёр '╚╤1-231'
2025-12-14 20:53:32,807 [INFO] \U0001f4c5 [154] ╟руЁєцр■ Ёрёяшёрэшх фы : ╚╤1-231
2025-12-14 20:53:32,826 [INFO] \U0001f50d [154] @user_154 \u2192 ╚∙хЄ уЁєяяє: '╚╤1-232'
2025-12-14 20:53:32,827 [INFO] \u2705 [154] ═рщфхэю 1 уЁєяя√ фы  чряЁюёр '╚╤1-232'
2025-12-14 20:53:32,827 [INFO] \U0001f4c5 [154] ╟руЁєцр■ Ёрёяшёрэшх фы : ╚╤1-232
2025-12-14 20:53:32,849 [INFO] \U0001f50d [155] @user_155 \u2192 ╚∙хЄ уЁєяяє: '╚╤1-231'
2025-12-14 20:53:32,850 [INFO] \u2705 [155] ═рщфхэю 1 уЁєяя√ фы  чряЁюёр '╚╤1-231'
2025-12-14 20:53:32,851 [INFO] \U0001f4c5 [155] ╟руЁєцр■ Ёрёяшёрэшх фы : ╚╤1-231
2025-12-14 20:53:32,870 [INFO] \U0001f50d [155] @user_155 \u2192 ╚∙хЄ уЁєяяє: '╚╤1-232'
2025-12-14 20:53:32,871 [INFO] \u2705 [155] ═рщфхэю 1 уЁєяя√ фы  чряЁюёр '╚╤1-232'
2025-12-14 20:53:32,871 [INFO] \U0001f4c5 [155] ╟руЁєцр■ Ёрёяшёрэшх фы : ╚╤1-232
2025-12-14 20:53:32,889 [INFO] \U0001f50d [156] @user_156 \u2192 ╚∙хЄ уЁєяяє: '╚╤1-231'
2025-12-14 20:53:32,889 [INFO] \u2705 [156] ═рщфхэю 1 уЁєяя√ фы  чряЁюёр '╚╤1-231'
2025-12-14 20:53:32,890 [INFO] \U0001f4c5 [156] ╟руЁєцр■ Ёрёяшёрэшх фы : ╚╤1-231
2025-12-14 20:53:32,907 [INFO] \U0001f50d [156] @user_156 \u2192 ╚∙хЄ уЁєяяє: '╚╤1-232'
2025-12-14 20:53:32,907 [INFO] \u2705 [156] ═рщфхэю 1 уЁєяя√ фы  чряЁюёр '╚╤1-232'
2025-12-14 20:53:32,907 [INFO] \U0001f4c5 [156] ╟руЁєцр■ Ёрёяшёрэшх фы : ╚╤1-232
2025-12-14 20:53:32,923 [INFO] \U0001f50d [157] @user_157 \u2192 ╚∙хЄ уЁєяяє: '╚╤1-231'
2025-12-14 20:53:32,924 [INFO] \u2705 [157] ═рщфхэю 1 уЁєяя√ фы  чряЁюёр '╚╤1-231'
2025-12-14 20:53:32,924 [INFO] \U0001f4c5 [157] ╟руЁєцр■ Ёрёяшёрэшх фы : ╚╤1-231
2025-12-14 20:53:32,942 [INFO] \U0001f50d [157] @user_157 \u2192 ╚∙хЄ уЁєяяє: '╚╤1-232'
2025-12-14 20:53:32,943 [INFO] \u2705 [157] ═рщфхэю 1 уЁєяя√ фы  чряЁюёр '╚╤1-232'
2025-12-14 20:53:32,943 [INFO] \U0001f4c5 [157] ╟руЁєцр■ Ёрёяшёрэшх фы : ╚╤1-232
2025-12-14 20:53:32,963 [INFO] \U0001f50d [158] @user_158 \u2192 ╚∙хЄ уЁєяяє: '╚╤1-231'
2025-12-14 20:53:32,965 [INFO] \u2705 [158] ═рщфхэю 1 уЁєяя√ фы  чряЁюёр '╚╤1-231'
2025-12-14 20:53:32,965 [INFO] \U0001f4c5 [158] ╟руЁєцр■ Ёрёяшёрэшх фы : ╚╤1-231
2025-12-14 20:53:32,984 [INFO] \U0001f50d [158] @user_158 \u2192 ╚∙хЄ уЁєяяє: '╚╤1-232'
2025-12-14 20:53:32,985 [INFO] \u2705 [158] ═рщфхэю 1 уЁєяя√ фы  чряЁюёр '╚╤1-232'
2025-12-14 20:53:32,985 [INFO] \U0001f4c5 [158] ╟руЁєцр■ Ёрёяшёрэшх фы : ╚╤1-232
2025-12-14 20:53:33,008 [INFO] \U0001f50d [159] @user_159 \u2192 ╚∙хЄ уЁєяяє: '╚╤1-231'
2025-12-14 20:53:33,009 [INFO] \u2705 [159] ═рщфхэю 1 уЁєяя√ фы  чряЁюёр '╚╤1-231'
2025-12-14 20:53:33,009 [INFO] \U0001f4c5 [159] ╟руЁєцр■ Ёрёяшёрэшх фы : ╚╤1-231
2025-12-14 20:53:33,029 [INFO] \U0001f50d [159] @user_159 \u2192 ╚∙хЄ уЁєяяє: '╚╤1-232'
2025-12-14 20:53:33,030 [INFO] \u2705 [159] ═рщфхэю 1 уЁєяя√ фы  чряЁюёр '╚╤1-232'
2025-12-14 20:53:33,030 [INFO] \U0001f4c5 [159] ╟руЁєцр■ Ёрёяшёрэшх фы : ╚╤1-232
2025-12-14 20:53:33,051 [INFO] \U0001f50d [160] @user_160 \u2192 ╚∙хЄ уЁєяяє: '╚╤1-231'
2025-12-14 20:53:33,051 [INFO] \u2705 [160] ═рщфхэю 1 уЁєяя√ фы  чряЁюёр '╚╤1-231'
2025-12-14 20:53:33,052 [INFO] \U0001f4c5 [160] ╟руЁєцр■ Ёрёяшёрэшх фы : ╚╤1-231
2025-12-14 20:53:33,073 [INFO] \U0001f50d [160] @user_160 \u2192 ╚∙хЄ уЁєяяє: '╚╤1-232'
2025-12-14 20:53:33,074 [INFO] \u2705 [160] ═рщфхэю 1 уЁєяя√ фы  чряЁюёр '╚╤1-232'
2025-12-14 20:53:33,074 [INFO] \U0001f4c5 [160] ╟руЁєцр■ Ёрёяшёрэшх фы : ╚╤1-232
2025-12-14 20:53:33,095 [INFO] \U0001f50d [161] @user_161 \u2192 ╚∙хЄ уЁєяяє: '╚╤1-231'
2025-12-14 20:53:33,097 [INFO] \u2705 [161] ═рщфхэю 1 уЁєяя√ фы  чряЁюёр '╚╤1-231'
2025-12-14 20:53:33,098 [INFO] \U0001f4c5 [161] ╟руЁєцр■ Ёрёяшёрэшх фы : ╚╤1-231
2025-12-14 20:53:33,116 [INFO] \U0001f50d [161] @user_161 \u2192 ╚∙хЄ уЁєяяє: '╚╤1-232'
2025-12-14 20:53:33,117 [INFO] \u2705 [161] ═рщфхэю 1 уЁєяя√ фы  чряЁюёр '╚╤1-232'
2025-12-14 20:53:33,117 [INFO] \U0001f4c5 [161] ╟руЁєцр■ Ёрёяшёрэшх фы : ╚╤1-232
2025-12-14 20:53:33,135 [INFO] \U0001f50d [162] @user_162 \u2192 ╚∙хЄ уЁєяяє: '╚╤1-231'
2025-12-14 20:53:33,137 [INFO] \u2705 [162] ═рщфхэю 1 уЁєяя√ фы  чряЁюёр '╚╤1-231'
2025-12-14 20:53:33,137 [INFO] \U0001f4c5 [162] ╟руЁєцр■ Ёрёяшёрэшх фы : ╚╤1-231
2025-12-14 20:53:33,156 [INFO] \U0001f50d [162] @user_162 \u2192 ╚∙хЄ уЁєяяє: '╚╤1-232'
2025-12-14 20:53:33,156 [INFO] \u2705 [162] ═рщфхэю 1 уЁєяя√ фы  чряЁюёр '╚╤1-232'
2025-12-14 20:53:33,156 [INFO] \U0001f4c5 [162] ╟руЁєцр■ Ёрёяшёрэшх фы : ╚╤1-232
2025-12-14 20:53:33,171 [INFO] \U0001f50d [163] @user_163 \u2192 ╚∙хЄ уЁєяяє: '╚╤1-231'
2025-12-14 20:53:33,172 [INFO] \u2705 [163] ═рщфхэю 1 уЁєяя√ фы  чряЁюёр '╚╤1-231'
2025-12-14 20:53:33,172 [INFO] \U0001f4c5 [163] ╟руЁєцр■ Ёрёяшёрэшх фы : ╚╤1-231
2025-12-14 20:53:33,190 [INFO] \U0001f50d [163] @user_163 \u2192 ╚∙хЄ уЁєяяє: '╚╤1-232'
2025-12-14 20:53:33,191 [INFO] \u2705 [163] ═рщфхэю 1 уЁєяя√ фы  чряЁюёр '╚╤1-232'
2025-12-14 20:53:33,191 [INFO] \U0001f4c5 [163] ╟руЁєцр■ Ёрёяшёрэшх фы : ╚╤1-232
2025-12-14 20:53:33,212 [INFO] \U0001f50d [164] @user_164 \u2192 ╚∙хЄ уЁєяяє: '╚╤1-231'
2025-12-14 20:53:33,214 [INFO] \u2705 [164] ═рщфхэю 1 уЁєяя√ фы  чряЁюёр '╚╤1-231'
2025-12-14 20:53:33,214 [INFO] \U0001f4c5 [164] ╟руЁєцр■ Ёрёяшёрэшх фы : ╚╤1-231
2025-12-14 20:53:33,233 [INFO] \U0001f50d [164] @user_164 \u2192 ╚∙хЄ уЁєяяє: '╚╤1-232'
2025-12-14 20:53:33,233 [INFO] \u2705 [164] ═рщфхэю 1 уЁєяя√ фы  чряЁюёр '╚╤1-232'
2025-12-14 20:53:33,234 [INFO] \U0001f4c5 [164] ╟руЁєцр■ Ёрёяшёрэшх фы : ╚╤1-232
2025-12-14 20:53:33,257 [INFO] \U0001f50d [165] @user_165 \u2192 ╚∙хЄ уЁєяяє: '╚╤1-231'
2025-12-14 20:53:33,258 [INFO] \u2705 [165] ═рщфхэю 1 уЁєяя√ фы  чряЁюёр '╚╤1-231'
2025-12-14 20:53:33,258 [INFO] \U0001f4c5 [165] ╟руЁєцр■ Ёрёяшёрэшх фы : ╚╤1-231
2025-12-14 20:53:33,281 [INFO] \U0001f50d [165] @user_165 \u2192 ╚∙хЄ уЁєяяє: '╚╤1-232'
2025-12-14 20:53:33,282 [INFO] \u2705 [165] ═рщфхэю 1 уЁєяя√ фы  чряЁюёр '╚╤1-232'
2025-12-14 20:53:33,282 [INFO] \U0001f4c5 [165] ╟руЁєцр■ Ёрёяшёрэшх фы : ╚╤1-232
2025-12-14 20:53:33,301 [INFO] \U0001f50d [166] @user_166 \u2192 ╚∙хЄ уЁєяяє: '╚╤1-231'
2025-12-14 20:53:33,301 [INFO] \u2705 [166] ═рщфхэю 1 уЁєяя√ фы  чряЁюёр '╚╤1-231'
2025-12-14 20:53:33,301 [INFO] \U0001f4c5 [166] ╟руЁєцр■ Ёрёяшёрэшх фы : ╚╤1-231
2025-12-14 20:53:33,318 [INFO] \U0001f50d [166] @user_166 \u2192 ╚∙хЄ уЁєяяє: '╚╤1-232'
2025-12-14 20:53:33,319 [INFO] \u2705 [166] ═рщфхэю 1 уЁєяя√ фы  чряЁюёр '╚╤1-232'
2025-12-14 20:53:33,319 [INFO] \U0001f4c5 [166] ╟руЁєцр■ Ёрёяшёрэшх фы : ╚╤1-232
2025-12-14 20:53:33,336 [INFO] \U0001f50d [167] @user_167 \u2192 ╚∙хЄ уЁєяяє: '╚╤1-231'
2025-12-14 20:53:33,336 [INFO] \u2705 [167] ═рщфхэю 1 уЁєяя√ фы  чряЁюёр '╚╤1-231'
2025-12-14 20:53:33,337 [INFO] \U0001f4c5 [167] ╟руЁєцр■ Ёрёяшёрэшх фы : ╚╤1-231
2025-12-14 20:53:33,357 [INFO] \U0001f50d [167] @user_167 \u2192 ╚∙хЄ уЁєяяє: '╚╤1-232'
2025-12-14 20:53:33,358 [INFO] \u2705 [167] ═рщфхэю 1 уЁєяя√ фы  чряЁюёр '╚╤1-232'
2025-12-14 20:53:33,359 [INFO] \U0001f4c5 [167] ╟руЁєцр■ Ёрёяшёрэшх фы : ╚╤1-232
2025-12-14 20:53:33,378 [INFO] \U0001f50d [168] @user_168 \u2192 ╚∙хЄ уЁєяяє: '╚╤1-231'
2025-12-14 20:53:33,380 [INFO] \u2705 [168] ═рщфхэю 1 уЁєяя√ фы  чряЁюёр '╚╤1-231'
2025-12-14 20:53:33,380 [INFO] \U0001f4c5 [168] ╟руЁєцр■ Ёрёяшёрэшх фы : ╚╤1-231
2025-12-14 20:53:33,399 [INFO] \U0001f50d [168] @user_168 \u2192 ╚∙хЄ уЁєяяє: '╚╤1-232'
2025-12-14 20:53:33,400 [INFO] \u2705 [168] ═рщфхэю 1 уЁєяя√ фы  чряЁюёр '╚╤1-232'
2025-12-14 20:53:33,400 [INFO] \U0001f4c5 [168] ╟руЁєцр■ Ёрёяшёрэшх фы : ╚╤1-232
2025-12-14 20:53:33,416 [INFO] \U0001f50d [169] @user_169 \u2192 ╚∙хЄ уЁєяяє: '╚╤1-231'
2025-12-14 20:53:33,417 [INFO] \u2705 [169] ═рщфхэю 1 уЁєяя√ фы  чряЁюёр '╚╤1-231'
2025-12-14 20:53:33,417 [INFO] \U0001f4c5 [169] ╟руЁєцр■ Ёрёяшёрэшх фы : ╚╤1-231
2025-12-14 20:53:33,440 [INFO] \U0001f50d [169] @user_169 \u2192 ╚∙хЄ уЁєяяє: '╚╤1-232'
2025-12-14 20:53:33,442 [INFO] \u2705 [169] ═рщфхэю 1 уЁєяя√ фы  чряЁюёр '╚╤1-232'
2025-12-14 20:53:33,442 [INFO] \U0001f4c5 [169] ╟руЁєцр■ Ёрёяшёрэшх фы : ╚╤1-232
2025-12-14 20:53:33,469 [INFO] \U0001f50d [170] @user_170 \u2192 ╚∙хЄ уЁєяяє: '╚╤1-231'
2025-12-14 20:53:33,470 [INFO] \u2705 [170] ═рщфхэю 1 уЁєяя√ фы  чряЁюёр '╚╤1-231'
2025-12-14 20:53:33,470 [INFO] \U0001f4c5 [170] ╟руЁєцр■ Ёрёяшёрэшх фы : ╚╤1-231
2025-12-14 20:53:33,514 [INFO] \U0001f50d [170] @user_170 \u2192 ╚∙хЄ уЁєяяє: '╚╤1-232'
2025-12-14 20:53:33,515 [INFO] \u2705 [170] ═рщфхэю 1 уЁєяя√ фы  чряЁюёр '╚╤1-232'
2025-12-14 20:53:33,515 [INFO] \U0001f4c5 [170] ╟руЁєцр■ Ёрёяшёрэшх фы : ╚╤1-232
2025-12-14 20:53:33,537 [INFO] \U0001f50d [171] @user_171 \u2192 ╚∙хЄ уЁєяяє: '╚╤1-231'
2025-12-14 20:53:33,539 [INFO] \u2705 [171] ═рщфхэю 1 уЁєяя√ фы  чряЁюёр '╚╤1-231'
2025-12-14 20:53:33,539 [INFO] \U0001f4c5 [171] ╟руЁєцр■ Ёрёяшёрэшх фы : ╚╤1-231
2025-12-14 20:53:33,558 [INFO] \U0001f50d [171] @user_171 \u2192 ╚∙хЄ уЁєяяє: '╚╤1-232'
2025-12-14 20:53:33,559 [INFO] \u2705 [171] ═рщфхэю 1 уЁєяя√ фы  чряЁюёр '╚╤1-232'
2025-12-14 20:53:33,559 [INFO] \U0001f4c5 [171] ╟руЁєцр■ Ёрёяшёрэшх фы : ╚╤1-232
2025-12-14 20:53:33,579 [INFO] \U0001f50d [172] @user_172 \u2192 ╚∙хЄ уЁєяяє: '╚╤1-231'
2025-12-14 20:53:33,580 [INFO] \u2705 [172] ═рщфхэю 1 уЁєяя√ фы  чряЁюёр '╚╤1-231'
2025-12-14 20:53:33,580 [INFO] \U0001f4c5 [172] ╟руЁєцр■ Ёрёяшёрэшх фы : ╚╤1-231
2025-12-14 20:53:33,598 [INFO] \U0001f50d [172] @user_172 \u2192 ╚∙хЄ уЁєяяє: '╚╤1-232'
2025-12-14 20:53:33,599 [INFO] \u2705 [172] ═рщфхэю 1 уЁєяя√ фы  чряЁюёр '╚╤1-232'
2025-12-14 20:53:33,599 [INFO] \U0001f4c5 [172] ╟руЁєцр■ Ёрёяшёрэшх фы : ╚╤1-232
2025-12-14 20:53:33,617 [INFO] \U0001f50d [173] @user_173 \u2192 ╚∙хЄ уЁєяяє: '╚╤1-231'
2025-12-14 20:53:33,617 [INFO] \u2705 [173] ═рщфхэю 1 уЁєяя√ фы  чряЁюёр '╚╤1-231'
2025-12-14 20:53:33,617 [INFO] \U0001f4c5 [173] ╟руЁєцр■ Ёрёяшёрэшх фы : ╚╤1-231
2025-12-14 20:53:33,639 [INFO] \U0001f50d [173] @user_173 \u2192 ╚∙хЄ уЁєяяє: '╚╤1-232'
2025-12-14 20:53:33,640 [INFO] \u2705 [173] ═рщфхэю 1 уЁєяя√ фы  чряЁюёр '╚╤1-232'
2025-12-14 20:53:33,640 [INFO] \U0001f4c5 [173] ╟руЁєцр■ Ёрёяшёрэшх фы : ╚╤1-232
2025-12-14 20:53:33,658 [INFO] \U0001f50d [174] @user_174 \u2192 ╚∙хЄ уЁєяяє: '╚╤1-231'
2025-12-14 20:53:33,659 [INFO] \u2705 [174] ═рщфхэю 1 уЁєяя√ фы  чряЁюёр '╚╤1-231'
2025-12-14 20:53:33,659 [INFO] \U0001f4c5 [174] ╟руЁєцр■ Ёрёяшёрэшх фы : ╚╤1-231
2025-12-14 20:53:33,677 [INFO] \U0001f50d [174] @user_174 \u2192 ╚∙хЄ уЁєяяє: '╚╤1-232'
2025-12-14 20:53:33,679 [INFO] \u2705 [174] ═рщфхэю 1 уЁєяя√ фы  чряЁюёр '╚╤1-232'
2025-12-14 20:53:33,679 [INFO] \U0001f4c5 [174] ╟руЁєцр■ Ёрёяшёрэшх фы : ╚╤1-232
2025-12-14 20:53:33,695 [INFO] \U0001f50d [175] @user_175 \u2192 ╚∙хЄ уЁєяяє: '╚╤1-231'
2025-12-14 20:53:33,696 [INFO] \u2705 [175] ═рщфхэю 1 уЁєяя√ фы  чряЁюёр '╚╤1-231'
2025-12-14 20:53:33,696 [INFO] \U0001f4c5 [175] ╟руЁєцр■ Ёрёяшёрэшх фы : ╚╤1-231
2025-12-14 20:53:33,713 [INFO] \U0001f50d [175] @user_175 \u2192 ╚∙хЄ уЁєяяє: '╚╤1-232'
2025-12-14 20:53:33,714 [INFO] \u2705 [175] ═рщфхэю 1 уЁєяя√ фы  чряЁюёр '╚╤1-232'
2025-12-14 20:53:33,715 [INFO] \U0001f4c5 [175] ╟руЁєцр■ Ёрёяшёрэшх фы : ╚╤1-232
2025-12-14 20:53:33,740 [INFO] \U0001f50d [176] @user_176 \u2192 ╚∙хЄ уЁєяяє: '╚╤1-231'
2025-12-14 20:53:33,741 [INFO] \u2705 [176] ═рщфхэю 1 уЁєяя√ фы  чряЁюёр '╚╤1-231'
2025-12-14 20:53:33,742 [INFO] \U0001f4c5 [176] ╟руЁєцр■ Ёрёяшёрэшх фы : ╚╤1-231
2025-12-14 20:53:33,763 [INFO] \U0001f50d [176] @user_176 \u2192 ╚∙хЄ уЁєяяє: '╚╤1-232'
2025-12-14 20:53:33,766 [INFO] \u2705 [176] ═рщфхэю 1 уЁєяя√ фы  чряЁюёр '╚╤1-232'
2025-12-14 20:53:33,766 [INFO] \U0001f4c5 [176] ╟руЁєцр■ Ёрёяшёрэшх фы : ╚╤1-232
2025-12-14 20:53:33,783 [INFO] \U0001f50d [177] @user_177 \u2192 ╚∙хЄ уЁєяяє: '╚╤1-231'
2025-12-14 20:53:33,784 [INFO] \u2705 [177] ═рщфхэю 1 уЁєяя√ фы  чряЁюёр '╚╤1-231'
2025-12-14 20:53:33,785 [INFO] \U0001f4c5 [177] ╟руЁєцр■ Ёрёяшёрэшх фы : ╚╤1-231
2025-12-14 20:53:33,804 [INFO] \U0001f50d [177] @user_177 \u2192 ╚∙хЄ уЁєяяє: '╚╤1-232'
2025-12-14 20:53:33,805 [INFO] \u2705 [177] ═рщфхэю 1 уЁєяя√ фы  чряЁюёр '╚╤1-232'
2025-12-14 20:53:33,806 [INFO] \U0001f4c5 [177] ╟руЁєцр■ Ёрёяшёрэшх фы : ╚╤1-232
2025-12-14 20:53:33,824 [INFO] \U0001f50d [178] @user_178 \u2192 ╚∙хЄ уЁєяяє: '╚╤1-231'
2025-12-14 20:53:33,824 [INFO] \u2705 [178] ═рщфхэю 1 уЁєяя√ фы  чряЁюёр '╚╤1-231'
2025-12-14 20:53:33,825 [INFO] \U0001f4c5 [178] ╟руЁєцр■ Ёрёяшёрэшх фы : ╚╤1-231
2025-12-14 20:53:33,844 [INFO] \U0001f50d [178] @user_178 \u2192 ╚∙хЄ уЁєяяє: '╚╤1-232'
2025-12-14 20:53:33,846 [INFO] \u2705 [178] ═рщфхэю 1 уЁєяя√ фы  чряЁюёр '╚╤1-232'
2025-12-14 20:53:33,846 [INFO] \U0001f4c5 [178] ╟руЁєцр■ Ёрёяшёрэшх фы : ╚╤1-232
2025-12-14 20:53:33,865 [INFO] \U0001f50d [179] @user_179 \u2192 ╚∙хЄ уЁєяяє: '╚╤1-231'
2025-12-14 20:53:33,866 [INFO] \u2705 [179] ═рщфхэю 1 уЁєяя√ фы  чряЁюёр '╚╤1-231'
2025-12-14 20:53:33,866 [INFO] \U0001f4c5 [179] ╟руЁєцр■ Ёрёяшёрэшх фы : ╚╤1-231
2025-12-14 20:53:33,883 [INFO] \U0001f50d [179] @user_179 \u2192 ╚∙хЄ уЁєяяє: '╚╤1-232'
2025-12-14 20:53:33,884 [INFO] \u2705 [179] ═рщфхэю 1 уЁєяя√ фы  чряЁюёр '╚╤1-232'
2025-12-14 20:53:33,884 [INFO] \U0001f4c5 [179] ╟руЁєцр■ Ёрёяшёрэшх фы : ╚╤1-232
2025-12-14 20:53:33,907 [INFO] \U0001f50d [180] @user_180 \u2192 ╚∙хЄ уЁєяяє: '╚╤1-231'
2025-12-14 20:53:33,908 [INFO] \u2705 [180] ═рщфхэю 1 уЁєяя√ фы  чряЁюёр '╚╤1-231'
2025-12-14 20:53:33,908 [INFO] \U0001f4c5 [180] ╟руЁєцр■ Ёрёяшёрэшх фы : ╚╤1-231
2025-12-14 20:53:33,931 [INFO] \U0001f50d [180] @user_180 \u2192 ╚∙хЄ уЁєяяє: '╚╤1-232'
2025-12-14 20:53:33,932 [INFO] \u2705 [180] ═рщфхэю 1 уЁєяя√ фы  чряЁюёр '╚╤1-232'
2025-12-14 20:53:33,933 [INFO] \U0001f4c5 [180] ╟руЁєцр■ Ёрёяшёрэшх фы : ╚╤1-232
2025-12-14 20:53:33,950 [INFO] \U0001f50d [181] @user_181 \u2192 ╚∙хЄ уЁєяяє: '╚╤1-231'
2025-12-14 20:53:33,951 [INFO] \u2705 [181] ═рщфхэю 1 уЁєяя√ фы  чряЁюёр '╚╤1-231'
2025-12-14 20:53:33,951 [INFO] \U0001f4c5 [181] ╟руЁєцр■ Ёрёяшёрэшх фы : ╚╤1-231
2025-12-14 20:53:33,969 [INFO] \U0001f50d [181] @user_181 \u2192 ╚∙хЄ уЁєяяє: '╚╤1-232'
2025-12-14 20:53:33,970 [INFO] \u2705 [181] ═рщфхэю 1 уЁєяя√ фы  чряЁюёр '╚╤1-232'
2025-12-14 20:53:33,970 [INFO] \U0001f4c5 [181] ╟руЁєцр■ Ёрёяшёрэшх фы : ╚╤1-232
2025-12-14 20:53:33,989 [INFO] \U0001f50d [182] @user_182 \u2192 ╚∙хЄ уЁєяяє: '╚╤1-231'
2025-12-14 20:53:33,990 [INFO] \u2705 [182] ═рщфхэю 1 уЁєяя√ фы  чряЁюёр '╚╤1-231'
2025-12-14 20:53:33,990 [INFO] \U0001f4c5 [182] ╟руЁєцр■ Ёрёяшёрэшх фы : ╚╤1-231
2025-12-14 20:53:34,011 [INFO] \U0001f50d [182] @user_182 \u2192 ╚∙хЄ уЁєяяє: '╚╤1-232'
2025-12-14 20:53:34,013 [INFO] \u2705 [182] ═рщфхэю 1 уЁєяя√ фы  чряЁюёр '╚╤1-232'
2025-12-14 20:53:34,013 [INFO] \U0001f4c5 [182] ╟руЁєцр■ Ёрёяшёрэшх фы : ╚╤1-232
2025-12-14 20:53:34,034 [INFO] \U0001f50d [183] @user_183 \u2192 ╚∙хЄ уЁєяяє: '╚╤1-231'
2025-12-14 20:53:34,035 [INFO] \u2705 [183] ═рщфхэю 1 уЁєяя√ фы  чряЁюёр '╚╤1-231'
2025-12-14 20:53:34,035 [INFO] \U0001f4c5 [183] ╟руЁєцр■ Ёрёяшёрэшх фы : ╚╤1-231
2025-12-14 20:53:34,051 [INFO] \U0001f50d [183] @user_183 \u2192 ╚∙хЄ уЁєяяє: '╚╤1-232'
2025-12-14 20:53:34,052 [INFO] \u2705 [183] ═рщфхэю 1 уЁєяя√ фы  чряЁюёр '╚╤1-232'
2025-12-14 20:53:34,053 [INFO] \U0001f4c5 [183] ╟руЁєцр■ Ёрёяшёрэшх фы : ╚╤1-232
2025-12-14 20:53:34,074 [INFO] \U0001f50d [184] @user_184 \u2192 ╚∙хЄ уЁєяяє: '╚╤1-231'
2025-12-14 20:53:34,075 [INFO] \u2705 [184] ═рщфхэю 1 уЁєяя√ фы  чряЁюёр '╚╤1-231'
2025-12-14 20:53:34,076 [INFO] \U0001f4c5 [184] ╟руЁєцр■ Ёрёяшёрэшх фы : ╚╤1-231
2025-12-14 20:53:34,095 [INFO] \U0001f50d [184] @user_184 \u2192 ╚∙хЄ уЁєяяє: '╚╤1-232'
2025-12-14 20:53:34,096 [INFO] \u2705 [184] ═рщфхэю 1 уЁєяя√ фы  чряЁюёр '╚╤1-232'
2025-12-14 20:53:34,097 [INFO] \U0001f4c5 [184] ╟руЁєцр■ Ёрёяшёрэшх фы : ╚╤1-232
2025-12-14 20:53:34,120 [INFO] \U0001f50d [185] @user_185 \u2192 ╚∙хЄ уЁєяяє: '╚╤1-231'
2025-12-14 20:53:34,121 [INFO] \u2705 [185] ═рщфхэю 1 уЁєяя√ фы  чряЁюёр '╚╤1-231'
2025-12-14 20:53:34,122 [INFO] \U0001f4c5 [185] ╟руЁєцр■ Ёрёяшёрэшх фы : ╚╤1-231
2025-12-14 20:53:34,138 [INFO] \U0001f50d [185] @user_185 \u2192 ╚∙хЄ уЁєяяє: '╚╤1-232'
2025-12-14 20:53:34,139 [INFO] \u2705 [185] ═рщфхэю 1 уЁєяя√ фы  чряЁюёр '╚╤1-232'
2025-12-14 20:53:34,139 [INFO] \U0001f4c5 [185] ╟руЁєцр■ Ёрёяшёрэшх фы : ╚╤1-232
2025-12-14 20:53:34,158 [INFO] \U0001f50d [186] @user_186 \u2192 ╚∙хЄ уЁєяяє: '╚╤1-231'
2025-12-14 20:53:34,158 [INFO] \u2705 [186] ═рщфхэю 1 уЁєяя√ фы  чряЁюёр '╚╤1-231'
2025-12-14 20:53:34,159 [INFO] \U0001f4c5 [186] ╟руЁєцр■ Ёрёяшёрэшх фы : ╚╤1-231
2025-12-14 20:53:34,180 [INFO] \U0001f50d [186] @user_186 \u2192 ╚∙хЄ уЁєяяє: '╚╤1-232'
2025-12-14 20:53:34,182 [INFO] \u2705 [186] ═рщфхэю 1 уЁєяя√ фы  чряЁюёр '╚╤1-232'
2025-12-14 20:53:34,182 [INFO] \U0001f4c5 [186] ╟руЁєцр■ Ёрёяшёрэшх фы : ╚╤1-232
2025-12-14 20:53:34,200 [INFO] \U0001f50d [187] @user_187 \u2192 ╚∙хЄ уЁєяяє: '╚╤1-231'
2025-12-14 20:53:34,201 [INFO] \u2705 [187] ═рщфхэю 1 уЁєяя√ фы  чряЁюёр '╚╤1-231'
2025-12-14 20:53:34,201 [INFO] \U0001f4c5 [187] ╟руЁєцр■ Ёрёяшёрэшх фы : ╚╤1-231
2025-12-14 20:53:34,224 [INFO] \U0001f50d [187] @user_187 \u2192 ╚∙хЄ уЁєяяє: '╚╤1-232'
2025-12-14 20:53:34,225 [INFO] \u2705 [187] ═рщфхэю 1 уЁєяя√ фы  чряЁюёр '╚╤1-232'
2025-12-14 20:53:34,226 [INFO] \U0001f4c5 [187] ╟руЁєцр■ Ёрёяшёрэшх фы : ╚╤1-232
2025-12-14 20:53:34,249 [INFO] \U0001f50d [188] @user_188 \u2192 ╚∙хЄ уЁєяяє: '╚╤1-231'
2025-12-14 20:53:34,250 [INFO] \u2705 [188] ═рщфхэю 1 уЁєяя√ фы  чряЁюёр '╚╤1-231'
2025-12-14 20:53:34,251 [INFO] \U0001f4c5 [188] ╟руЁєцр■ Ёрёяшёрэшх фы : ╚╤1-231
2025-12-14 20:53:34,274 [INFO] \U0001f50d [188] @user_188 \u2192 ╚∙хЄ уЁєяяє: '╚╤1-232'
2025-12-14 20:53:34,274 [INFO] \u2705 [188] ═рщфхэю 1 уЁєяя√ фы  чряЁюёр '╚╤1-232'
2025-12-14 20:53:34,274 [INFO] \U0001f4c5 [188] ╟руЁєцр■ Ёрёяшёрэшх фы : ╚╤1-232
2025-12-14 20:53:34,294 [INFO] \U0001f50d [189] @user_189 \u2192 ╚∙хЄ уЁєяяє: '╚╤1-231'
2025-12-14 20:53:34,296 [INFO] \u2705 [189] ═рщфхэю 1 уЁєяя√ фы  чряЁюёр '╚╤1-231'
2025-12-14 20:53:34,296 [INFO] \U0001f4c5 [189] ╟руЁєцр■ Ёрёяшёрэшх фы : ╚╤1-231
2025-12-14 20:53:34,318 [INFO] \U0001f50d [189] @user_189 \u2192 ╚∙хЄ уЁєяяє: '╚╤1-232'
2025-12-14 20:53:34,319 [INFO] \u2705 [189] ═рщфхэю 1 уЁєяя√ фы  чряЁюёр '╚╤1-232'
2025-12-14 20:53:34,319 [INFO] \U0001f4c5 [189] ╟руЁєцр■ Ёрёяшёрэшх фы : ╚╤1-232
2025-12-14 20:53:34,340 [INFO] \U0001f50d [190] @user_190 \u2192 ╚∙хЄ уЁєяяє: '╚╤1-231'
2025-12-14 20:53:34,341 [INFO] \u2705 [190] ═рщфхэю 1 уЁєяя√ фы  чряЁюёр '╚╤1-231'
2025-12-14 20:53:34,341 [INFO] \U0001f4c5 [190] ╟руЁєцр■ Ёрёяшёрэшх фы : ╚╤1-231
2025-12-14 20:53:34,363 [INFO] \U0001f50d [190] @user_190 \u2192 ╚∙хЄ уЁєяяє: '╚╤1-232'
2025-12-14 20:53:34,364 [INFO] \u2705 [190] ═рщфхэю 1 уЁєяя√ фы  чряЁюёр '╚╤1-232'
2025-12-14 20:53:34,364 [INFO] \U0001f4c5 [190] ╟руЁєцр■ Ёрёяшёрэшх фы : ╚╤1-232
2025-12-14 20:53:34,382 [INFO] \U0001f50d [191] @user_191 \u2192 ╚∙хЄ уЁєяяє: '╚╤1-231'
2025-12-14 20:53:34,384 [INFO] \u2705 [191] ═рщфхэю 1 уЁєяя√ фы  чряЁюёр '╚╤1-231'
2025-12-14 20:53:34,384 [INFO] \U0001f4c5 [191] ╟руЁєцр■ Ёрёяшёрэшх фы : ╚╤1-231
2025-12-14 20:53:34,401 [INFO] \U0001f50d [191] @user_191 \u2192 ╚∙хЄ уЁєяяє: '╚╤1-232'
2025-12-14 20:53:34,402 [INFO] \u2705 [191] ═рщфхэю 1 уЁєяя√ фы  чряЁюёр '╚╤1-232'
2025-12-14 20:53:34,402 [INFO] \U0001f4c5 [191] ╟руЁєцр■ Ёрёяшёрэшх фы : ╚╤1-232
2025-12-14 20:53:34,421 [INFO] \U0001f50d [192] @user_192 \u2192 ╚∙хЄ уЁєяяє: '╚╤1-231'
2025-12-14 20:53:34,421 [INFO] \u2705 [192] ═рщфхэю 1 уЁєяя√ фы  чряЁюёр '╚╤1-231'
2025-12-14 20:53:34,421 [INFO] \U0001f4c5 [192] ╟руЁєцр■ Ёрёяшёрэшх фы : ╚╤1-231
2025-12-14 20:53:34,440 [INFO] \U0001f50d [192] @user_192 \u2192 ╚∙хЄ уЁєяяє: '╚╤1-232'
2025-12-14 20:53:34,441 [INFO] \u2705 [192] ═рщфхэю 1 уЁєяя√ фы  чряЁюёр '╚╤1-232'
2025-12-14 20:53:34,442 [INFO] \U0001f4c5 [192] ╟руЁєцр■ Ёрёяшёрэшх фы : ╚╤1-232
2025-12-14 20:53:34,468 [INFO] \U0001f50d [193] @user_193 \u2192 ╚∙хЄ уЁєяяє: '╚╤1-231'
2025-12-14 20:53:34,469 [INFO] \u2705 [193] ═рщфхэю 1 уЁєяя√ фы  чряЁюёр '╚╤1-231'
2025-12-14 20:53:34,469 [INFO] \U0001f4c5 [193] ╟руЁєцр■ Ёрёяшёрэшх фы : ╚╤1-231
2025-12-14 20:53:34,492 [INFO] \U0001f50d [193] @user_193 \u2192 ╚∙хЄ уЁєяяє: '╚╤1-232'
2025-12-14 20:53:34,493 [INFO] \u2705 [193] ═рщфхэю 1 уЁєяя√ фы  чряЁюёр '╚╤1-232'
2025-12-14 20:53:34,493 [INFO] \U0001f4c5 [193] ╟руЁєцр■ Ёрёяшёрэшх фы : ╚╤1-232
2025-12-14 20:53:34,510 [INFO] \U0001f50d [194] @user_194 \u2192 ╚∙хЄ уЁєяяє: '╚╤1-231'
2025-12-14 20:53:34,511 [INFO] \u2705 [194] ═рщфхэю 1 уЁєяя√ фы  чряЁюёр '╚╤1-231'
2025-12-14 20:53:34,511 [INFO] \U0001f4c5 [194] ╟руЁєцр■ Ёрёяшёрэшх фы : ╚╤1-231
2025-12-14 20:53:34,530 [INFO] \U0001f50d [194] @user_194 \u2192 ╚∙хЄ уЁєяяє: '╚╤1-232'
2025-12-14 20:53:34,532 [INFO] \u2705 [194] ═рщфхэю 1 уЁєяя√ фы  чряЁюёр '╚╤1-232'
2025-12-14 20:53:34,532 [INFO] \U0001f4c5 [194] ╟руЁєцр■ Ёрёяшёрэшх фы : ╚╤1-232
2025-12-14 20:53:34,548 [INFO] \U0001f50d [195] @user_195 \u2192 ╚∙хЄ уЁєяяє: '╚╤1-231'
2025-12-14 20:53:34,549 [INFO] \u2705 [195] ═рщфхэю 1 уЁєяя√ фы  чряЁюёр '╚╤1-231'
2025-12-14 20:53:34,549 [INFO] \U0001f4c5 [195] ╟руЁєцр■ Ёрёяшёрэшх фы : ╚╤1-231
2025-12-14 20:53:34,575 [INFO] \U0001f50d [195] @user_195 \u2192 ╚∙хЄ уЁєяяє: '╚╤1-232'
2025-12-14 20:53:34,577 [INFO] \u2705 [195] ═рщфхэю 1 уЁєяя√ фы  чряЁюёр '╚╤1-232'
2025-12-14 20:53:34,577 [INFO] \U0001f4c5 [195] ╟руЁєцр■ Ёрёяшёрэшх фы : ╚╤1-232
2025-12-14 20:53:34,593 [INFO] \U0001f50d [196] @user_196 \u2192 ╚∙хЄ уЁєяяє: '╚╤1-231'
2025-12-14 20:53:34,594 [INFO] \u2705 [196] ═рщфхэю 1 уЁєяя√ фы  чряЁюёр '╚╤1-231'
2025-12-14 20:53:34,594 [INFO] \U0001f4c5 [196] ╟руЁєцр■ Ёрёяшёрэшх фы : ╚╤1-231
2025-12-14 20:53:34,616 [INFO] \U0001f50d [196] @user_196 \u2192 ╚∙хЄ уЁєяяє: '╚╤1-232'
2025-12-14 20:53:34,617 [INFO] \u2705 [196] ═рщфхэю 1 уЁєяя√ фы  чряЁюёр '╚╤1-232'
2025-12-14 20:53:34,617 [INFO] \U0001f4c5 [196] ╟руЁєцр■ Ёрёяшёрэшх фы : ╚╤1-232
2025-12-14 20:53:34,636 [INFO] \U0001f50d [197] @user_197 \u2192 ╚∙хЄ уЁєяяє: '╚╤1-231'
2025-12-14 20:53:34,637 [INFO] \u2705 [197] ═рщфхэю 1 уЁєяя√ фы  чряЁюёр '╚╤1-231'
2025-12-14 20:53:34,637 [INFO] \U0001f4c5 [197] ╟руЁєцр■ Ёрёяшёрэшх фы : ╚╤1-231
2025-12-14 20:53:34,656 [INFO] \U0001f50d [197] @user_197 \u2192 ╚∙хЄ уЁєяяє: '╚╤1-232'
2025-12-14 20:53:34,657 [INFO] \u2705 [197] ═рщфхэю 1 уЁєяя√ фы  чряЁюёр '╚╤1-232'
2025-12-14 20:53:34,657 [INFO] \U0001f4c5 [197] ╟руЁєцр■ Ёрёяшёрэшх фы : ╚╤1-232
2025-12-14 20:53:34,672 [INFO] \U0001f50d [198] @user_198 \u2192 ╚∙хЄ уЁєяяє: '╚╤1-231'
2025-12-14 20:53:34,673 [INFO] \u2705 [198] ═рщфхэю 1 уЁєяя√ фы  чряЁюёр '╚╤1-231'
2025-12-14 20:53:34,673 [INFO] \U0001f4c5 [198] ╟руЁєцр■ Ёрёяшёрэшх фы : ╚╤1-231
2025-12-14 20:53:34,688 [INFO] \U0001f50d [198] @user_198 \u2192 ╚∙хЄ уЁєяяє: '╚╤1-232'
2025-12-14 20:53:34,689 [INFO] \u2705 [198] ═рщфхэю 1 уЁєяя√ фы  чряЁюёр '╚╤1-232'
2025-12-14 20:53:34,689 [INFO] \U0001f4c5 [198] ╟руЁєцр■ Ёрёяшёрэшх фы : ╚╤1-232
2025-12-14 20:53:34,710 [INFO] \U0001f50d [199] @user_199 \u2192 ╚∙хЄ уЁєяяє: '╚╤1-231'
2025-12-14 20:53:34,711 [INFO] \u2705 [199] ═рщфхэю 1 уЁєяя√ фы  чряЁюёр '╚╤1-231'
2025-12-14 20:53:34,712 [INFO] \U0001f4c5 [199] ╟руЁєцр■ Ёрёяшёрэшх фы : ╚╤1-231
2025-12-14 20:53:34,727 [INFO] \U0001f50d [199] @user_199 \u2192 ╚∙хЄ уЁєяяє: '╚╤1-232'
2025-12-14 20:53:34,727 [INFO] \u2705 [199] ═рщфхэю 1 уЁєяя√ фы  чряЁюёр '╚╤1-232'
2025-12-14 20:53:34,728 [INFO] \U0001f4c5 [199] ╟руЁєцр■ Ёрёяшёрэшх фы : ╚╤1-232
2025-12-14 20:53:34,745 [INFO] \U0001f50d [200] @user_200 \u2192 ╚∙хЄ уЁєяяє: '╚╤1-231'
2025-12-14 20:53:34,746 [INFO] \u2705 [200] ═рщфхэю 1 уЁєяя√ фы  чряЁюёр '╚╤1-231'
2025-12-14 20:53:34,747 [INFO] \U0001f4c5 [200] ╟руЁєцр■ Ёрёяшёрэшх фы : ╚╤1-231
2025-12-14 20:53:34,764 [INFO] \U0001f50d [200] @user_200 \u2192 ╚∙хЄ уЁєяяє: '╚╤1-232'
2025-12-14 20:53:34,765 [INFO] \u2705 [200] ═рщфхэю 1 уЁєяя√ фы  чряЁюёр '╚╤1-232'
2025-12-14 20:53:34,765 [INFO] \U0001f4c5 [200] ╟руЁєцр■ Ёрёяшёрэшх фы : ╚╤1-232
2025-12-14 20:53:34,785 [INFO] \U0001f50d [201] @user_201 \u2192 ╚∙хЄ уЁєяяє: '╚╤1-231'
2025-12-14 20:53:34,786 [INFO] \u2705 [201] ═рщфхэю 1 уЁєяя√ фы  чряЁюёр '╚╤1-231'
2025-12-14 20:53:34,786 [INFO] \U0001f4c5 [201] ╟руЁєцр■ Ёрёяшёрэшх фы : ╚╤1-231
2025-12-14 20:53:34,804 [INFO] \U0001f50d [201] @user_201 \u2192 ╚∙хЄ уЁєяяє: '╚╤1-232'
2025-12-14 20:53:34,806 [INFO] \u2705 [201] ═рщфхэю 1 уЁєяя√ фы  чряЁюёр '╚╤1-232'
2025-12-14 20:53:34,806 [INFO] \U0001f4c5 [201] ╟руЁєцр■ Ёрёяшёрэшх фы : ╚╤1-232
2025-12-14 20:53:34,827 [INFO] \U0001f50d [202] @user_202 \u2192 ╚∙хЄ уЁєяяє: '╚╤1-231'
2025-12-14 20:53:34,828 [INFO] \u2705 [202] ═рщфхэю 1 уЁєяя√ фы  чряЁюёр '╚╤1-231'
2025-12-14 20:53:34,828 [INFO] \U0001f4c5 [202] ╟руЁєцр■ Ёрёяшёрэшх фы : ╚╤1-231
2025-12-14 20:53:34,849 [INFO] \U0001f50d [202] @user_202 \u2192 ╚∙хЄ уЁєяяє: '╚╤1-232'
2025-12-14 20:53:34,849 [INFO] \u2705 [202] ═рщфхэю 1 уЁєяя√ фы  чряЁюёр '╚╤1-232'
2025-12-14 20:53:34,849 [INFO] \U0001f4c5 [202] ╟руЁєцр■ Ёрёяшёрэшх фы : ╚╤1-232
2025-12-14 20:53:34,868 [INFO] \U0001f50d [203] @user_203 \u2192 ╚∙хЄ уЁєяяє: '╚╤1-231'
2025-12-14 20:53:34,869 [INFO] \u2705 [203] ═рщфхэю 1 уЁєяя√ фы  чряЁюёр '╚╤1-231'
2025-12-14 20:53:34,869 [INFO] \U0001f4c5 [203] ╟руЁєцр■ Ёрёяшёрэшх фы : ╚╤1-231
2025-12-14 20:53:34,888 [INFO] \U0001f50d [203] @user_203 \u2192 ╚∙хЄ уЁєяяє: '╚╤1-232'
2025-12-14 20:53:34,889 [INFO] \u2705 [203] ═рщфхэю 1 уЁєяя√ фы  чряЁюёр '╚╤1-232'
2025-12-14 20:53:34,890 [INFO] \U0001f4c5 [203] ╟руЁєцр■ Ёрёяшёрэшх фы : ╚╤1-232
2025-12-14 20:53:34,912 [INFO] \U0001f50d [204] @user_204 \u2192 ╚∙хЄ уЁєяяє: '╚╤1-231'
2025-12-14 20:53:34,913 [INFO] \u2705 [204] ═рщфхэю 1 уЁєяя√ фы  чряЁюёр '╚╤1-231'
2025-12-14 20:53:34,914 [INFO] \U0001f4c5 [204] ╟руЁєцр■ Ёрёяшёрэшх фы : ╚╤1-231
2025-12-14 20:53:34,929 [INFO] \U0001f50d [204] @user_204 \u2192 ╚∙хЄ уЁєяяє: '╚╤1-232'
2025-12-14 20:53:34,931 [INFO] \u2705 [204] ═рщфхэю 1 уЁєяя√ фы  чряЁюёр '╚╤1-232'
2025-12-14 20:53:34,931 [INFO] \U0001f4c5 [204] ╟руЁєцр■ Ёрёяшёрэшх фы : ╚╤1-232
2025-12-14 20:53:34,948 [INFO] \U0001f50d [205] @user_205 \u2192 ╚∙хЄ уЁєяяє: '╚╤1-231'
2025-12-14 20:53:34,949 [INFO] \u2705 [205] ═рщфхэю 1 уЁєяя√ фы  чряЁюёр '╚╤1-231'
2025-12-14 20:53:34,949 [INFO] \U0001f4c5 [205] ╟руЁєцр■ Ёрёяшёрэшх фы : ╚╤1-231
2025-12-14 20:53:34,970 [INFO] \U0001f50d [205] @user_205 \u2192 ╚∙хЄ уЁєяяє: '╚╤1-232'
2025-12-14 20:53:34,972 [INFO] \u2705 [205] ═рщфхэю 1 уЁєяя√ фы  чряЁюёр '╚╤1-232'
2025-12-14 20:53:34,972 [INFO] \U0001f4c5 [205] ╟руЁєцр■ Ёрёяшёрэшх фы : ╚╤1-232
2025-12-14 20:53:34,988 [INFO] \U0001f50d [206] @user_206 \u2192 ╚∙хЄ уЁєяяє: '╚╤1-231'
2025-12-14 20:53:34,989 [INFO] \u2705 [206] ═рщфхэю 1 уЁєяя√ фы  чряЁюёр '╚╤1-231'
2025-12-14 20:53:34,989 [INFO] \U0001f4c5 [206] ╟руЁєцр■ Ёрёяшёрэшх фы : ╚╤1-231
2025-12-14 20:53:35,007 [INFO] \U0001f50d [206] @user_206 \u2192 ╚∙хЄ уЁєяяє: '╚╤1-232'
2025-12-14 20:53:35,008 [INFO] \u2705 [206] ═рщфхэю 1 уЁєяя√ фы  чряЁюёр '╚╤1-232'
2025-12-14 20:53:35,008 [INFO] \U0001f4c5 [206] ╟руЁєцр■ Ёрёяшёрэшх фы : ╚╤1-232
2025-12-14 20:53:35,024 [INFO] \U0001f50d [207] @user_207 \u2192 ╚∙хЄ уЁєяяє: '╚╤1-231'
2025-12-14 20:53:35,025 [INFO] \u2705 [207] ═рщфхэю 1 уЁєяя√ фы  чряЁюёр '╚╤1-231'
2025-12-14 20:53:35,025 [INFO] \U0001f4c5 [207] ╟руЁєцр■ Ёрёяшёрэшх фы : ╚╤1-231
2025-12-14 20:53:35,048 [INFO] \U0001f50d [207] @user_207 \u2192 ╚∙хЄ уЁєяяє: '╚╤1-232'
2025-12-14 20:53:35,049 [INFO] \u2705 [207] ═рщфхэю 1 уЁєяя√ фы  чряЁюёр '╚╤1-232'
2025-12-14 20:53:35,049 [INFO] \U0001f4c5 [207] ╟руЁєцр■ Ёрёяшёрэшх фы : ╚╤1-232
2025-12-14 20:53:35,066 [INFO] \U0001f50d [208] @user_208 \u2192 ╚∙хЄ уЁєяяє: '╚╤1-231'
2025-12-14 20:53:35,067 [INFO] \u2705 [208] ═рщфхэю 1 уЁєяя√ фы  чряЁюёр '╚╤1-231'
2025-12-14 20:53:35,067 [INFO] \U0001f4c5 [208] ╟руЁєцр■ Ёрёяшёрэшх фы : ╚╤1-231
2025-12-14 20:53:35,084 [INFO] \U0001f50d [208] @user_208 \u2192 ╚∙хЄ уЁєяяє: '╚╤1-232'
2025-12-14 20:53:35,085 [INFO] \u2705 [208] ═рщфхэю 1 уЁєяя√ фы  чряЁюёр '╚╤1-232'
2025-12-14 20:53:35,086 [INFO] \U0001f4c5 [208] ╟руЁєцр■ Ёрёяшёрэшх фы : ╚╤1-232
2025-12-14 20:53:35,112 [INFO] \U0001f50d [209] @user_209 \u2192 ╚∙хЄ уЁєяяє: '╚╤1-231'
2025-12-14 20:53:35,115 [INFO] \u2705 [209] ═рщфхэю 1 уЁєяя√ фы  чряЁюёр '╚╤1-231'
2025-12-14 20:53:35,115 [INFO] \U0001f4c5 [209] ╟руЁєцр■ Ёрёяшёрэшх фы : ╚╤1-231
2025-12-14 20:53:35,133 [INFO] \U0001f50d [209] @user_209 \u2192 ╚∙хЄ уЁєяяє: '╚╤1-232'
2025-12-14 20:53:35,133 [INFO] \u2705 [209] ═рщфхэю 1 уЁєяя√ фы  чряЁюёр '╚╤1-232'
2025-12-14 20:53:35,134 [INFO] \U0001f4c5 [209] ╟руЁєцр■ Ёрёяшёрэшх фы : ╚╤1-232
2025-12-14 20:53:35,150 [INFO] \U0001f50d [210] @user_210 \u2192 ╚∙хЄ уЁєяяє: '╚╤1-231'
2025-12-14 20:53:35,151 [INFO] \u2705 [210] ═рщфхэю 1 уЁєяя√ фы  чряЁюёр '╚╤1-231'
2025-12-14 20:53:35,151 [INFO] \U0001f4c5 [210] ╟руЁєцр■ Ёрёяшёрэшх фы : ╚╤1-231
2025-12-14 20:53:35,171 [INFO] \U0001f50d [210] @user_210 \u2192 ╚∙хЄ уЁєяяє: '╚╤1-232'
2025-12-14 20:53:35,172 [INFO] \u2705 [210] ═рщфхэю 1 уЁєяя√ фы  чряЁюёр '╚╤1-232'
2025-12-14 20:53:35,172 [INFO] \U0001f4c5 [210] ╟руЁєцр■ Ёрёяшёрэшх фы : ╚╤1-232
2025-12-14 20:53:35,190 [INFO] \U0001f50d [211] @user_211 \u2192 ╚∙хЄ уЁєяяє: '╚╤1-231'
2025-12-14 20:53:35,190 [INFO] \u2705 [211] ═рщфхэю 1 уЁєяя√ фы  чряЁюёр '╚╤1-231'
2025-12-14 20:53:35,191 [INFO] \U0001f4c5 [211] ╟руЁєцр■ Ёрёяшёрэшх фы : ╚╤1-231
2025-12-14 20:53:35,210 [INFO] \U0001f50d [211] @user_211 \u2192 ╚∙хЄ уЁєяяє: '╚╤1-232'
2025-12-14 20:53:35,212 [INFO] \u2705 [211] ═рщфхэю 1 уЁєяя√ фы  чряЁюёр '╚╤1-232'
2025-12-14 20:53:35,212 [INFO] \U0001f4c5 [211] ╟руЁєцр■ Ёрёяшёрэшх фы : ╚╤1-232
2025-12-14 20:53:35,230 [INFO] \U0001f50d [212] @user_212 \u2192 ╚∙хЄ уЁєяяє: '╚╤1-231'
2025-12-14 20:53:35,231 [INFO] \u2705 [212] ═рщфхэю 1 уЁєяя√ фы  чряЁюёр '╚╤1-231'
2025-12-14 20:53:35,231 [INFO] \U0001f4c5 [212] ╟руЁєцр■ Ёрёяшёрэшх фы : ╚╤1-231
2025-12-14 20:53:35,251 [INFO] \U0001f50d [212] @user_212 \u2192 ╚∙хЄ уЁєяяє: '╚╤1-232'
2025-12-14 20:53:35,252 [INFO] \u2705 [212] ═рщфхэю 1 уЁєяя√ фы  чряЁюёр '╚╤1-232'
2025-12-14 20:53:35,252 [INFO] \U0001f4c5 [212] ╟руЁєцр■ Ёрёяшёрэшх фы : ╚╤1-232
2025-12-14 20:53:35,270 [INFO] \U0001f50d [213] @user_213 \u2192 ╚∙хЄ уЁєяяє: '╚╤1-231'
2025-12-14 20:53:35,270 [INFO] \u2705 [213] ═рщфхэю 1 уЁєяя√ фы  чряЁюёр '╚╤1-231'
2025-12-14 20:53:35,270 [INFO] \U0001f4c5 [213] ╟руЁєцр■ Ёрёяшёрэшх фы : ╚╤1-231
2025-12-14 20:53:35,287 [INFO] \U0001f50d [213] @user_213 \u2192 ╚∙хЄ уЁєяяє: '╚╤1-232'
2025-12-14 20:53:35,287 [INFO] \u2705 [213] ═рщфхэю 1 уЁєяя√ фы  чряЁюёр '╚╤1-232'
2025-12-14 20:53:35,287 [INFO] \U0001f4c5 [213] ╟руЁєцр■ Ёрёяшёрэшх фы : ╚╤1-232
2025-12-14 20:53:35,307 [INFO] \U0001f50d [214] @user_214 \u2192 ╚∙хЄ уЁєяяє: '╚╤1-231'
2025-12-14 20:53:35,309 [INFO] \u2705 [214] ═рщфхэю 1 уЁєяя√ фы  чряЁюёр '╚╤1-231'
2025-12-14 20:53:35,309 [INFO] \U0001f4c5 [214] ╟руЁєцр■ Ёрёяшёрэшх фы : ╚╤1-231
2025-12-14 20:53:35,326 [INFO] \U0001f50d [214] @user_214 \u2192 ╚∙хЄ уЁєяяє: '╚╤1-232'
2025-12-14 20:53:35,326 [INFO] \u2705 [214] ═рщфхэю 1 уЁєяя√ фы  чряЁюёр '╚╤1-232'
2025-12-14 20:53:35,327 [INFO] \U0001f4c5 [214] ╟руЁєцр■ Ёрёяшёрэшх фы : ╚╤1-232
2025-12-14 20:53:35,348 [INFO] \U0001f50d [215] @user_215 \u2192 ╚∙хЄ уЁєяяє: '╚╤1-231'
2025-12-14 20:53:35,349 [INFO] \u2705 [215] ═рщфхэю 1 уЁєяя√ фы  чряЁюёр '╚╤1-231'
2025-12-14 20:53:35,350 [INFO] \U0001f4c5 [215] ╟руЁєцр■ Ёрёяшёрэшх фы : ╚╤1-231
2025-12-14 20:53:35,368 [INFO] \U0001f50d [215] @user_215 \u2192 ╚∙хЄ уЁєяяє: '╚╤1-232'
2025-12-14 20:53:35,369 [INFO] \u2705 [215] ═рщфхэю 1 уЁєяя√ фы  чряЁюёр '╚╤1-232'
2025-12-14 20:53:35,369 [INFO] \U0001f4c5 [215] ╟руЁєцр■ Ёрёяшёрэшх фы : ╚╤1-232
2025-12-14 20:53:35,392 [INFO] \U0001f50d [216] @user_216 \u2192 ╚∙хЄ уЁєяяє: '╚╤1-231'
2025-12-14 20:53:35,393 [INFO] \u2705 [216] ═рщфхэю 1 уЁєяя√ фы  чряЁюёр '╚╤1-231'
2025-12-14 20:53:35,394 [INFO] \U0001f4c5 [216] ╟руЁєцр■ Ёрёяшёрэшх фы : ╚╤1-231
2025-12-14 20:53:35,410 [INFO] \U0001f50d [216] @user_216 \u2192 ╚∙хЄ уЁєяяє: '╚╤1-232'
2025-12-14 20:53:35,412 [INFO] \u2705 [216] ═рщфхэю 1 уЁєяя√ фы  чряЁюёр '╚╤1-232'
2025-12-14 20:53:35,412 [INFO] \U0001f4c5 [216] ╟руЁєцр■ Ёрёяшёрэшх фы : ╚╤1-232
2025-12-14 20:53:35,433 [INFO] \U0001f50d [217] @user_217 \u2192 ╚∙хЄ уЁєяяє: '╚╤1-231'
2025-12-14 20:53:35,434 [INFO] \u2705 [217] ═рщфхэю 1 уЁєяя√ фы  чряЁюёр '╚╤1-231'
2025-12-14 20:53:35,434 [INFO] \U0001f4c5 [217] ╟руЁєцр■ Ёрёяшёрэшх фы : ╚╤1-231
2025-12-14 20:53:35,452 [INFO] \U0001f50d [217] @user_217 \u2192 ╚∙хЄ уЁєяяє: '╚╤1-232'
2025-12-14 20:53:35,453 [INFO] \u2705 [217] ═рщфхэю 1 уЁєяя√ фы  чряЁюёр '╚╤1-232'
2025-12-14 20:53:35,453 [INFO] \U0001f4c5 [217] ╟руЁєцр■ Ёрёяшёрэшх фы : ╚╤1-232
2025-12-14 20:53:35,468 [INFO] \U0001f50d [218] @user_218 \u2192 ╚∙хЄ уЁєяяє: '╚╤1-231'
2025-12-14 20:53:35,469 [INFO] \u2705 [218] ═рщфхэю 1 уЁєяя√ фы  чряЁюёр '╚╤1-231'
2025-12-14 20:53:35,469 [INFO] \U0001f4c5 [218] ╟руЁєцр■ Ёрёяшёрэшх фы : ╚╤1-231
2025-12-14 20:53:35,492 [INFO] \U0001f50d [218] @user_218 \u2192 ╚∙хЄ уЁєяяє: '╚╤1-232'
2025-12-14 20:53:35,493 [INFO] \u2705 [218] ═рщфхэю 1 уЁєяя√ фы  чряЁюёр '╚╤1-232'
2025-12-14 20:53:35,493 [INFO] \U0001f4c5 [218] ╟руЁєцр■ Ёрёяшёрэшх фы : ╚╤1-232
2025-12-14 20:53:35,513 [INFO] \U0001f50d [219] @user_219 \u2192 ╚∙хЄ уЁєяяє: '╚╤1-231'
2025-12-14 20:53:35,514 [INFO] \u2705 [219] ═рщфхэю 1 уЁєяя√ фы  чряЁюёр '╚╤1-231'
2025-12-14 20:53:35,515 [INFO] \U0001f4c5 [219] ╟руЁєцр■ Ёрёяшёрэшх фы : ╚╤1-231
2025-12-14 20:53:35,532 [INFO] \U0001f50d [219] @user_219 \u2192 ╚∙хЄ уЁєяяє: '╚╤1-232'
2025-12-14 20:53:35,533 [INFO] \u2705 [219] ═рщфхэю 1 уЁєяя√ фы  чряЁюёр '╚╤1-232'
2025-12-14 20:53:35,533 [INFO] \U0001f4c5 [219] ╟руЁєцр■ Ёрёяшёрэшх фы : ╚╤1-232
2025-12-14 20:53:35,550 [INFO] \U0001f50d [220] @user_220 \u2192 ╚∙хЄ уЁєяяє: '╚╤1-231'
2025-12-14 20:53:35,551 [INFO] \u2705 [220] ═рщфхэю 1 уЁєяя√ фы  чряЁюёр '╚╤1-231'
2025-12-14 20:53:35,551 [INFO] \U0001f4c5 [220] ╟руЁєцр■ Ёрёяшёрэшх фы : ╚╤1-231
2025-12-14 20:53:35,569 [INFO] \U0001f50d [220] @user_220 \u2192 ╚∙хЄ уЁєяяє: '╚╤1-232'
2025-12-14 20:53:35,569 [INFO] \u2705 [220] ═рщфхэю 1 уЁєяя√ фы  чряЁюёр '╚╤1-232'
2025-12-14 20:53:35,570 [INFO] \U0001f4c5 [220] ╟руЁєцр■ Ёрёяшёрэшх фы : ╚╤1-232
2025-12-14 20:53:35,590 [INFO] \U0001f50d [221] @user_221 \u2192 ╚∙хЄ уЁєяяє: '╚╤1-231'
2025-12-14 20:53:35,591 [INFO] \u2705 [221] ═рщфхэю 1 уЁєяя√ фы  чряЁюёр '╚╤1-231'
2025-12-14 20:53:35,591 [INFO] \U0001f4c5 [221] ╟руЁєцр■ Ёрёяшёрэшх фы : ╚╤1-231
2025-12-14 20:53:35,607 [INFO] \U0001f50d [221] @user_221 \u2192 ╚∙хЄ уЁєяяє: '╚╤1-232'
2025-12-14 20:53:35,608 [INFO] \u2705 [221] ═рщфхэю 1 уЁєяя√ фы  чряЁюёр '╚╤1-232'
2025-12-14 20:53:35,608 [INFO] \U0001f4c5 [221] ╟руЁєцр■ Ёрёяшёрэшх фы : ╚╤1-232
2025-12-14 20:53:35,626 [INFO] \U0001f50d [222] @user_222 \u2192 ╚∙хЄ уЁєяяє: '╚╤1-231'
2025-12-14 20:53:35,627 [INFO] \u2705 [222] ═рщфхэю 1 уЁєяя√ фы  чряЁюёр '╚╤1-231'
2025-12-14 20:53:35,628 [INFO] \U0001f4c5 [222] ╟руЁєцр■ Ёрёяшёрэшх фы : ╚╤1-231
2025-12-14 20:53:35,645 [INFO] \U0001f50d [222] @user_222 \u2192 ╚∙хЄ уЁєяяє: '╚╤1-232'
2025-12-14 20:53:35,646 [INFO] \u2705 [222] ═рщфхэю 1 уЁєяя√ фы  чряЁюёр '╚╤1-232'
2025-12-14 20:53:35,647 [INFO] \U0001f4c5 [222] ╟руЁєцр■ Ёрёяшёрэшх фы : ╚╤1-232
2025-12-14 20:53:35,664 [INFO] \U0001f50d [223] @user_223 \u2192 ╚∙хЄ уЁєяяє: '╚╤1-231'
2025-12-14 20:53:35,665 [INFO] \u2705 [223] ═рщфхэю 1 уЁєяя√ фы  чряЁюёр '╚╤1-231'
2025-12-14 20:53:35,665 [INFO] \U0001f4c5 [223] ╟руЁєцр■ Ёрёяшёрэшх фы : ╚╤1-231
2025-12-14 20:53:35,684 [INFO] \U0001f50d [223] @user_223 \u2192 ╚∙хЄ уЁєяяє: '╚╤1-232'
2025-12-14 20:53:35,684 [INFO] \u2705 [223] ═рщфхэю 1 уЁєяя√ фы  чряЁюёр '╚╤1-232'
2025-12-14 20:53:35,685 [INFO] \U0001f4c5 [223] ╟руЁєцр■ Ёрёяшёрэшх фы : ╚╤1-232
2025-12-14 20:53:35,703 [INFO] \U0001f50d [224] @user_224 \u2192 ╚∙хЄ уЁєяяє: '╚╤1-231'
2025-12-14 20:53:35,704 [INFO] \u2705 [224] ═рщфхэю 1 уЁєяя√ фы  чряЁюёр '╚╤1-231'
2025-12-14 20:53:35,704 [INFO] \U0001f4c5 [224] ╟руЁєцр■ Ёрёяшёрэшх фы : ╚╤1-231
2025-12-14 20:53:35,725 [INFO] \U0001f50d [224] @user_224 \u2192 ╚∙хЄ уЁєяяє: '╚╤1-232'
2025-12-14 20:53:35,726 [INFO] \u2705 [224] ═рщфхэю 1 уЁєяя√ фы  чряЁюёр '╚╤1-232'
2025-12-14 20:53:35,726 [INFO] \U0001f4c5 [224] ╟руЁєцр■ Ёрёяшёрэшх фы : ╚╤1-232
2025-12-14 20:53:35,748 [INFO] \U0001f50d [225] @user_225 \u2192 ╚∙хЄ уЁєяяє: '╚╤1-231'
2025-12-14 20:53:35,749 [INFO] \u2705 [225] ═рщфхэю 1 уЁєяя√ фы  чряЁюёр '╚╤1-231'
2025-12-14 20:53:35,749 [INFO] \U0001f4c5 [225] ╟руЁєцр■ Ёрёяшёрэшх фы : ╚╤1-231
2025-12-14 20:53:35,767 [INFO] \U0001f50d [225] @user_225 \u2192 ╚∙хЄ уЁєяяє: '╚╤1-232'
2025-12-14 20:53:35,768 [INFO] \u2705 [225] ═рщфхэю 1 уЁєяя√ фы  чряЁюёр '╚╤1-232'
2025-12-14 20:53:35,768 [INFO] \U0001f4c5 [225] ╟руЁєцр■ Ёрёяшёрэшх фы : ╚╤1-232
2025-12-14 20:53:35,790 [INFO] \U0001f50d [226] @user_226 \u2192 ╚∙хЄ уЁєяяє: '╚╤1-231'
2025-12-14 20:53:35,791 [INFO] \u2705 [226] ═рщфхэю 1 уЁєяя√ фы  чряЁюёр '╚╤1-231'
2025-12-14 20:53:35,791 [INFO] \U0001f4c5 [226] ╟руЁєцр■ Ёрёяшёрэшх фы : ╚╤1-231
2025-12-14 20:53:35,812 [INFO] \U0001f50d [226] @user_226 \u2192 ╚∙хЄ уЁєяяє: '╚╤1-232'
2025-12-14 20:53:35,813 [INFO] \u2705 [226] ═рщфхэю 1 уЁєяя√ фы  чряЁюёр '╚╤1-232'
2025-12-14 20:53:35,813 [INFO] \U0001f4c5 [226] ╟руЁєцр■ Ёрёяшёрэшх фы : ╚╤1-232
2025-12-14 20:53:35,833 [INFO] \U0001f50d [227] @user_227 \u2192 ╚∙хЄ уЁєяяє: '╚╤1-231'
2025-12-14 20:53:35,835 [INFO] \u2705 [227] ═рщфхэю 1 уЁєяя√ фы  чряЁюёр '╚╤1-231'
2025-12-14 20:53:35,835 [INFO] \U0001f4c5 [227] ╟руЁєцр■ Ёрёяшёрэшх фы : ╚╤1-231
2025-12-14 20:53:35,855 [INFO] \U0001f50d [227] @user_227 \u2192 ╚∙хЄ уЁєяяє: '╚╤1-232'
2025-12-14 20:53:35,856 [INFO] \u2705 [227] ═рщфхэю 1 уЁєяя√ фы  чряЁюёр '╚╤1-232'
2025-12-14 20:53:35,856 [INFO] \U0001f4c5 [227] ╟руЁєцр■ Ёрёяшёрэшх фы : ╚╤1-232
2025-12-14 20:53:35,873 [INFO] \U0001f50d [228] @user_228 \u2192 ╚∙хЄ уЁєяяє: '╚╤1-231'
2025-12-14 20:53:35,874 [INFO] \u2705 [228] ═рщфхэю 1 уЁєяя√ фы  чряЁюёр '╚╤1-231'
2025-12-14 20:53:35,874 [INFO] \U0001f4c5 [228] ╟руЁєцр■ Ёрёяшёрэшх фы : ╚╤1-231
2025-12-14 20:53:35,892 [INFO] \U0001f50d [228] @user_228 \u2192 ╚∙хЄ уЁєяяє: '╚╤1-232'
2025-12-14 20:53:35,893 [INFO] \u2705 [228] ═рщфхэю 1 уЁєяя√ фы  чряЁюёр '╚╤1-232'
2025-12-14 20:53:35,893 [INFO] \U0001f4c5 [228] ╟руЁєцр■ Ёрёяшёрэшх фы : ╚╤1-232
2025-12-14 20:53:35,913 [INFO] \U0001f50d [229] @user_229 \u2192 ╚∙хЄ уЁєяяє: '╚╤1-231'
2025-12-14 20:53:35,914 [INFO] \u2705 [229] ═рщфхэю 1 уЁєяя√ фы  чряЁюёр '╚╤1-231'
2025-12-14 20:53:35,914 [INFO] \U0001f4c5 [229] ╟руЁєцр■ Ёрёяшёрэшх фы : ╚╤1-231
2025-12-14 20:53:35,931 [INFO] \U0001f50d [229] @user_229 \u2192 ╚∙хЄ уЁєяяє: '╚╤1-232'
2025-12-14 20:53:35,931 [INFO] \u2705 [229] ═рщфхэю 1 уЁєяя√ фы  чряЁюёр '╚╤1-232'
2025-12-14 20:53:35,931 [INFO] \U0001f4c5 [229] ╟руЁєцр■ Ёрёяшёрэшх фы : ╚╤1-232
2025-12-14 20:53:35,951 [INFO] \U0001f50d [230] @user_230 \u2192 ╚∙хЄ уЁєяяє: '╚╤1-231'
2025-12-14 20:53:35,951 [INFO] \u2705 [230] ═рщфхэю 1 уЁєяя√ фы  чряЁюёр '╚╤1-231'
2025-12-14 20:53:35,951 [INFO] \U0001f4c5 [230] ╟руЁєцр■ Ёрёяшёрэшх фы : ╚╤1-231
2025-12-14 20:53:35,969 [INFO] \U0001f50d [230] @user_230 \u2192 ╚∙хЄ уЁєяяє: '╚╤1-232'
2025-12-14 20:53:35,971 [INFO] \u2705 [230] ═рщфхэю 1 уЁєяя√ фы  чряЁюёр '╚╤1-232'
2025-12-14 20:53:35,971 [INFO] \U0001f4c5 [230] ╟руЁєцр■ Ёрёяшёрэшх фы : ╚╤1-232
2025-12-14 20:53:35,986 [INFO] \U0001f50d [231] @user_231 \u2192 ╚∙хЄ уЁєяяє: '╚╤1-231'
2025-12-14 20:53:35,987 [INFO] \u2705 [231] ═рщфхэю 1 уЁєяя√ фы  чряЁюёр '╚╤1-231'
2025-12-14 20:53:35,987 [INFO] \U0001f4c5 [231] ╟руЁєцр■ Ёрёяшёрэшх фы : ╚╤1-231
2025-12-14 20:53:36,007 [INFO] \U0001f50d [231] @user_231 \u2192 ╚∙хЄ уЁєяяє: '╚╤1-232'
2025-12-14 20:53:36,008 [INFO] \u2705 [231] ═рщфхэю 1 уЁєяя√ фы  чряЁюёр '╚╤1-232'
2025-12-14 20:53:36,008 [INFO] \U0001f4c5 [231] ╟руЁєцр■ Ёрёяшёрэшх фы : ╚╤1-232
2025-12-14 20:53:36,028 [INFO] \U0001f50d [232] @user_232 \u2192 ╚∙хЄ уЁєяяє: '╚╤1-231'
2025-12-14 20:53:36,030 [INFO] \u2705 [232] ═рщфхэю 1 уЁєяя√ фы  чряЁюёр '╚╤1-231'
2025-12-14 20:53:36,030 [INFO] \U0001f4c5 [232] ╟руЁєцр■ Ёрёяшёрэшх фы : ╚╤1-231
2025-12-14 20:53:36,045 [INFO] \U0001f50d [232] @user_232 \u2192 ╚∙хЄ уЁєяяє: '╚╤1-232'
2025-12-14 20:53:36,047 [INFO] \u2705 [232] ═рщфхэю 1 уЁєяя√ фы  чряЁюёр '╚╤1-232'
2025-12-14 20:53:36,047 [INFO] \U0001f4c5 [232] ╟руЁєцр■ Ёрёяшёрэшх фы : ╚╤1-232
2025-12-14 20:53:36,064 [INFO] \U0001f50d [233] @user_233 \u2192 ╚∙хЄ уЁєяяє: '╚╤1-231'
2025-12-14 20:53:36,064 [INFO] \u2705 [233] ═рщфхэю 1 уЁєяя√ фы  чряЁюёр '╚╤1-231'
2025-12-14 20:53:36,065 [INFO] \U0001f4c5 [233] ╟руЁєцр■ Ёрёяшёрэшх фы : ╚╤1-231
2025-12-14 20:53:36,085 [INFO] \U0001f50d [233] @user_233 \u2192 ╚∙хЄ уЁєяяє: '╚╤1-232'
2025-12-14 20:53:36,087 [INFO] \u2705 [233] ═рщфхэю 1 уЁєяя√ фы  чряЁюёр '╚╤1-232'
2025-12-14 20:53:36,087 [INFO] \U0001f4c5 [233] ╟руЁєцр■ Ёрёяшёрэшх фы : ╚╤1-232
2025-12-14 20:53:36,105 [INFO] \U0001f50d [234] @user_234 \u2192 ╚∙хЄ уЁєяяє: '╚╤1-231'
2025-12-14 20:53:36,107 [INFO] \u2705 [234] ═рщфхэю 1 уЁєяя√ фы  чряЁюёр '╚╤1-231'
2025-12-14 20:53:36,107 [INFO] \U0001f4c5 [234] ╟руЁєцр■ Ёрёяшёрэшх фы : ╚╤1-231
2025-12-14 20:53:36,125 [INFO] \U0001f50d [234] @user_234 \u2192 ╚∙хЄ уЁєяяє: '╚╤1-232'
2025-12-14 20:53:36,127 [INFO] \u2705 [234] ═рщфхэю 1 уЁєяя√ фы  чряЁюёр '╚╤1-232'
2025-12-14 20:53:36,128 [INFO] \U0001f4c5 [234] ╟руЁєцр■ Ёрёяшёрэшх фы : ╚╤1-232
2025-12-14 20:53:36,149 [INFO] \U0001f50d [235] @user_235 \u2192 ╚∙хЄ уЁєяяє: '╚╤1-231'
2025-12-14 20:53:36,150 [INFO] \u2705 [235] ═рщфхэю 1 уЁєяя√ фы  чряЁюёр '╚╤1-231'
2025-12-14 20:53:36,150 [INFO] \U0001f4c5 [235] ╟руЁєцр■ Ёрёяшёрэшх фы : ╚╤1-231
2025-12-14 20:53:36,167 [INFO] \U0001f50d [235] @user_235 \u2192 ╚∙хЄ уЁєяяє: '╚╤1-232'
2025-12-14 20:53:36,168 [INFO] \u2705 [235] ═рщфхэю 1 уЁєяя√ фы  чряЁюёр '╚╤1-232'
2025-12-14 20:53:36,168 [INFO] \U0001f4c5 [235] ╟руЁєцр■ Ёрёяшёрэшх фы : ╚╤1-232
2025-12-14 20:53:36,192 [INFO] \U0001f50d [236] @user_236 \u2192 ╚∙хЄ уЁєяяє: '╚╤1-231'
2025-12-14 20:53:36,193 [INFO] \u2705 [236] ═рщфхэю 1 уЁєяя√ фы  чряЁюёр '╚╤1-231'
2025-12-14 20:53:36,194 [INFO] \U0001f4c5 [236] ╟руЁєцр■ Ёрёяшёрэшх фы : ╚╤1-231
2025-12-14 20:53:36,215 [INFO] \U0001f50d [236] @user_236 \u2192 ╚∙хЄ уЁєяяє: '╚╤1-232'
2025-12-14 20:53:36,217 [INFO] \u2705 [236] ═рщфхэю 1 уЁєяя√ фы  чряЁюёр '╚╤1-232'
2025-12-14 20:53:36,217 [INFO] \U0001f4c5 [236] ╟руЁєцр■ Ёрёяшёрэшх фы : ╚╤1-232
2025-12-14 20:53:36,236 [INFO] \U0001f50d [237] @user_237 \u2192 ╚∙хЄ уЁєяяє: '╚╤1-231'
2025-12-14 20:53:36,237 [INFO] \u2705 [237] ═рщфхэю 1 уЁєяя√ фы  чряЁюёр '╚╤1-231'
2025-12-14 20:53:36,237 [INFO] \U0001f4c5 [237] ╟руЁєцр■ Ёрёяшёрэшх фы : ╚╤1-231
2025-12-14 20:53:36,257 [INFO] \U0001f50d [237] @user_237 \u2192 ╚∙хЄ уЁєяяє: '╚╤1-232'
2025-12-14 20:53:36,259 [INFO] \u2705 [237] ═рщфхэю 1 уЁєяя√ фы  чряЁюёр '╚╤1-232'
2025-12-14 20:53:36,259 [INFO] \U0001f4c5 [237] ╟руЁєцр■ Ёрёяшёрэшх фы : ╚╤1-232
2025-12-14 20:53:36,274 [INFO] \U0001f50d [238] @user_238 \u2192 ╚∙хЄ уЁєяяє: '╚╤1-231'
2025-12-14 20:53:36,274 [INFO] \u2705 [238] ═рщфхэю 1 уЁєяя√ фы  чряЁюёр '╚╤1-231'
2025-12-14 20:53:36,274 [INFO] \U0001f4c5 [238] ╟руЁєцр■ Ёрёяшёрэшх фы : ╚╤1-231
2025-12-14 20:53:36,295 [INFO] \U0001f50d [238] @user_238 \u2192 ╚∙хЄ уЁєяяє: '╚╤1-232'
2025-12-14 20:53:36,297 [INFO] \u2705 [238] ═рщфхэю 1 уЁєяя√ фы  чряЁюёр '╚╤1-232'
2025-12-14 20:53:36,297 [INFO] \U0001f4c5 [238] ╟руЁєцр■ Ёрёяшёрэшх фы : ╚╤1-232
2025-12-14 20:53:36,314 [INFO] \U0001f50d [239] @user_239 \u2192 ╚∙хЄ уЁєяяє: '╚╤1-231'
2025-12-14 20:53:36,315 [INFO] \u2705 [239] ═рщфхэю 1 уЁєяя√ фы  чряЁюёр '╚╤1-231'
2025-12-14 20:53:36,315 [INFO] \U0001f4c5 [239] ╟руЁєцр■ Ёрёяшёрэшх фы : ╚╤1-231
2025-12-14 20:53:36,332 [INFO] \U0001f50d [239] @user_239 \u2192 ╚∙хЄ уЁєяяє: '╚╤1-232'
2025-12-14 20:53:36,333 [INFO] \u2705 [239] ═рщфхэю 1 уЁєяя√ фы  чряЁюёр '╚╤1-232'
2025-12-14 20:53:36,333 [INFO] \U0001f4c5 [239] ╟руЁєцр■ Ёрёяшёрэшх фы : ╚╤1-232
2025-12-14 20:53:36,348 [INFO] \U0001f50d [240] @user_240 \u2192 ╚∙хЄ уЁєяяє: '╚╤1-231'
2025-12-14 20:53:36,349 [INFO] \u2705 [240] ═рщфхэю 1 уЁєяя√ фы  чряЁюёр '╚╤1-231'
2025-12-14 20:53:36,349 [INFO] \U0001f4c5 [240] ╟руЁєцр■ Ёрёяшёрэшх фы : ╚╤1-231
2025-12-14 20:53:36,365 [INFO] \U0001f50d [240] @user_240 \u2192 ╚∙хЄ уЁєяяє: '╚╤1-232'
2025-12-14 20:53:36,366 [INFO] \u2705 [240] ═рщфхэю 1 уЁєяя√ фы  чряЁюёр '╚╤1-232'
2025-12-14 20:53:36,366 [INFO] \U0001f4c5 [240] ╟руЁєцр■ Ёрёяшёрэшх фы : ╚╤1-232
2025-12-14 20:53:36,385 [INFO] \U0001f50d [241] @user_241 \u2192 ╚∙хЄ уЁєяяє: '╚╤1-231'
2025-12-14 20:53:36,386 [INFO] \u2705 [241] ═рщфхэю 1 уЁєяя√ фы  чряЁюёр '╚╤1-231'
2025-12-14 20:53:36,387 [INFO] \U0001f4c5 [241] ╟руЁєцр■ Ёрёяшёрэшх фы : ╚╤1-231
2025-12-14 20:53:36,403 [INFO] \U0001f50d [241] @user_241 \u2192 ╚∙хЄ уЁєяяє: '╚╤1-232'
2025-12-14 20:53:36,404 [INFO] \u2705 [241] ═рщфхэю 1 уЁєяя√ фы  чряЁюёр '╚╤1-232'
2025-12-14 20:53:36,404 [INFO] \U0001f4c5 [241] ╟руЁєцр■ Ёрёяшёрэшх фы : ╚╤1-232
2025-12-14 20:53:36,420 [INFO] \U0001f50d [242] @user_242 \u2192 ╚∙хЄ уЁєяяє: '╚╤1-231'
2025-12-14 20:53:36,421 [INFO] \u2705 [242] ═рщфхэю 1 уЁєяя√ фы  чряЁюёр '╚╤1-231'
2025-12-14 20:53:36,421 [INFO] \U0001f4c5 [242] ╟руЁєцр■ Ёрёяшёрэшх фы : ╚╤1-231
2025-12-14 20:53:36,444 [INFO] \U0001f50d [242] @user_242 \u2192 ╚∙хЄ уЁєяяє: '╚╤1-232'
2025-12-14 20:53:36,446 [INFO] \u2705 [242] ═рщфхэю 1 уЁєяя√ фы  чряЁюёр '╚╤1-232'
2025-12-14 20:53:36,446 [INFO] \U0001f4c5 [242] ╟руЁєцр■ Ёрёяшёрэшх фы : ╚╤1-232
2025-12-14 20:53:36,468 [INFO] \U0001f50d [243] @user_243 \u2192 ╚∙хЄ уЁєяяє: '╚╤1-231'
2025-12-14 20:53:36,469 [INFO] \u2705 [243] ═рщфхэю 1 уЁєяя√ фы  чряЁюёр '╚╤1-231'
2025-12-14 20:53:36,469 [INFO] \U0001f4c5 [243] ╟руЁєцр■ Ёрёяшёрэшх фы : ╚╤1-231
2025-12-14 20:53:36,487 [INFO] \U0001f50d [243] @user_243 \u2192 ╚∙хЄ уЁєяяє: '╚╤1-232'
2025-12-14 20:53:36,489 [INFO] \u2705 [243] ═рщфхэю 1 уЁєяя√ фы  чряЁюёр '╚╤1-232'
2025-12-14 20:53:36,490 [INFO] \U0001f4c5 [243] ╟руЁєцр■ Ёрёяшёрэшх фы : ╚╤1-232
2025-12-14 20:53:36,507 [INFO] \U0001f50d [244] @user_244 \u2192 ╚∙хЄ уЁєяяє: '╚╤1-231'
2025-12-14 20:53:36,507 [INFO] \u2705 [244] ═рщфхэю 1 уЁєяя√ фы  чряЁюёр '╚╤1-231'
2025-12-14 20:53:36,507 [INFO] \U0001f4c5 [244] ╟руЁєцр■ Ёрёяшёрэшх фы : ╚╤1-231
2025-12-14 20:53:36,524 [INFO] \U0001f50d [244] @user_244 \u2192 ╚∙хЄ уЁєяяє: '╚╤1-232'
2025-12-14 20:53:36,525 [INFO] \u2705 [244] ═рщфхэю 1 уЁєяя√ фы  чряЁюёр '╚╤1-232'
2025-12-14 20:53:36,525 [INFO] \U0001f4c5 [244] ╟руЁєцр■ Ёрёяшёрэшх фы : ╚╤1-232
2025-12-14 20:53:36,549 [INFO] \U0001f50d [245] @user_245 \u2192 ╚∙хЄ уЁєяяє: '╚╤1-231'
2025-12-14 20:53:36,551 [INFO] \u2705 [245] ═рщфхэю 1 уЁєяя√ фы  чряЁюёр '╚╤1-231'
2025-12-14 20:53:36,551 [INFO] \U0001f4c5 [245] ╟руЁєцр■ Ёрёяшёрэшх фы : ╚╤1-231
2025-12-14 20:53:36,567 [INFO] \U0001f50d [245] @user_245 \u2192 ╚∙хЄ уЁєяяє: '╚╤1-232'
2025-12-14 20:53:36,568 [INFO] \u2705 [245] ═рщфхэю 1 уЁєяя√ фы  чряЁюёр '╚╤1-232'
2025-12-14 20:53:36,568 [INFO] \U0001f4c5 [245] ╟руЁєцр■ Ёрёяшёрэшх фы : ╚╤1-232
2025-12-14 20:53:36,587 [INFO] \U0001f50d [246] @user_246 \u2192 ╚∙хЄ уЁєяяє: '╚╤1-231'
2025-12-14 20:53:36,588 [INFO] \u2705 [246] ═рщфхэю 1 уЁєяя√ фы  чряЁюёр '╚╤1-231'
2025-12-14 20:53:36,588 [INFO] \U0001f4c5 [246] ╟руЁєцр■ Ёрёяшёрэшх фы : ╚╤1-231
2025-12-14 20:53:36,611 [INFO] \U0001f50d [246] @user_246 \u2192 ╚∙хЄ уЁєяяє: '╚╤1-232'
2025-12-14 20:53:36,612 [INFO] \u2705 [246] ═рщфхэю 1 уЁєяя√ фы  чряЁюёр '╚╤1-232'
2025-12-14 20:53:36,612 [INFO] \U0001f4c5 [246] ╟руЁєцр■ Ёрёяшёрэшх фы : ╚╤1-232
2025-12-14 20:53:36,636 [INFO] \U0001f50d [247] @user_247 \u2192 ╚∙хЄ уЁєяяє: '╚╤1-231'
2025-12-14 20:53:36,637 [INFO] \u2705 [247] ═рщфхэю 1 уЁєяя√ фы  чряЁюёр '╚╤1-231'
2025-12-14 20:53:36,638 [INFO] \U0001f4c5 [247] ╟руЁєцр■ Ёрёяшёрэшх фы : ╚╤1-231
2025-12-14 20:53:36,652 [INFO] \U0001f50d [247] @user_247 \u2192 ╚∙хЄ уЁєяяє: '╚╤1-232'
2025-12-14 20:53:36,653 [INFO] \u2705 [247] ═рщфхэю 1 уЁєяя√ фы  чряЁюёр '╚╤1-232'
2025-12-14 20:53:36,653 [INFO] \U0001f4c5 [247] ╟руЁєцр■ Ёрёяшёрэшх фы : ╚╤1-232
2025-12-14 20:53:36,674 [INFO] \U0001f50d [248] @user_248 \u2192 ╚∙хЄ уЁєяяє: '╚╤1-231'
2025-12-14 20:53:36,675 [INFO] \u2705 [248] ═рщфхэю 1 уЁєяя√ фы  чряЁюёр '╚╤1-231'
2025-12-14 20:53:36,675 [INFO] \U0001f4c5 [248] ╟руЁєцр■ Ёрёяшёрэшх фы : ╚╤1-231
2025-12-14 20:53:36,689 [INFO] \U0001f50d [248] @user_248 \u2192 ╚∙хЄ уЁєяяє: '╚╤1-232'
2025-12-14 20:53:36,690 [INFO] \u2705 [248] ═рщфхэю 1 уЁєяя√ фы  чряЁюёр '╚╤1-232'
2025-12-14 20:53:36,690 [INFO] \U0001f4c5 [248] ╟руЁєцр■ Ёрёяшёрэшх фы : ╚╤1-232
2025-12-14 20:53:36,707 [INFO] \U0001f50d [249] @user_249 \u2192 ╚∙хЄ уЁєяяє: '╚╤1-231'
2025-12-14 20:53:36,708 [INFO] \u2705 [249] ═рщфхэю 1 уЁєяя√ фы  чряЁюёр '╚╤1-231'
2025-12-14 20:53:36,708 [INFO] \U0001f4c5 [249] ╟руЁєцр■ Ёрёяшёрэшх фы : ╚╤1-231
2025-12-14 20:53:36,728 [INFO] \U0001f50d [249] @user_249 \u2192 ╚∙хЄ уЁєяяє: '╚╤1-232'
2025-12-14 20:53:36,729 [INFO] \u2705 [249] ═рщфхэю 1 уЁєяя√ фы  чряЁюёр '╚╤1-232'
2025-12-14 20:53:36,729 [INFO] \U0001f4c5 [249] ╟руЁєцр■ Ёрёяшёрэшх фы : ╚╤1-232
2025-12-14 20:53:36,748 [INFO] \U0001f50d [250] @user_250 \u2192 ╚∙хЄ уЁєяяє: '╚╤1-231'
2025-12-14 20:53:36,749 [INFO] \u2705 [250] ═рщфхэю 1 уЁєяя√ фы  чряЁюёр '╚╤1-231'
2025-12-14 20:53:36,749 [INFO] \U0001f4c5 [250] ╟руЁєцр■ Ёрёяшёрэшх фы : ╚╤1-231
2025-12-14 20:53:36,767 [INFO] \U0001f50d [250] @user_250 \u2192 ╚∙хЄ уЁєяяє: '╚╤1-232'
2025-12-14 20:53:36,768 [INFO] \u2705 [250] ═рщфхэю 1 уЁєяя√ фы  чряЁюёр '╚╤1-232'
2025-12-14 20:53:36,768 [INFO] \U0001f4c5 [250] ╟руЁєцр■ Ёрёяшёрэшх фы : ╚╤1-232
2025-12-14 20:53:36,791 [INFO] \U0001f50d [251] @user_251 \u2192 ╚∙хЄ уЁєяяє: '╚╤1-231'
2025-12-14 20:53:36,793 [INFO] \u2705 [251] ═рщфхэю 1 уЁєяя√ фы  чряЁюёр '╚╤1-231'
2025-12-14 20:53:36,793 [INFO] \U0001f4c5 [251] ╟руЁєцр■ Ёрёяшёрэшх фы : ╚╤1-231
2025-12-14 20:53:36,809 [INFO] \U0001f50d [251] @user_251 \u2192 ╚∙хЄ уЁєяяє: '╚╤1-232'
2025-12-14 20:53:36,811 [INFO] \u2705 [251] ═рщфхэю 1 уЁєяя√ фы  чряЁюёр '╚╤1-232'
2025-12-14 20:53:36,811 [INFO] \U0001f4c5 [251] ╟руЁєцр■ Ёрёяшёрэшх фы : ╚╤1-232
2025-12-14 20:53:36,831 [INFO] \U0001f50d [252] @user_252 \u2192 ╚∙хЄ уЁєяяє: '╚╤1-231'
2025-12-14 20:53:36,832 [INFO] \u2705 [252] ═рщфхэю 1 уЁєяя√ фы  чряЁюёр '╚╤1-231'
2025-12-14 20:53:36,832 [INFO] \U0001f4c5 [252] ╟руЁєцр■ Ёрёяшёрэшх фы : ╚╤1-231
2025-12-14 20:53:36,857 [INFO] \U0001f50d [252] @user_252 \u2192 ╚∙хЄ уЁєяяє: '╚╤1-232'
2025-12-14 20:53:36,859 [INFO] \u2705 [252] ═рщфхэю 1 уЁєяя√ фы  чряЁюёр '╚╤1-232'
2025-12-14 20:53:36,860 [INFO] \U0001f4c5 [252] ╟руЁєцр■ Ёрёяшёрэшх фы : ╚╤1-232
2025-12-14 20:53:36,877 [INFO] \U0001f50d [253] @user_253 \u2192 ╚∙хЄ уЁєяяє: '╚╤1-231'
2025-12-14 20:53:36,878 [INFO] \u2705 [253] ═рщфхэю 1 уЁєяя√ фы  чряЁюёр '╚╤1-231'
2025-12-14 20:53:36,879 [INFO] \U0001f4c5 [253] ╟руЁєцр■ Ёрёяшёрэшх фы : ╚╤1-231
2025-12-14 20:53:36,899 [INFO] \U0001f50d [253] @user_253 \u2192 ╚∙хЄ уЁєяяє: '╚╤1-232'
2025-12-14 20:53:36,899 [INFO] \u2705 [253] ═рщфхэю 1 уЁєяя√ фы  чряЁюёр '╚╤1-232'
2025-12-14 20:53:36,900 [INFO] \U0001f4c5 [253] ╟руЁєцр■ Ёрёяшёрэшх фы : ╚╤1-232
2025-12-14 20:53:36,922 [INFO] \U0001f50d [254] @user_254 \u2192 ╚∙хЄ уЁєяяє: '╚╤1-231'
2025-12-14 20:53:36,923 [INFO] \u2705 [254] ═рщфхэю 1 уЁєяя√ фы  чряЁюёр '╚╤1-231'
2025-12-14 20:53:36,923 [INFO] \U0001f4c5 [254] ╟руЁєцр■ Ёрёяшёрэшх фы : ╚╤1-231
2025-12-14 20:53:36,944 [INFO] \U0001f50d [254] @user_254 \u2192 ╚∙хЄ уЁєяяє: '╚╤1-232'
2025-12-14 20:53:36,945 [INFO] \u2705 [254] ═рщфхэю 1 уЁєяя√ фы  чряЁюёр '╚╤1-232'
2025-12-14 20:53:36,945 [INFO] \U0001f4c5 [254] ╟руЁєцр■ Ёрёяшёрэшх фы : ╚╤1-232
2025-12-14 20:53:36,967 [INFO] \U0001f50d [255] @user_255 \u2192 ╚∙хЄ уЁєяяє: '╚╤1-231'
2025-12-14 20:53:36,968 [INFO] \u2705 [255] ═рщфхэю 1 уЁєяя√ фы  чряЁюёр '╚╤1-231'
2025-12-14 20:53:36,968 [INFO] \U0001f4c5 [255] ╟руЁєцр■ Ёрёяшёрэшх фы : ╚╤1-231
2025-12-14 20:53:36,987 [INFO] \U0001f50d [255] @user_255 \u2192 ╚∙хЄ уЁєяяє: '╚╤1-232'
2025-12-14 20:53:36,987 [INFO] \u2705 [255] ═рщфхэю 1 уЁєяя√ фы  чряЁюёр '╚╤1-232'
2025-12-14 20:53:36,988 [INFO] \U0001f4c5 [255] ╟руЁєцр■ Ёрёяшёрэшх фы : ╚╤1-232
2025-12-14 20:53:37,005 [INFO] \U0001f50d [256] @user_256 \u2192 ╚∙хЄ уЁєяяє: '╚╤1-231'
2025-12-14 20:53:37,006 [INFO] \u2705 [256] ═рщфхэю 1 уЁєяя√ фы  чряЁюёр '╚╤1-231'
2025-12-14 20:53:37,006 [INFO] \U0001f4c5 [256] ╟руЁєцр■ Ёрёяшёрэшх фы : ╚╤1-231
2025-12-14 20:53:37,023 [INFO] \U0001f50d [256] @user_256 \u2192 ╚∙хЄ уЁєяяє: '╚╤1-232'
2025-12-14 20:53:37,024 [INFO] \u2705 [256] ═рщфхэю 1 уЁєяя√ фы  чряЁюёр '╚╤1-232'
2025-12-14 20:53:37,025 [INFO] \U0001f4c5 [256] ╟руЁєцр■ Ёрёяшёрэшх фы : ╚╤1-232
2025-12-14 20:53:37,041 [INFO] \U0001f50d [257] @user_257 \u2192 ╚∙хЄ уЁєяяє: '╚╤1-231'
2025-12-14 20:53:37,043 [INFO] \u2705 [257] ═рщфхэю 1 уЁєяя√ фы  чряЁюёр '╚╤1-231'
2025-12-14 20:53:37,045 [INFO] \U0001f4c5 [257] ╟руЁєцр■ Ёрёяшёрэшх фы : ╚╤1-231
2025-12-14 20:53:37,068 [INFO] \U0001f50d [257] @user_257 \u2192 ╚∙хЄ уЁєяяє: '╚╤1-232'
2025-12-14 20:53:37,069 [INFO] \u2705 [257] ═рщфхэю 1 уЁєяя√ фы  чряЁюёр '╚╤1-232'
2025-12-14 20:53:37,069 [INFO] \U0001f4c5 [257] ╟руЁєцр■ Ёрёяшёрэшх фы : ╚╤1-232
2025-12-14 20:53:37,090 [INFO] \U0001f50d [258] @user_258 \u2192 ╚∙хЄ уЁєяяє: '╚╤1-231'
2025-12-14 20:53:37,091 [INFO] \u2705 [258] ═рщфхэю 1 уЁєяя√ фы  чряЁюёр '╚╤1-231'
2025-12-14 20:53:37,091 [INFO] \U0001f4c5 [258] ╟руЁєцр■ Ёрёяшёрэшх фы : ╚╤1-231
2025-12-14 20:53:37,110 [INFO] \U0001f50d [258] @user_258 \u2192 ╚∙хЄ уЁєяяє: '╚╤1-232'
2025-12-14 20:53:37,112 [INFO] \u2705 [258] ═рщфхэю 1 уЁєяя√ фы  чряЁюёр '╚╤1-232'
2025-12-14 20:53:37,112 [INFO] \U0001f4c5 [258] ╟руЁєцр■ Ёрёяшёрэшх фы : ╚╤1-232
2025-12-14 20:53:37,131 [INFO] \U0001f50d [259] @user_259 \u2192 ╚∙хЄ уЁєяяє: '╚╤1-231'
2025-12-14 20:53:37,131 [INFO] \u2705 [259] ═рщфхэю 1 уЁєяя√ фы  чряЁюёр '╚╤1-231'
2025-12-14 20:53:37,132 [INFO] \U0001f4c5 [259] ╟руЁєцр■ Ёрёяшёрэшх фы : ╚╤1-231
2025-12-14 20:53:37,148 [INFO] \U0001f50d [259] @user_259 \u2192 ╚∙хЄ уЁєяяє: '╚╤1-232'
2025-12-14 20:53:37,149 [INFO] \u2705 [259] ═рщфхэю 1 уЁєяя√ фы  чряЁюёр '╚╤1-232'
2025-12-14 20:53:37,149 [INFO] \U0001f4c5 [259] ╟руЁєцр■ Ёрёяшёрэшх фы : ╚╤1-232
2025-12-14 20:53:37,168 [INFO] \U0001f50d [260] @user_260 \u2192 ╚∙хЄ уЁєяяє: '╚╤1-231'
2025-12-14 20:53:37,168 [INFO] \u2705 [260] ═рщфхэю 1 уЁєяя√ фы  чряЁюёр '╚╤1-231'
2025-12-14 20:53:37,169 [INFO] \U0001f4c5 [260] ╟руЁєцр■ Ёрёяшёрэшх фы : ╚╤1-231
2025-12-14 20:53:37,187 [INFO] \U0001f50d [260] @user_260 \u2192 ╚∙хЄ уЁєяяє: '╚╤1-232'
2025-12-14 20:53:37,189 [INFO] \u2705 [260] ═рщфхэю 1 уЁєяя√ фы  чряЁюёр '╚╤1-232'
2025-12-14 20:53:37,189 [INFO] \U0001f4c5 [260] ╟руЁєцр■ Ёрёяшёрэшх фы : ╚╤1-232
2025-12-14 20:53:37,211 [INFO] \U0001f50d [261] @user_261 \u2192 ╚∙хЄ уЁєяяє: '╚╤1-231'
2025-12-14 20:53:37,212 [INFO] \u2705 [261] ═рщфхэю 1 уЁєяя√ фы  чряЁюёр '╚╤1-231'
2025-12-14 20:53:37,212 [INFO] \U0001f4c5 [261] ╟руЁєцр■ Ёрёяшёрэшх фы : ╚╤1-231
2025-12-14 20:53:37,233 [INFO] \U0001f50d [261] @user_261 \u2192 ╚∙хЄ уЁєяяє: '╚╤1-232'
2025-12-14 20:53:37,234 [INFO] \u2705 [261] ═рщфхэю 1 уЁєяя√ фы  чряЁюёр '╚╤1-232'
2025-12-14 20:53:37,234 [INFO] \U0001f4c5 [261] ╟руЁєцр■ Ёрёяшёрэшх фы : ╚╤1-232
2025-12-14 20:53:37,253 [INFO] \U0001f50d [262] @user_262 \u2192 ╚∙хЄ уЁєяяє: '╚╤1-231'
2025-12-14 20:53:37,254 [INFO] \u2705 [262] ═рщфхэю 1 уЁєяя√ фы  чряЁюёр '╚╤1-231'
2025-12-14 20:53:37,254 [INFO] \U0001f4c5 [262] ╟руЁєцр■ Ёрёяшёрэшх фы : ╚╤1-231
2025-12-14 20:53:37,272 [INFO] \U0001f50d [262] @user_262 \u2192 ╚∙хЄ уЁєяяє: '╚╤1-232'
2025-12-14 20:53:37,272 [INFO] \u2705 [262] ═рщфхэю 1 уЁєяя√ фы  чряЁюёр '╚╤1-232'
2025-12-14 20:53:37,273 [INFO] \U0001f4c5 [262] ╟руЁєцр■ Ёрёяшёрэшх фы : ╚╤1-232
2025-12-14 20:53:37,292 [INFO] \U0001f50d [263] @user_263 \u2192 ╚∙хЄ уЁєяяє: '╚╤1-231'
2025-12-14 20:53:37,293 [INFO] \u2705 [263] ═рщфхэю 1 уЁєяя√ фы  чряЁюёр '╚╤1-231'
2025-12-14 20:53:37,293 [INFO] \U0001f4c5 [263] ╟руЁєцр■ Ёрёяшёрэшх фы : ╚╤1-231
2025-12-14 20:53:37,312 [INFO] \U0001f50d [263] @user_263 \u2192 ╚∙хЄ уЁєяяє: '╚╤1-232'
2025-12-14 20:53:37,314 [INFO] \u2705 [263] ═рщфхэю 1 уЁєяя√ фы  чряЁюёр '╚╤1-232'
2025-12-14 20:53:37,315 [INFO] \U0001f4c5 [263] ╟руЁєцр■ Ёрёяшёрэшх фы : ╚╤1-232
2025-12-14 20:53:37,334 [INFO] \U0001f50d [264] @user_264 \u2192 ╚∙хЄ уЁєяяє: '╚╤1-231'
2025-12-14 20:53:37,335 [INFO] \u2705 [264] ═рщфхэю 1 уЁєяя√ фы  чряЁюёр '╚╤1-231'
2025-12-14 20:53:37,336 [INFO] \U0001f4c5 [264] ╟руЁєцр■ Ёрёяшёрэшх фы : ╚╤1-231
2025-12-14 20:53:37,354 [INFO] \U0001f50d [264] @user_264 \u2192 ╚∙хЄ уЁєяяє: '╚╤1-232'
2025-12-14 20:53:37,355 [INFO] \u2705 [264] ═рщфхэю 1 уЁєяя√ фы  чряЁюёр '╚╤1-232'
2025-12-14 20:53:37,356 [INFO] \U0001f4c5 [264] ╟руЁєцр■ Ёрёяшёрэшх фы : ╚╤1-232
2025-12-14 20:53:37,373 [INFO] \U0001f50d [265] @user_265 \u2192 ╚∙хЄ уЁєяяє: '╚╤1-231'
2025-12-14 20:53:37,374 [INFO] \u2705 [265] ═рщфхэю 1 уЁєяя√ фы  чряЁюёр '╚╤1-231'
2025-12-14 20:53:37,374 [INFO] \U0001f4c5 [265] ╟руЁєцр■ Ёрёяшёрэшх фы : ╚╤1-231
2025-12-14 20:53:37,396 [INFO] \U0001f50d [265] @user_265 \u2192 ╚∙хЄ уЁєяяє: '╚╤1-232'
2025-12-14 20:53:37,397 [INFO] \u2705 [265] ═рщфхэю 1 уЁєяя√ фы  чряЁюёр '╚╤1-232'
2025-12-14 20:53:37,397 [INFO] \U0001f4c5 [265] ╟руЁєцр■ Ёрёяшёрэшх фы : ╚╤1-232
2025-12-14 20:53:37,416 [INFO] \U0001f50d [266] @user_266 \u2192 ╚∙хЄ уЁєяяє: '╚╤1-231'
2025-12-14 20:53:37,417 [INFO] \u2705 [266] ═рщфхэю 1 уЁєяя√ фы  чряЁюёр '╚╤1-231'
2025-12-14 20:53:37,417 [INFO] \U0001f4c5 [266] ╟руЁєцр■ Ёрёяшёрэшх фы : ╚╤1-231
2025-12-14 20:53:37,435 [INFO] \U0001f50d [266] @user_266 \u2192 ╚∙хЄ уЁєяяє: '╚╤1-232'
2025-12-14 20:53:37,436 [INFO] \u2705 [266] ═рщфхэю 1 уЁєяя√ фы  чряЁюёр '╚╤1-232'
2025-12-14 20:53:37,436 [INFO] \U0001f4c5 [266] ╟руЁєцр■ Ёрёяшёрэшх фы : ╚╤1-232
2025-12-14 20:53:37,454 [INFO] \U0001f50d [267] @user_267 \u2192 ╚∙хЄ уЁєяяє: '╚╤1-231'
2025-12-14 20:53:37,455 [INFO] \u2705 [267] ═рщфхэю 1 уЁєяя√ фы  чряЁюёр '╚╤1-231'
2025-12-14 20:53:37,455 [INFO] \U0001f4c5 [267] ╟руЁєцр■ Ёрёяшёрэшх фы : ╚╤1-231
2025-12-14 20:53:37,473 [INFO] \U0001f50d [267] @user_267 \u2192 ╚∙хЄ уЁєяяє: '╚╤1-232'
2025-12-14 20:53:37,474 [INFO] \u2705 [267] ═рщфхэю 1 уЁєяя√ фы  чряЁюёр '╚╤1-232'
2025-12-14 20:53:37,474 [INFO] \U0001f4c5 [267] ╟руЁєцр■ Ёрёяшёрэшх фы : ╚╤1-232
2025-12-14 20:53:37,492 [INFO] \U0001f50d [268] @user_268 \u2192 ╚∙хЄ уЁєяяє: '╚╤1-231'
2025-12-14 20:53:37,493 [INFO] \u2705 [268] ═рщфхэю 1 уЁєяя√ фы  чряЁюёр '╚╤1-231'
2025-12-14 20:53:37,493 [INFO] \U0001f4c5 [268] ╟руЁєцр■ Ёрёяшёрэшх фы : ╚╤1-231
2025-12-14 20:53:37,511 [INFO] \U0001f50d [268] @user_268 \u2192 ╚∙хЄ уЁєяяє: '╚╤1-232'
2025-12-14 20:53:37,512 [INFO] \u2705 [268] ═рщфхэю 1 уЁєяя√ фы  чряЁюёр '╚╤1-232'
2025-12-14 20:53:37,512 [INFO] \U0001f4c5 [268] ╟руЁєцр■ Ёрёяшёрэшх фы : ╚╤1-232
2025-12-14 20:53:37,532 [INFO] \U0001f50d [269] @user_269 \u2192 ╚∙хЄ уЁєяяє: '╚╤1-231'
2025-12-14 20:53:37,533 [INFO] \u2705 [269] ═рщфхэю 1 уЁєяя√ фы  чряЁюёр '╚╤1-231'
2025-12-14 20:53:37,533 [INFO] \U0001f4c5 [269] ╟руЁєцр■ Ёрёяшёрэшх фы : ╚╤1-231
2025-12-14 20:53:37,551 [INFO] \U0001f50d [269] @user_269 \u2192 ╚∙хЄ уЁєяяє: '╚╤1-232'
2025-12-14 20:53:37,552 [INFO] \u2705 [269] ═рщфхэю 1 уЁєяя√ фы  чряЁюёр '╚╤1-232'
2025-12-14 20:53:37,552 [INFO] \U0001f4c5 [269] ╟руЁєцр■ Ёрёяшёрэшх фы : ╚╤1-232
2025-12-14 20:53:37,568 [INFO] \U0001f50d [270] @user_270 \u2192 ╚∙хЄ уЁєяяє: '╚╤1-231'
2025-12-14 20:53:37,569 [INFO] \u2705 [270] ═рщфхэю 1 уЁєяя√ фы  чряЁюёр '╚╤1-231'
2025-12-14 20:53:37,569 [INFO] \U0001f4c5 [270] ╟руЁєцр■ Ёрёяшёрэшх фы : ╚╤1-231
2025-12-14 20:53:37,587 [INFO] \U0001f50d [270] @user_270 \u2192 ╚∙хЄ уЁєяяє: '╚╤1-232'
2025-12-14 20:53:37,587 [INFO] \u2705 [270] ═рщфхэю 1 уЁєяя√ фы  чряЁюёр '╚╤1-232'
2025-12-14 20:53:37,588 [INFO] \U0001f4c5 [270] ╟руЁєцр■ Ёрёяшёрэшх фы : ╚╤1-232
2025-12-14 20:53:37,606 [INFO] \U0001f50d [271] @user_271 \u2192 ╚∙хЄ уЁєяяє: '╚╤1-231'
2025-12-14 20:53:37,607 [INFO] \u2705 [271] ═рщфхэю 1 уЁєяя√ фы  чряЁюёр '╚╤1-231'
2025-12-14 20:53:37,607 [INFO] \U0001f4c5 [271] ╟руЁєцр■ Ёрёяшёрэшх фы : ╚╤1-231
2025-12-14 20:53:37,625 [INFO] \U0001f50d [271] @user_271 \u2192 ╚∙хЄ уЁєяяє: '╚╤1-232'
2025-12-14 20:53:37,625 [INFO] \u2705 [271] ═рщфхэю 1 уЁєяя√ фы  чряЁюёр '╚╤1-232'
2025-12-14 20:53:37,626 [INFO] \U0001f4c5 [271] ╟руЁєцр■ Ёрёяшёрэшх фы : ╚╤1-232
2025-12-14 20:53:37,645 [INFO] \U0001f50d [272] @user_272 \u2192 ╚∙хЄ уЁєяяє: '╚╤1-231'
2025-12-14 20:53:37,646 [INFO] \u2705 [272] ═рщфхэю 1 уЁєяя√ фы  чряЁюёр '╚╤1-231'
2025-12-14 20:53:37,647 [INFO] \U0001f4c5 [272] ╟руЁєцр■ Ёрёяшёрэшх фы : ╚╤1-231
2025-12-14 20:53:37,666 [INFO] \U0001f50d [272] @user_272 \u2192 ╚∙хЄ уЁєяяє: '╚╤1-232'
2025-12-14 20:53:37,666 [INFO] \u2705 [272] ═рщфхэю 1 уЁєяя√ фы  чряЁюёр '╚╤1-232'
2025-12-14 20:53:37,667 [INFO] \U0001f4c5 [272] ╟руЁєцр■ Ёрёяшёрэшх фы : ╚╤1-232
2025-12-14 20:53:37,688 [INFO] \U0001f50d [273] @user_273 \u2192 ╚∙хЄ уЁєяяє: '╚╤1-231'
2025-12-14 20:53:37,689 [INFO] \u2705 [273] ═рщфхэю 1 уЁєяя√ фы  чряЁюёр '╚╤1-231'
2025-12-14 20:53:37,689 [INFO] \U0001f4c5 [273] ╟руЁєцр■ Ёрёяшёрэшх фы : ╚╤1-231
2025-12-14 20:53:37,708 [INFO] \U0001f50d [273] @user_273 \u2192 ╚∙хЄ уЁєяяє: '╚╤1-232'
2025-12-14 20:53:37,709 [INFO] \u2705 [273] ═рщфхэю 1 уЁєяя√ фы  чряЁюёр '╚╤1-232'
2025-12-14 20:53:37,710 [INFO] \U0001f4c5 [273] ╟руЁєцр■ Ёрёяшёрэшх фы : ╚╤1-232
2025-12-14 20:53:37,727 [INFO] \U0001f50d [274] @user_274 \u2192 ╚∙хЄ уЁєяяє: '╚╤1-231'
2025-12-14 20:53:37,728 [INFO] \u2705 [274] ═рщфхэю 1 уЁєяя√ фы  чряЁюёр '╚╤1-231'
2025-12-14 20:53:37,729 [INFO] \U0001f4c5 [274] ╟руЁєцр■ Ёрёяшёрэшх фы : ╚╤1-231
2025-12-14 20:53:37,745 [INFO] \U0001f50d [274] @user_274 \u2192 ╚∙хЄ уЁєяяє: '╚╤1-232'
2025-12-14 20:53:37,746 [INFO] \u2705 [274] ═рщфхэю 1 уЁєяя√ фы  чряЁюёр '╚╤1-232'
2025-12-14 20:53:37,746 [INFO] \U0001f4c5 [274] ╟руЁєцр■ Ёрёяшёрэшх фы : ╚╤1-232
2025-12-14 20:53:37,766 [INFO] \U0001f50d [275] @user_275 \u2192 ╚∙хЄ уЁєяяє: '╚╤1-231'
2025-12-14 20:53:37,766 [INFO] \u2705 [275] ═рщфхэю 1 уЁєяя√ фы  чряЁюёр '╚╤1-231'
2025-12-14 20:53:37,767 [INFO] \U0001f4c5 [275] ╟руЁєцр■ Ёрёяшёрэшх фы : ╚╤1-231
2025-12-14 20:53:37,785 [INFO] \U0001f50d [275] @user_275 \u2192 ╚∙хЄ уЁєяяє: '╚╤1-232'
2025-12-14 20:53:37,786 [INFO] \u2705 [275] ═рщфхэю 1 уЁєяя√ фы  чряЁюёр '╚╤1-232'
2025-12-14 20:53:37,786 [INFO] \U0001f4c5 [275] ╟руЁєцр■ Ёрёяшёрэшх фы : ╚╤1-232
2025-12-14 20:53:37,805 [INFO] \U0001f50d [276] @user_276 \u2192 ╚∙хЄ уЁєяяє: '╚╤1-231'
2025-12-14 20:53:37,806 [INFO] \u2705 [276] ═рщфхэю 1 уЁєяя√ фы  чряЁюёр '╚╤1-231'
2025-12-14 20:53:37,806 [INFO] \U0001f4c5 [276] ╟руЁєцр■ Ёрёяшёрэшх фы : ╚╤1-231
2025-12-14 20:53:37,825 [INFO] \U0001f50d [276] @user_276 \u2192 ╚∙хЄ уЁєяяє: '╚╤1-232'
2025-12-14 20:53:37,826 [INFO] \u2705 [276] ═рщфхэю 1 уЁєяя√ фы  чряЁюёр '╚╤1-232'
2025-12-14 20:53:37,826 [INFO] \U0001f4c5 [276] ╟руЁєцр■ Ёрёяшёрэшх фы : ╚╤1-232
2025-12-14 20:53:37,847 [INFO] \U0001f50d [277] @user_277 \u2192 ╚∙хЄ уЁєяяє: '╚╤1-231'
2025-12-14 20:53:37,848 [INFO] \u2705 [277] ═рщфхэю 1 уЁєяя√ фы  чряЁюёр '╚╤1-231'
2025-12-14 20:53:37,849 [INFO] \U0001f4c5 [277] ╟руЁєцр■ Ёрёяшёрэшх фы : ╚╤1-231
2025-12-14 20:53:37,869 [INFO] \U0001f50d [277] @user_277 \u2192 ╚∙хЄ уЁєяяє: '╚╤1-232'
2025-12-14 20:53:37,871 [INFO] \u2705 [277] ═рщфхэю 1 уЁєяя√ фы  чряЁюёр '╚╤1-232'
2025-12-14 20:53:37,871 [INFO] \U0001f4c5 [277] ╟руЁєцр■ Ёрёяшёрэшх фы : ╚╤1-232
2025-12-14 20:53:37,891 [INFO] \U0001f50d [278] @user_278 \u2192 ╚∙хЄ уЁєяяє: '╚╤1-231'
2025-12-14 20:53:37,894 [INFO] \u2705 [278] ═рщфхэю 1 уЁєяя√ фы  чряЁюёр '╚╤1-231'
2025-12-14 20:53:37,895 [INFO] \U0001f4c5 [278] ╟руЁєцр■ Ёрёяшёрэшх фы : ╚╤1-231
2025-12-14 20:53:37,912 [INFO] \U0001f50d [278] @user_278 \u2192 ╚∙хЄ уЁєяяє: '╚╤1-232'
2025-12-14 20:53:37,913 [INFO] \u2705 [278] ═рщфхэю 1 уЁєяя√ фы  чряЁюёр '╚╤1-232'
2025-12-14 20:53:37,913 [INFO] \U0001f4c5 [278] ╟руЁєцр■ Ёрёяшёрэшх фы : ╚╤1-232
2025-12-14 20:53:37,932 [INFO] \U0001f50d [279] @user_279 \u2192 ╚∙хЄ уЁєяяє: '╚╤1-231'
2025-12-14 20:53:37,933 [INFO] \u2705 [279] ═рщфхэю 1 уЁєяя√ фы  чряЁюёр '╚╤1-231'
2025-12-14 20:53:37,933 [INFO] \U0001f4c5 [279] ╟руЁєцр■ Ёрёяшёрэшх фы : ╚╤1-231
2025-12-14 20:53:37,949 [INFO] \U0001f50d [279] @user_279 \u2192 ╚∙хЄ уЁєяяє: '╚╤1-232'
2025-12-14 20:53:37,950 [INFO] \u2705 [279] ═рщфхэю 1 уЁєяя√ фы  чряЁюёр '╚╤1-232'
2025-12-14 20:53:37,950 [INFO] \U0001f4c5 [279] ╟руЁєцр■ Ёрёяшёрэшх фы : ╚╤1-232
2025-12-14 20:53:37,973 [INFO] \U0001f50d [280] @user_280 \u2192 ╚∙хЄ уЁєяяє: '╚╤1-231'
2025-12-14 20:53:37,974 [INFO] \u2705 [280] ═рщфхэю 1 уЁєяя√ фы  чряЁюёр '╚╤1-231'
2025-12-14 20:53:37,975 [INFO] \U0001f4c5 [280] ╟руЁєцр■ Ёрёяшёрэшх фы : ╚╤1-231
2025-12-14 20:53:37,997 [INFO] \U0001f50d [280] @user_280 \u2192 ╚∙хЄ уЁєяяє: '╚╤1-232'
2025-12-14 20:53:37,997 [INFO] \u2705 [280] ═рщфхэю 1 уЁєяя√ фы  чряЁюёр '╚╤1-232'
2025-12-14 20:53:37,998 [INFO] \U0001f4c5 [280] ╟руЁєцр■ Ёрёяшёрэшх фы : ╚╤1-232
2025-12-14 20:53:38,015 [INFO] \U0001f50d [281] @user_281 \u2192 ╚∙хЄ уЁєяяє: '╚╤1-231'
2025-12-14 20:53:38,015 [INFO] \u2705 [281] ═рщфхэю 1 уЁєяя√ фы  чряЁюёр '╚╤1-231'
2025-12-14 20:53:38,016 [INFO] \U0001f4c5 [281] ╟руЁєцр■ Ёрёяшёрэшх фы : ╚╤1-231
2025-12-14 20:53:38,036 [INFO] \U0001f50d [281] @user_281 \u2192 ╚∙хЄ уЁєяяє: '╚╤1-232'
2025-12-14 20:53:38,036 [INFO] \u2705 [281] ═рщфхэю 1 уЁєяя√ фы  чряЁюёр '╚╤1-232'
2025-12-14 20:53:38,036 [INFO] \U0001f4c5 [281] ╟руЁєцр■ Ёрёяшёрэшх фы : ╚╤1-232
2025-12-14 20:53:38,057 [INFO] \U0001f50d [282] @user_282 \u2192 ╚∙хЄ уЁєяяє: '╚╤1-231'
2025-12-14 20:53:38,058 [INFO] \u2705 [282] ═рщфхэю 1 уЁєяя√ фы  чряЁюёр '╚╤1-231'
2025-12-14 20:53:38,058 [INFO] \U0001f4c5 [282] ╟руЁєцр■ Ёрёяшёрэшх фы : ╚╤1-231
2025-12-14 20:53:38,080 [INFO] \U0001f50d [282] @user_282 \u2192 ╚∙хЄ уЁєяяє: '╚╤1-232'
2025-12-14 20:53:38,081 [INFO] \u2705 [282] ═рщфхэю 1 уЁєяя√ фы  чряЁюёр '╚╤1-232'
2025-12-14 20:53:38,081 [INFO] \U0001f4c5 [282] ╟руЁєцр■ Ёрёяшёрэшх фы : ╚╤1-232
2025-12-14 20:53:38,101 [INFO] \U0001f50d [283] @user_283 \u2192 ╚∙хЄ уЁєяяє: '╚╤1-231'
2025-12-14 20:53:38,102 [INFO] \u2705 [283] ═рщфхэю 1 уЁєяя√ фы  чряЁюёр '╚╤1-231'
2025-12-14 20:53:38,103 [INFO] \U0001f4c5 [283] ╟руЁєцр■ Ёрёяшёрэшх фы : ╚╤1-231
2025-12-14 20:53:38,118 [INFO] \U0001f50d [283] @user_283 \u2192 ╚∙хЄ уЁєяяє: '╚╤1-232'
2025-12-14 20:53:38,119 [INFO] \u2705 [283] ═рщфхэю 1 уЁєяя√ фы  чряЁюёр '╚╤1-232'
2025-12-14 20:53:38,119 [INFO] \U0001f4c5 [283] ╟руЁєцр■ Ёрёяшёрэшх фы : ╚╤1-232
2025-12-14 20:53:38,133 [INFO] \U0001f50d [284] @user_284 \u2192 ╚∙хЄ уЁєяяє: '╚╤1-231'
2025-12-14 20:53:38,134 [INFO] \u2705 [284] ═рщфхэю 1 уЁєяя√ фы  чряЁюёр '╚╤1-231'
2025-12-14 20:53:38,134 [INFO] \U0001f4c5 [284] ╟руЁєцр■ Ёрёяшёрэшх фы : ╚╤1-231
2025-12-14 20:53:38,154 [INFO] \U0001f50d [284] @user_284 \u2192 ╚∙хЄ уЁєяяє: '╚╤1-232'
2025-12-14 20:53:38,155 [INFO] \u2705 [284] ═рщфхэю 1 уЁєяя√ фы  чряЁюёр '╚╤1-232'
2025-12-14 20:53:38,155 [INFO] \U0001f4c5 [284] ╟руЁєцр■ Ёрёяшёрэшх фы : ╚╤1-232
2025-12-14 20:53:38,174 [INFO] \U0001f50d [285] @user_285 \u2192 ╚∙хЄ уЁєяяє: '╚╤1-231'
2025-12-14 20:53:38,175 [INFO] \u2705 [285] ═рщфхэю 1 уЁєяя√ фы  чряЁюёр '╚╤1-231'
2025-12-14 20:53:38,175 [INFO] \U0001f4c5 [285] ╟руЁєцр■ Ёрёяшёрэшх фы : ╚╤1-231
2025-12-14 20:53:38,192 [INFO] \U0001f50d [285] @user_285 \u2192 ╚∙хЄ уЁєяяє: '╚╤1-232'
2025-12-14 20:53:38,193 [INFO] \u2705 [285] ═рщфхэю 1 уЁєяя√ фы  чряЁюёр '╚╤1-232'
2025-12-14 20:53:38,194 [INFO] \U0001f4c5 [285] ╟руЁєцр■ Ёрёяшёрэшх фы : ╚╤1-232
2025-12-14 20:53:38,213 [INFO] \U0001f50d [286] @user_286 \u2192 ╚∙хЄ уЁєяяє: '╚╤1-231'
2025-12-14 20:53:38,214 [INFO] \u2705 [286] ═рщфхэю 1 уЁєяя√ фы  чряЁюёр '╚╤1-231'
2025-12-14 20:53:38,214 [INFO] \U0001f4c5 [286] ╟руЁєцр■ Ёрёяшёрэшх фы : ╚╤1-231
2025-12-14 20:53:38,236 [INFO] \U0001f50d [286] @user_286 \u2192 ╚∙хЄ уЁєяяє: '╚╤1-232'
2025-12-14 20:53:38,236 [INFO] \u2705 [286] ═рщфхэю 1 уЁєяя√ фы  чряЁюёр '╚╤1-232'
2025-12-14 20:53:38,236 [INFO] \U0001f4c5 [286] ╟руЁєцр■ Ёрёяшёрэшх фы : ╚╤1-232
2025-12-14 20:53:38,256 [INFO] \U0001f50d [287] @user_287 \u2192 ╚∙хЄ уЁєяяє: '╚╤1-231'
2025-12-14 20:53:38,257 [INFO] \u2705 [287] ═рщфхэю 1 уЁєяя√ фы  чряЁюёр '╚╤1-231'
2025-12-14 20:53:38,257 [INFO] \U0001f4c5 [287] ╟руЁєцр■ Ёрёяшёрэшх фы : ╚╤1-231
2025-12-14 20:53:38,279 [INFO] \U0001f50d [287] @user_287 \u2192 ╚∙хЄ уЁєяяє: '╚╤1-232'
2025-12-14 20:53:38,279 [INFO] \u2705 [287] ═рщфхэю 1 уЁєяя√ фы  чряЁюёр '╚╤1-232'
2025-12-14 20:53:38,280 [INFO] \U0001f4c5 [287] ╟руЁєцр■ Ёрёяшёрэшх фы : ╚╤1-232
2025-12-14 20:53:38,302 [INFO] \U0001f50d [288] @user_288 \u2192 ╚∙хЄ уЁєяяє: '╚╤1-231'
2025-12-14 20:53:38,303 [INFO] \u2705 [288] ═рщфхэю 1 уЁєяя√ фы  чряЁюёр '╚╤1-231'
2025-12-14 20:53:38,303 [INFO] \U0001f4c5 [288] ╟руЁєцр■ Ёрёяшёрэшх фы : ╚╤1-231
2025-12-14 20:53:38,320 [INFO] \U0001f50d [288] @user_288 \u2192 ╚∙хЄ уЁєяяє: '╚╤1-232'
2025-12-14 20:53:38,321 [INFO] \u2705 [288] ═рщфхэю 1 уЁєяя√ фы  чряЁюёр '╚╤1-232'
2025-12-14 20:53:38,321 [INFO] \U0001f4c5 [288] ╟руЁєцр■ Ёрёяшёрэшх фы : ╚╤1-232
2025-12-14 20:53:38,340 [INFO] \U0001f50d [289] @user_289 \u2192 ╚∙хЄ уЁєяяє: '╚╤1-231'
2025-12-14 20:53:38,340 [INFO] \u2705 [289] ═рщфхэю 1 уЁєяя√ фы  чряЁюёр '╚╤1-231'
2025-12-14 20:53:38,340 [INFO] \U0001f4c5 [289] ╟руЁєцр■ Ёрёяшёрэшх фы : ╚╤1-231
2025-12-14 20:53:38,358 [INFO] \U0001f50d [289] @user_289 \u2192 ╚∙хЄ уЁєяяє: '╚╤1-232'
2025-12-14 20:53:38,360 [INFO] \u2705 [289] ═рщфхэю 1 уЁєяя√ фы  чряЁюёр '╚╤1-232'
2025-12-14 20:53:38,360 [INFO] \U0001f4c5 [289] ╟руЁєцр■ Ёрёяшёрэшх фы : ╚╤1-232
2025-12-14 20:53:38,381 [INFO] \U0001f50d [290] @user_290 \u2192 ╚∙хЄ уЁєяяє: '╚╤1-231'
2025-12-14 20:53:38,382 [INFO] \u2705 [290] ═рщфхэю 1 уЁєяя√ фы  чряЁюёр '╚╤1-231'
2025-12-14 20:53:38,383 [INFO] \U0001f4c5 [290] ╟руЁєцр■ Ёрёяшёрэшх фы : ╚╤1-231
2025-12-14 20:53:38,402 [INFO] \U0001f50d [290] @user_290 \u2192 ╚∙хЄ уЁєяяє: '╚╤1-232'
2025-12-14 20:53:38,403 [INFO] \u2705 [290] ═рщфхэю 1 уЁєяя√ фы  чряЁюёр '╚╤1-232'
2025-12-14 20:53:38,403 [INFO] \U0001f4c5 [290] ╟руЁєцр■ Ёрёяшёрэшх фы : ╚╤1-232
2025-12-14 20:53:38,435 [INFO] \U0001f50d [291] @user_291 \u2192 ╚∙хЄ уЁєяяє: '╚╤1-231'
2025-12-14 20:53:38,436 [INFO] \u2705 [291] ═рщфхэю 1 уЁєяя√ фы  чряЁюёр '╚╤1-231'
2025-12-14 20:53:38,436 [INFO] \U0001f4c5 [291] ╟руЁєцр■ Ёрёяшёрэшх фы : ╚╤1-231
2025-12-14 20:53:38,454 [INFO] \U0001f50d [291] @user_291 \u2192 ╚∙хЄ уЁєяяє: '╚╤1-232'
2025-12-14 20:53:38,455 [INFO] \u2705 [291] ═рщфхэю 1 уЁєяя√ фы  чряЁюёр '╚╤1-232'
2025-12-14 20:53:38,456 [INFO] \U0001f4c5 [291] ╟руЁєцр■ Ёрёяшёрэшх фы : ╚╤1-232
2025-12-14 20:53:38,475 [INFO] \U0001f50d [292] @user_292 \u2192 ╚∙хЄ уЁєяяє: '╚╤1-231'
2025-12-14 20:53:38,477 [INFO] \u2705 [292] ═рщфхэю 1 уЁєяя√ фы  чряЁюёр '╚╤1-231'
2025-12-14 20:53:38,477 [INFO] \U0001f4c5 [292] ╟руЁєцр■ Ёрёяшёрэшх фы : ╚╤1-231
2025-12-14 20:53:38,499 [INFO] \U0001f50d [292] @user_292 \u2192 ╚∙хЄ уЁєяяє: '╚╤1-232'
2025-12-14 20:53:38,507 [INFO] \u2705 [292] ═рщфхэю 1 уЁєяя√ фы  чряЁюёр '╚╤1-232'
2025-12-14 20:53:38,507 [INFO] \U0001f4c5 [292] ╟руЁєцр■ Ёрёяшёрэшх фы : ╚╤1-232
2025-12-14 20:53:38,530 [INFO] \U0001f50d [293] @user_293 \u2192 ╚∙хЄ уЁєяяє: '╚╤1-231'
2025-12-14 20:53:38,530 [INFO] \u2705 [293] ═рщфхэю 1 уЁєяя√ фы  чряЁюёр '╚╤1-231'
2025-12-14 20:53:38,531 [INFO] \U0001f4c5 [293] ╟руЁєцр■ Ёрёяшёрэшх фы : ╚╤1-231
2025-12-14 20:53:38,552 [INFO] \U0001f50d [293] @user_293 \u2192 ╚∙хЄ уЁєяяє: '╚╤1-232'
2025-12-14 20:53:38,553 [INFO] \u2705 [293] ═рщфхэю 1 уЁєяя√ фы  чряЁюёр '╚╤1-232'
2025-12-14 20:53:38,553 [INFO] \U0001f4c5 [293] ╟руЁєцр■ Ёрёяшёрэшх фы : ╚╤1-232
2025-12-14 20:53:38,571 [INFO] \U0001f50d [294] @user_294 \u2192 ╚∙хЄ уЁєяяє: '╚╤1-231'
2025-12-14 20:53:38,572 [INFO] \u2705 [294] ═рщфхэю 1 уЁєяя√ фы  чряЁюёр '╚╤1-231'
2025-12-14 20:53:38,572 [INFO] \U0001f4c5 [294] ╟руЁєцр■ Ёрёяшёрэшх фы : ╚╤1-231
2025-12-14 20:53:38,601 [INFO] \U0001f50d [294] @user_294 \u2192 ╚∙хЄ уЁєяяє: '╚╤1-232'
2025-12-14 20:53:38,601 [INFO] \u2705 [294] ═рщфхэю 1 уЁєяя√ фы  чряЁюёр '╚╤1-232'
2025-12-14 20:53:38,602 [INFO] \U0001f4c5 [294] ╟руЁєцр■ Ёрёяшёрэшх фы : ╚╤1-232
2025-12-14 20:53:38,618 [INFO] \U0001f50d [295] @user_295 \u2192 ╚∙хЄ уЁєяяє: '╚╤1-231'
2025-12-14 20:53:38,619 [INFO] \u2705 [295] ═рщфхэю 1 уЁєяя√ фы  чряЁюёр '╚╤1-231'
2025-12-14 20:53:38,619 [INFO] \U0001f4c5 [295] ╟руЁєцр■ Ёрёяшёрэшх фы : ╚╤1-231
2025-12-14 20:53:38,637 [INFO] \U0001f50d [295] @user_295 \u2192 ╚∙хЄ уЁєяяє: '╚╤1-232'
2025-12-14 20:53:38,637 [INFO] \u2705 [295] ═рщфхэю 1 уЁєяя√ фы  чряЁюёр '╚╤1-232'
2025-12-14 20:53:38,637 [INFO] \U0001f4c5 [295] ╟руЁєцр■ Ёрёяшёрэшх фы : ╚╤1-232
2025-12-14 20:53:38,661 [INFO] \U0001f50d [296] @user_296 \u2192 ╚∙хЄ уЁєяяє: '╚╤1-231'
2025-12-14 20:53:38,662 [INFO] \u2705 [296] ═рщфхэю 1 уЁєяя√ фы  чряЁюёр '╚╤1-231'
2025-12-14 20:53:38,663 [INFO] \U0001f4c5 [296] ╟руЁєцр■ Ёрёяшёрэшх фы : ╚╤1-231
2025-12-14 20:53:38,683 [INFO] \U0001f50d [296] @user_296 \u2192 ╚∙хЄ уЁєяяє: '╚╤1-232'
2025-12-14 20:53:38,683 [INFO] \u2705 [296] ═рщфхэю 1 уЁєяя√ фы  чряЁюёр '╚╤1-232'
2025-12-14 20:53:38,684 [INFO] \U0001f4c5 [296] ╟руЁєцр■ Ёрёяшёрэшх фы : ╚╤1-232
2025-12-14 20:53:38,704 [INFO] \U0001f50d [297] @user_297 \u2192 ╚∙хЄ уЁєяяє: '╚╤1-231'
2025-12-14 20:53:38,705 [INFO] \u2705 [297] ═рщфхэю 1 уЁєяя√ фы  чряЁюёр '╚╤1-231'
2025-12-14 20:53:38,706 [INFO] \U0001f4c5 [297] ╟руЁєцр■ Ёрёяшёрэшх фы : ╚╤1-231
2025-12-14 20:53:38,724 [INFO] \U0001f50d [297] @user_297 \u2192 ╚∙хЄ уЁєяяє: '╚╤1-232'
2025-12-14 20:53:38,733 [INFO] \u2705 [297] ═рщфхэю 1 уЁєяя√ фы  чряЁюёр '╚╤1-232'
2025-12-14 20:53:38,734 [INFO] \U0001f4c5 [297] ╟руЁєцр■ Ёрёяшёрэшх фы : ╚╤1-232
2025-12-14 20:53:38,752 [INFO] \U0001f50d [298] @user_298 \u2192 ╚∙хЄ уЁєяяє: '╚╤1-231'
2025-12-14 20:53:38,753 [INFO] \u2705 [298] ═рщфхэю 1 уЁєяя√ фы  чряЁюёр '╚╤1-231'
2025-12-14 20:53:38,753 [INFO] \U0001f4c5 [298] ╟руЁєцр■ Ёрёяшёрэшх фы : ╚╤1-231
2025-12-14 20:53:38,774 [INFO] \U0001f50d [298] @user_298 \u2192 ╚∙хЄ уЁєяяє: '╚╤1-232'
2025-12-14 20:53:38,775 [INFO] \u2705 [298] ═рщфхэю 1 уЁєяя√ фы  чряЁюёр '╚╤1-232'
2025-12-14 20:53:38,776 [INFO] \U0001f4c5 [298] ╟руЁєцр■ Ёрёяшёрэшх фы : ╚╤1-232
2025-12-14 20:53:38,795 [INFO] \U0001f50d [299] @user_299 \u2192 ╚∙хЄ уЁєяяє: '╚╤1-231'
2025-12-14 20:53:38,796 [INFO] \u2705 [299] ═рщфхэю 1 уЁєяя√ фы  чряЁюёр '╚╤1-231'
2025-12-14 20:53:38,796 [INFO] \U0001f4c5 [299] ╟руЁєцр■ Ёрёяшёрэшх фы : ╚╤1-231
2025-12-14 20:53:38,819 [INFO] \U0001f50d [299] @user_299 \u2192 ╚∙хЄ уЁєяяє: '╚╤1-232'
2025-12-14 20:53:38,820 [INFO] \u2705 [299] ═рщфхэю 1 уЁєяя√ фы  чряЁюёр '╚╤1-232'
2025-12-14 20:53:38,820 [INFO] \U0001f4c5 [299] ╟руЁєцр■ Ёрёяшёрэшх фы : ╚╤1-232
2025-12-14 20:53:38,837 [INFO] \U0001f50d [300] @user_300 \u2192 ╚∙хЄ уЁєяяє: '╚╤1-231'
2025-12-14 20:53:38,837 [INFO] \u2705 [300] ═рщфхэю 1 уЁєяя√ фы  чряЁюёр '╚╤1-231'
2025-12-14 20:53:38,838 [INFO] \U0001f4c5 [300] ╟руЁєцр■ Ёрёяшёрэшх фы : ╚╤1-231
2025-12-14 20:53:38,857 [INFO] \U0001f50d [300] @user_300 \u2192 ╚∙хЄ уЁєяяє: '╚╤1-232'
2025-12-14 20:53:38,858 [INFO] \u2705 [300] ═рщфхэю 1 уЁєяя√ фы  чряЁюёр '╚╤1-232'
2025-12-14 20:53:38,859 [INFO] \U0001f4c5 [300] ╟руЁєцр■ Ёрёяшёрэшх фы : ╚╤1-232
2025-12-14 20:53:38,887 [INFO] \U0001f50d [301] @user_301 \u2192 ╚∙хЄ уЁєяяє: '╚╤1-231'
2025-12-14 20:53:38,888 [INFO] \u2705 [301] ═рщфхэю 1 уЁєяя√ фы  чряЁюёр '╚╤1-231'
2025-12-14 20:53:38,888 [INFO] \U0001f4c5 [301] ╟руЁєцр■ Ёрёяшёрэшх фы : ╚╤1-231
2025-12-14 20:53:38,909 [INFO] \U0001f50d [301] @user_301 \u2192 ╚∙хЄ уЁєяяє: '╚╤1-232'
2025-12-14 20:53:38,910 [INFO] \u2705 [301] ═рщфхэю 1 уЁєяя√ фы  чряЁюёр '╚╤1-232'
2025-12-14 20:53:38,910 [INFO] \U0001f4c5 [301] ╟руЁєцр■ Ёрёяшёрэшх фы : ╚╤1-232
2025-12-14 20:53:38,930 [INFO] \U0001f50d [302] @user_302 \u2192 ╚∙хЄ уЁєяяє: '╚╤1-231'
2025-12-14 20:53:38,931 [INFO] \u2705 [302] ═рщфхэю 1 уЁєяя√ фы  чряЁюёр '╚╤1-231'
2025-12-14 20:53:38,931 [INFO] \U0001f4c5 [302] ╟руЁєцр■ Ёрёяшёрэшх фы : ╚╤1-231
2025-12-14 20:53:38,966 [INFO] \U0001f50d [302] @user_302 \u2192 ╚∙хЄ уЁєяяє: '╚╤1-232'
2025-12-14 20:53:38,967 [INFO] \u2705 [302] ═рщфхэю 1 уЁєяя√ фы  чряЁюёр '╚╤1-232'
2025-12-14 20:53:38,967 [INFO] \U0001f4c5 [302] ╟руЁєцр■ Ёрёяшёрэшх фы : ╚╤1-232
2025-12-14 20:53:38,986 [INFO] \U0001f50d [303] @user_303 \u2192 ╚∙хЄ уЁєяяє: '╚╤1-231'
2025-12-14 20:53:38,988 [INFO] \u2705 [303] ═рщфхэю 1 уЁєяя√ фы  чряЁюёр '╚╤1-231'
2025-12-14 20:53:38,988 [INFO] \U0001f4c5 [303] ╟руЁєцр■ Ёрёяшёрэшх фы : ╚╤1-231
2025-12-14 20:53:39,008 [INFO] \U0001f50d [303] @user_303 \u2192 ╚∙хЄ уЁєяяє: '╚╤1-232'
2025-12-14 20:53:39,009 [INFO] \u2705 [303] ═рщфхэю 1 уЁєяя√ фы  чряЁюёр '╚╤1-232'
2025-12-14 20:53:39,010 [INFO] \U0001f4c5 [303] ╟руЁєцр■ Ёрёяшёрэшх фы : ╚╤1-232
2025-12-14 20:53:39,027 [INFO] \U0001f50d [304] @user_304 \u2192 ╚∙хЄ уЁєяяє: '╚╤1-231'
2025-12-14 20:53:39,029 [INFO] \u2705 [304] ═рщфхэю 1 уЁєяя√ фы  чряЁюёр '╚╤1-231'
2025-12-14 20:53:39,029 [INFO] \U0001f4c5 [304] ╟руЁєцр■ Ёрёяшёрэшх фы : ╚╤1-231
2025-12-14 20:53:39,056 [INFO] \U0001f50d [304] @user_304 \u2192 ╚∙хЄ уЁєяяє: '╚╤1-232'
2025-12-14 20:53:39,057 [INFO] \u2705 [304] ═рщфхэю 1 уЁєяя√ фы  чряЁюёр '╚╤1-232'
2025-12-14 20:53:39,057 [INFO] \U0001f4c5 [304] ╟руЁєцр■ Ёрёяшёрэшх фы : ╚╤1-232
2025-12-14 20:53:39,079 [INFO] \U0001f50d [305] @user_305 \u2192 ╚∙хЄ уЁєяяє: '╚╤1-231'
2025-12-14 20:53:39,080 [INFO] \u2705 [305] ═рщфхэю 1 уЁєяя√ фы  чряЁюёр '╚╤1-231'
2025-12-14 20:53:39,080 [INFO] \U0001f4c5 [305] ╟руЁєцр■ Ёрёяшёрэшх фы : ╚╤1-231
2025-12-14 20:53:39,103 [INFO] \U0001f50d [305] @user_305 \u2192 ╚∙хЄ уЁєяяє: '╚╤1-232'
2025-12-14 20:53:39,104 [INFO] \u2705 [305] ═рщфхэю 1 уЁєяя√ фы  чряЁюёр '╚╤1-232'
2025-12-14 20:53:39,104 [INFO] \U0001f4c5 [305] ╟руЁєцр■ Ёрёяшёрэшх фы : ╚╤1-232
2025-12-14 20:53:39,131 [INFO] \U0001f50d [306] @user_306 \u2192 ╚∙хЄ уЁєяяє: '╚╤1-231'
2025-12-14 20:53:39,132 [INFO] \u2705 [306] ═рщфхэю 1 уЁєяя√ фы  чряЁюёр '╚╤1-231'
2025-12-14 20:53:39,132 [INFO] \U0001f4c5 [306] ╟руЁєцр■ Ёрёяшёрэшх фы : ╚╤1-231
2025-12-14 20:53:39,151 [INFO] \U0001f50d [306] @user_306 \u2192 ╚∙хЄ уЁєяяє: '╚╤1-232'
2025-12-14 20:53:39,152 [INFO] \u2705 [306] ═рщфхэю 1 уЁєяя√ фы  чряЁюёр '╚╤1-232'
2025-12-14 20:53:39,152 [INFO] \U0001f4c5 [306] ╟руЁєцр■ Ёрёяшёрэшх фы : ╚╤1-232
2025-12-14 20:53:39,175 [INFO] \U0001f50d [307] @user_307 \u2192 ╚∙хЄ уЁєяяє: '╚╤1-231'
2025-12-14 20:53:39,177 [INFO] \u2705 [307] ═рщфхэю 1 уЁєяя√ фы  чряЁюёр '╚╤1-231'
2025-12-14 20:53:39,177 [INFO] \U0001f4c5 [307] ╟руЁєцр■ Ёрёяшёрэшх фы : ╚╤1-231
2025-12-14 20:53:39,202 [INFO] \U0001f50d [307] @user_307 \u2192 ╚∙хЄ уЁєяяє: '╚╤1-232'
2025-12-14 20:53:39,203 [INFO] \u2705 [307] ═рщфхэю 1 уЁєяя√ фы  чряЁюёр '╚╤1-232'
2025-12-14 20:53:39,204 [INFO] \U0001f4c5 [307] ╟руЁєцр■ Ёрёяшёрэшх фы : ╚╤1-232
2025-12-14 20:53:39,223 [INFO] \U0001f50d [308] @user_308 \u2192 ╚∙хЄ уЁєяяє: '╚╤1-231'
2025-12-14 20:53:39,224 [INFO] \u2705 [308] ═рщфхэю 1 уЁєяя√ фы  чряЁюёр '╚╤1-231'
2025-12-14 20:53:39,224 [INFO] \U0001f4c5 [308] ╟руЁєцр■ Ёрёяшёрэшх фы : ╚╤1-231
2025-12-14 20:53:39,245 [INFO] \U0001f50d [308] @user_308 \u2192 ╚∙хЄ уЁєяяє: '╚╤1-232'
2025-12-14 20:53:39,246 [INFO] \u2705 [308] ═рщфхэю 1 уЁєяя√ фы  чряЁюёр '╚╤1-232'
2025-12-14 20:53:39,246 [INFO] \U0001f4c5 [308] ╟руЁєцр■ Ёрёяшёрэшх фы : ╚╤1-232
2025-12-14 20:53:39,265 [INFO] \U0001f50d [309] @user_309 \u2192 ╚∙хЄ уЁєяяє: '╚╤1-231'
2025-12-14 20:53:39,266 [INFO] \u2705 [309] ═рщфхэю 1 уЁєяя√ фы  чряЁюёр '╚╤1-231'
2025-12-14 20:53:39,273 [INFO] \U0001f4c5 [309] ╟руЁєцр■ Ёрёяшёрэшх фы : ╚╤1-231
2025-12-14 20:53:39,295 [INFO] \U0001f50d [309] @user_309 \u2192 ╚∙хЄ уЁєяяє: '╚╤1-232'
2025-12-14 20:53:39,296 [INFO] \u2705 [309] ═рщфхэю 1 уЁєяя√ фы  чряЁюёр '╚╤1-232'
2025-12-14 20:53:39,296 [INFO] \U0001f4c5 [309] ╟руЁєцр■ Ёрёяшёрэшх фы : ╚╤1-232
2025-12-14 20:53:39,314 [INFO] \U0001f50d [310] @user_310 \u2192 ╚∙хЄ уЁєяяє: '╚╤1-231'
2025-12-14 20:53:39,315 [INFO] \u2705 [310] ═рщфхэю 1 уЁєяя√ фы  чряЁюёр '╚╤1-231'
2025-12-14 20:53:39,315 [INFO] \U0001f4c5 [310] ╟руЁєцр■ Ёрёяшёрэшх фы : ╚╤1-231
2025-12-14 20:53:39,333 [INFO] \U0001f50d [310] @user_310 \u2192 ╚∙хЄ уЁєяяє: '╚╤1-232'
2025-12-14 20:53:39,334 [INFO] \u2705 [310] ═рщфхэю 1 уЁєяя√ фы  чряЁюёр '╚╤1-232'
2025-12-14 20:53:39,334 [INFO] \U0001f4c5 [310] ╟руЁєцр■ Ёрёяшёрэшх фы : ╚╤1-232
2025-12-14 20:53:39,413 [INFO] \U0001f50d [311] @user_311 \u2192 ╚∙хЄ уЁєяяє: '╚╤1-231'
2025-12-14 20:53:39,414 [INFO] \u2705 [311] ═рщфхэю 1 уЁєяя√ фы  чряЁюёр '╚╤1-231'
2025-12-14 20:53:39,414 [INFO] \U0001f4c5 [311] ╟руЁєцр■ Ёрёяшёрэшх фы : ╚╤1-231
2025-12-14 20:53:39,436 [INFO] \U0001f50d [311] @user_311 \u2192 ╚∙хЄ уЁєяяє: '╚╤1-232'
2025-12-14 20:53:39,437 [INFO] \u2705 [311] ═рщфхэю 1 уЁєяя√ фы  чряЁюёр '╚╤1-232'
2025-12-14 20:53:39,438 [INFO] \U0001f4c5 [311] ╟руЁєцр■ Ёрёяшёрэшх фы : ╚╤1-232
2025-12-14 20:53:39,456 [INFO] \U0001f50d [312] @user_312 \u2192 ╚∙хЄ уЁєяяє: '╚╤1-231'
2025-12-14 20:53:39,457 [INFO] \u2705 [312] ═рщфхэю 1 уЁєяя√ фы  чряЁюёр '╚╤1-231'
2025-12-14 20:53:39,458 [INFO] \U0001f4c5 [312] ╟руЁєцр■ Ёрёяшёрэшх фы : ╚╤1-231
2025-12-14 20:53:39,483 [INFO] \U0001f50d [312] @user_312 \u2192 ╚∙хЄ уЁєяяє: '╚╤1-232'
2025-12-14 20:53:39,485 [INFO] \u2705 [312] ═рщфхэю 1 уЁєяя√ фы  чряЁюёр '╚╤1-232'
2025-12-14 20:53:39,485 [INFO] \U0001f4c5 [312] ╟руЁєцр■ Ёрёяшёрэшх фы : ╚╤1-232
2025-12-14 20:53:39,504 [INFO] \U0001f50d [313] @user_313 \u2192 ╚∙хЄ уЁєяяє: '╚╤1-231'
2025-12-14 20:53:39,505 [INFO] \u2705 [313] ═рщфхэю 1 уЁєяя√ фы  чряЁюёр '╚╤1-231'
2025-12-14 20:53:39,505 [INFO] \U0001f4c5 [313] ╟руЁєцр■ Ёрёяшёрэшх фы : ╚╤1-231
2025-12-14 20:53:39,526 [INFO] \U0001f50d [313] @user_313 \u2192 ╚∙хЄ уЁєяяє: '╚╤1-232'
2025-12-14 20:53:39,528 [INFO] \u2705 [313] ═рщфхэю 1 уЁєяя√ фы  чряЁюёр '╚╤1-232'
2025-12-14 20:53:39,528 [INFO] \U0001f4c5 [313] ╟руЁєцр■ Ёрёяшёрэшх фы : ╚╤1-232
2025-12-14 20:53:39,547 [INFO] \U0001f50d [314] @user_314 \u2192 ╚∙хЄ уЁєяяє: '╚╤1-231'
2025-12-14 20:53:39,548 [INFO] \u2705 [314] ═рщфхэю 1 уЁєяя√ фы  чряЁюёр '╚╤1-231'
2025-12-14 20:53:39,548 [INFO] \U0001f4c5 [314] ╟руЁєцр■ Ёрёяшёрэшх фы : ╚╤1-231
2025-12-14 20:53:39,569 [INFO] \U0001f50d [314] @user_314 \u2192 ╚∙хЄ уЁєяяє: '╚╤1-232'
2025-12-14 20:53:39,570 [INFO] \u2705 [314] ═рщфхэю 1 уЁєяя√ фы  чряЁюёр '╚╤1-232'
2025-12-14 20:53:39,570 [INFO] \U0001f4c5 [314] ╟руЁєцр■ Ёрёяшёрэшх фы : ╚╤1-232
2025-12-14 20:53:39,591 [INFO] \U0001f50d [315] @user_315 \u2192 ╚∙хЄ уЁєяяє: '╚╤1-231'
2025-12-14 20:53:39,594 [INFO] \u2705 [315] ═рщфхэю 1 уЁєяя√ фы  чряЁюёр '╚╤1-231'
2025-12-14 20:53:39,594 [INFO] \U0001f4c5 [315] ╟руЁєцр■ Ёрёяшёрэшх фы : ╚╤1-231
2025-12-14 20:53:39,613 [INFO] \U0001f50d [315] @user_315 \u2192 ╚∙хЄ уЁєяяє: '╚╤1-232'
2025-12-14 20:53:39,614 [INFO] \u2705 [315] ═рщфхэю 1 уЁєяя√ фы  чряЁюёр '╚╤1-232'
2025-12-14 20:53:39,614 [INFO] \U0001f4c5 [315] ╟руЁєцр■ Ёрёяшёрэшх фы : ╚╤1-232
2025-12-14 20:53:39,636 [INFO] \U0001f50d [316] @user_316 \u2192 ╚∙хЄ уЁєяяє: '╚╤1-231'
2025-12-14 20:53:39,637 [INFO] \u2705 [316] ═рщфхэю 1 уЁєяя√ фы  чряЁюёр '╚╤1-231'
2025-12-14 20:53:39,637 [INFO] \U0001f4c5 [316] ╟руЁєцр■ Ёрёяшёрэшх фы : ╚╤1-231
2025-12-14 20:53:39,655 [INFO] \U0001f50d [316] @user_316 \u2192 ╚∙хЄ уЁєяяє: '╚╤1-232'
2025-12-14 20:53:39,656 [INFO] \u2705 [316] ═рщфхэю 1 уЁєяя√ фы  чряЁюёр '╚╤1-232'
2025-12-14 20:53:39,656 [INFO] \U0001f4c5 [316] ╟руЁєцр■ Ёрёяшёрэшх фы : ╚╤1-232
2025-12-14 20:53:39,677 [INFO] \U0001f50d [317] @user_317 \u2192 ╚∙хЄ уЁєяяє: '╚╤1-231'
2025-12-14 20:53:39,678 [INFO] \u2705 [317] ═рщфхэю 1 уЁєяя√ фы  чряЁюёр '╚╤1-231'
2025-12-14 20:53:39,679 [INFO] \U0001f4c5 [317] ╟руЁєцр■ Ёрёяшёрэшх фы : ╚╤1-231
2025-12-14 20:53:39,699 [INFO] \U0001f50d [317] @user_317 \u2192 ╚∙хЄ уЁєяяє: '╚╤1-232'
2025-12-14 20:53:39,699 [INFO] \u2705 [317] ═рщфхэю 1 уЁєяя√ фы  чряЁюёр '╚╤1-232'
2025-12-14 20:53:39,700 [INFO] \U0001f4c5 [317] ╟руЁєцр■ Ёрёяшёрэшх фы : ╚╤1-232
2025-12-14 20:53:39,717 [INFO] \U0001f50d [318] @user_318 \u2192 ╚∙хЄ уЁєяяє: '╚╤1-231'
2025-12-14 20:53:39,718 [INFO] \u2705 [318] ═рщфхэю 1 уЁєяя√ фы  чряЁюёр '╚╤1-231'
2025-12-14 20:53:39,718 [INFO] \U0001f4c5 [318] ╟руЁєцр■ Ёрёяшёрэшх фы : ╚╤1-231
2025-12-14 20:53:39,735 [INFO] \U0001f50d [318] @user_318 \u2192 ╚∙хЄ уЁєяяє: '╚╤1-232'
2025-12-14 20:53:39,736 [INFO] \u2705 [318] ═рщфхэю 1 уЁєяя√ фы  чряЁюёр '╚╤1-232'
2025-12-14 20:53:39,736 [INFO] \U0001f4c5 [318] ╟руЁєцр■ Ёрёяшёрэшх фы : ╚╤1-232
2025-12-14 20:53:39,773 [INFO] \U0001f50d [319] @user_319 \u2192 ╚∙хЄ уЁєяяє: '╚╤1-231'
2025-12-14 20:53:39,774 [INFO] \u2705 [319] ═рщфхэю 1 уЁєяя√ фы  чряЁюёр '╚╤1-231'
2025-12-14 20:53:39,774 [INFO] \U0001f4c5 [319] ╟руЁєцр■ Ёрёяшёрэшх фы : ╚╤1-231
2025-12-14 20:53:39,793 [INFO] \U0001f50d [319] @user_319 \u2192 ╚∙хЄ уЁєяяє: '╚╤1-232'
2025-12-14 20:53:39,795 [INFO] \u2705 [319] ═рщфхэю 1 уЁєяя√ фы  чряЁюёр '╚╤1-232'
2025-12-14 20:53:39,795 [INFO] \U0001f4c5 [319] ╟руЁєцр■ Ёрёяшёрэшх фы : ╚╤1-232
2025-12-14 20:53:39,813 [INFO] \U0001f50d [320] @user_320 \u2192 ╚∙хЄ уЁєяяє: '╚╤1-231'
2025-12-14 20:53:39,814 [INFO] \u2705 [320] ═рщфхэю 1 уЁєяя√ фы  чряЁюёр '╚╤1-231'
2025-12-14 20:53:39,814 [INFO] \U0001f4c5 [320] ╟руЁєцр■ Ёрёяшёрэшх фы : ╚╤1-231
2025-12-14 20:53:39,833 [INFO] \U0001f50d [320] @user_320 \u2192 ╚∙хЄ уЁєяяє: '╚╤1-232'
2025-12-14 20:53:39,835 [INFO] \u2705 [320] ═рщфхэю 1 уЁєяя√ фы  чряЁюёр '╚╤1-232'
2025-12-14 20:53:39,835 [INFO] \U0001f4c5 [320] ╟руЁєцр■ Ёрёяшёрэшх фы : ╚╤1-232
2025-12-14 20:53:39,853 [INFO] \U0001f50d [321] @user_321 \u2192 ╚∙хЄ уЁєяяє: '╚╤1-231'
2025-12-14 20:53:39,854 [INFO] \u2705 [321] ═рщфхэю 1 уЁєяя√ фы  чряЁюёр '╚╤1-231'
2025-12-14 20:53:39,854 [INFO] \U0001f4c5 [321] ╟руЁєцр■ Ёрёяшёрэшх фы : ╚╤1-231
2025-12-14 20:53:39,872 [INFO] \U0001f50d [321] @user_321 \u2192 ╚∙хЄ уЁєяяє: '╚╤1-232'
2025-12-14 20:53:39,873 [INFO] \u2705 [321] ═рщфхэю 1 уЁєяя√ фы  чряЁюёр '╚╤1-232'
2025-12-14 20:53:39,873 [INFO] \U0001f4c5 [321] ╟руЁєцр■ Ёрёяшёрэшх фы : ╚╤1-232
2025-12-14 20:53:39,894 [INFO] \U0001f50d [322] @user_322 \u2192 ╚∙хЄ уЁєяяє: '╚╤1-231'
2025-12-14 20:53:39,895 [INFO] \u2705 [322] ═рщфхэю 1 уЁєяя√ фы  чряЁюёр '╚╤1-231'
2025-12-14 20:53:39,895 [INFO] \U0001f4c5 [322] ╟руЁєцр■ Ёрёяшёрэшх фы : ╚╤1-231
2025-12-14 20:53:39,918 [INFO] \U0001f50d [322] @user_322 \u2192 ╚∙хЄ уЁєяяє: '╚╤1-232'
2025-12-14 20:53:39,920 [INFO] \u2705 [322] ═рщфхэю 1 уЁєяя√ фы  чряЁюёр '╚╤1-232'
2025-12-14 20:53:39,920 [INFO] \U0001f4c5 [322] ╟руЁєцр■ Ёрёяшёрэшх фы : ╚╤1-232
2025-12-14 20:53:39,942 [INFO] \U0001f50d [323] @user_323 \u2192 ╚∙хЄ уЁєяяє: '╚╤1-231'
2025-12-14 20:53:39,943 [INFO] \u2705 [323] ═рщфхэю 1 уЁєяя√ фы  чряЁюёр '╚╤1-231'
2025-12-14 20:53:39,943 [INFO] \U0001f4c5 [323] ╟руЁєцр■ Ёрёяшёрэшх фы : ╚╤1-231
2025-12-14 20:53:39,962 [INFO] \U0001f50d [323] @user_323 \u2192 ╚∙хЄ уЁєяяє: '╚╤1-232'
2025-12-14 20:53:39,964 [INFO] \u2705 [323] ═рщфхэю 1 уЁєяя√ фы  чряЁюёр '╚╤1-232'
2025-12-14 20:53:39,964 [INFO] \U0001f4c5 [323] ╟руЁєцр■ Ёрёяшёрэшх фы : ╚╤1-232
2025-12-14 20:53:39,988 [INFO] \U0001f50d [324] @user_324 \u2192 ╚∙хЄ уЁєяяє: '╚╤1-231'
2025-12-14 20:53:39,988 [INFO] \u2705 [324] ═рщфхэю 1 уЁєяя√ фы  чряЁюёр '╚╤1-231'
2025-12-14 20:53:39,989 [INFO] \U0001f4c5 [324] ╟руЁєцр■ Ёрёяшёрэшх фы : ╚╤1-231
2025-12-14 20:53:40,005 [INFO] \U0001f50d [324] @user_324 \u2192 ╚∙хЄ уЁєяяє: '╚╤1-232'
2025-12-14 20:53:40,006 [INFO] \u2705 [324] ═рщфхэю 1 уЁєяя√ фы  чряЁюёр '╚╤1-232'
2025-12-14 20:53:40,007 [INFO] \U0001f4c5 [324] ╟руЁєцр■ Ёрёяшёрэшх фы : ╚╤1-232
2025-12-14 20:53:40,025 [INFO] \U0001f50d [325] @user_325 \u2192 ╚∙хЄ уЁєяяє: '╚╤1-231'
2025-12-14 20:53:40,027 [INFO] \u2705 [325] ═рщфхэю 1 уЁєяя√ фы  чряЁюёр '╚╤1-231'
2025-12-14 20:53:40,027 [INFO] \U0001f4c5 [325] ╟руЁєцр■ Ёрёяшёрэшх фы : ╚╤1-231
2025-12-14 20:53:40,045 [INFO] \U0001f50d [325] @user_325 \u2192 ╚∙хЄ уЁєяяє: '╚╤1-232'
2025-12-14 20:53:40,046 [INFO] \u2705 [325] ═рщфхэю 1 уЁєяя√ фы  чряЁюёр '╚╤1-232'
2025-12-14 20:53:40,046 [INFO] \U0001f4c5 [325] ╟руЁєцр■ Ёрёяшёрэшх фы : ╚╤1-232
2025-12-14 20:53:40,064 [INFO] \U0001f50d [326] @user_326 \u2192 ╚∙хЄ уЁєяяє: '╚╤1-231'
2025-12-14 20:53:40,065 [INFO] \u2705 [326] ═рщфхэю 1 уЁєяя√ фы  чряЁюёр '╚╤1-231'
2025-12-14 20:53:40,065 [INFO] \U0001f4c5 [326] ╟руЁєцр■ Ёрёяшёрэшх фы : ╚╤1-231
2025-12-14 20:53:40,083 [INFO] \U0001f50d [326] @user_326 \u2192 ╚∙хЄ уЁєяяє: '╚╤1-232'
2025-12-14 20:53:40,083 [INFO] \u2705 [326] ═рщфхэю 1 уЁєяя√ фы  чряЁюёр '╚╤1-232'
2025-12-14 20:53:40,084 [INFO] \U0001f4c5 [326] ╟руЁєцр■ Ёрёяшёрэшх фы : ╚╤1-232
2025-12-14 20:53:40,104 [INFO] \U0001f50d [327] @user_327 \u2192 ╚∙хЄ уЁєяяє: '╚╤1-231'
2025-12-14 20:53:40,105 [INFO] \u2705 [327] ═рщфхэю 1 уЁєяя√ фы  чряЁюёр '╚╤1-231'
2025-12-14 20:53:40,106 [INFO] \U0001f4c5 [327] ╟руЁєцр■ Ёрёяшёрэшх фы : ╚╤1-231
2025-12-14 20:53:40,124 [INFO] \U0001f50d [327] @user_327 \u2192 ╚∙хЄ уЁєяяє: '╚╤1-232'
2025-12-14 20:53:40,126 [INFO] \u2705 [327] ═рщфхэю 1 уЁєяя√ фы  чряЁюёр '╚╤1-232'
2025-12-14 20:53:40,126 [INFO] \U0001f4c5 [327] ╟руЁєцр■ Ёрёяшёрэшх фы : ╚╤1-232
2025-12-14 20:53:40,148 [INFO] \U0001f50d [328] @user_328 \u2192 ╚∙хЄ уЁєяяє: '╚╤1-231'
2025-12-14 20:53:40,149 [INFO] \u2705 [328] ═рщфхэю 1 уЁєяя√ фы  чряЁюёр '╚╤1-231'
2025-12-14 20:53:40,149 [INFO] \U0001f4c5 [328] ╟руЁєцр■ Ёрёяшёрэшх фы : ╚╤1-231
2025-12-14 20:53:40,168 [INFO] \U0001f50d [328] @user_328 \u2192 ╚∙хЄ уЁєяяє: '╚╤1-232'
2025-12-14 20:53:40,169 [INFO] \u2705 [328] ═рщфхэю 1 уЁєяя√ фы  чряЁюёр '╚╤1-232'
2025-12-14 20:53:40,169 [INFO] \U0001f4c5 [328] ╟руЁєцр■ Ёрёяшёрэшх фы : ╚╤1-232
2025-12-14 20:53:40,190 [INFO] \U0001f50d [329] @user_329 \u2192 ╚∙хЄ уЁєяяє: '╚╤1-231'
2025-12-14 20:53:40,191 [INFO] \u2705 [329] ═рщфхэю 1 уЁєяя√ фы  чряЁюёр '╚╤1-231'
2025-12-14 20:53:40,192 [INFO] \U0001f4c5 [329] ╟руЁєцр■ Ёрёяшёрэшх фы : ╚╤1-231
2025-12-14 20:53:40,214 [INFO] \U0001f50d [329] @user_329 \u2192 ╚∙хЄ уЁєяяє: '╚╤1-232'
2025-12-14 20:53:40,215 [INFO] \u2705 [329] ═рщфхэю 1 уЁєяя√ фы  чряЁюёр '╚╤1-232'
2025-12-14 20:53:40,215 [INFO] \U0001f4c5 [329] ╟руЁєцр■ Ёрёяшёрэшх фы : ╚╤1-232
2025-12-14 20:53:40,234 [INFO] \U0001f50d [330] @user_330 \u2192 ╚∙хЄ уЁєяяє: '╚╤1-231'
2025-12-14 20:53:40,235 [INFO] \u2705 [330] ═рщфхэю 1 уЁєяя√ фы  чряЁюёр '╚╤1-231'
2025-12-14 20:53:40,235 [INFO] \U0001f4c5 [330] ╟руЁєцр■ Ёрёяшёрэшх фы : ╚╤1-231
2025-12-14 20:53:40,261 [INFO] \U0001f50d [330] @user_330 \u2192 ╚∙хЄ уЁєяяє: '╚╤1-232'
2025-12-14 20:53:40,262 [INFO] \u2705 [330] ═рщфхэю 1 уЁєяя√ фы  чряЁюёр '╚╤1-232'
2025-12-14 20:53:40,263 [INFO] \U0001f4c5 [330] ╟руЁєцр■ Ёрёяшёрэшх фы : ╚╤1-232
2025-12-14 20:53:40,284 [INFO] \U0001f50d [331] @user_331 \u2192 ╚∙хЄ уЁєяяє: '╚╤1-231'
2025-12-14 20:53:40,285 [INFO] \u2705 [331] ═рщфхэю 1 уЁєяя√ фы  чряЁюёр '╚╤1-231'
2025-12-14 20:53:40,285 [INFO] \U0001f4c5 [331] ╟руЁєцр■ Ёрёяшёрэшх фы : ╚╤1-231
2025-12-14 20:53:40,304 [INFO] \U0001f50d [331] @user_331 \u2192 ╚∙хЄ уЁєяяє: '╚╤1-232'
2025-12-14 20:53:40,305 [INFO] \u2705 [331] ═рщфхэю 1 уЁєяя√ фы  чряЁюёр '╚╤1-232'
2025-12-14 20:53:40,305 [INFO] \U0001f4c5 [331] ╟руЁєцр■ Ёрёяшёрэшх фы : ╚╤1-232
2025-12-14 20:53:40,328 [INFO] \U0001f50d [332] @user_332 \u2192 ╚∙хЄ уЁєяяє: '╚╤1-231'
2025-12-14 20:53:40,329 [INFO] \u2705 [332] ═рщфхэю 1 уЁєяя√ фы  чряЁюёр '╚╤1-231'
2025-12-14 20:53:40,329 [INFO] \U0001f4c5 [332] ╟руЁєцр■ Ёрёяшёрэшх фы : ╚╤1-231
2025-12-14 20:53:40,347 [INFO] \U0001f50d [332] @user_332 \u2192 ╚∙хЄ уЁєяяє: '╚╤1-232'
2025-12-14 20:53:40,348 [INFO] \u2705 [332] ═рщфхэю 1 уЁєяя√ фы  чряЁюёр '╚╤1-232'
2025-12-14 20:53:40,348 [INFO] \U0001f4c5 [332] ╟руЁєцр■ Ёрёяшёрэшх фы : ╚╤1-232
2025-12-14 20:53:40,367 [INFO] \U0001f50d [333] @user_333 \u2192 ╚∙хЄ уЁєяяє: '╚╤1-231'
2025-12-14 20:53:40,367 [INFO] \u2705 [333] ═рщфхэю 1 уЁєяя√ фы  чряЁюёр '╚╤1-231'
2025-12-14 20:53:40,368 [INFO] \U0001f4c5 [333] ╟руЁєцр■ Ёрёяшёрэшх фы : ╚╤1-231
2025-12-14 20:53:40,393 [INFO] \U0001f50d [333] @user_333 \u2192 ╚∙хЄ уЁєяяє: '╚╤1-232'
2025-12-14 20:53:40,395 [INFO] \u2705 [333] ═рщфхэю 1 уЁєяя√ фы  чряЁюёр '╚╤1-232'
2025-12-14 20:53:40,395 [INFO] \U0001f4c5 [333] ╟руЁєцр■ Ёрёяшёрэшх фы : ╚╤1-232
2025-12-14 20:53:40,417 [INFO] \U0001f50d [334] @user_334 \u2192 ╚∙хЄ уЁєяяє: '╚╤1-231'
2025-12-14 20:53:40,417 [INFO] \u2705 [334] ═рщфхэю 1 уЁєяя√ фы  чряЁюёр '╚╤1-231'
2025-12-14 20:53:40,418 [INFO] \U0001f4c5 [334] ╟руЁєцр■ Ёрёяшёрэшх фы : ╚╤1-231
2025-12-14 20:53:40,434 [INFO] \U0001f50d [334] @user_334 \u2192 ╚∙хЄ уЁєяяє: '╚╤1-232'
2025-12-14 20:53:40,435 [INFO] \u2705 [334] ═рщфхэю 1 уЁєяя√ фы  чряЁюёр '╚╤1-232'
2025-12-14 20:53:40,435 [INFO] \U0001f4c5 [334] ╟руЁєцр■ Ёрёяшёрэшх фы : ╚╤1-232
2025-12-14 20:53:40,457 [INFO] \U0001f50d [335] @user_335 \u2192 ╚∙хЄ уЁєяяє: '╚╤1-231'
2025-12-14 20:53:40,458 [INFO] \u2705 [335] ═рщфхэю 1 уЁєяя√ фы  чряЁюёр '╚╤1-231'
2025-12-14 20:53:40,459 [INFO] \U0001f4c5 [335] ╟руЁєцр■ Ёрёяшёрэшх фы : ╚╤1-231
2025-12-14 20:53:40,479 [INFO] \U0001f50d [335] @user_335 \u2192 ╚∙хЄ уЁєяяє: '╚╤1-232'
2025-12-14 20:53:40,479 [INFO] \u2705 [335] ═рщфхэю 1 уЁєяя√ фы  чряЁюёр '╚╤1-232'
2025-12-14 20:53:40,480 [INFO] \U0001f4c5 [335] ╟руЁєцр■ Ёрёяшёрэшх фы : ╚╤1-232
2025-12-14 20:53:40,507 [INFO] \U0001f50d [336] @user_336 \u2192 ╚∙хЄ уЁєяяє: '╚╤1-231'
2025-12-14 20:53:40,509 [INFO] \u2705 [336] ═рщфхэю 1 уЁєяя√ фы  чряЁюёр '╚╤1-231'
2025-12-14 20:53:40,509 [INFO] \U0001f4c5 [336] ╟руЁєцр■ Ёрёяшёрэшх фы : ╚╤1-231
2025-12-14 20:53:40,529 [INFO] \U0001f50d [336] @user_336 \u2192 ╚∙хЄ уЁєяяє: '╚╤1-232'
2025-12-14 20:53:40,530 [INFO] \u2705 [336] ═рщфхэю 1 уЁєяя√ фы  чряЁюёр '╚╤1-232'
2025-12-14 20:53:40,530 [INFO] \U0001f4c5 [336] ╟руЁєцр■ Ёрёяшёрэшх фы : ╚╤1-232
2025-12-14 20:53:40,547 [INFO] \U0001f50d [337] @user_337 \u2192 ╚∙хЄ уЁєяяє: '╚╤1-231'
2025-12-14 20:53:40,549 [INFO] \u2705 [337] ═рщфхэю 1 уЁєяя√ фы  чряЁюёр '╚╤1-231'
2025-12-14 20:53:40,549 [INFO] \U0001f4c5 [337] ╟руЁєцр■ Ёрёяшёрэшх фы : ╚╤1-231
2025-12-14 20:53:40,567 [INFO] \U0001f50d [337] @user_337 \u2192 ╚∙хЄ уЁєяяє: '╚╤1-232'
2025-12-14 20:53:40,569 [INFO] \u2705 [337] ═рщфхэю 1 уЁєяя√ фы  чряЁюёр '╚╤1-232'
2025-12-14 20:53:40,569 [INFO] \U0001f4c5 [337] ╟руЁєцр■ Ёрёяшёрэшх фы : ╚╤1-232
2025-12-14 20:53:40,589 [INFO] \U0001f50d [338] @user_338 \u2192 ╚∙хЄ уЁєяяє: '╚╤1-231'
2025-12-14 20:53:40,590 [INFO] \u2705 [338] ═рщфхэю 1 уЁєяя√ фы  чряЁюёр '╚╤1-231'
2025-12-14 20:53:40,591 [INFO] \U0001f4c5 [338] ╟руЁєцр■ Ёрёяшёрэшх фы : ╚╤1-231
2025-12-14 20:53:40,613 [INFO] \U0001f50d [338] @user_338 \u2192 ╚∙хЄ уЁєяяє: '╚╤1-232'
2025-12-14 20:53:40,614 [INFO] \u2705 [338] ═рщфхэю 1 уЁєяя√ фы  чряЁюёр '╚╤1-232'
2025-12-14 20:53:40,615 [INFO] \U0001f4c5 [338] ╟руЁєцр■ Ёрёяшёрэшх фы : ╚╤1-232
2025-12-14 20:53:40,635 [INFO] \U0001f50d [339] @user_339 \u2192 ╚∙хЄ уЁєяяє: '╚╤1-231'
2025-12-14 20:53:40,636 [INFO] \u2705 [339] ═рщфхэю 1 уЁєяя√ фы  чряЁюёр '╚╤1-231'
2025-12-14 20:53:40,636 [INFO] \U0001f4c5 [339] ╟руЁєцр■ Ёрёяшёрэшх фы : ╚╤1-231
2025-12-14 20:53:40,656 [INFO] \U0001f50d [339] @user_339 \u2192 ╚∙хЄ уЁєяяє: '╚╤1-232'
2025-12-14 20:53:40,657 [INFO] \u2705 [339] ═рщфхэю 1 уЁєяя√ фы  чряЁюёр '╚╤1-232'
2025-12-14 20:53:40,657 [INFO] \U0001f4c5 [339] ╟руЁєцр■ Ёрёяшёрэшх фы : ╚╤1-232
2025-12-14 20:53:40,677 [INFO] \U0001f50d [340] @user_340 \u2192 ╚∙хЄ уЁєяяє: '╚╤1-231'
2025-12-14 20:53:40,679 [INFO] \u2705 [340] ═рщфхэю 1 уЁєяя√ фы  чряЁюёр '╚╤1-231'
2025-12-14 20:53:40,680 [INFO] \U0001f4c5 [340] ╟руЁєцр■ Ёрёяшёрэшх фы : ╚╤1-231
2025-12-14 20:53:40,707 [INFO] \U0001f50d [340] @user_340 \u2192 ╚∙хЄ уЁєяяє: '╚╤1-232'
2025-12-14 20:53:40,708 [INFO] \u2705 [340] ═рщфхэю 1 уЁєяя√ фы  чряЁюёр '╚╤1-232'
2025-12-14 20:53:40,709 [INFO] \U0001f4c5 [340] ╟руЁєцр■ Ёрёяшёрэшх фы : ╚╤1-232
2025-12-14 20:53:40,728 [INFO] \U0001f50d [341] @user_341 \u2192 ╚∙хЄ уЁєяяє: '╚╤1-231'
2025-12-14 20:53:40,729 [INFO] \u2705 [341] ═рщфхэю 1 уЁєяя√ фы  чряЁюёр '╚╤1-231'
2025-12-14 20:53:40,730 [INFO] \U0001f4c5 [341] ╟руЁєцр■ Ёрёяшёрэшх фы : ╚╤1-231
2025-12-14 20:53:40,747 [INFO] \U0001f50d [341] @user_341 \u2192 ╚∙хЄ уЁєяяє: '╚╤1-232'
2025-12-14 20:53:40,748 [INFO] \u2705 [341] ═рщфхэю 1 уЁєяя√ фы  чряЁюёр '╚╤1-232'
2025-12-14 20:53:40,748 [INFO] \U0001f4c5 [341] ╟руЁєцр■ Ёрёяшёрэшх фы : ╚╤1-232
2025-12-14 20:53:40,769 [INFO] \U0001f50d [342] @user_342 \u2192 ╚∙хЄ уЁєяяє: '╚╤1-231'
2025-12-14 20:53:40,770 [INFO] \u2705 [342] ═рщфхэю 1 уЁєяя√ фы  чряЁюёр '╚╤1-231'
2025-12-14 20:53:40,770 [INFO] \U0001f4c5 [342] ╟руЁєцр■ Ёрёяшёрэшх фы : ╚╤1-231
2025-12-14 20:53:40,787 [INFO] \U0001f50d [342] @user_342 \u2192 ╚∙хЄ уЁєяяє: '╚╤1-232'
2025-12-14 20:53:40,788 [INFO] \u2705 [342] ═рщфхэю 1 уЁєяя√ фы  чряЁюёр '╚╤1-232'
2025-12-14 20:53:40,788 [INFO] \U0001f4c5 [342] ╟руЁєцр■ Ёрёяшёрэшх фы : ╚╤1-232
2025-12-14 20:53:40,807 [INFO] \U0001f50d [343] @user_343 \u2192 ╚∙хЄ уЁєяяє: '╚╤1-231'
2025-12-14 20:53:40,808 [INFO] \u2705 [343] ═рщфхэю 1 уЁєяя√ фы  чряЁюёр '╚╤1-231'
2025-12-14 20:53:40,809 [INFO] \U0001f4c5 [343] ╟руЁєцр■ Ёрёяшёрэшх фы : ╚╤1-231
2025-12-14 20:53:40,829 [INFO] \U0001f50d [343] @user_343 \u2192 ╚∙хЄ уЁєяяє: '╚╤1-232'
2025-12-14 20:53:40,831 [INFO] \u2705 [343] ═рщфхэю 1 уЁєяя√ фы  чряЁюёр '╚╤1-232'
2025-12-14 20:53:40,831 [INFO] \U0001f4c5 [343] ╟руЁєцр■ Ёрёяшёрэшх фы : ╚╤1-232
2025-12-14 20:53:40,850 [INFO] \U0001f50d [344] @user_344 \u2192 ╚∙хЄ уЁєяяє: '╚╤1-231'
2025-12-14 20:53:40,851 [INFO] \u2705 [344] ═рщфхэю 1 уЁєяя√ фы  чряЁюёр '╚╤1-231'
2025-12-14 20:53:40,851 [INFO] \U0001f4c5 [344] ╟руЁєцр■ Ёрёяшёрэшх фы : ╚╤1-231
2025-12-14 20:53:40,870 [INFO] \U0001f50d [344] @user_344 \u2192 ╚∙хЄ уЁєяяє: '╚╤1-232'
2025-12-14 20:53:40,871 [INFO] \u2705 [344] ═рщфхэю 1 уЁєяя√ фы  чряЁюёр '╚╤1-232'
2025-12-14 20:53:40,871 [INFO] \U0001f4c5 [344] ╟руЁєцр■ Ёрёяшёрэшх фы : ╚╤1-232
2025-12-14 20:53:40,888 [INFO] \U0001f50d [345] @user_345 \u2192 ╚∙хЄ уЁєяяє: '╚╤1-231'
2025-12-14 20:53:40,889 [INFO] \u2705 [345] ═рщфхэю 1 уЁєяя√ фы  чряЁюёр '╚╤1-231'
2025-12-14 20:53:40,889 [INFO] \U0001f4c5 [345] ╟руЁєцр■ Ёрёяшёрэшх фы : ╚╤1-231
2025-12-14 20:53:40,915 [INFO] \U0001f50d [345] @user_345 \u2192 ╚∙хЄ уЁєяяє: '╚╤1-232'
2025-12-14 20:53:40,916 [INFO] \u2705 [345] ═рщфхэю 1 уЁєяя√ фы  чряЁюёр '╚╤1-232'
2025-12-14 20:53:40,916 [INFO] \U0001f4c5 [345] ╟руЁєцр■ Ёрёяшёрэшх фы : ╚╤1-232
2025-12-14 20:53:40,937 [INFO] \U0001f50d [346] @user_346 \u2192 ╚∙хЄ уЁєяяє: '╚╤1-231'
2025-12-14 20:53:40,939 [INFO] \u2705 [346] ═рщфхэю 1 уЁєяя√ фы  чряЁюёр '╚╤1-231'
2025-12-14 20:53:40,939 [INFO] \U0001f4c5 [346] ╟руЁєцр■ Ёрёяшёрэшх фы : ╚╤1-231
2025-12-14 20:53:40,962 [INFO] \U0001f50d [346] @user_346 \u2192 ╚∙хЄ уЁєяяє: '╚╤1-232'
2025-12-14 20:53:40,963 [INFO] \u2705 [346] ═рщфхэю 1 уЁєяя√ фы  чряЁюёр '╚╤1-232'
2025-12-14 20:53:40,963 [INFO] \U0001f4c5 [346] ╟руЁєцр■ Ёрёяшёрэшх фы : ╚╤1-232
2025-12-14 20:53:40,982 [INFO] \U0001f50d [347] @user_347 \u2192 ╚∙хЄ уЁєяяє: '╚╤1-231'
2025-12-14 20:53:40,982 [INFO] \u2705 [347] ═рщфхэю 1 уЁєяя√ фы  чряЁюёр '╚╤1-231'
2025-12-14 20:53:40,983 [INFO] \U0001f4c5 [347] ╟руЁєцр■ Ёрёяшёрэшх фы : ╚╤1-231
2025-12-14 20:53:41,000 [INFO] \U0001f50d [347] @user_347 \u2192 ╚∙хЄ уЁєяяє: '╚╤1-232'
2025-12-14 20:53:41,002 [INFO] \u2705 [347] ═рщфхэю 1 уЁєяя√ фы  чряЁюёр '╚╤1-232'
2025-12-14 20:53:41,002 [INFO] \U0001f4c5 [347] ╟руЁєцр■ Ёрёяшёрэшх фы : ╚╤1-232
2025-12-14 20:53:41,020 [INFO] \U0001f50d [348] @user_348 \u2192 ╚∙хЄ уЁєяяє: '╚╤1-231'
2025-12-14 20:53:41,021 [INFO] \u2705 [348] ═рщфхэю 1 уЁєяя√ фы  чряЁюёр '╚╤1-231'
2025-12-14 20:53:41,021 [INFO] \U0001f4c5 [348] ╟руЁєцр■ Ёрёяшёрэшх фы : ╚╤1-231
2025-12-14 20:53:41,049 [INFO] \U0001f50d [348] @user_348 \u2192 ╚∙хЄ уЁєяяє: '╚╤1-232'
2025-12-14 20:53:41,053 [INFO] \u2705 [348] ═рщфхэю 1 уЁєяя√ фы  чряЁюёр '╚╤1-232'
2025-12-14 20:53:41,053 [INFO] \U0001f4c5 [348] ╟руЁєцр■ Ёрёяшёрэшх фы : ╚╤1-232
2025-12-14 20:53:41,076 [INFO] \U0001f50d [349] @user_349 \u2192 ╚∙хЄ уЁєяяє: '╚╤1-231'
2025-12-14 20:53:41,077 [INFO] \u2705 [349] ═рщфхэю 1 уЁєяя√ фы  чряЁюёр '╚╤1-231'
2025-12-14 20:53:41,077 [INFO] \U0001f4c5 [349] ╟руЁєцр■ Ёрёяшёрэшх фы : ╚╤1-231
2025-12-14 20:53:41,101 [INFO] \U0001f50d [349] @user_349 \u2192 ╚∙хЄ уЁєяяє: '╚╤1-232'
2025-12-14 20:53:41,102 [INFO] \u2705 [349] ═рщфхэю 1 уЁєяя√ фы  чряЁюёр '╚╤1-232'
2025-12-14 20:53:41,102 [INFO] \U0001f4c5 [349] ╟руЁєцр■ Ёрёяшёрэшх фы : ╚╤1-232
2025-12-14 20:53:41,119 [INFO] \U0001f50d [350] @user_350 \u2192 ╚∙хЄ уЁєяяє: '╚╤1-231'
2025-12-14 20:53:41,120 [INFO] \u2705 [350] ═рщфхэю 1 уЁєяя√ фы  чряЁюёр '╚╤1-231'
2025-12-14 20:53:41,120 [INFO] \U0001f4c5 [350] ╟руЁєцр■ Ёрёяшёрэшх фы : ╚╤1-231
2025-12-14 20:53:41,142 [INFO] \U0001f50d [350] @user_350 \u2192 ╚∙хЄ уЁєяяє: '╚╤1-232'
2025-12-14 20:53:41,144 [INFO] \u2705 [350] ═рщфхэю 1 уЁєяя√ фы  чряЁюёр '╚╤1-232'
2025-12-14 20:53:41,144 [INFO] \U0001f4c5 [350] ╟руЁєцр■ Ёрёяшёрэшх фы : ╚╤1-232
2025-12-14 20:53:41,163 [INFO] \U0001f50d [351] @user_351 \u2192 ╚∙хЄ уЁєяяє: '╚╤1-231'
2025-12-14 20:53:41,164 [INFO] \u2705 [351] ═рщфхэю 1 уЁєяя√ фы  чряЁюёр '╚╤1-231'
2025-12-14 20:53:41,164 [INFO] \U0001f4c5 [351] ╟руЁєцр■ Ёрёяшёрэшх фы : ╚╤1-231
2025-12-14 20:53:41,181 [INFO] \U0001f50d [351] @user_351 \u2192 ╚∙хЄ уЁєяяє: '╚╤1-232'
2025-12-14 20:53:41,182 [INFO] \u2705 [351] ═рщфхэю 1 уЁєяя√ фы  чряЁюёр '╚╤1-232'
2025-12-14 20:53:41,182 [INFO] \U0001f4c5 [351] ╟руЁєцр■ Ёрёяшёрэшх фы : ╚╤1-232
2025-12-14 20:53:41,203 [INFO] \U0001f50d [352] @user_352 \u2192 ╚∙хЄ уЁєяяє: '╚╤1-231'
2025-12-14 20:53:41,204 [INFO] \u2705 [352] ═рщфхэю 1 уЁєяя√ фы  чряЁюёр '╚╤1-231'
2025-12-14 20:53:41,204 [INFO] \U0001f4c5 [352] ╟руЁєцр■ Ёрёяшёрэшх фы : ╚╤1-231
2025-12-14 20:53:41,221 [INFO] \U0001f50d [352] @user_352 \u2192 ╚∙хЄ уЁєяяє: '╚╤1-232'
2025-12-14 20:53:41,222 [INFO] \u2705 [352] ═рщфхэю 1 уЁєяя√ фы  чряЁюёр '╚╤1-232'
2025-12-14 20:53:41,222 [INFO] \U0001f4c5 [352] ╟руЁєцр■ Ёрёяшёрэшх фы : ╚╤1-232
2025-12-14 20:53:41,243 [INFO] \U0001f50d [353] @user_353 \u2192 ╚∙хЄ уЁєяяє: '╚╤1-231'
2025-12-14 20:53:41,244 [INFO] \u2705 [353] ═рщфхэю 1 уЁєяя√ фы  чряЁюёр '╚╤1-231'
2025-12-14 20:53:41,245 [INFO] \U0001f4c5 [353] ╟руЁєцр■ Ёрёяшёрэшх фы : ╚╤1-231
2025-12-14 20:53:41,263 [INFO] \U0001f50d [353] @user_353 \u2192 ╚∙хЄ уЁєяяє: '╚╤1-232'
2025-12-14 20:53:41,264 [INFO] \u2705 [353] ═рщфхэю 1 уЁєяя√ фы  чряЁюёр '╚╤1-232'
2025-12-14 20:53:41,264 [INFO] \U0001f4c5 [353] ╟руЁєцр■ Ёрёяшёрэшх фы : ╚╤1-232
2025-12-14 20:53:41,280 [INFO] \U0001f50d [354] @user_354 \u2192 ╚∙хЄ уЁєяяє: '╚╤1-231'
2025-12-14 20:53:41,281 [INFO] \u2705 [354] ═рщфхэю 1 уЁєяя√ фы  чряЁюёр '╚╤1-231'
2025-12-14 20:53:41,281 [INFO] \U0001f4c5 [354] ╟руЁєцр■ Ёрёяшёрэшх фы : ╚╤1-231
2025-12-14 20:53:41,299 [INFO] \U0001f50d [354] @user_354 \u2192 ╚∙хЄ уЁєяяє: '╚╤1-232'
2025-12-14 20:53:41,300 [INFO] \u2705 [354] ═рщфхэю 1 уЁєяя√ фы  чряЁюёр '╚╤1-232'
2025-12-14 20:53:41,300 [INFO] \U0001f4c5 [354] ╟руЁєцр■ Ёрёяшёрэшх фы : ╚╤1-232
2025-12-14 20:53:41,322 [INFO] \U0001f50d [355] @user_355 \u2192 ╚∙хЄ уЁєяяє: '╚╤1-231'
2025-12-14 20:53:41,324 [INFO] \u2705 [355] ═рщфхэю 1 уЁєяя√ фы  чряЁюёр '╚╤1-231'
2025-12-14 20:53:41,324 [INFO] \U0001f4c5 [355] ╟руЁєцр■ Ёрёяшёрэшх фы : ╚╤1-231
2025-12-14 20:53:41,346 [INFO] \U0001f50d [355] @user_355 \u2192 ╚∙хЄ уЁєяяє: '╚╤1-232'
2025-12-14 20:53:41,347 [INFO] \u2705 [355] ═рщфхэю 1 уЁєяя√ фы  чряЁюёр '╚╤1-232'
2025-12-14 20:53:41,347 [INFO] \U0001f4c5 [355] ╟руЁєцр■ Ёрёяшёрэшх фы : ╚╤1-232
2025-12-14 20:53:41,367 [INFO] \U0001f50d [356] @user_356 \u2192 ╚∙хЄ уЁєяяє: '╚╤1-231'
2025-12-14 20:53:41,368 [INFO] \u2705 [356] ═рщфхэю 1 уЁєяя√ фы  чряЁюёр '╚╤1-231'
2025-12-14 20:53:41,368 [INFO] \U0001f4c5 [356] ╟руЁєцр■ Ёрёяшёрэшх фы : ╚╤1-231
2025-12-14 20:53:41,390 [INFO] \U0001f50d [356] @user_356 \u2192 ╚∙хЄ уЁєяяє: '╚╤1-232'
2025-12-14 20:53:41,392 [INFO] \u2705 [356] ═рщфхэю 1 уЁєяя√ фы  чряЁюёр '╚╤1-232'
2025-12-14 20:53:41,392 [INFO] \U0001f4c5 [356] ╟руЁєцр■ Ёрёяшёрэшх фы : ╚╤1-232
2025-12-14 20:53:41,411 [INFO] \U0001f50d [357] @user_357 \u2192 ╚∙хЄ уЁєяяє: '╚╤1-231'
2025-12-14 20:53:41,412 [INFO] \u2705 [357] ═рщфхэю 1 уЁєяя√ фы  чряЁюёр '╚╤1-231'
2025-12-14 20:53:41,412 [INFO] \U0001f4c5 [357] ╟руЁєцр■ Ёрёяшёрэшх фы : ╚╤1-231
2025-12-14 20:53:41,429 [INFO] \U0001f50d [357] @user_357 \u2192 ╚∙хЄ уЁєяяє: '╚╤1-232'
2025-12-14 20:53:41,430 [INFO] \u2705 [357] ═рщфхэю 1 уЁєяя√ фы  чряЁюёр '╚╤1-232'
2025-12-14 20:53:41,430 [INFO] \U0001f4c5 [357] ╟руЁєцр■ Ёрёяшёрэшх фы : ╚╤1-232
2025-12-14 20:53:41,450 [INFO] \U0001f50d [358] @user_358 \u2192 ╚∙хЄ уЁєяяє: '╚╤1-231'
2025-12-14 20:53:41,451 [INFO] \u2705 [358] ═рщфхэю 1 уЁєяя√ фы  чряЁюёр '╚╤1-231'
2025-12-14 20:53:41,452 [INFO] \U0001f4c5 [358] ╟руЁєцр■ Ёрёяшёрэшх фы : ╚╤1-231
2025-12-14 20:53:41,474 [INFO] \U0001f50d [358] @user_358 \u2192 ╚∙хЄ уЁєяяє: '╚╤1-232'
2025-12-14 20:53:41,476 [INFO] \u2705 [358] ═рщфхэю 1 уЁєяя√ фы  чряЁюёр '╚╤1-232'
2025-12-14 20:53:41,476 [INFO] \U0001f4c5 [358] ╟руЁєцр■ Ёрёяшёрэшх фы : ╚╤1-232
2025-12-14 20:53:41,496 [INFO] \U0001f50d [359] @user_359 \u2192 ╚∙хЄ уЁєяяє: '╚╤1-231'
2025-12-14 20:53:41,497 [INFO] \u2705 [359] ═рщфхэю 1 уЁєяя√ фы  чряЁюёр '╚╤1-231'
2025-12-14 20:53:41,497 [INFO] \U0001f4c5 [359] ╟руЁєцр■ Ёрёяшёрэшх фы : ╚╤1-231
2025-12-14 20:53:41,517 [INFO] \U0001f50d [359] @user_359 \u2192 ╚∙хЄ уЁєяяє: '╚╤1-232'
2025-12-14 20:53:41,519 [INFO] \u2705 [359] ═рщфхэю 1 уЁєяя√ фы  чряЁюёр '╚╤1-232'
2025-12-14 20:53:41,519 [INFO] \U0001f4c5 [359] ╟руЁєцр■ Ёрёяшёрэшх фы : ╚╤1-232
2025-12-14 20:53:41,540 [INFO] \U0001f50d [360] @user_360 \u2192 ╚∙хЄ уЁєяяє: '╚╤1-231'
2025-12-14 20:53:41,544 [INFO] \u2705 [360] ═рщфхэю 1 уЁєяя√ фы  чряЁюёр '╚╤1-231'
2025-12-14 20:53:41,545 [INFO] \U0001f4c5 [360] ╟руЁєцр■ Ёрёяшёрэшх фы : ╚╤1-231
2025-12-14 20:53:41,563 [INFO] \U0001f50d [360] @user_360 \u2192 ╚∙хЄ уЁєяяє: '╚╤1-232'
2025-12-14 20:53:41,564 [INFO] \u2705 [360] ═рщфхэю 1 уЁєяя√ фы  чряЁюёр '╚╤1-232'
2025-12-14 20:53:41,564 [INFO] \U0001f4c5 [360] ╟руЁєцр■ Ёрёяшёрэшх фы : ╚╤1-232
2025-12-14 20:53:41,584 [INFO] \U0001f50d [361] @user_361 \u2192 ╚∙хЄ уЁєяяє: '╚╤1-231'
2025-12-14 20:53:41,585 [INFO] \u2705 [361] ═рщфхэю 1 уЁєяя√ фы  чряЁюёр '╚╤1-231'
2025-12-14 20:53:41,585 [INFO] \U0001f4c5 [361] ╟руЁєцр■ Ёрёяшёрэшх фы : ╚╤1-231
2025-12-14 20:53:41,605 [INFO] \U0001f50d [361] @user_361 \u2192 ╚∙хЄ уЁєяяє: '╚╤1-232'
2025-12-14 20:53:41,606 [INFO] \u2705 [361] ═рщфхэю 1 уЁєяя√ фы  чряЁюёр '╚╤1-232'
2025-12-14 20:53:41,607 [INFO] \U0001f4c5 [361] ╟руЁєцр■ Ёрёяшёрэшх фы : ╚╤1-232
2025-12-14 20:53:41,629 [INFO] \U0001f50d [362] @user_362 \u2192 ╚∙хЄ уЁєяяє: '╚╤1-231'
2025-12-14 20:53:41,630 [INFO] \u2705 [362] ═рщфхэю 1 уЁєяя√ фы  чряЁюёр '╚╤1-231'
2025-12-14 20:53:41,630 [INFO] \U0001f4c5 [362] ╟руЁєцр■ Ёрёяшёрэшх фы : ╚╤1-231
2025-12-14 20:53:41,651 [INFO] \U0001f50d [362] @user_362 \u2192 ╚∙хЄ уЁєяяє: '╚╤1-232'
2025-12-14 20:53:41,651 [INFO] \u2705 [362] ═рщфхэю 1 уЁєяя√ фы  чряЁюёр '╚╤1-232'
2025-12-14 20:53:41,652 [INFO] \U0001f4c5 [362] ╟руЁєцр■ Ёрёяшёрэшх фы : ╚╤1-232
2025-12-14 20:53:41,673 [INFO] \U0001f50d [363] @user_363 \u2192 ╚∙хЄ уЁєяяє: '╚╤1-231'
2025-12-14 20:53:41,675 [INFO] \u2705 [363] ═рщфхэю 1 уЁєяя√ фы  чряЁюёр '╚╤1-231'
2025-12-14 20:53:41,675 [INFO] \U0001f4c5 [363] ╟руЁєцр■ Ёрёяшёрэшх фы : ╚╤1-231
2025-12-14 20:53:41,697 [INFO] \U0001f50d [363] @user_363 \u2192 ╚∙хЄ уЁєяяє: '╚╤1-232'
2025-12-14 20:53:41,698 [INFO] \u2705 [363] ═рщфхэю 1 уЁєяя√ фы  чряЁюёр '╚╤1-232'
2025-12-14 20:53:41,699 [INFO] \U0001f4c5 [363] ╟руЁєцр■ Ёрёяшёрэшх фы : ╚╤1-232
2025-12-14 20:53:41,720 [INFO] \U0001f50d [364] @user_364 \u2192 ╚∙хЄ уЁєяяє: '╚╤1-231'
2025-12-14 20:53:41,721 [INFO] \u2705 [364] ═рщфхэю 1 уЁєяя√ фы  чряЁюёр '╚╤1-231'
2025-12-14 20:53:41,722 [INFO] \U0001f4c5 [364] ╟руЁєцр■ Ёрёяшёрэшх фы : ╚╤1-231
2025-12-14 20:53:41,739 [INFO] \U0001f50d [364] @user_364 \u2192 ╚∙хЄ уЁєяяє: '╚╤1-232'
2025-12-14 20:53:41,741 [INFO] \u2705 [364] ═рщфхэю 1 уЁєяя√ фы  чряЁюёр '╚╤1-232'
2025-12-14 20:53:41,742 [INFO] \U0001f4c5 [364] ╟руЁєцр■ Ёрёяшёрэшх фы : ╚╤1-232
2025-12-14 20:53:41,764 [INFO] \U0001f50d [365] @user_365 \u2192 ╚∙хЄ уЁєяяє: '╚╤1-231'
2025-12-14 20:53:41,764 [INFO] \u2705 [365] ═рщфхэю 1 уЁєяя√ фы  чряЁюёр '╚╤1-231'
2025-12-14 20:53:41,764 [INFO] \U0001f4c5 [365] ╟руЁєцр■ Ёрёяшёрэшх фы : ╚╤1-231
2025-12-14 20:53:41,780 [INFO] \U0001f50d [365] @user_365 \u2192 ╚∙хЄ уЁєяяє: '╚╤1-232'
2025-12-14 20:53:41,781 [INFO] \u2705 [365] ═рщфхэю 1 уЁєяя√ фы  чряЁюёр '╚╤1-232'
2025-12-14 20:53:41,781 [INFO] \U0001f4c5 [365] ╟руЁєцр■ Ёрёяшёрэшх фы : ╚╤1-232
2025-12-14 20:53:41,800 [INFO] \U0001f50d [366] @user_366 \u2192 ╚∙хЄ уЁєяяє: '╚╤1-231'
2025-12-14 20:53:41,801 [INFO] \u2705 [366] ═рщфхэю 1 уЁєяя√ фы  чряЁюёр '╚╤1-231'
2025-12-14 20:53:41,801 [INFO] \U0001f4c5 [366] ╟руЁєцр■ Ёрёяшёрэшх фы : ╚╤1-231
2025-12-14 20:53:41,820 [INFO] \U0001f50d [366] @user_366 \u2192 ╚∙хЄ уЁєяяє: '╚╤1-232'
2025-12-14 20:53:41,821 [INFO] \u2705 [366] ═рщфхэю 1 уЁєяя√ фы  чряЁюёр '╚╤1-232'
2025-12-14 20:53:41,821 [INFO] \U0001f4c5 [366] ╟руЁєцр■ Ёрёяшёрэшх фы : ╚╤1-232
2025-12-14 20:53:41,846 [INFO] \U0001f50d [367] @user_367 \u2192 ╚∙хЄ уЁєяяє: '╚╤1-231'
2025-12-14 20:53:41,847 [INFO] \u2705 [367] ═рщфхэю 1 уЁєяя√ фы  чряЁюёр '╚╤1-231'
2025-12-14 20:53:41,848 [INFO] \U0001f4c5 [367] ╟руЁєцр■ Ёрёяшёрэшх фы : ╚╤1-231
2025-12-14 20:53:41,869 [INFO] \U0001f50d [367] @user_367 \u2192 ╚∙хЄ уЁєяяє: '╚╤1-232'
2025-12-14 20:53:41,870 [INFO] \u2705 [367] ═рщфхэю 1 уЁєяя√ фы  чряЁюёр '╚╤1-232'
2025-12-14 20:53:41,870 [INFO] \U0001f4c5 [367] ╟руЁєцр■ Ёрёяшёрэшх фы : ╚╤1-232
2025-12-14 20:53:41,887 [INFO] \U0001f50d [368] @user_368 \u2192 ╚∙хЄ уЁєяяє: '╚╤1-231'
2025-12-14 20:53:41,888 [INFO] \u2705 [368] ═рщфхэю 1 уЁєяя√ фы  чряЁюёр '╚╤1-231'
2025-12-14 20:53:41,888 [INFO] \U0001f4c5 [368] ╟руЁєцр■ Ёрёяшёрэшх фы : ╚╤1-231
2025-12-14 20:53:41,913 [INFO] \U0001f50d [368] @user_368 \u2192 ╚∙хЄ уЁєяяє: '╚╤1-232'
2025-12-14 20:53:41,914 [INFO] \u2705 [368] ═рщфхэю 1 уЁєяя√ фы  чряЁюёр '╚╤1-232'
2025-12-14 20:53:41,914 [INFO] \U0001f4c5 [368] ╟руЁєцр■ Ёрёяшёрэшх фы : ╚╤1-232
2025-12-14 20:53:41,937 [INFO] \U0001f50d [369] @user_369 \u2192 ╚∙хЄ уЁєяяє: '╚╤1-231'
2025-12-14 20:53:41,938 [INFO] \u2705 [369] ═рщфхэю 1 уЁєяя√ фы  чряЁюёр '╚╤1-231'
2025-12-14 20:53:41,939 [INFO] \U0001f4c5 [369] ╟руЁєцр■ Ёрёяшёрэшх фы : ╚╤1-231
2025-12-14 20:53:41,961 [INFO] \U0001f50d [369] @user_369 \u2192 ╚∙хЄ уЁєяяє: '╚╤1-232'
2025-12-14 20:53:41,962 [INFO] \u2705 [369] ═рщфхэю 1 уЁєяя√ фы  чряЁюёр '╚╤1-232'
2025-12-14 20:53:41,962 [INFO] \U0001f4c5 [369] ╟руЁєцр■ Ёрёяшёрэшх фы : ╚╤1-232
2025-12-14 20:53:41,991 [INFO] \U0001f50d [370] @user_370 \u2192 ╚∙хЄ уЁєяяє: '╚╤1-231'
2025-12-14 20:53:41,992 [INFO] \u2705 [370] ═рщфхэю 1 уЁєяя√ фы  чряЁюёр '╚╤1-231'
2025-12-14 20:53:41,993 [INFO] \U0001f4c5 [370] ╟руЁєцр■ Ёрёяшёрэшх фы : ╚╤1-231
2025-12-14 20:53:42,010 [INFO] \U0001f50d [370] @user_370 \u2192 ╚∙хЄ уЁєяяє: '╚╤1-232'
2025-12-14 20:53:42,011 [INFO] \u2705 [370] ═рщфхэю 1 уЁєяя√ фы  чряЁюёр '╚╤1-232'
2025-12-14 20:53:42,011 [INFO] \U0001f4c5 [370] ╟руЁєцр■ Ёрёяшёрэшх фы : ╚╤1-232
2025-12-14 20:53:42,028 [INFO] \U0001f50d [371] @user_371 \u2192 ╚∙хЄ уЁєяяє: '╚╤1-231'
2025-12-14 20:53:42,029 [INFO] \u2705 [371] ═рщфхэю 1 уЁєяя√ фы  чряЁюёр '╚╤1-231'
2025-12-14 20:53:42,029 [INFO] \U0001f4c5 [371] ╟руЁєцр■ Ёрёяшёрэшх фы : ╚╤1-231
2025-12-14 20:53:42,047 [INFO] \U0001f50d [371] @user_371 \u2192 ╚∙хЄ уЁєяяє: '╚╤1-232'
2025-12-14 20:53:42,049 [INFO] \u2705 [371] ═рщфхэю 1 уЁєяя√ фы  чряЁюёр '╚╤1-232'
2025-12-14 20:53:42,049 [INFO] \U0001f4c5 [371] ╟руЁєцр■ Ёрёяшёрэшх фы : ╚╤1-232
2025-12-14 20:53:42,065 [INFO] \U0001f50d [372] @user_372 \u2192 ╚∙хЄ уЁєяяє: '╚╤1-231'
2025-12-14 20:53:42,065 [INFO] \u2705 [372] ═рщфхэю 1 уЁєяя√ фы  чряЁюёр '╚╤1-231'
2025-12-14 20:53:42,066 [INFO] \U0001f4c5 [372] ╟руЁєцр■ Ёрёяшёрэшх фы : ╚╤1-231
2025-12-14 20:53:42,086 [INFO] \U0001f50d [372] @user_372 \u2192 ╚∙хЄ уЁєяяє: '╚╤1-232'
2025-12-14 20:53:42,088 [INFO] \u2705 [372] ═рщфхэю 1 уЁєяя√ фы  чряЁюёр '╚╤1-232'
2025-12-14 20:53:42,088 [INFO] \U0001f4c5 [372] ╟руЁєцр■ Ёрёяшёрэшх фы : ╚╤1-232
2025-12-14 20:53:42,110 [INFO] \U0001f50d [373] @user_373 \u2192 ╚∙хЄ уЁєяяє: '╚╤1-231'
2025-12-14 20:53:42,111 [INFO] \u2705 [373] ═рщфхэю 1 уЁєяя√ фы  чряЁюёр '╚╤1-231'
2025-12-14 20:53:42,111 [INFO] \U0001f4c5 [373] ╟руЁєцр■ Ёрёяшёрэшх фы : ╚╤1-231
2025-12-14 20:53:42,131 [INFO] \U0001f50d [373] @user_373 \u2192 ╚∙хЄ уЁєяяє: '╚╤1-232'
2025-12-14 20:53:42,132 [INFO] \u2705 [373] ═рщфхэю 1 уЁєяя√ фы  чряЁюёр '╚╤1-232'
2025-12-14 20:53:42,132 [INFO] \U0001f4c5 [373] ╟руЁєцр■ Ёрёяшёрэшх фы : ╚╤1-232
2025-12-14 20:53:42,149 [INFO] \U0001f50d [374] @user_374 \u2192 ╚∙хЄ уЁєяяє: '╚╤1-231'
2025-12-14 20:53:42,150 [INFO] \u2705 [374] ═рщфхэю 1 уЁєяя√ фы  чряЁюёр '╚╤1-231'
2025-12-14 20:53:42,150 [INFO] \U0001f4c5 [374] ╟руЁєцр■ Ёрёяшёрэшх фы : ╚╤1-231
2025-12-14 20:53:42,168 [INFO] \U0001f50d [374] @user_374 \u2192 ╚∙хЄ уЁєяяє: '╚╤1-232'
2025-12-14 20:53:42,169 [INFO] \u2705 [374] ═рщфхэю 1 уЁєяя√ фы  чряЁюёр '╚╤1-232'
2025-12-14 20:53:42,169 [INFO] \U0001f4c5 [374] ╟руЁєцр■ Ёрёяшёрэшх фы : ╚╤1-232
2025-12-14 20:53:42,187 [INFO] \U0001f50d [375] @user_375 \u2192 ╚∙хЄ уЁєяяє: '╚╤1-231'
2025-12-14 20:53:42,188 [INFO] \u2705 [375] ═рщфхэю 1 уЁєяя√ фы  чряЁюёр '╚╤1-231'
2025-12-14 20:53:42,188 [INFO] \U0001f4c5 [375] ╟руЁєцр■ Ёрёяшёрэшх фы : ╚╤1-231
2025-12-14 20:53:42,210 [INFO] \U0001f50d [375] @user_375 \u2192 ╚∙хЄ уЁєяяє: '╚╤1-232'
2025-12-14 20:53:42,211 [INFO] \u2705 [375] ═рщфхэю 1 уЁєяя√ фы  чряЁюёр '╚╤1-232'
2025-12-14 20:53:42,211 [INFO] \U0001f4c5 [375] ╟руЁєцр■ Ёрёяшёрэшх фы : ╚╤1-232
2025-12-14 20:53:42,234 [INFO] \U0001f50d [376] @user_376 \u2192 ╚∙хЄ уЁєяяє: '╚╤1-231'
2025-12-14 20:53:42,234 [INFO] \u2705 [376] ═рщфхэю 1 уЁєяя√ фы  чряЁюёр '╚╤1-231'
2025-12-14 20:53:42,235 [INFO] \U0001f4c5 [376] ╟руЁєцр■ Ёрёяшёрэшх фы : ╚╤1-231
2025-12-14 20:53:42,251 [INFO] \U0001f50d [376] @user_376 \u2192 ╚∙хЄ уЁєяяє: '╚╤1-232'
2025-12-14 20:53:42,251 [INFO] \u2705 [376] ═рщфхэю 1 уЁєяя√ фы  чряЁюёр '╚╤1-232'
2025-12-14 20:53:42,252 [INFO] \U0001f4c5 [376] ╟руЁєцр■ Ёрёяшёрэшх фы : ╚╤1-232
2025-12-14 20:53:42,268 [INFO] \U0001f50d [377] @user_377 \u2192 ╚∙хЄ уЁєяяє: '╚╤1-231'
2025-12-14 20:53:42,268 [INFO] \u2705 [377] ═рщфхэю 1 уЁєяя√ фы  чряЁюёр '╚╤1-231'
2025-12-14 20:53:42,269 [INFO] \U0001f4c5 [377] ╟руЁєцр■ Ёрёяшёрэшх фы : ╚╤1-231
2025-12-14 20:53:42,287 [INFO] \U0001f50d [377] @user_377 \u2192 ╚∙хЄ уЁєяяє: '╚╤1-232'
2025-12-14 20:53:42,287 [INFO] \u2705 [377] ═рщфхэю 1 уЁєяя√ фы  чряЁюёр '╚╤1-232'
2025-12-14 20:53:42,288 [INFO] \U0001f4c5 [377] ╟руЁєцр■ Ёрёяшёрэшх фы : ╚╤1-232
2025-12-14 20:53:42,310 [INFO] \U0001f50d [378] @user_378 \u2192 ╚∙хЄ уЁєяяє: '╚╤1-231'
2025-12-14 20:53:42,311 [INFO] \u2705 [378] ═рщфхэю 1 уЁєяя√ фы  чряЁюёр '╚╤1-231'
2025-12-14 20:53:42,312 [INFO] \U0001f4c5 [378] ╟руЁєцр■ Ёрёяшёрэшх фы : ╚╤1-231
2025-12-14 20:53:42,333 [INFO] \U0001f50d [378] @user_378 \u2192 ╚∙хЄ уЁєяяє: '╚╤1-232'
2025-12-14 20:53:42,334 [INFO] \u2705 [378] ═рщфхэю 1 уЁєяя√ фы  чряЁюёр '╚╤1-232'
2025-12-14 20:53:42,334 [INFO] \U0001f4c5 [378] ╟руЁєцр■ Ёрёяшёрэшх фы : ╚╤1-232
2025-12-14 20:53:42,356 [INFO] \U0001f50d [379] @user_379 \u2192 ╚∙хЄ уЁєяяє: '╚╤1-231'
2025-12-14 20:53:42,357 [INFO] \u2705 [379] ═рщфхэю 1 уЁєяя√ фы  чряЁюёр '╚╤1-231'
2025-12-14 20:53:42,358 [INFO] \U0001f4c5 [379] ╟руЁєцр■ Ёрёяшёрэшх фы : ╚╤1-231
2025-12-14 20:53:42,375 [INFO] \U0001f50d [379] @user_379 \u2192 ╚∙хЄ уЁєяяє: '╚╤1-232'
2025-12-14 20:53:42,377 [INFO] \u2705 [379] ═рщфхэю 1 уЁєяя√ фы  чряЁюёр '╚╤1-232'
2025-12-14 20:53:42,377 [INFO] \U0001f4c5 [379] ╟руЁєцр■ Ёрёяшёрэшх фы : ╚╤1-232
2025-12-14 20:53:42,398 [INFO] \U0001f50d [380] @user_380 \u2192 ╚∙хЄ уЁєяяє: '╚╤1-231'
2025-12-14 20:53:42,399 [INFO] \u2705 [380] ═рщфхэю 1 уЁєяя√ фы  чряЁюёр '╚╤1-231'
2025-12-14 20:53:42,399 [INFO] \U0001f4c5 [380] ╟руЁєцр■ Ёрёяшёрэшх фы : ╚╤1-231
2025-12-14 20:53:42,418 [INFO] \U0001f50d [380] @user_380 \u2192 ╚∙хЄ уЁєяяє: '╚╤1-232'
2025-12-14 20:53:42,418 [INFO] \u2705 [380] ═рщфхэю 1 уЁєяя√ фы  чряЁюёр '╚╤1-232'
2025-12-14 20:53:42,419 [INFO] \U0001f4c5 [380] ╟руЁєцр■ Ёрёяшёрэшх фы : ╚╤1-232
2025-12-14 20:53:42,442 [INFO] \U0001f50d [381] @user_381 \u2192 ╚∙хЄ уЁєяяє: '╚╤1-231'
2025-12-14 20:53:42,444 [INFO] \u2705 [381] ═рщфхэю 1 уЁєяя√ фы  чряЁюёр '╚╤1-231'
2025-12-14 20:53:42,445 [INFO] \U0001f4c5 [381] ╟руЁєцр■ Ёрёяшёрэшх фы : ╚╤1-231
2025-12-14 20:53:42,466 [INFO] \U0001f50d [381] @user_381 \u2192 ╚∙хЄ уЁєяяє: '╚╤1-232'
2025-12-14 20:53:42,467 [INFO] \u2705 [381] ═рщфхэю 1 уЁєяя√ фы  чряЁюёр '╚╤1-232'
2025-12-14 20:53:42,467 [INFO] \U0001f4c5 [381] ╟руЁєцр■ Ёрёяшёрэшх фы : ╚╤1-232
2025-12-14 20:53:42,485 [INFO] \U0001f50d [382] @user_382 \u2192 ╚∙хЄ уЁєяяє: '╚╤1-231'
2025-12-14 20:53:42,486 [INFO] \u2705 [382] ═рщфхэю 1 уЁєяя√ фы  чряЁюёр '╚╤1-231'
2025-12-14 20:53:42,486 [INFO] \U0001f4c5 [382] ╟руЁєцр■ Ёрёяшёрэшх фы : ╚╤1-231
2025-12-14 20:53:42,505 [INFO] \U0001f50d [382] @user_382 \u2192 ╚∙хЄ уЁєяяє: '╚╤1-232'
2025-12-14 20:53:42,506 [INFO] \u2705 [382] ═рщфхэю 1 уЁєяя√ фы  чряЁюёр '╚╤1-232'
2025-12-14 20:53:42,507 [INFO] \U0001f4c5 [382] ╟руЁєцр■ Ёрёяшёрэшх фы : ╚╤1-232
2025-12-14 20:53:42,527 [INFO] \U0001f50d [383] @user_383 \u2192 ╚∙хЄ уЁєяяє: '╚╤1-231'
2025-12-14 20:53:42,529 [INFO] \u2705 [383] ═рщфхэю 1 уЁєяя√ фы  чряЁюёр '╚╤1-231'
2025-12-14 20:53:42,530 [INFO] \U0001f4c5 [383] ╟руЁєцр■ Ёрёяшёрэшх фы : ╚╤1-231
2025-12-14 20:53:42,550 [INFO] \U0001f50d [383] @user_383 \u2192 ╚∙хЄ уЁєяяє: '╚╤1-232'
2025-12-14 20:53:42,550 [INFO] \u2705 [383] ═рщфхэю 1 уЁєяя√ фы  чряЁюёр '╚╤1-232'
2025-12-14 20:53:42,551 [INFO] \U0001f4c5 [383] ╟руЁєцр■ Ёрёяшёрэшх фы : ╚╤1-232
2025-12-14 20:53:42,567 [INFO] \U0001f50d [384] @user_384 \u2192 ╚∙хЄ уЁєяяє: '╚╤1-231'
2025-12-14 20:53:42,568 [INFO] \u2705 [384] ═рщфхэю 1 уЁєяя√ фы  чряЁюёр '╚╤1-231'
2025-12-14 20:53:42,568 [INFO] \U0001f4c5 [384] ╟руЁєцр■ Ёрёяшёрэшх фы : ╚╤1-231
2025-12-14 20:53:42,585 [INFO] \U0001f50d [384] @user_384 \u2192 ╚∙хЄ уЁєяяє: '╚╤1-232'
2025-12-14 20:53:42,586 [INFO] \u2705 [384] ═рщфхэю 1 уЁєяя√ фы  чряЁюёр '╚╤1-232'
2025-12-14 20:53:42,586 [INFO] \U0001f4c5 [384] ╟руЁєцр■ Ёрёяшёрэшх фы : ╚╤1-232
2025-12-14 20:53:42,607 [INFO] \U0001f50d [385] @user_385 \u2192 ╚∙хЄ уЁєяяє: '╚╤1-231'
2025-12-14 20:53:42,609 [INFO] \u2705 [385] ═рщфхэю 1 уЁєяя√ фы  чряЁюёр '╚╤1-231'
2025-12-14 20:53:42,610 [INFO] \U0001f4c5 [385] ╟руЁєцр■ Ёрёяшёрэшх фы : ╚╤1-231
2025-12-14 20:53:42,627 [INFO] \U0001f50d [385] @user_385 \u2192 ╚∙хЄ уЁєяяє: '╚╤1-232'
2025-12-14 20:53:42,628 [INFO] \u2705 [385] ═рщфхэю 1 уЁєяя√ фы  чряЁюёр '╚╤1-232'
2025-12-14 20:53:42,629 [INFO] \U0001f4c5 [385] ╟руЁєцр■ Ёрёяшёрэшх фы : ╚╤1-232
2025-12-14 20:53:42,651 [INFO] \U0001f50d [386] @user_386 \u2192 ╚∙хЄ уЁєяяє: '╚╤1-231'
2025-12-14 20:53:42,652 [INFO] \u2705 [386] ═рщфхэю 1 уЁєяя√ фы  чряЁюёр '╚╤1-231'
2025-12-14 20:53:42,652 [INFO] \U0001f4c5 [386] ╟руЁєцр■ Ёрёяшёрэшх фы : ╚╤1-231
2025-12-14 20:53:42,671 [INFO] \U0001f50d [386] @user_386 \u2192 ╚∙хЄ уЁєяяє: '╚╤1-232'
2025-12-14 20:53:42,671 [INFO] \u2705 [386] ═рщфхэю 1 уЁєяя√ фы  чряЁюёр '╚╤1-232'
2025-12-14 20:53:42,671 [INFO] \U0001f4c5 [386] ╟руЁєцр■ Ёрёяшёрэшх фы : ╚╤1-232
2025-12-14 20:53:42,693 [INFO] \U0001f50d [387] @user_387 \u2192 ╚∙хЄ уЁєяяє: '╚╤1-231'
2025-12-14 20:53:42,694 [INFO] \u2705 [387] ═рщфхэю 1 уЁєяя√ фы  чряЁюёр '╚╤1-231'
2025-12-14 20:53:42,695 [INFO] \U0001f4c5 [387] ╟руЁєцр■ Ёрёяшёрэшх фы : ╚╤1-231
2025-12-14 20:53:42,713 [INFO] \U0001f50d [387] @user_387 \u2192 ╚∙хЄ уЁєяяє: '╚╤1-232'
2025-12-14 20:53:42,713 [INFO] \u2705 [387] ═рщфхэю 1 уЁєяя√ фы  чряЁюёр '╚╤1-232'
2025-12-14 20:53:42,714 [INFO] \U0001f4c5 [387] ╟руЁєцр■ Ёрёяшёрэшх фы : ╚╤1-232
2025-12-14 20:53:42,732 [INFO] \U0001f50d [388] @user_388 \u2192 ╚∙хЄ уЁєяяє: '╚╤1-231'
2025-12-14 20:53:42,733 [INFO] \u2705 [388] ═рщфхэю 1 уЁєяя√ фы  чряЁюёр '╚╤1-231'
2025-12-14 20:53:42,733 [INFO] \U0001f4c5 [388] ╟руЁєцр■ Ёрёяшёрэшх фы : ╚╤1-231
2025-12-14 20:53:42,750 [INFO] \U0001f50d [388] @user_388 \u2192 ╚∙хЄ уЁєяяє: '╚╤1-232'
2025-12-14 20:53:42,751 [INFO] \u2705 [388] ═рщфхэю 1 уЁєяя√ фы  чряЁюёр '╚╤1-232'
2025-12-14 20:53:42,751 [INFO] \U0001f4c5 [388] ╟руЁєцр■ Ёрёяшёрэшх фы : ╚╤1-232
2025-12-14 20:53:42,767 [INFO] \U0001f50d [389] @user_389 \u2192 ╚∙хЄ уЁєяяє: '╚╤1-231'
2025-12-14 20:53:42,768 [INFO] \u2705 [389] ═рщфхэю 1 уЁєяя√ фы  чряЁюёр '╚╤1-231'
2025-12-14 20:53:42,768 [INFO] \U0001f4c5 [389] ╟руЁєцр■ Ёрёяшёрэшх фы : ╚╤1-231
2025-12-14 20:53:42,788 [INFO] \U0001f50d [389] @user_389 \u2192 ╚∙хЄ уЁєяяє: '╚╤1-232'
2025-12-14 20:53:42,789 [INFO] \u2705 [389] ═рщфхэю 1 уЁєяя√ фы  чряЁюёр '╚╤1-232'
2025-12-14 20:53:42,789 [INFO] \U0001f4c5 [389] ╟руЁєцр■ Ёрёяшёрэшх фы : ╚╤1-232
2025-12-14 20:53:42,810 [INFO] \U0001f50d [390] @user_390 \u2192 ╚∙хЄ уЁєяяє: '╚╤1-231'
2025-12-14 20:53:42,810 [INFO] \u2705 [390] ═рщфхэю 1 уЁєяя√ фы  чряЁюёр '╚╤1-231'
2025-12-14 20:53:42,811 [INFO] \U0001f4c5 [390] ╟руЁєцр■ Ёрёяшёрэшх фы : ╚╤1-231
2025-12-14 20:53:42,833 [INFO] \U0001f50d [390] @user_390 \u2192 ╚∙хЄ уЁєяяє: '╚╤1-232'
2025-12-14 20:53:42,834 [INFO] \u2705 [390] ═рщфхэю 1 уЁєяя√ фы  чряЁюёр '╚╤1-232'
2025-12-14 20:53:42,835 [INFO] \U0001f4c5 [390] ╟руЁєцр■ Ёрёяшёрэшх фы : ╚╤1-232
2025-12-14 20:53:42,857 [INFO] \U0001f50d [391] @user_391 \u2192 ╚∙хЄ уЁєяяє: '╚╤1-231'
2025-12-14 20:53:42,859 [INFO] \u2705 [391] ═рщфхэю 1 уЁєяя√ фы  чряЁюёр '╚╤1-231'
2025-12-14 20:53:42,859 [INFO] \U0001f4c5 [391] ╟руЁєцр■ Ёрёяшёрэшх фы : ╚╤1-231
2025-12-14 20:53:42,890 [INFO] \U0001f50d [391] @user_391 \u2192 ╚∙хЄ уЁєяяє: '╚╤1-232'
2025-12-14 20:53:42,893 [INFO] \u2705 [391] ═рщфхэю 1 уЁєяя√ фы  чряЁюёр '╚╤1-232'
2025-12-14 20:53:42,893 [INFO] \U0001f4c5 [391] ╟руЁєцр■ Ёрёяшёрэшх фы : ╚╤1-232
2025-12-14 20:53:42,915 [INFO] \U0001f50d [392] @user_392 \u2192 ╚∙хЄ уЁєяяє: '╚╤1-231'
2025-12-14 20:53:42,917 [INFO] \u2705 [392] ═рщфхэю 1 уЁєяя√ фы  чряЁюёр '╚╤1-231'
2025-12-14 20:53:42,917 [INFO] \U0001f4c5 [392] ╟руЁєцр■ Ёрёяшёрэшх фы : ╚╤1-231
2025-12-14 20:53:42,935 [INFO] \U0001f50d [392] @user_392 \u2192 ╚∙хЄ уЁєяяє: '╚╤1-232'
2025-12-14 20:53:42,936 [INFO] \u2705 [392] ═рщфхэю 1 уЁєяя√ фы  чряЁюёр '╚╤1-232'
2025-12-14 20:53:42,936 [INFO] \U0001f4c5 [392] ╟руЁєцр■ Ёрёяшёрэшх фы : ╚╤1-232
2025-12-14 20:53:42,956 [INFO] \U0001f50d [393] @user_393 \u2192 ╚∙хЄ уЁєяяє: '╚╤1-231'
2025-12-14 20:53:42,958 [INFO] \u2705 [393] ═рщфхэю 1 уЁєяя√ фы  чряЁюёр '╚╤1-231'
2025-12-14 20:53:42,958 [INFO] \U0001f4c5 [393] ╟руЁєцр■ Ёрёяшёрэшх фы : ╚╤1-231
2025-12-14 20:53:42,978 [INFO] \U0001f50d [393] @user_393 \u2192 ╚∙хЄ уЁєяяє: '╚╤1-232'
2025-12-14 20:53:42,978 [INFO] \u2705 [393] ═рщфхэю 1 уЁєяя√ фы  чряЁюёр '╚╤1-232'
2025-12-14 20:53:42,979 [INFO] \U0001f4c5 [393] ╟руЁєцр■ Ёрёяшёрэшх фы : ╚╤1-232
2025-12-14 20:53:42,998 [INFO] \U0001f50d [394] @user_394 \u2192 ╚∙хЄ уЁєяяє: '╚╤1-231'
2025-12-14 20:53:43,000 [INFO] \u2705 [394] ═рщфхэю 1 уЁєяя√ фы  чряЁюёр '╚╤1-231'
2025-12-14 20:53:43,000 [INFO] \U0001f4c5 [394] ╟руЁєцр■ Ёрёяшёрэшх фы : ╚╤1-231
2025-12-14 20:53:43,019 [INFO] \U0001f50d [394] @user_394 \u2192 ╚∙хЄ уЁєяяє: '╚╤1-232'
2025-12-14 20:53:43,020 [INFO] \u2705 [394] ═рщфхэю 1 уЁєяя√ фы  чряЁюёр '╚╤1-232'
2025-12-14 20:53:43,021 [INFO] \U0001f4c5 [394] ╟руЁєцр■ Ёрёяшёрэшх фы : ╚╤1-232
2025-12-14 20:53:43,039 [INFO] \U0001f50d [395] @user_395 \u2192 ╚∙хЄ уЁєяяє: '╚╤1-231'
2025-12-14 20:53:43,040 [INFO] \u2705 [395] ═рщфхэю 1 уЁєяя√ фы  чряЁюёр '╚╤1-231'
2025-12-14 20:53:43,040 [INFO] \U0001f4c5 [395] ╟руЁєцр■ Ёрёяшёрэшх фы : ╚╤1-231
2025-12-14 20:53:43,066 [INFO] \U0001f50d [395] @user_395 \u2192 ╚∙хЄ уЁєяяє: '╚╤1-232'
2025-12-14 20:53:43,067 [INFO] \u2705 [395] ═рщфхэю 1 уЁєяя√ фы  чряЁюёр '╚╤1-232'
2025-12-14 20:53:43,067 [INFO] \U0001f4c5 [395] ╟руЁєцр■ Ёрёяшёрэшх фы : ╚╤1-232
2025-12-14 20:53:43,088 [INFO] \U0001f50d [396] @user_396 \u2192 ╚∙хЄ уЁєяяє: '╚╤1-231'
2025-12-14 20:53:43,090 [INFO] \u2705 [396] ═рщфхэю 1 уЁєяя√ фы  чряЁюёр '╚╤1-231'
2025-12-14 20:53:43,090 [INFO] \U0001f4c5 [396] ╟руЁєцр■ Ёрёяшёрэшх фы : ╚╤1-231
2025-12-14 20:53:43,113 [INFO] \U0001f50d [396] @user_396 \u2192 ╚∙хЄ уЁєяяє: '╚╤1-232'
2025-12-14 20:53:43,114 [INFO] \u2705 [396] ═рщфхэю 1 уЁєяя√ фы  чряЁюёр '╚╤1-232'
2025-12-14 20:53:43,114 [INFO] \U0001f4c5 [396] ╟руЁєцр■ Ёрёяшёрэшх фы : ╚╤1-232
2025-12-14 20:53:43,131 [INFO] \U0001f50d [397] @user_397 \u2192 ╚∙хЄ уЁєяяє: '╚╤1-231'
2025-12-14 20:53:43,132 [INFO] \u2705 [397] ═рщфхэю 1 уЁєяя√ фы  чряЁюёр '╚╤1-231'
2025-12-14 20:53:43,132 [INFO] \U0001f4c5 [397] ╟руЁєцр■ Ёрёяшёрэшх фы : ╚╤1-231
2025-12-14 20:53:43,150 [INFO] \U0001f50d [397] @user_397 \u2192 ╚∙хЄ уЁєяяє: '╚╤1-232'
2025-12-14 20:53:43,151 [INFO] \u2705 [397] ═рщфхэю 1 уЁєяя√ фы  чряЁюёр '╚╤1-232'
2025-12-14 20:53:43,151 [INFO] \U0001f4c5 [397] ╟руЁєцр■ Ёрёяшёрэшх фы : ╚╤1-232
2025-12-14 20:53:43,177 [INFO] \U0001f50d [398] @user_398 \u2192 ╚∙хЄ уЁєяяє: '╚╤1-231'
2025-12-14 20:53:43,178 [INFO] \u2705 [398] ═рщфхэю 1 уЁєяя√ фы  чряЁюёр '╚╤1-231'
2025-12-14 20:53:43,178 [INFO] \U0001f4c5 [398] ╟руЁєцр■ Ёрёяшёрэшх фы : ╚╤1-231
2025-12-14 20:53:43,195 [INFO] \U0001f50d [398] @user_398 \u2192 ╚∙хЄ уЁєяяє: '╚╤1-232'
2025-12-14 20:53:43,196 [INFO] \u2705 [398] ═рщфхэю 1 уЁєяя√ фы  чряЁюёр '╚╤1-232'
2025-12-14 20:53:43,196 [INFO] \U0001f4c5 [398] ╟руЁєцр■ Ёрёяшёрэшх фы : ╚╤1-232
2025-12-14 20:53:43,213 [INFO] \U0001f50d [399] @user_399 \u2192 ╚∙хЄ уЁєяяє: '╚╤1-231'
2025-12-14 20:53:43,214 [INFO] \u2705 [399] ═рщфхэю 1 уЁєяя√ фы  чряЁюёр '╚╤1-231'
2025-12-14 20:53:43,214 [INFO] \U0001f4c5 [399] ╟руЁєцр■ Ёрёяшёрэшх фы : ╚╤1-231
2025-12-14 20:53:43,237 [INFO] \U0001f50d [399] @user_399 \u2192 ╚∙хЄ уЁєяяє: '╚╤1-232'
2025-12-14 20:53:43,238 [INFO] \u2705 [399] ═рщфхэю 1 уЁєяя√ фы  чряЁюёр '╚╤1-232'
2025-12-14 20:53:43,238 [INFO] \U0001f4c5 [399] ╟руЁєцр■ Ёрёяшёрэшх фы : ╚╤1-232
2025-12-14 20:53:43,259 [INFO] \U0001f50d [400] @user_400 \u2192 ╚∙хЄ уЁєяяє: '╚╤1-231'
2025-12-14 20:53:43,261 [INFO] \u2705 [400] ═рщфхэю 1 уЁєяя√ фы  чряЁюёр '╚╤1-231'
2025-12-14 20:53:43,261 [INFO] \U0001f4c5 [400] ╟руЁєцр■ Ёрёяшёрэшх фы : ╚╤1-231
2025-12-14 20:53:43,282 [INFO] \U0001f50d [400] @user_400 \u2192 ╚∙хЄ уЁєяяє: '╚╤1-232'
2025-12-14 20:53:43,283 [INFO] \u2705 [400] ═рщфхэю 1 уЁєяя√ фы  чряЁюёр '╚╤1-232'
2025-12-14 20:53:43,283 [INFO] \U0001f4c5 [400] ╟руЁєцр■ Ёрёяшёрэшх фы : ╚╤1-232
2025-12-14 20:53:43,300 [INFO] \U0001f50d [401] @user_401 \u2192 ╚∙хЄ уЁєяяє: '╚╤1-231'
2025-12-14 20:53:43,301 [INFO] \u2705 [401] ═рщфхэю 1 уЁєяя√ фы  чряЁюёр '╚╤1-231'
2025-12-14 20:53:43,301 [INFO] \U0001f4c5 [401] ╟руЁєцр■ Ёрёяшёрэшх фы : ╚╤1-231
2025-12-14 20:53:43,323 [INFO] \U0001f50d [401] @user_401 \u2192 ╚∙хЄ уЁєяяє: '╚╤1-232'
2025-12-14 20:53:43,324 [INFO] \u2705 [401] ═рщфхэю 1 уЁєяя√ фы  чряЁюёр '╚╤1-232'
2025-12-14 20:53:43,325 [INFO] \U0001f4c5 [401] ╟руЁєцр■ Ёрёяшёрэшх фы : ╚╤1-232
2025-12-14 20:53:43,340 [INFO] \U0001f50d [402] @user_402 \u2192 ╚∙хЄ уЁєяяє: '╚╤1-231'
2025-12-14 20:53:43,341 [INFO] \u2705 [402] ═рщфхэю 1 уЁєяя√ фы  чряЁюёр '╚╤1-231'
2025-12-14 20:53:43,341 [INFO] \U0001f4c5 [402] ╟руЁєцр■ Ёрёяшёрэшх фы : ╚╤1-231
2025-12-14 20:53:43,360 [INFO] \U0001f50d [402] @user_402 \u2192 ╚∙хЄ уЁєяяє: '╚╤1-232'
2025-12-14 20:53:43,360 [INFO] \u2705 [402] ═рщфхэю 1 уЁєяя√ фы  чряЁюёр '╚╤1-232'
2025-12-14 20:53:43,361 [INFO] \U0001f4c5 [402] ╟руЁєцр■ Ёрёяшёрэшх фы : ╚╤1-232
2025-12-14 20:53:43,379 [INFO] \U0001f50d [403] @user_403 \u2192 ╚∙хЄ уЁєяяє: '╚╤1-231'
2025-12-14 20:53:43,380 [INFO] \u2705 [403] ═рщфхэю 1 уЁєяя√ фы  чряЁюёр '╚╤1-231'
2025-12-14 20:53:43,380 [INFO] \U0001f4c5 [403] ╟руЁєцр■ Ёрёяшёрэшх фы : ╚╤1-231
2025-12-14 20:53:43,398 [INFO] \U0001f50d [403] @user_403 \u2192 ╚∙хЄ уЁєяяє: '╚╤1-232'
2025-12-14 20:53:43,400 [INFO] \u2705 [403] ═рщфхэю 1 уЁєяя√ фы  чряЁюёр '╚╤1-232'
2025-12-14 20:53:43,400 [INFO] \U0001f4c5 [403] ╟руЁєцр■ Ёрёяшёрэшх фы : ╚╤1-232
2025-12-14 20:53:43,419 [INFO] \U0001f50d [404] @user_404 \u2192 ╚∙хЄ уЁєяяє: '╚╤1-231'
2025-12-14 20:53:43,420 [INFO] \u2705 [404] ═рщфхэю 1 уЁєяя√ фы  чряЁюёр '╚╤1-231'
2025-12-14 20:53:43,420 [INFO] \U0001f4c5 [404] ╟руЁєцр■ Ёрёяшёрэшх фы : ╚╤1-231
2025-12-14 20:53:43,438 [INFO] \U0001f50d [404] @user_404 \u2192 ╚∙хЄ уЁєяяє: '╚╤1-232'
2025-12-14 20:53:43,439 [INFO] \u2705 [404] ═рщфхэю 1 уЁєяя√ фы  чряЁюёр '╚╤1-232'
2025-12-14 20:53:43,439 [INFO] \U0001f4c5 [404] ╟руЁєцр■ Ёрёяшёрэшх фы : ╚╤1-232
2025-12-14 20:53:43,459 [INFO] \U0001f50d [405] @user_405 \u2192 ╚∙хЄ уЁєяяє: '╚╤1-231'
2025-12-14 20:53:43,460 [INFO] \u2705 [405] ═рщфхэю 1 уЁєяя√ фы  чряЁюёр '╚╤1-231'
2025-12-14 20:53:43,460 [INFO] \U0001f4c5 [405] ╟руЁєцр■ Ёрёяшёрэшх фы : ╚╤1-231
2025-12-14 20:53:43,477 [INFO] \U0001f50d [405] @user_405 \u2192 ╚∙хЄ уЁєяяє: '╚╤1-232'
2025-12-14 20:53:43,478 [INFO] \u2705 [405] ═рщфхэю 1 уЁєяя√ фы  чряЁюёр '╚╤1-232'
2025-12-14 20:53:43,478 [INFO] \U0001f4c5 [405] ╟руЁєцр■ Ёрёяшёрэшх фы : ╚╤1-232
2025-12-14 20:53:43,500 [INFO] \U0001f50d [406] @user_406 \u2192 ╚∙хЄ уЁєяяє: '╚╤1-231'
2025-12-14 20:53:43,502 [INFO] \u2705 [406] ═рщфхэю 1 уЁєяя√ фы  чряЁюёр '╚╤1-231'
2025-12-14 20:53:43,502 [INFO] \U0001f4c5 [406] ╟руЁєцр■ Ёрёяшёрэшх фы : ╚╤1-231
2025-12-14 20:53:43,520 [INFO] \U0001f50d [406] @user_406 \u2192 ╚∙хЄ уЁєяяє: '╚╤1-232'
2025-12-14 20:53:43,521 [INFO] \u2705 [406] ═рщфхэю 1 уЁєяя√ фы  чряЁюёр '╚╤1-232'
2025-12-14 20:53:43,521 [INFO] \U0001f4c5 [406] ╟руЁєцр■ Ёрёяшёрэшх фы : ╚╤1-232
2025-12-14 20:53:43,541 [INFO] \U0001f50d [407] @user_407 \u2192 ╚∙хЄ уЁєяяє: '╚╤1-231'
2025-12-14 20:53:43,542 [INFO] \u2705 [407] ═рщфхэю 1 уЁєяя√ фы  чряЁюёр '╚╤1-231'
2025-12-14 20:53:43,543 [INFO] \U0001f4c5 [407] ╟руЁєцр■ Ёрёяшёрэшх фы : ╚╤1-231
2025-12-14 20:53:43,560 [INFO] \U0001f50d [407] @user_407 \u2192 ╚∙хЄ уЁєяяє: '╚╤1-232'
2025-12-14 20:53:43,561 [INFO] \u2705 [407] ═рщфхэю 1 уЁєяя√ фы  чряЁюёр '╚╤1-232'
2025-12-14 20:53:43,561 [INFO] \U0001f4c5 [407] ╟руЁєцр■ Ёрёяшёрэшх фы : ╚╤1-232
2025-12-14 20:53:43,581 [INFO] \U0001f50d [408] @user_408 \u2192 ╚∙хЄ уЁєяяє: '╚╤1-231'
2025-12-14 20:53:43,581 [INFO] \u2705 [408] ═рщфхэю 1 уЁєяя√ фы  чряЁюёр '╚╤1-231'
2025-12-14 20:53:43,582 [INFO] \U0001f4c5 [408] ╟руЁєцр■ Ёрёяшёрэшх фы : ╚╤1-231
2025-12-14 20:53:43,600 [INFO] \U0001f50d [408] @user_408 \u2192 ╚∙хЄ уЁєяяє: '╚╤1-232'
2025-12-14 20:53:43,601 [INFO] \u2705 [408] ═рщфхэю 1 уЁєяя√ фы  чряЁюёр '╚╤1-232'
2025-12-14 20:53:43,601 [INFO] \U0001f4c5 [408] ╟руЁєцр■ Ёрёяшёрэшх фы : ╚╤1-232
2025-12-14 20:53:43,617 [INFO] \U0001f50d [409] @user_409 \u2192 ╚∙хЄ уЁєяяє: '╚╤1-231'
2025-12-14 20:53:43,618 [INFO] \u2705 [409] ═рщфхэю 1 уЁєяя√ фы  чряЁюёр '╚╤1-231'
2025-12-14 20:53:43,618 [INFO] \U0001f4c5 [409] ╟руЁєцр■ Ёрёяшёрэшх фы : ╚╤1-231
2025-12-14 20:53:43,634 [INFO] \U0001f50d [409] @user_409 \u2192 ╚∙хЄ уЁєяяє: '╚╤1-232'
2025-12-14 20:53:43,635 [INFO] \u2705 [409] ═рщфхэю 1 уЁєяя√ фы  чряЁюёр '╚╤1-232'
2025-12-14 20:53:43,635 [INFO] \U0001f4c5 [409] ╟руЁєцр■ Ёрёяшёрэшх фы : ╚╤1-232
2025-12-14 20:53:43,653 [INFO] \U0001f50d [410] @user_410 \u2192 ╚∙хЄ уЁєяяє: '╚╤1-231'
2025-12-14 20:53:43,654 [INFO] \u2705 [410] ═рщфхэю 1 уЁєяя√ фы  чряЁюёр '╚╤1-231'
2025-12-14 20:53:43,654 [INFO] \U0001f4c5 [410] ╟руЁєцр■ Ёрёяшёрэшх фы : ╚╤1-231
2025-12-14 20:53:43,670 [INFO] \U0001f50d [410] @user_410 \u2192 ╚∙хЄ уЁєяяє: '╚╤1-232'
2025-12-14 20:53:43,670 [INFO] \u2705 [410] ═рщфхэю 1 уЁєяя√ фы  чряЁюёр '╚╤1-232'
2025-12-14 20:53:43,671 [INFO] \U0001f4c5 [410] ╟руЁєцр■ Ёрёяшёрэшх фы : ╚╤1-232
2025-12-14 20:53:43,687 [INFO] \U0001f50d [411] @user_411 \u2192 ╚∙хЄ уЁєяяє: '╚╤1-231'
2025-12-14 20:53:43,688 [INFO] \u2705 [411] ═рщфхэю 1 уЁєяя√ фы  чряЁюёр '╚╤1-231'
2025-12-14 20:53:43,688 [INFO] \U0001f4c5 [411] ╟руЁєцр■ Ёрёяшёрэшх фы : ╚╤1-231
2025-12-14 20:53:43,703 [INFO] \U0001f50d [411] @user_411 \u2192 ╚∙хЄ уЁєяяє: '╚╤1-232'
2025-12-14 20:53:43,704 [INFO] \u2705 [411] ═рщфхэю 1 уЁєяя√ фы  чряЁюёр '╚╤1-232'
2025-12-14 20:53:43,704 [INFO] \U0001f4c5 [411] ╟руЁєцр■ Ёрёяшёрэшх фы : ╚╤1-232
2025-12-14 20:53:43,720 [INFO] \U0001f50d [412] @user_412 \u2192 ╚∙хЄ уЁєяяє: '╚╤1-231'
2025-12-14 20:53:43,721 [INFO] \u2705 [412] ═рщфхэю 1 уЁєяя√ фы  чряЁюёр '╚╤1-231'
2025-12-14 20:53:43,721 [INFO] \U0001f4c5 [412] ╟руЁєцр■ Ёрёяшёрэшх фы : ╚╤1-231
2025-12-14 20:53:43,736 [INFO] \U0001f50d [412] @user_412 \u2192 ╚∙хЄ уЁєяяє: '╚╤1-232'
2025-12-14 20:53:43,737 [INFO] \u2705 [412] ═рщфхэю 1 уЁєяя√ фы  чряЁюёр '╚╤1-232'
2025-12-14 20:53:43,737 [INFO] \U0001f4c5 [412] ╟руЁєцр■ Ёрёяшёрэшх фы : ╚╤1-232
2025-12-14 20:53:43,757 [INFO] \U0001f50d [413] @user_413 \u2192 ╚∙хЄ уЁєяяє: '╚╤1-231'
2025-12-14 20:53:43,759 [INFO] \u2705 [413] ═рщфхэю 1 уЁєяя√ фы  чряЁюёр '╚╤1-231'
2025-12-14 20:53:43,759 [INFO] \U0001f4c5 [413] ╟руЁєцр■ Ёрёяшёрэшх фы : ╚╤1-231
2025-12-14 20:53:43,774 [INFO] \U0001f50d [413] @user_413 \u2192 ╚∙хЄ уЁєяяє: '╚╤1-232'
2025-12-14 20:53:43,775 [INFO] \u2705 [413] ═рщфхэю 1 уЁєяя√ фы  чряЁюёр '╚╤1-232'
2025-12-14 20:53:43,775 [INFO] \U0001f4c5 [413] ╟руЁєцр■ Ёрёяшёрэшх фы : ╚╤1-232
2025-12-14 20:53:43,790 [INFO] \U0001f50d [414] @user_414 \u2192 ╚∙хЄ уЁєяяє: '╚╤1-231'
2025-12-14 20:53:43,791 [INFO] \u2705 [414] ═рщфхэю 1 уЁєяя√ фы  чряЁюёр '╚╤1-231'
2025-12-14 20:53:43,792 [INFO] \U0001f4c5 [414] ╟руЁєцр■ Ёрёяшёрэшх фы : ╚╤1-231
2025-12-14 20:53:43,809 [INFO] \U0001f50d [414] @user_414 \u2192 ╚∙хЄ уЁєяяє: '╚╤1-232'
2025-12-14 20:53:43,810 [INFO] \u2705 [414] ═рщфхэю 1 уЁєяя√ фы  чряЁюёр '╚╤1-232'
2025-12-14 20:53:43,810 [INFO] \U0001f4c5 [414] ╟руЁєцр■ Ёрёяшёрэшх фы : ╚╤1-232
2025-12-14 20:53:43,825 [INFO] \U0001f50d [415] @user_415 \u2192 ╚∙хЄ уЁєяяє: '╚╤1-231'
2025-12-14 20:53:43,826 [INFO] \u2705 [415] ═рщфхэю 1 уЁєяя√ фы  чряЁюёр '╚╤1-231'
2025-12-14 20:53:43,826 [INFO] \U0001f4c5 [415] ╟руЁєцр■ Ёрёяшёрэшх фы : ╚╤1-231
2025-12-14 20:53:43,840 [INFO] \U0001f50d [415] @user_415 \u2192 ╚∙хЄ уЁєяяє: '╚╤1-232'
2025-12-14 20:53:43,841 [INFO] \u2705 [415] ═рщфхэю 1 уЁєяя√ фы  чряЁюёр '╚╤1-232'
2025-12-14 20:53:43,842 [INFO] \U0001f4c5 [415] ╟руЁєцр■ Ёрёяшёрэшх фы : ╚╤1-232
2025-12-14 20:53:43,859 [INFO] \U0001f50d [416] @user_416 \u2192 ╚∙хЄ уЁєяяє: '╚╤1-231'
2025-12-14 20:53:43,859 [INFO] \u2705 [416] ═рщфхэю 1 уЁєяя√ фы  чряЁюёр '╚╤1-231'
2025-12-14 20:53:43,860 [INFO] \U0001f4c5 [416] ╟руЁєцр■ Ёрёяшёрэшх фы : ╚╤1-231
2025-12-14 20:53:43,875 [INFO] \U0001f50d [416] @user_416 \u2192 ╚∙хЄ уЁєяяє: '╚╤1-232'
2025-12-14 20:53:43,876 [INFO] \u2705 [416] ═рщфхэю 1 уЁєяя√ фы  чряЁюёр '╚╤1-232'
2025-12-14 20:53:43,876 [INFO] \U0001f4c5 [416] ╟руЁєцр■ Ёрёяшёрэшх фы : ╚╤1-232
2025-12-14 20:53:43,893 [INFO] \U0001f50d [417] @user_417 \u2192 ╚∙хЄ уЁєяяє: '╚╤1-231'
2025-12-14 20:53:43,893 [INFO] \u2705 [417] ═рщфхэю 1 уЁєяя√ фы  чряЁюёр '╚╤1-231'
2025-12-14 20:53:43,893 [INFO] \U0001f4c5 [417] ╟руЁєцр■ Ёрёяшёрэшх фы : ╚╤1-231
2025-12-14 20:53:43,908 [INFO] \U0001f50d [417] @user_417 \u2192 ╚∙хЄ уЁєяяє: '╚╤1-232'
2025-12-14 20:53:43,910 [INFO] \u2705 [417] ═рщфхэю 1 уЁєяя√ фы  чряЁюёр '╚╤1-232'
2025-12-14 20:53:43,910 [INFO] \U0001f4c5 [417] ╟руЁєцр■ Ёрёяшёрэшх фы : ╚╤1-232
2025-12-14 20:53:43,927 [INFO] \U0001f50d [418] @user_418 \u2192 ╚∙хЄ уЁєяяє: '╚╤1-231'
2025-12-14 20:53:43,927 [INFO] \u2705 [418] ═рщфхэю 1 уЁєяя√ фы  чряЁюёр '╚╤1-231'
2025-12-14 20:53:43,927 [INFO] \U0001f4c5 [418] ╟руЁєцр■ Ёрёяшёрэшх фы : ╚╤1-231
2025-12-14 20:53:43,943 [INFO] \U0001f50d [418] @user_418 \u2192 ╚∙хЄ уЁєяяє: '╚╤1-232'
2025-12-14 20:53:43,944 [INFO] \u2705 [418] ═рщфхэю 1 уЁєяя√ фы  чряЁюёр '╚╤1-232'
2025-12-14 20:53:43,944 [INFO] \U0001f4c5 [418] ╟руЁєцр■ Ёрёяшёрэшх фы : ╚╤1-232
2025-12-14 20:53:43,960 [INFO] \U0001f50d [419] @user_419 \u2192 ╚∙хЄ уЁєяяє: '╚╤1-231'
2025-12-14 20:53:43,961 [INFO] \u2705 [419] ═рщфхэю 1 уЁєяя√ фы  чряЁюёр '╚╤1-231'
2025-12-14 20:53:43,961 [INFO] \U0001f4c5 [419] ╟руЁєцр■ Ёрёяшёрэшх фы : ╚╤1-231
2025-12-14 20:53:43,979 [INFO] \U0001f50d [419] @user_419 \u2192 ╚∙хЄ уЁєяяє: '╚╤1-232'
2025-12-14 20:53:43,980 [INFO] \u2705 [419] ═рщфхэю 1 уЁєяя√ фы  чряЁюёр '╚╤1-232'
2025-12-14 20:53:43,980 [INFO] \U0001f4c5 [419] ╟руЁєцр■ Ёрёяшёрэшх фы : ╚╤1-232
2025-12-14 20:53:43,995 [INFO] \U0001f50d [420] @user_420 \u2192 ╚∙хЄ уЁєяяє: '╚╤1-231'
2025-12-14 20:53:43,996 [INFO] \u2705 [420] ═рщфхэю 1 уЁєяя√ фы  чряЁюёр '╚╤1-231'
2025-12-14 20:53:43,996 [INFO] \U0001f4c5 [420] ╟руЁєцр■ Ёрёяшёрэшх фы : ╚╤1-231
2025-12-14 20:53:44,012 [INFO] \U0001f50d [420] @user_420 \u2192 ╚∙хЄ уЁєяяє: '╚╤1-232'
2025-12-14 20:53:44,013 [INFO] \u2705 [420] ═рщфхэю 1 уЁєяя√ фы  чряЁюёр '╚╤1-232'
2025-12-14 20:53:44,013 [INFO] \U0001f4c5 [420] ╟руЁєцр■ Ёрёяшёрэшх фы : ╚╤1-232
2025-12-14 20:53:44,034 [INFO] \U0001f50d [421] @user_421 \u2192 ╚∙хЄ уЁєяяє: '╚╤1-231'
2025-12-14 20:53:44,035 [INFO] \u2705 [421] ═рщфхэю 1 уЁєяя√ фы  чряЁюёр '╚╤1-231'
2025-12-14 20:53:44,035 [INFO] \U0001f4c5 [421] ╟руЁєцр■ Ёрёяшёрэшх фы : ╚╤1-231
2025-12-14 20:53:44,057 [INFO] \U0001f50d [421] @user_421 \u2192 ╚∙хЄ уЁєяяє: '╚╤1-232'
2025-12-14 20:53:44,058 [INFO] \u2705 [421] ═рщфхэю 1 уЁєяя√ фы  чряЁюёр '╚╤1-232'
2025-12-14 20:53:44,058 [INFO] \U0001f4c5 [421] ╟руЁєцр■ Ёрёяшёрэшх фы : ╚╤1-232
2025-12-14 20:53:44,079 [INFO] \U0001f50d [422] @user_422 \u2192 ╚∙хЄ уЁєяяє: '╚╤1-231'
2025-12-14 20:53:44,081 [INFO] \u2705 [422] ═рщфхэю 1 уЁєяя√ фы  чряЁюёр '╚╤1-231'
2025-12-14 20:53:44,081 [INFO] \U0001f4c5 [422] ╟руЁєцр■ Ёрёяшёрэшх фы : ╚╤1-231
2025-12-14 20:53:44,105 [INFO] \U0001f50d [422] @user_422 \u2192 ╚∙хЄ уЁєяяє: '╚╤1-232'
2025-12-14 20:53:44,107 [INFO] \u2705 [422] ═рщфхэю 1 уЁєяя√ фы  чряЁюёр '╚╤1-232'
2025-12-14 20:53:44,108 [INFO] \U0001f4c5 [422] ╟руЁєцр■ Ёрёяшёрэшх фы : ╚╤1-232
2025-12-14 20:53:44,135 [INFO] \U0001f50d [423] @user_423 \u2192 ╚∙хЄ уЁєяяє: '╚╤1-231'
2025-12-14 20:53:44,137 [INFO] \u2705 [423] ═рщфхэю 1 уЁєяя√ фы  чряЁюёр '╚╤1-231'
2025-12-14 20:53:44,137 [INFO] \U0001f4c5 [423] ╟руЁєцр■ Ёрёяшёрэшх фы : ╚╤1-231
2025-12-14 20:53:44,154 [INFO] \U0001f50d [423] @user_423 \u2192 ╚∙хЄ уЁєяяє: '╚╤1-232'
2025-12-14 20:53:44,156 [INFO] \u2705 [423] ═рщфхэю 1 уЁєяя√ фы  чряЁюёр '╚╤1-232'
2025-12-14 20:53:44,156 [INFO] \U0001f4c5 [423] ╟руЁєцр■ Ёрёяшёрэшх фы : ╚╤1-232
2025-12-14 20:53:44,174 [INFO] \U0001f50d [424] @user_424 \u2192 ╚∙хЄ уЁєяяє: '╚╤1-231'
2025-12-14 20:53:44,176 [INFO] \u2705 [424] ═рщфхэю 1 уЁєяя√ фы  чряЁюёр '╚╤1-231'
2025-12-14 20:53:44,176 [INFO] \U0001f4c5 [424] ╟руЁєцр■ Ёрёяшёрэшх фы : ╚╤1-231
2025-12-14 20:53:44,194 [INFO] \U0001f50d [424] @user_424 \u2192 ╚∙хЄ уЁєяяє: '╚╤1-232'
2025-12-14 20:53:44,195 [INFO] \u2705 [424] ═рщфхэю 1 уЁєяя√ фы  чряЁюёр '╚╤1-232'
2025-12-14 20:53:44,195 [INFO] \U0001f4c5 [424] ╟руЁєцр■ Ёрёяшёрэшх фы : ╚╤1-232
2025-12-14 20:53:44,212 [INFO] \U0001f50d [425] @user_425 \u2192 ╚∙хЄ уЁєяяє: '╚╤1-231'
2025-12-14 20:53:44,213 [INFO] \u2705 [425] ═рщфхэю 1 уЁєяя√ фы  чряЁюёр '╚╤1-231'
2025-12-14 20:53:44,213 [INFO] \U0001f4c5 [425] ╟руЁєцр■ Ёрёяшёрэшх фы : ╚╤1-231
2025-12-14 20:53:44,231 [INFO] \U0001f50d [425] @user_425 \u2192 ╚∙хЄ уЁєяяє: '╚╤1-232'
2025-12-14 20:53:44,232 [INFO] \u2705 [425] ═рщфхэю 1 уЁєяя√ фы  чряЁюёр '╚╤1-232'
2025-12-14 20:53:44,232 [INFO] \U0001f4c5 [425] ╟руЁєцр■ Ёрёяшёрэшх фы : ╚╤1-232
2025-12-14 20:53:44,251 [INFO] \U0001f50d [426] @user_426 \u2192 ╚∙хЄ уЁєяяє: '╚╤1-231'
2025-12-14 20:53:44,252 [INFO] \u2705 [426] ═рщфхэю 1 уЁєяя√ фы  чряЁюёр '╚╤1-231'
2025-12-14 20:53:44,252 [INFO] \U0001f4c5 [426] ╟руЁєцр■ Ёрёяшёрэшх фы : ╚╤1-231
2025-12-14 20:53:44,270 [INFO] \U0001f50d [426] @user_426 \u2192 ╚∙хЄ уЁєяяє: '╚╤1-232'
2025-12-14 20:53:44,271 [INFO] \u2705 [426] ═рщфхэю 1 уЁєяя√ фы  чряЁюёр '╚╤1-232'
2025-12-14 20:53:44,271 [INFO] \U0001f4c5 [426] ╟руЁєцр■ Ёрёяшёрэшх фы : ╚╤1-232
2025-12-14 20:53:44,290 [INFO] \U0001f50d [427] @user_427 \u2192 ╚∙хЄ уЁєяяє: '╚╤1-231'
2025-12-14 20:53:44,292 [INFO] \u2705 [427] ═рщфхэю 1 уЁєяя√ фы  чряЁюёр '╚╤1-231'
2025-12-14 20:53:44,292 [INFO] \U0001f4c5 [427] ╟руЁєцр■ Ёрёяшёрэшх фы : ╚╤1-231
2025-12-14 20:53:44,312 [INFO] \U0001f50d [427] @user_427 \u2192 ╚∙хЄ уЁєяяє: '╚╤1-232'
2025-12-14 20:53:44,313 [INFO] \u2705 [427] ═рщфхэю 1 уЁєяя√ фы  чряЁюёр '╚╤1-232'
2025-12-14 20:53:44,313 [INFO] \U0001f4c5 [427] ╟руЁєцр■ Ёрёяшёрэшх фы : ╚╤1-232
2025-12-14 20:53:44,332 [INFO] \U0001f50d [428] @user_428 \u2192 ╚∙хЄ уЁєяяє: '╚╤1-231'
2025-12-14 20:53:44,333 [INFO] \u2705 [428] ═рщфхэю 1 уЁєяя√ фы  чряЁюёр '╚╤1-231'
2025-12-14 20:53:44,333 [INFO] \U0001f4c5 [428] ╟руЁєцр■ Ёрёяшёрэшх фы : ╚╤1-231
2025-12-14 20:53:44,354 [INFO] \U0001f50d [428] @user_428 \u2192 ╚∙хЄ уЁєяяє: '╚╤1-232'
2025-12-14 20:53:44,356 [INFO] \u2705 [428] ═рщфхэю 1 уЁєяя√ фы  чряЁюёр '╚╤1-232'
2025-12-14 20:53:44,356 [INFO] \U0001f4c5 [428] ╟руЁєцр■ Ёрёяшёрэшх фы : ╚╤1-232
2025-12-14 20:53:44,379 [INFO] \U0001f50d [429] @user_429 \u2192 ╚∙хЄ уЁєяяє: '╚╤1-231'
2025-12-14 20:53:44,381 [INFO] \u2705 [429] ═рщфхэю 1 уЁєяя√ фы  чряЁюёр '╚╤1-231'
2025-12-14 20:53:44,381 [INFO] \U0001f4c5 [429] ╟руЁєцр■ Ёрёяшёрэшх фы : ╚╤1-231
2025-12-14 20:53:44,402 [INFO] \U0001f50d [429] @user_429 \u2192 ╚∙хЄ уЁєяяє: '╚╤1-232'
2025-12-14 20:53:44,404 [INFO] \u2705 [429] ═рщфхэю 1 уЁєяя√ фы  чряЁюёр '╚╤1-232'
2025-12-14 20:53:44,404 [INFO] \U0001f4c5 [429] ╟руЁєцр■ Ёрёяшёрэшх фы : ╚╤1-232
2025-12-14 20:53:44,429 [INFO] \U0001f50d [430] @user_430 \u2192 ╚∙хЄ уЁєяяє: '╚╤1-231'
2025-12-14 20:53:44,431 [INFO] \u2705 [430] ═рщфхэю 1 уЁєяя√ фы  чряЁюёр '╚╤1-231'
2025-12-14 20:53:44,431 [INFO] \U0001f4c5 [430] ╟руЁєцр■ Ёрёяшёрэшх фы : ╚╤1-231
2025-12-14 20:53:44,449 [INFO] \U0001f50d [430] @user_430 \u2192 ╚∙хЄ уЁєяяє: '╚╤1-232'
2025-12-14 20:53:44,450 [INFO] \u2705 [430] ═рщфхэю 1 уЁєяя√ фы  чряЁюёр '╚╤1-232'
2025-12-14 20:53:44,450 [INFO] \U0001f4c5 [430] ╟руЁєцр■ Ёрёяшёрэшх фы : ╚╤1-232
2025-12-14 20:53:44,468 [INFO] \U0001f50d [431] @user_431 \u2192 ╚∙хЄ уЁєяяє: '╚╤1-231'
2025-12-14 20:53:44,468 [INFO] \u2705 [431] ═рщфхэю 1 уЁєяя√ фы  чряЁюёр '╚╤1-231'
2025-12-14 20:53:44,469 [INFO] \U0001f4c5 [431] ╟руЁєцр■ Ёрёяшёрэшх фы : ╚╤1-231
2025-12-14 20:53:44,485 [INFO] \U0001f50d [431] @user_431 \u2192 ╚∙хЄ уЁєяяє: '╚╤1-232'
2025-12-14 20:53:44,486 [INFO] \u2705 [431] ═рщфхэю 1 уЁєяя√ фы  чряЁюёр '╚╤1-232'
2025-12-14 20:53:44,486 [INFO] \U0001f4c5 [431] ╟руЁєцр■ Ёрёяшёрэшх фы : ╚╤1-232
2025-12-14 20:53:44,519 [INFO] \U0001f50d [432] @user_432 \u2192 ╚∙хЄ уЁєяяє: '╚╤1-231'
2025-12-14 20:53:44,520 [INFO] \u2705 [432] ═рщфхэю 1 уЁєяя√ фы  чряЁюёр '╚╤1-231'
2025-12-14 20:53:44,520 [INFO] \U0001f4c5 [432] ╟руЁєцр■ Ёрёяшёрэшх фы : ╚╤1-231
2025-12-14 20:53:44,543 [INFO] \U0001f50d [432] @user_432 \u2192 ╚∙хЄ уЁєяяє: '╚╤1-232'
2025-12-14 20:53:44,544 [INFO] \u2705 [432] ═рщфхэю 1 уЁєяя√ фы  чряЁюёр '╚╤1-232'
2025-12-14 20:53:44,545 [INFO] \U0001f4c5 [432] ╟руЁєцр■ Ёрёяшёрэшх фы : ╚╤1-232
2025-12-14 20:53:44,560 [INFO] \U0001f50d [433] @user_433 \u2192 ╚∙хЄ уЁєяяє: '╚╤1-231'
2025-12-14 20:53:44,561 [INFO] \u2705 [433] ═рщфхэю 1 уЁєяя√ фы  чряЁюёр '╚╤1-231'
2025-12-14 20:53:44,561 [INFO] \U0001f4c5 [433] ╟руЁєцр■ Ёрёяшёрэшх фы : ╚╤1-231
2025-12-14 20:53:44,581 [INFO] \U0001f50d [433] @user_433 \u2192 ╚∙хЄ уЁєяяє: '╚╤1-232'
2025-12-14 20:53:44,582 [INFO] \u2705 [433] ═рщфхэю 1 уЁєяя√ фы  чряЁюёр '╚╤1-232'
2025-12-14 20:53:44,582 [INFO] \U0001f4c5 [433] ╟руЁєцр■ Ёрёяшёрэшх фы : ╚╤1-232
2025-12-14 20:53:44,601 [INFO] \U0001f50d [434] @user_434 \u2192 ╚∙хЄ уЁєяяє: '╚╤1-231'
2025-12-14 20:53:44,602 [INFO] \u2705 [434] ═рщфхэю 1 уЁєяя√ фы  чряЁюёр '╚╤1-231'
2025-12-14 20:53:44,602 [INFO] \U0001f4c5 [434] ╟руЁєцр■ Ёрёяшёрэшх фы : ╚╤1-231
2025-12-14 20:53:44,621 [INFO] \U0001f50d [434] @user_434 \u2192 ╚∙хЄ уЁєяяє: '╚╤1-232'
2025-12-14 20:53:44,622 [INFO] \u2705 [434] ═рщфхэю 1 уЁєяя√ фы  чряЁюёр '╚╤1-232'
2025-12-14 20:53:44,623 [INFO] \U0001f4c5 [434] ╟руЁєцр■ Ёрёяшёрэшх фы : ╚╤1-232
2025-12-14 20:53:44,643 [INFO] \U0001f50d [435] @user_435 \u2192 ╚∙хЄ уЁєяяє: '╚╤1-231'
2025-12-14 20:53:44,644 [INFO] \u2705 [435] ═рщфхэю 1 уЁєяя√ фы  чряЁюёр '╚╤1-231'
2025-12-14 20:53:44,644 [INFO] \U0001f4c5 [435] ╟руЁєцр■ Ёрёяшёрэшх фы : ╚╤1-231
2025-12-14 20:53:44,664 [INFO] \U0001f50d [435] @user_435 \u2192 ╚∙хЄ уЁєяяє: '╚╤1-232'
2025-12-14 20:53:44,666 [INFO] \u2705 [435] ═рщфхэю 1 уЁєяя√ фы  чряЁюёр '╚╤1-232'
2025-12-14 20:53:44,666 [INFO] \U0001f4c5 [435] ╟руЁєцр■ Ёрёяшёрэшх фы : ╚╤1-232
2025-12-14 20:53:44,689 [INFO] \U0001f50d [436] @user_436 \u2192 ╚∙хЄ уЁєяяє: '╚╤1-231'
2025-12-14 20:53:44,691 [INFO] \u2705 [436] ═рщфхэю 1 уЁєяя√ фы  чряЁюёр '╚╤1-231'
2025-12-14 20:53:44,691 [INFO] \U0001f4c5 [436] ╟руЁєцр■ Ёрёяшёрэшх фы : ╚╤1-231
2025-12-14 20:53:44,709 [INFO] \U0001f50d [436] @user_436 \u2192 ╚∙хЄ уЁєяяє: '╚╤1-232'
2025-12-14 20:53:44,710 [INFO] \u2705 [436] ═рщфхэю 1 уЁєяя√ фы  чряЁюёр '╚╤1-232'
2025-12-14 20:53:44,710 [INFO] \U0001f4c5 [436] ╟руЁєцр■ Ёрёяшёрэшх фы : ╚╤1-232
2025-12-14 20:53:44,726 [INFO] \U0001f50d [437] @user_437 \u2192 ╚∙хЄ уЁєяяє: '╚╤1-231'
2025-12-14 20:53:44,727 [INFO] \u2705 [437] ═рщфхэю 1 уЁєяя√ фы  чряЁюёр '╚╤1-231'
2025-12-14 20:53:44,727 [INFO] \U0001f4c5 [437] ╟руЁєцр■ Ёрёяшёрэшх фы : ╚╤1-231
2025-12-14 20:53:44,746 [INFO] \U0001f50d [437] @user_437 \u2192 ╚∙хЄ уЁєяяє: '╚╤1-232'
2025-12-14 20:53:44,747 [INFO] \u2705 [437] ═рщфхэю 1 уЁєяя√ фы  чряЁюёр '╚╤1-232'
2025-12-14 20:53:44,747 [INFO] \U0001f4c5 [437] ╟руЁєцр■ Ёрёяшёрэшх фы : ╚╤1-232
2025-12-14 20:53:44,767 [INFO] \U0001f50d [438] @user_438 \u2192 ╚∙хЄ уЁєяяє: '╚╤1-231'
2025-12-14 20:53:44,768 [INFO] \u2705 [438] ═рщфхэю 1 уЁєяя√ фы  чряЁюёр '╚╤1-231'
2025-12-14 20:53:44,768 [INFO] \U0001f4c5 [438] ╟руЁєцр■ Ёрёяшёрэшх фы : ╚╤1-231
2025-12-14 20:53:44,788 [INFO] \U0001f50d [438] @user_438 \u2192 ╚∙хЄ уЁєяяє: '╚╤1-232'
2025-12-14 20:53:44,790 [INFO] \u2705 [438] ═рщфхэю 1 уЁєяя√ фы  чряЁюёр '╚╤1-232'
2025-12-14 20:53:44,791 [INFO] \U0001f4c5 [438] ╟руЁєцр■ Ёрёяшёрэшх фы : ╚╤1-232
2025-12-14 20:53:44,809 [INFO] \U0001f50d [439] @user_439 \u2192 ╚∙хЄ уЁєяяє: '╚╤1-231'
2025-12-14 20:53:44,809 [INFO] \u2705 [439] ═рщфхэю 1 уЁєяя√ фы  чряЁюёр '╚╤1-231'
2025-12-14 20:53:44,810 [INFO] \U0001f4c5 [439] ╟руЁєцр■ Ёрёяшёрэшх фы : ╚╤1-231
2025-12-14 20:53:44,829 [INFO] \U0001f50d [439] @user_439 \u2192 ╚∙хЄ уЁєяяє: '╚╤1-232'
2025-12-14 20:53:44,831 [INFO] \u2705 [439] ═рщфхэю 1 уЁєяя√ фы  чряЁюёр '╚╤1-232'
2025-12-14 20:53:44,831 [INFO] \U0001f4c5 [439] ╟руЁєцр■ Ёрёяшёрэшх фы : ╚╤1-232
2025-12-14 20:53:44,858 [INFO] \U0001f50d [440] @user_440 \u2192 ╚∙хЄ уЁєяяє: '╚╤1-231'
2025-12-14 20:53:44,860 [INFO] \u2705 [440] ═рщфхэю 1 уЁєяя√ фы  чряЁюёр '╚╤1-231'
2025-12-14 20:53:44,861 [INFO] \U0001f4c5 [440] ╟руЁєцр■ Ёрёяшёрэшх фы : ╚╤1-231
2025-12-14 20:53:44,884 [INFO] \U0001f50d [440] @user_440 \u2192 ╚∙хЄ уЁєяяє: '╚╤1-232'
2025-12-14 20:53:44,886 [INFO] \u2705 [440] ═рщфхэю 1 уЁєяя√ фы  чряЁюёр '╚╤1-232'
2025-12-14 20:53:44,886 [INFO] \U0001f4c5 [440] ╟руЁєцр■ Ёрёяшёрэшх фы : ╚╤1-232
2025-12-14 20:53:44,906 [INFO] \U0001f50d [441] @user_441 \u2192 ╚∙хЄ уЁєяяє: '╚╤1-231'
2025-12-14 20:53:44,907 [INFO] \u2705 [441] ═рщфхэю 1 уЁєяя√ фы  чряЁюёр '╚╤1-231'
2025-12-14 20:53:44,908 [INFO] \U0001f4c5 [441] ╟руЁєцр■ Ёрёяшёрэшх фы : ╚╤1-231
2025-12-14 20:53:44,925 [INFO] \U0001f50d [441] @user_441 \u2192 ╚∙хЄ уЁєяяє: '╚╤1-232'
2025-12-14 20:53:44,926 [INFO] \u2705 [441] ═рщфхэю 1 уЁєяя√ фы  чряЁюёр '╚╤1-232'
2025-12-14 20:53:44,926 [INFO] \U0001f4c5 [441] ╟руЁєцр■ Ёрёяшёрэшх фы : ╚╤1-232
2025-12-14 20:53:44,944 [INFO] \U0001f50d [442] @user_442 \u2192 ╚∙хЄ уЁєяяє: '╚╤1-231'
2025-12-14 20:53:44,945 [INFO] \u2705 [442] ═рщфхэю 1 уЁєяя√ фы  чряЁюёр '╚╤1-231'
2025-12-14 20:53:44,945 [INFO] \U0001f4c5 [442] ╟руЁєцр■ Ёрёяшёрэшх фы : ╚╤1-231
2025-12-14 20:53:44,971 [INFO] \U0001f50d [442] @user_442 \u2192 ╚∙хЄ уЁєяяє: '╚╤1-232'
2025-12-14 20:53:44,972 [INFO] \u2705 [442] ═рщфхэю 1 уЁєяя√ фы  чряЁюёр '╚╤1-232'
2025-12-14 20:53:44,973 [INFO] \U0001f4c5 [442] ╟руЁєцр■ Ёрёяшёрэшх фы : ╚╤1-232
2025-12-14 20:53:44,993 [INFO] \U0001f50d [443] @user_443 \u2192 ╚∙хЄ уЁєяяє: '╚╤1-231'
2025-12-14 20:53:44,994 [INFO] \u2705 [443] ═рщфхэю 1 уЁєяя√ фы  чряЁюёр '╚╤1-231'
2025-12-14 20:53:44,994 [INFO] \U0001f4c5 [443] ╟руЁєцр■ Ёрёяшёрэшх фы : ╚╤1-231
2025-12-14 20:53:45,011 [INFO] \U0001f50d [443] @user_443 \u2192 ╚∙хЄ уЁєяяє: '╚╤1-232'
2025-12-14 20:53:45,011 [INFO] \u2705 [443] ═рщфхэю 1 уЁєяя√ фы  чряЁюёр '╚╤1-232'
2025-12-14 20:53:45,012 [INFO] \U0001f4c5 [443] ╟руЁєцр■ Ёрёяшёрэшх фы : ╚╤1-232
2025-12-14 20:53:45,039 [INFO] \U0001f50d [444] @user_444 \u2192 ╚∙хЄ уЁєяяє: '╚╤1-231'
2025-12-14 20:53:45,041 [INFO] \u2705 [444] ═рщфхэю 1 уЁєяя√ фы  чряЁюёр '╚╤1-231'
2025-12-14 20:53:45,041 [INFO] \U0001f4c5 [444] ╟руЁєцр■ Ёрёяшёрэшх фы : ╚╤1-231
2025-12-14 20:53:45,061 [INFO] \U0001f50d [444] @user_444 \u2192 ╚∙хЄ уЁєяяє: '╚╤1-232'
2025-12-14 20:53:45,062 [INFO] \u2705 [444] ═рщфхэю 1 уЁєяя√ фы  чряЁюёр '╚╤1-232'
2025-12-14 20:53:45,062 [INFO] \U0001f4c5 [444] ╟руЁєцр■ Ёрёяшёрэшх фы : ╚╤1-232
2025-12-14 20:53:45,084 [INFO] \U0001f50d [445] @user_445 \u2192 ╚∙хЄ уЁєяяє: '╚╤1-231'
2025-12-14 20:53:45,085 [INFO] \u2705 [445] ═рщфхэю 1 уЁєяя√ фы  чряЁюёр '╚╤1-231'
2025-12-14 20:53:45,085 [INFO] \U0001f4c5 [445] ╟руЁєцр■ Ёрёяшёрэшх фы : ╚╤1-231
2025-12-14 20:53:45,110 [INFO] \U0001f50d [445] @user_445 \u2192 ╚∙хЄ уЁєяяє: '╚╤1-232'
2025-12-14 20:53:45,111 [INFO] \u2705 [445] ═рщфхэю 1 уЁєяя√ фы  чряЁюёр '╚╤1-232'
2025-12-14 20:53:45,111 [INFO] \U0001f4c5 [445] ╟руЁєцр■ Ёрёяшёрэшх фы : ╚╤1-232
2025-12-14 20:53:45,130 [INFO] \U0001f50d [446] @user_446 \u2192 ╚∙хЄ уЁєяяє: '╚╤1-231'
2025-12-14 20:53:45,131 [INFO] \u2705 [446] ═рщфхэю 1 уЁєяя√ фы  чряЁюёр '╚╤1-231'
2025-12-14 20:53:45,131 [INFO] \U0001f4c5 [446] ╟руЁєцр■ Ёрёяшёрэшх фы : ╚╤1-231
2025-12-14 20:53:45,148 [INFO] \U0001f50d [446] @user_446 \u2192 ╚∙хЄ уЁєяяє: '╚╤1-232'
2025-12-14 20:53:45,149 [INFO] \u2705 [446] ═рщфхэю 1 уЁєяя√ фы  чряЁюёр '╚╤1-232'
2025-12-14 20:53:45,149 [INFO] \U0001f4c5 [446] ╟руЁєцр■ Ёрёяшёрэшх фы : ╚╤1-232
2025-12-14 20:53:45,168 [INFO] \U0001f50d [447] @user_447 \u2192 ╚∙хЄ уЁєяяє: '╚╤1-231'
2025-12-14 20:53:45,179 [INFO] \u2705 [447] ═рщфхэю 1 уЁєяя√ фы  чряЁюёр '╚╤1-231'
2025-12-14 20:53:45,180 [INFO] \U0001f4c5 [447] ╟руЁєцр■ Ёрёяшёрэшх фы : ╚╤1-231
2025-12-14 20:53:45,197 [INFO] \U0001f50d [447] @user_447 \u2192 ╚∙хЄ уЁєяяє: '╚╤1-232'
2025-12-14 20:53:45,198 [INFO] \u2705 [447] ═рщфхэю 1 уЁєяя√ фы  чряЁюёр '╚╤1-232'
2025-12-14 20:53:45,198 [INFO] \U0001f4c5 [447] ╟руЁєцр■ Ёрёяшёрэшх фы : ╚╤1-232
2025-12-14 20:53:45,219 [INFO] \U0001f50d [448] @user_448 \u2192 ╚∙хЄ уЁєяяє: '╚╤1-231'
2025-12-14 20:53:45,221 [INFO] \u2705 [448] ═рщфхэю 1 уЁєяя√ фы  чряЁюёр '╚╤1-231'
2025-12-14 20:53:45,221 [INFO] \U0001f4c5 [448] ╟руЁєцр■ Ёрёяшёрэшх фы : ╚╤1-231
2025-12-14 20:53:45,242 [INFO] \U0001f50d [448] @user_448 \u2192 ╚∙хЄ уЁєяяє: '╚╤1-232'
2025-12-14 20:53:45,243 [INFO] \u2705 [448] ═рщфхэю 1 уЁєяя√ фы  чряЁюёр '╚╤1-232'
2025-12-14 20:53:45,243 [INFO] \U0001f4c5 [448] ╟руЁєцр■ Ёрёяшёрэшх фы : ╚╤1-232
2025-12-14 20:53:45,266 [INFO] \U0001f50d [449] @user_449 \u2192 ╚∙хЄ уЁєяяє: '╚╤1-231'
2025-12-14 20:53:45,266 [INFO] \u2705 [449] ═рщфхэю 1 уЁєяя√ фы  чряЁюёр '╚╤1-231'
2025-12-14 20:53:45,267 [INFO] \U0001f4c5 [449] ╟руЁєцр■ Ёрёяшёрэшх фы : ╚╤1-231
2025-12-14 20:53:45,287 [INFO] \U0001f50d [449] @user_449 \u2192 ╚∙хЄ уЁєяяє: '╚╤1-232'
2025-12-14 20:53:45,288 [INFO] \u2705 [449] ═рщфхэю 1 уЁєяя√ фы  чряЁюёр '╚╤1-232'
2025-12-14 20:53:45,289 [INFO] \U0001f4c5 [449] ╟руЁєцр■ Ёрёяшёрэшх фы : ╚╤1-232
2025-12-14 20:53:45,311 [INFO] \U0001f50d [450] @user_450 \u2192 ╚∙хЄ уЁєяяє: '╚╤1-231'
2025-12-14 20:53:45,313 [INFO] \u2705 [450] ═рщфхэю 1 уЁєяя√ фы  чряЁюёр '╚╤1-231'
2025-12-14 20:53:45,313 [INFO] \U0001f4c5 [450] ╟руЁєцр■ Ёрёяшёрэшх фы : ╚╤1-231
2025-12-14 20:53:45,343 [INFO] \U0001f50d [450] @user_450 \u2192 ╚∙хЄ уЁєяяє: '╚╤1-232'
2025-12-14 20:53:45,344 [INFO] \u2705 [450] ═рщфхэю 1 уЁєяя√ фы  чряЁюёр '╚╤1-232'
2025-12-14 20:53:45,345 [INFO] \U0001f4c5 [450] ╟руЁєцр■ Ёрёяшёрэшх фы : ╚╤1-232
2025-12-14 20:53:45,364 [INFO] \U0001f50d [451] @user_451 \u2192 ╚∙хЄ уЁєяяє: '╚╤1-231'
2025-12-14 20:53:45,365 [INFO] \u2705 [451] ═рщфхэю 1 уЁєяя√ фы  чряЁюёр '╚╤1-231'
2025-12-14 20:53:45,365 [INFO] \U0001f4c5 [451] ╟руЁєцр■ Ёрёяшёрэшх фы : ╚╤1-231
2025-12-14 20:53:45,394 [INFO] \U0001f50d [451] @user_451 \u2192 ╚∙хЄ уЁєяяє: '╚╤1-232'
2025-12-14 20:53:45,396 [INFO] \u2705 [451] ═рщфхэю 1 уЁєяя√ фы  чряЁюёр '╚╤1-232'
2025-12-14 20:53:45,396 [INFO] \U0001f4c5 [451] ╟руЁєцр■ Ёрёяшёрэшх фы : ╚╤1-232
2025-12-14 20:53:45,420 [INFO] \U0001f50d [452] @user_452 \u2192 ╚∙хЄ уЁєяяє: '╚╤1-231'
2025-12-14 20:53:45,430 [INFO] \u2705 [452] ═рщфхэю 1 уЁєяя√ фы  чряЁюёр '╚╤1-231'
2025-12-14 20:53:45,430 [INFO] \U0001f4c5 [452] ╟руЁєцр■ Ёрёяшёрэшх фы : ╚╤1-231
2025-12-14 20:53:45,455 [INFO] \U0001f50d [452] @user_452 \u2192 ╚∙хЄ уЁєяяє: '╚╤1-232'
2025-12-14 20:53:45,457 [INFO] \u2705 [452] ═рщфхэю 1 уЁєяя√ фы  чряЁюёр '╚╤1-232'
2025-12-14 20:53:45,458 [INFO] \U0001f4c5 [452] ╟руЁєцр■ Ёрёяшёрэшх фы : ╚╤1-232
2025-12-14 20:53:45,479 [INFO] \U0001f50d [453] @user_453 \u2192 ╚∙хЄ уЁєяяє: '╚╤1-231'
2025-12-14 20:53:45,481 [INFO] \u2705 [453] ═рщфхэю 1 уЁєяя√ фы  чряЁюёр '╚╤1-231'
2025-12-14 20:53:45,481 [INFO] \U0001f4c5 [453] ╟руЁєцр■ Ёрёяшёрэшх фы : ╚╤1-231
2025-12-14 20:53:45,508 [INFO] \U0001f50d [453] @user_453 \u2192 ╚∙хЄ уЁєяяє: '╚╤1-232'
2025-12-14 20:53:45,509 [INFO] \u2705 [453] ═рщфхэю 1 уЁєяя√ фы  чряЁюёр '╚╤1-232'
2025-12-14 20:53:45,509 [INFO] \U0001f4c5 [453] ╟руЁєцр■ Ёрёяшёрэшх фы : ╚╤1-232
2025-12-14 20:53:45,534 [INFO] \U0001f50d [454] @user_454 \u2192 ╚∙хЄ уЁєяяє: '╚╤1-231'
2025-12-14 20:53:45,534 [INFO] \u2705 [454] ═рщфхэю 1 уЁєяя√ фы  чряЁюёр '╚╤1-231'
2025-12-14 20:53:45,535 [INFO] \U0001f4c5 [454] ╟руЁєцр■ Ёрёяшёрэшх фы : ╚╤1-231
2025-12-14 20:53:45,555 [INFO] \U0001f50d [454] @user_454 \u2192 ╚∙хЄ уЁєяяє: '╚╤1-232'
2025-12-14 20:53:45,557 [INFO] \u2705 [454] ═рщфхэю 1 уЁєяя√ фы  чряЁюёр '╚╤1-232'
2025-12-14 20:53:45,557 [INFO] \U0001f4c5 [454] ╟руЁєцр■ Ёрёяшёрэшх фы : ╚╤1-232
2025-12-14 20:53:45,579 [INFO] \U0001f50d [455] @user_455 \u2192 ╚∙хЄ уЁєяяє: '╚╤1-231'
2025-12-14 20:53:45,579 [INFO] \u2705 [455] ═рщфхэю 1 уЁєяя√ фы  чряЁюёр '╚╤1-231'
2025-12-14 20:53:45,579 [INFO] \U0001f4c5 [455] ╟руЁєцр■ Ёрёяшёрэшх фы : ╚╤1-231
2025-12-14 20:53:45,617 [INFO] \U0001f50d [455] @user_455 \u2192 ╚∙хЄ уЁєяяє: '╚╤1-232'
2025-12-14 20:53:45,618 [INFO] \u2705 [455] ═рщфхэю 1 уЁєяя√ фы  чряЁюёр '╚╤1-232'
2025-12-14 20:53:45,619 [INFO] \U0001f4c5 [455] ╟руЁєцр■ Ёрёяшёрэшх фы : ╚╤1-232
2025-12-14 20:53:45,644 [INFO] \U0001f50d [456] @user_456 \u2192 ╚∙хЄ уЁєяяє: '╚╤1-231'
2025-12-14 20:53:45,645 [INFO] \u2705 [456] ═рщфхэю 1 уЁєяя√ фы  чряЁюёр '╚╤1-231'
2025-12-14 20:53:45,645 [INFO] \U0001f4c5 [456] ╟руЁєцр■ Ёрёяшёрэшх фы : ╚╤1-231
2025-12-14 20:53:45,666 [INFO] \U0001f50d [456] @user_456 \u2192 ╚∙хЄ уЁєяяє: '╚╤1-232'
2025-12-14 20:53:45,668 [INFO] \u2705 [456] ═рщфхэю 1 уЁєяя√ фы  чряЁюёр '╚╤1-232'
2025-12-14 20:53:45,668 [INFO] \U0001f4c5 [456] ╟руЁєцр■ Ёрёяшёрэшх фы : ╚╤1-232
2025-12-14 20:53:45,697 [INFO] \U0001f50d [457] @user_457 \u2192 ╚∙хЄ уЁєяяє: '╚╤1-231'
2025-12-14 20:53:45,698 [INFO] \u2705 [457] ═рщфхэю 1 уЁєяя√ фы  чряЁюёр '╚╤1-231'
2025-12-14 20:53:45,698 [INFO] \U0001f4c5 [457] ╟руЁєцр■ Ёрёяшёрэшх фы : ╚╤1-231
2025-12-14 20:53:45,714 [INFO] \U0001f50d [457] @user_457 \u2192 ╚∙хЄ уЁєяяє: '╚╤1-232'
2025-12-14 20:53:45,715 [INFO] \u2705 [457] ═рщфхэю 1 уЁєяя√ фы  чряЁюёр '╚╤1-232'
2025-12-14 20:53:45,715 [INFO] \U0001f4c5 [457] ╟руЁєцр■ Ёрёяшёрэшх фы : ╚╤1-232
2025-12-14 20:53:45,731 [INFO] \U0001f50d [458] @user_458 \u2192 ╚∙хЄ уЁєяяє: '╚╤1-231'
2025-12-14 20:53:45,732 [INFO] \u2705 [458] ═рщфхэю 1 уЁєяя√ фы  чряЁюёр '╚╤1-231'
2025-12-14 20:53:45,732 [INFO] \U0001f4c5 [458] ╟руЁєцр■ Ёрёяшёрэшх фы : ╚╤1-231
2025-12-14 20:53:45,755 [INFO] \U0001f50d [458] @user_458 \u2192 ╚∙хЄ уЁєяяє: '╚╤1-232'
2025-12-14 20:53:45,756 [INFO] \u2705 [458] ═рщфхэю 1 уЁєяя√ фы  чряЁюёр '╚╤1-232'
2025-12-14 20:53:45,757 [INFO] \U0001f4c5 [458] ╟руЁєцр■ Ёрёяшёрэшх фы : ╚╤1-232
2025-12-14 20:53:45,786 [INFO] \U0001f50d [459] @user_459 \u2192 ╚∙хЄ уЁєяяє: '╚╤1-231'
2025-12-14 20:53:45,787 [INFO] \u2705 [459] ═рщфхэю 1 уЁєяя√ фы  чряЁюёр '╚╤1-231'
2025-12-14 20:53:45,788 [INFO] \U0001f4c5 [459] ╟руЁєцр■ Ёрёяшёрэшх фы : ╚╤1-231
2025-12-14 20:53:45,808 [INFO] \U0001f50d [459] @user_459 \u2192 ╚∙хЄ уЁєяяє: '╚╤1-232'
2025-12-14 20:53:45,810 [INFO] \u2705 [459] ═рщфхэю 1 уЁєяя√ фы  чряЁюёр '╚╤1-232'
2025-12-14 20:53:45,810 [INFO] \U0001f4c5 [459] ╟руЁєцр■ Ёрёяшёрэшх фы : ╚╤1-232
2025-12-14 20:53:45,828 [INFO] \U0001f50d [460] @user_460 \u2192 ╚∙хЄ уЁєяяє: '╚╤1-231'
2025-12-14 20:53:45,829 [INFO] \u2705 [460] ═рщфхэю 1 уЁєяя√ фы  чряЁюёр '╚╤1-231'
2025-12-14 20:53:45,829 [INFO] \U0001f4c5 [460] ╟руЁєцр■ Ёрёяшёрэшх фы : ╚╤1-231
2025-12-14 20:53:45,857 [INFO] \U0001f50d [460] @user_460 \u2192 ╚∙хЄ уЁєяяє: '╚╤1-232'
2025-12-14 20:53:45,858 [INFO] \u2705 [460] ═рщфхэю 1 уЁєяя√ фы  чряЁюёр '╚╤1-232'
2025-12-14 20:53:45,858 [INFO] \U0001f4c5 [460] ╟руЁєцр■ Ёрёяшёрэшх фы : ╚╤1-232
2025-12-14 20:53:45,879 [INFO] \U0001f50d [461] @user_461 \u2192 ╚∙хЄ уЁєяяє: '╚╤1-231'
2025-12-14 20:53:45,880 [INFO] \u2705 [461] ═рщфхэю 1 уЁєяя√ фы  чряЁюёр '╚╤1-231'
2025-12-14 20:53:45,880 [INFO] \U0001f4c5 [461] ╟руЁєцр■ Ёрёяшёрэшх фы : ╚╤1-231
2025-12-14 20:53:45,899 [INFO] \U0001f50d [461] @user_461 \u2192 ╚∙хЄ уЁєяяє: '╚╤1-232'
2025-12-14 20:53:45,900 [INFO] \u2705 [461] ═рщфхэю 1 уЁєяя√ фы  чряЁюёр '╚╤1-232'
2025-12-14 20:53:45,900 [INFO] \U0001f4c5 [461] ╟руЁєцр■ Ёрёяшёрэшх фы : ╚╤1-232
2025-12-14 20:53:45,927 [INFO] \U0001f50d [462] @user_462 \u2192 ╚∙хЄ уЁєяяє: '╚╤1-231'
2025-12-14 20:53:45,928 [INFO] \u2705 [462] ═рщфхэю 1 уЁєяя√ фы  чряЁюёр '╚╤1-231'
2025-12-14 20:53:45,928 [INFO] \U0001f4c5 [462] ╟руЁєцр■ Ёрёяшёрэшх фы : ╚╤1-231
2025-12-14 20:53:45,948 [INFO] \U0001f50d [462] @user_462 \u2192 ╚∙хЄ уЁєяяє: '╚╤1-232'
2025-12-14 20:53:45,949 [INFO] \u2705 [462] ═рщфхэю 1 уЁєяя√ фы  чряЁюёр '╚╤1-232'
2025-12-14 20:53:45,949 [INFO] \U0001f4c5 [462] ╟руЁєцр■ Ёрёяшёрэшх фы : ╚╤1-232
2025-12-14 20:53:45,971 [INFO] \U0001f50d [463] @user_463 \u2192 ╚∙хЄ уЁєяяє: '╚╤1-231'
2025-12-14 20:53:45,972 [INFO] \u2705 [463] ═рщфхэю 1 уЁєяя√ фы  чряЁюёр '╚╤1-231'
2025-12-14 20:53:45,972 [INFO] \U0001f4c5 [463] ╟руЁєцр■ Ёрёяшёрэшх фы : ╚╤1-231
2025-12-14 20:53:45,993 [INFO] \U0001f50d [463] @user_463 \u2192 ╚∙хЄ уЁєяяє: '╚╤1-232'
2025-12-14 20:53:45,993 [INFO] \u2705 [463] ═рщфхэю 1 уЁєяя√ фы  чряЁюёр '╚╤1-232'
2025-12-14 20:53:45,997 [INFO] \U0001f4c5 [463] ╟руЁєцр■ Ёрёяшёрэшх фы : ╚╤1-232
2025-12-14 20:53:46,025 [INFO] \U0001f50d [464] @user_464 \u2192 ╚∙хЄ уЁєяяє: '╚╤1-231'
2025-12-14 20:53:46,026 [INFO] \u2705 [464] ═рщфхэю 1 уЁєяя√ фы  чряЁюёр '╚╤1-231'
2025-12-14 20:53:46,026 [INFO] \U0001f4c5 [464] ╟руЁєцр■ Ёрёяшёрэшх фы : ╚╤1-231
2025-12-14 20:53:46,048 [INFO] \U0001f50d [464] @user_464 \u2192 ╚∙хЄ уЁєяяє: '╚╤1-232'
2025-12-14 20:53:46,049 [INFO] \u2705 [464] ═рщфхэю 1 уЁєяя√ фы  чряЁюёр '╚╤1-232'
2025-12-14 20:53:46,049 [INFO] \U0001f4c5 [464] ╟руЁєцр■ Ёрёяшёрэшх фы : ╚╤1-232
2025-12-14 20:53:46,067 [INFO] \U0001f50d [465] @user_465 \u2192 ╚∙хЄ уЁєяяє: '╚╤1-231'
2025-12-14 20:53:46,068 [INFO] \u2705 [465] ═рщфхэю 1 уЁєяя√ фы  чряЁюёр '╚╤1-231'
2025-12-14 20:53:46,068 [INFO] \U0001f4c5 [465] ╟руЁєцр■ Ёрёяшёрэшх фы : ╚╤1-231
2025-12-14 20:53:46,099 [INFO] \U0001f50d [465] @user_465 \u2192 ╚∙хЄ уЁєяяє: '╚╤1-232'
2025-12-14 20:53:46,100 [INFO] \u2705 [465] ═рщфхэю 1 уЁєяя√ фы  чряЁюёр '╚╤1-232'
2025-12-14 20:53:46,100 [INFO] \U0001f4c5 [465] ╟руЁєцр■ Ёрёяшёрэшх фы : ╚╤1-232
2025-12-14 20:53:46,124 [INFO] \U0001f50d [466] @user_466 \u2192 ╚∙хЄ уЁєяяє: '╚╤1-231'
2025-12-14 20:53:46,125 [INFO] \u2705 [466] ═рщфхэю 1 уЁєяя√ фы  чряЁюёр '╚╤1-231'
2025-12-14 20:53:46,125 [INFO] \U0001f4c5 [466] ╟руЁєцр■ Ёрёяшёрэшх фы : ╚╤1-231
2025-12-14 20:53:46,148 [INFO] \U0001f50d [466] @user_466 \u2192 ╚∙хЄ уЁєяяє: '╚╤1-232'
2025-12-14 20:53:46,149 [INFO] \u2705 [466] ═рщфхэю 1 уЁєяя√ фы  чряЁюёр '╚╤1-232'
2025-12-14 20:53:46,150 [INFO] \U0001f4c5 [466] ╟руЁєцр■ Ёрёяшёрэшх фы : ╚╤1-232
2025-12-14 20:53:46,174 [INFO] \U0001f50d [467] @user_467 \u2192 ╚∙хЄ уЁєяяє: '╚╤1-231'
2025-12-14 20:53:46,175 [INFO] \u2705 [467] ═рщфхэю 1 уЁєяя√ фы  чряЁюёр '╚╤1-231'
2025-12-14 20:53:46,176 [INFO] \U0001f4c5 [467] ╟руЁєцр■ Ёрёяшёрэшх фы : ╚╤1-231
2025-12-14 20:53:46,194 [INFO] \U0001f50d [467] @user_467 \u2192 ╚∙хЄ уЁєяяє: '╚╤1-232'
2025-12-14 20:53:46,195 [INFO] \u2705 [467] ═рщфхэю 1 уЁєяя√ фы  чряЁюёр '╚╤1-232'
2025-12-14 20:53:46,195 [INFO] \U0001f4c5 [467] ╟руЁєцр■ Ёрёяшёрэшх фы : ╚╤1-232
2025-12-14 20:53:46,211 [INFO] \U0001f50d [468] @user_468 \u2192 ╚∙хЄ уЁєяяє: '╚╤1-231'
2025-12-14 20:53:46,211 [INFO] \u2705 [468] ═рщфхэю 1 уЁєяя√ фы  чряЁюёр '╚╤1-231'
2025-12-14 20:53:46,212 [INFO] \U0001f4c5 [468] ╟руЁєцр■ Ёрёяшёрэшх фы : ╚╤1-231
2025-12-14 20:53:46,229 [INFO] \U0001f50d [468] @user_468 \u2192 ╚∙хЄ уЁєяяє: '╚╤1-232'
2025-12-14 20:53:46,236 [INFO] \u2705 [468] ═рщфхэю 1 уЁєяя√ фы  чряЁюёр '╚╤1-232'
2025-12-14 20:53:46,237 [INFO] \U0001f4c5 [468] ╟руЁєцр■ Ёрёяшёрэшх фы : ╚╤1-232
2025-12-14 20:53:46,256 [INFO] \U0001f50d [469] @user_469 \u2192 ╚∙хЄ уЁєяяє: '╚╤1-231'
2025-12-14 20:53:46,257 [INFO] \u2705 [469] ═рщфхэю 1 уЁєяя√ фы  чряЁюёр '╚╤1-231'
2025-12-14 20:53:46,258 [INFO] \U0001f4c5 [469] ╟руЁєцр■ Ёрёяшёрэшх фы : ╚╤1-231
2025-12-14 20:53:46,275 [INFO] \U0001f50d [469] @user_469 \u2192 ╚∙хЄ уЁєяяє: '╚╤1-232'
2025-12-14 20:53:46,275 [INFO] \u2705 [469] ═рщфхэю 1 уЁєяя√ фы  чряЁюёр '╚╤1-232'
2025-12-14 20:53:46,276 [INFO] \U0001f4c5 [469] ╟руЁєцр■ Ёрёяшёрэшх фы : ╚╤1-232
2025-12-14 20:53:46,301 [INFO] \U0001f50d [470] @user_470 \u2192 ╚∙хЄ уЁєяяє: '╚╤1-231'
2025-12-14 20:53:46,302 [INFO] \u2705 [470] ═рщфхэю 1 уЁєяя√ фы  чряЁюёр '╚╤1-231'
2025-12-14 20:53:46,303 [INFO] \U0001f4c5 [470] ╟руЁєцр■ Ёрёяшёрэшх фы : ╚╤1-231
2025-12-14 20:53:46,333 [INFO] \U0001f50d [470] @user_470 \u2192 ╚∙хЄ уЁєяяє: '╚╤1-232'
2025-12-14 20:53:46,333 [INFO] \u2705 [470] ═рщфхэю 1 уЁєяя√ фы  чряЁюёр '╚╤1-232'
2025-12-14 20:53:46,334 [INFO] \U0001f4c5 [470] ╟руЁєцр■ Ёрёяшёрэшх фы : ╚╤1-232
2025-12-14 20:53:46,352 [INFO] \U0001f50d [471] @user_471 \u2192 ╚∙хЄ уЁєяяє: '╚╤1-231'
2025-12-14 20:53:46,353 [INFO] \u2705 [471] ═рщфхэю 1 уЁєяя√ фы  чряЁюёр '╚╤1-231'
2025-12-14 20:53:46,353 [INFO] \U0001f4c5 [471] ╟руЁєцр■ Ёрёяшёрэшх фы : ╚╤1-231
2025-12-14 20:53:46,374 [INFO] \U0001f50d [471] @user_471 \u2192 ╚∙хЄ уЁєяяє: '╚╤1-232'
2025-12-14 20:53:46,375 [INFO] \u2705 [471] ═рщфхэю 1 уЁєяя√ фы  чряЁюёр '╚╤1-232'
2025-12-14 20:53:46,375 [INFO] \U0001f4c5 [471] ╟руЁєцр■ Ёрёяшёрэшх фы : ╚╤1-232
2025-12-14 20:53:46,404 [INFO] \U0001f50d [472] @user_472 \u2192 ╚∙хЄ уЁєяяє: '╚╤1-231'
2025-12-14 20:53:46,406 [INFO] \u2705 [472] ═рщфхэю 1 уЁєяя√ фы  чряЁюёр '╚╤1-231'
2025-12-14 20:53:46,406 [INFO] \U0001f4c5 [472] ╟руЁєцр■ Ёрёяшёрэшх фы : ╚╤1-231
2025-12-14 20:53:46,430 [INFO] \U0001f50d [472] @user_472 \u2192 ╚∙хЄ уЁєяяє: '╚╤1-232'
2025-12-14 20:53:46,432 [INFO] \u2705 [472] ═рщфхэю 1 уЁєяя√ фы  чряЁюёр '╚╤1-232'
2025-12-14 20:53:46,432 [INFO] \U0001f4c5 [472] ╟руЁєцр■ Ёрёяшёрэшх фы : ╚╤1-232
2025-12-14 20:53:46,450 [INFO] \U0001f50d [473] @user_473 \u2192 ╚∙хЄ уЁєяяє: '╚╤1-231'
2025-12-14 20:53:46,451 [INFO] \u2705 [473] ═рщфхэю 1 уЁєяя√ фы  чряЁюёр '╚╤1-231'
2025-12-14 20:53:46,451 [INFO] \U0001f4c5 [473] ╟руЁєцр■ Ёрёяшёрэшх фы : ╚╤1-231
2025-12-14 20:53:46,468 [INFO] \U0001f50d [473] @user_473 \u2192 ╚∙хЄ уЁєяяє: '╚╤1-232'
2025-12-14 20:53:46,478 [INFO] \u2705 [473] ═рщфхэю 1 уЁєяя√ фы  чряЁюёр '╚╤1-232'
2025-12-14 20:53:46,479 [INFO] \U0001f4c5 [473] ╟руЁєцр■ Ёрёяшёрэшх фы : ╚╤1-232
2025-12-14 20:53:46,500 [INFO] \U0001f50d [474] @user_474 \u2192 ╚∙хЄ уЁєяяє: '╚╤1-231'
2025-12-14 20:53:46,501 [INFO] \u2705 [474] ═рщфхэю 1 уЁєяя√ фы  чряЁюёр '╚╤1-231'
2025-12-14 20:53:46,501 [INFO] \U0001f4c5 [474] ╟руЁєцр■ Ёрёяшёрэшх фы : ╚╤1-231
2025-12-14 20:53:46,523 [INFO] \U0001f50d [474] @user_474 \u2192 ╚∙хЄ уЁєяяє: '╚╤1-232'
2025-12-14 20:53:46,525 [INFO] \u2705 [474] ═рщфхэю 1 уЁєяя√ фы  чряЁюёр '╚╤1-232'
2025-12-14 20:53:46,525 [INFO] \U0001f4c5 [474] ╟руЁєцр■ Ёрёяшёрэшх фы : ╚╤1-232
2025-12-14 20:53:46,546 [INFO] \U0001f50d [475] @user_475 \u2192 ╚∙хЄ уЁєяяє: '╚╤1-231'
2025-12-14 20:53:46,547 [INFO] \u2705 [475] ═рщфхэю 1 уЁєяя√ фы  чряЁюёр '╚╤1-231'
2025-12-14 20:53:46,547 [INFO] \U0001f4c5 [475] ╟руЁєцр■ Ёрёяшёрэшх фы : ╚╤1-231
2025-12-14 20:53:46,616 [INFO] \U0001f50d [475] @user_475 \u2192 ╚∙хЄ уЁєяяє: '╚╤1-232'
2025-12-14 20:53:46,617 [INFO] \u2705 [475] ═рщфхэю 1 уЁєяя√ фы  чряЁюёр '╚╤1-232'
2025-12-14 20:53:46,617 [INFO] \U0001f4c5 [475] ╟руЁєцр■ Ёрёяшёрэшх фы : ╚╤1-232
2025-12-14 20:53:46,637 [INFO] \U0001f50d [476] @user_476 \u2192 ╚∙хЄ уЁєяяє: '╚╤1-231'
2025-12-14 20:53:46,638 [INFO] \u2705 [476] ═рщфхэю 1 уЁєяя√ фы  чряЁюёр '╚╤1-231'
2025-12-14 20:53:46,638 [INFO] \U0001f4c5 [476] ╟руЁєцр■ Ёрёяшёрэшх фы : ╚╤1-231
2025-12-14 20:53:46,661 [INFO] \U0001f50d [476] @user_476 \u2192 ╚∙хЄ уЁєяяє: '╚╤1-232'
2025-12-14 20:53:46,663 [INFO] \u2705 [476] ═рщфхэю 1 уЁєяя√ фы  чряЁюёр '╚╤1-232'
2025-12-14 20:53:46,664 [INFO] \U0001f4c5 [476] ╟руЁєцр■ Ёрёяшёрэшх фы : ╚╤1-232
2025-12-14 20:53:46,686 [INFO] \U0001f50d [477] @user_477 \u2192 ╚∙хЄ уЁєяяє: '╚╤1-231'
2025-12-14 20:53:46,687 [INFO] \u2705 [477] ═рщфхэю 1 уЁєяя√ фы  чряЁюёр '╚╤1-231'
2025-12-14 20:53:46,687 [INFO] \U0001f4c5 [477] ╟руЁєцр■ Ёрёяшёрэшх фы : ╚╤1-231
2025-12-14 20:53:46,708 [INFO] \U0001f50d [477] @user_477 \u2192 ╚∙хЄ уЁєяяє: '╚╤1-232'
2025-12-14 20:53:46,709 [INFO] \u2705 [477] ═рщфхэю 1 уЁєяя√ фы  чряЁюёр '╚╤1-232'
2025-12-14 20:53:46,709 [INFO] \U0001f4c5 [477] ╟руЁєцр■ Ёрёяшёрэшх фы : ╚╤1-232
2025-12-14 20:53:46,727 [INFO] \U0001f50d [478] @user_478 \u2192 ╚∙хЄ уЁєяяє: '╚╤1-231'
2025-12-14 20:53:46,727 [INFO] \u2705 [478] ═рщфхэю 1 уЁєяя√ фы  чряЁюёр '╚╤1-231'
2025-12-14 20:53:46,727 [INFO] \U0001f4c5 [478] ╟руЁєцр■ Ёрёяшёрэшх фы : ╚╤1-231
2025-12-14 20:53:46,746 [INFO] \U0001f50d [478] @user_478 \u2192 ╚∙хЄ уЁєяяє: '╚╤1-232'
2025-12-14 20:53:46,747 [INFO] \u2705 [478] ═рщфхэю 1 уЁєяя√ фы  чряЁюёр '╚╤1-232'
2025-12-14 20:53:46,747 [INFO] \U0001f4c5 [478] ╟руЁєцр■ Ёрёяшёрэшх фы : ╚╤1-232
2025-12-14 20:53:46,763 [INFO] \U0001f50d [479] @user_479 \u2192 ╚∙хЄ уЁєяяє: '╚╤1-231'
2025-12-14 20:53:46,764 [INFO] \u2705 [479] ═рщфхэю 1 уЁєяя√ фы  чряЁюёр '╚╤1-231'
2025-12-14 20:53:46,764 [INFO] \U0001f4c5 [479] ╟руЁєцр■ Ёрёяшёрэшх фы : ╚╤1-231
2025-12-14 20:53:46,788 [INFO] \U0001f50d [479] @user_479 \u2192 ╚∙хЄ уЁєяяє: '╚╤1-232'
2025-12-14 20:53:46,791 [INFO] \u2705 [479] ═рщфхэю 1 уЁєяя√ фы  чряЁюёр '╚╤1-232'
2025-12-14 20:53:46,791 [INFO] \U0001f4c5 [479] ╟руЁєцр■ Ёрёяшёрэшх фы : ╚╤1-232
2025-12-14 20:53:46,816 [INFO] \U0001f50d [480] @user_480 \u2192 ╚∙хЄ уЁєяяє: '╚╤1-231'
2025-12-14 20:53:46,818 [INFO] \u2705 [480] ═рщфхэю 1 уЁєяя√ фы  чряЁюёр '╚╤1-231'
2025-12-14 20:53:46,818 [INFO] \U0001f4c5 [480] ╟руЁєцр■ Ёрёяшёрэшх фы : ╚╤1-231
2025-12-14 20:53:46,838 [INFO] \U0001f50d [480] @user_480 \u2192 ╚∙хЄ уЁєяяє: '╚╤1-232'
2025-12-14 20:53:46,841 [INFO] \u2705 [480] ═рщфхэю 1 уЁєяя√ фы  чряЁюёр '╚╤1-232'
2025-12-14 20:53:46,841 [INFO] \U0001f4c5 [480] ╟руЁєцр■ Ёрёяшёрэшх фы : ╚╤1-232
2025-12-14 20:53:46,860 [INFO] \U0001f50d [481] @user_481 \u2192 ╚∙хЄ уЁєяяє: '╚╤1-231'
2025-12-14 20:53:46,861 [INFO] \u2705 [481] ═рщфхэю 1 уЁєяя√ фы  чряЁюёр '╚╤1-231'
2025-12-14 20:53:46,861 [INFO] \U0001f4c5 [481] ╟руЁєцр■ Ёрёяшёрэшх фы : ╚╤1-231
2025-12-14 20:53:46,879 [INFO] \U0001f50d [481] @user_481 \u2192 ╚∙хЄ уЁєяяє: '╚╤1-232'
2025-12-14 20:53:46,880 [INFO] \u2705 [481] ═рщфхэю 1 уЁєяя√ фы  чряЁюёр '╚╤1-232'
2025-12-14 20:53:46,880 [INFO] \U0001f4c5 [481] ╟руЁєцр■ Ёрёяшёрэшх фы : ╚╤1-232
2025-12-14 20:53:46,897 [INFO] \U0001f50d [482] @user_482 \u2192 ╚∙хЄ уЁєяяє: '╚╤1-231'
2025-12-14 20:53:46,898 [INFO] \u2705 [482] ═рщфхэю 1 уЁєяя√ фы  чряЁюёр '╚╤1-231'
2025-12-14 20:53:46,898 [INFO] \U0001f4c5 [482] ╟руЁєцр■ Ёрёяшёрэшх фы : ╚╤1-231
2025-12-14 20:53:46,915 [INFO] \U0001f50d [482] @user_482 \u2192 ╚∙хЄ уЁєяяє: '╚╤1-232'
2025-12-14 20:53:46,916 [INFO] \u2705 [482] ═рщфхэю 1 уЁєяя√ фы  чряЁюёр '╚╤1-232'
2025-12-14 20:53:46,916 [INFO] \U0001f4c5 [482] ╟руЁєцр■ Ёрёяшёрэшх фы : ╚╤1-232
2025-12-14 20:53:46,933 [INFO] \U0001f50d [483] @user_483 \u2192 ╚∙хЄ уЁєяяє: '╚╤1-231'
2025-12-14 20:53:46,933 [INFO] \u2705 [483] ═рщфхэю 1 уЁєяя√ фы  чряЁюёр '╚╤1-231'
2025-12-14 20:53:46,934 [INFO] \U0001f4c5 [483] ╟руЁєцр■ Ёрёяшёрэшх фы : ╚╤1-231
2025-12-14 20:53:46,956 [INFO] \U0001f50d [483] @user_483 \u2192 ╚∙хЄ уЁєяяє: '╚╤1-232'
2025-12-14 20:53:46,957 [INFO] \u2705 [483] ═рщфхэю 1 уЁєяя√ фы  чряЁюёр '╚╤1-232'
2025-12-14 20:53:46,957 [INFO] \U0001f4c5 [483] ╟руЁєцр■ Ёрёяшёрэшх фы : ╚╤1-232
2025-12-14 20:53:46,976 [INFO] \U0001f50d [484] @user_484 \u2192 ╚∙хЄ уЁєяяє: '╚╤1-231'
2025-12-14 20:53:46,977 [INFO] \u2705 [484] ═рщфхэю 1 уЁєяя√ фы  чряЁюёр '╚╤1-231'
2025-12-14 20:53:46,977 [INFO] \U0001f4c5 [484] ╟руЁєцр■ Ёрёяшёрэшх фы : ╚╤1-231
2025-12-14 20:53:46,993 [INFO] \U0001f50d [484] @user_484 \u2192 ╚∙хЄ уЁєяяє: '╚╤1-232'
2025-12-14 20:53:46,994 [INFO] \u2705 [484] ═рщфхэю 1 уЁєяя√ фы  чряЁюёр '╚╤1-232'
2025-12-14 20:53:46,994 [INFO] \U0001f4c5 [484] ╟руЁєцр■ Ёрёяшёрэшх фы : ╚╤1-232
2025-12-14 20:53:47,013 [INFO] \U0001f50d [485] @user_485 \u2192 ╚∙хЄ уЁєяяє: '╚╤1-231'
2025-12-14 20:53:47,014 [INFO] \u2705 [485] ═рщфхэю 1 уЁєяя√ фы  чряЁюёр '╚╤1-231'
2025-12-14 20:53:47,014 [INFO] \U0001f4c5 [485] ╟руЁєцр■ Ёрёяшёрэшх фы : ╚╤1-231
2025-12-14 20:53:47,034 [INFO] \U0001f50d [485] @user_485 \u2192 ╚∙хЄ уЁєяяє: '╚╤1-232'
2025-12-14 20:53:47,034 [INFO] \u2705 [485] ═рщфхэю 1 уЁєяя√ фы  чряЁюёр '╚╤1-232'
2025-12-14 20:53:47,035 [INFO] \U0001f4c5 [485] ╟руЁєцр■ Ёрёяшёрэшх фы : ╚╤1-232
2025-12-14 20:53:47,055 [INFO] \U0001f50d [486] @user_486 \u2192 ╚∙хЄ уЁєяяє: '╚╤1-231'
2025-12-14 20:53:47,056 [INFO] \u2705 [486] ═рщфхэю 1 уЁєяя√ фы  чряЁюёр '╚╤1-231'
2025-12-14 20:53:47,056 [INFO] \U0001f4c5 [486] ╟руЁєцр■ Ёрёяшёрэшх фы : ╚╤1-231
2025-12-14 20:53:47,080 [INFO] \U0001f50d [486] @user_486 \u2192 ╚∙хЄ уЁєяяє: '╚╤1-232'
2025-12-14 20:53:47,081 [INFO] \u2705 [486] ═рщфхэю 1 уЁєяя√ фы  чряЁюёр '╚╤1-232'
2025-12-14 20:53:47,082 [INFO] \U0001f4c5 [486] ╟руЁєцр■ Ёрёяшёрэшх фы : ╚╤1-232
2025-12-14 20:53:47,114 [INFO] \U0001f50d [487] @user_487 \u2192 ╚∙хЄ уЁєяяє: '╚╤1-231'
2025-12-14 20:53:47,115 [INFO] \u2705 [487] ═рщфхэю 1 уЁєяя√ фы  чряЁюёр '╚╤1-231'
2025-12-14 20:53:47,116 [INFO] \U0001f4c5 [487] ╟руЁєцр■ Ёрёяшёрэшх фы : ╚╤1-231
2025-12-14 20:53:47,135 [INFO] \U0001f50d [487] @user_487 \u2192 ╚∙хЄ уЁєяяє: '╚╤1-232'
2025-12-14 20:53:47,136 [INFO] \u2705 [487] ═рщфхэю 1 уЁєяя√ фы  чряЁюёр '╚╤1-232'
2025-12-14 20:53:47,136 [INFO] \U0001f4c5 [487] ╟руЁєцр■ Ёрёяшёрэшх фы : ╚╤1-232
2025-12-14 20:53:47,155 [INFO] \U0001f50d [488] @user_488 \u2192 ╚∙хЄ уЁєяяє: '╚╤1-231'
2025-12-14 20:53:47,156 [INFO] \u2705 [488] ═рщфхэю 1 уЁєяя√ фы  чряЁюёр '╚╤1-231'
2025-12-14 20:53:47,157 [INFO] \U0001f4c5 [488] ╟руЁєцр■ Ёрёяшёрэшх фы : ╚╤1-231
2025-12-14 20:53:47,177 [INFO] \U0001f50d [488] @user_488 \u2192 ╚∙хЄ уЁєяяє: '╚╤1-232'
2025-12-14 20:53:47,178 [INFO] \u2705 [488] ═рщфхэю 1 уЁєяя√ фы  чряЁюёр '╚╤1-232'
2025-12-14 20:53:47,178 [INFO] \U0001f4c5 [488] ╟руЁєцр■ Ёрёяшёрэшх фы : ╚╤1-232
2025-12-14 20:53:47,196 [INFO] \U0001f50d [489] @user_489 \u2192 ╚∙хЄ уЁєяяє: '╚╤1-231'
2025-12-14 20:53:47,196 [INFO] \u2705 [489] ═рщфхэю 1 уЁєяя√ фы  чряЁюёр '╚╤1-231'
2025-12-14 20:53:47,197 [INFO] \U0001f4c5 [489] ╟руЁєцр■ Ёрёяшёрэшх фы : ╚╤1-231
2025-12-14 20:53:47,216 [INFO] \U0001f50d [489] @user_489 \u2192 ╚∙хЄ уЁєяяє: '╚╤1-232'
2025-12-14 20:53:47,217 [INFO] \u2705 [489] ═рщфхэю 1 уЁєяя√ фы  чряЁюёр '╚╤1-232'
2025-12-14 20:53:47,218 [INFO] \U0001f4c5 [489] ╟руЁєцр■ Ёрёяшёрэшх фы : ╚╤1-232
2025-12-14 20:53:47,235 [INFO] \U0001f50d [490] @user_490 \u2192 ╚∙хЄ уЁєяяє: '╚╤1-231'
2025-12-14 20:53:47,236 [INFO] \u2705 [490] ═рщфхэю 1 уЁєяя√ фы  чряЁюёр '╚╤1-231'
2025-12-14 20:53:47,237 [INFO] \U0001f4c5 [490] ╟руЁєцр■ Ёрёяшёрэшх фы : ╚╤1-231
2025-12-14 20:53:47,254 [INFO] \U0001f50d [490] @user_490 \u2192 ╚∙хЄ уЁєяяє: '╚╤1-232'
2025-12-14 20:53:47,255 [INFO] \u2705 [490] ═рщфхэю 1 уЁєяя√ фы  чряЁюёр '╚╤1-232'
2025-12-14 20:53:47,256 [INFO] \U0001f4c5 [490] ╟руЁєцр■ Ёрёяшёрэшх фы : ╚╤1-232
2025-12-14 20:53:47,276 [INFO] \U0001f50d [491] @user_491 \u2192 ╚∙хЄ уЁєяяє: '╚╤1-231'
2025-12-14 20:53:47,277 [INFO] \u2705 [491] ═рщфхэю 1 уЁєяя√ фы  чряЁюёр '╚╤1-231'
2025-12-14 20:53:47,277 [INFO] \U0001f4c5 [491] ╟руЁєцр■ Ёрёяшёрэшх фы : ╚╤1-231
2025-12-14 20:53:47,296 [INFO] \U0001f50d [491] @user_491 \u2192 ╚∙хЄ уЁєяяє: '╚╤1-232'
2025-12-14 20:53:47,297 [INFO] \u2705 [491] ═рщфхэю 1 уЁєяя√ фы  чряЁюёр '╚╤1-232'
2025-12-14 20:53:47,297 [INFO] \U0001f4c5 [491] ╟руЁєцр■ Ёрёяшёрэшх фы : ╚╤1-232
2025-12-14 20:53:47,319 [INFO] \U0001f50d [492] @user_492 \u2192 ╚∙хЄ уЁєяяє: '╚╤1-231'
2025-12-14 20:53:47,321 [INFO] \u2705 [492] ═рщфхэю 1 уЁєяя√ фы  чряЁюёр '╚╤1-231'
2025-12-14 20:53:47,321 [INFO] \U0001f4c5 [492] ╟руЁєцр■ Ёрёяшёрэшх фы : ╚╤1-231
2025-12-14 20:53:47,340 [INFO] \U0001f50d [492] @user_492 \u2192 ╚∙хЄ уЁєяяє: '╚╤1-232'
2025-12-14 20:53:47,341 [INFO] \u2705 [492] ═рщфхэю 1 уЁєяя√ фы  чряЁюёр '╚╤1-232'
2025-12-14 20:53:47,342 [INFO] \U0001f4c5 [492] ╟руЁєцр■ Ёрёяшёрэшх фы : ╚╤1-232
2025-12-14 20:53:47,361 [INFO] \U0001f50d [493] @user_493 \u2192 ╚∙хЄ уЁєяяє: '╚╤1-231'
2025-12-14 20:53:47,362 [INFO] \u2705 [493] ═рщфхэю 1 уЁєяя√ фы  чряЁюёр '╚╤1-231'
2025-12-14 20:53:47,362 [INFO] \U0001f4c5 [493] ╟руЁєцр■ Ёрёяшёрэшх фы : ╚╤1-231
2025-12-14 20:53:47,383 [INFO] \U0001f50d [493] @user_493 \u2192 ╚∙хЄ уЁєяяє: '╚╤1-232'
2025-12-14 20:53:47,384 [INFO] \u2705 [493] ═рщфхэю 1 уЁєяя√ фы  чряЁюёр '╚╤1-232'
2025-12-14 20:53:47,384 [INFO] \U0001f4c5 [493] ╟руЁєцр■ Ёрёяшёрэшх фы : ╚╤1-232
2025-12-14 20:53:47,405 [INFO] \U0001f50d [494] @user_494 \u2192 ╚∙хЄ уЁєяяє: '╚╤1-231'
2025-12-14 20:53:47,407 [INFO] \u2705 [494] ═рщфхэю 1 уЁєяя√ фы  чряЁюёр '╚╤1-231'
2025-12-14 20:53:47,408 [INFO] \U0001f4c5 [494] ╟руЁєцр■ Ёрёяшёрэшх фы : ╚╤1-231
2025-12-14 20:53:47,426 [INFO] \U0001f50d [494] @user_494 \u2192 ╚∙хЄ уЁєяяє: '╚╤1-232'
2025-12-14 20:53:47,426 [INFO] \u2705 [494] ═рщфхэю 1 уЁєяя√ фы  чряЁюёр '╚╤1-232'
2025-12-14 20:53:47,426 [INFO] \U0001f4c5 [494] ╟руЁєцр■ Ёрёяшёрэшх фы : ╚╤1-232
2025-12-14 20:53:47,446 [INFO] \U0001f50d [495] @user_495 \u2192 ╚∙хЄ уЁєяяє: '╚╤1-231'
2025-12-14 20:53:47,447 [INFO] \u2705 [495] ═рщфхэю 1 уЁєяя√ фы  чряЁюёр '╚╤1-231'
2025-12-14 20:53:47,447 [INFO] \U0001f4c5 [495] ╟руЁєцр■ Ёрёяшёрэшх фы : ╚╤1-231
2025-12-14 20:53:47,462 [INFO] \U0001f50d [495] @user_495 \u2192 ╚∙хЄ уЁєяяє: '╚╤1-232'
2025-12-14 20:53:47,463 [INFO] \u2705 [495] ═рщфхэю 1 уЁєяя√ фы  чряЁюёр '╚╤1-232'
2025-12-14 20:53:47,463 [INFO] \U0001f4c5 [495] ╟руЁєцр■ Ёрёяшёрэшх фы : ╚╤1-232
2025-12-14 20:53:47,479 [INFO] \U0001f50d [496] @user_496 \u2192 ╚∙хЄ уЁєяяє: '╚╤1-231'
2025-12-14 20:53:47,480 [INFO] \u2705 [496] ═рщфхэю 1 уЁєяя√ фы  чряЁюёр '╚╤1-231'
2025-12-14 20:53:47,480 [INFO] \U0001f4c5 [496] ╟руЁєцр■ Ёрёяшёрэшх фы : ╚╤1-231
2025-12-14 20:53:47,498 [INFO] \U0001f50d [496] @user_496 \u2192 ╚∙хЄ уЁєяяє: '╚╤1-232'
2025-12-14 20:53:47,498 [INFO] \u2705 [496] ═рщфхэю 1 уЁєяя√ фы  чряЁюёр '╚╤1-232'
2025-12-14 20:53:47,499 [INFO] \U0001f4c5 [496] ╟руЁєцр■ Ёрёяшёрэшх фы : ╚╤1-232
2025-12-14 20:53:47,518 [INFO] \U0001f50d [497] @user_497 \u2192 ╚∙хЄ уЁєяяє: '╚╤1-231'
2025-12-14 20:53:47,519 [INFO] \u2705 [497] ═рщфхэю 1 уЁєяя√ фы  чряЁюёр '╚╤1-231'
2025-12-14 20:53:47,519 [INFO] \U0001f4c5 [497] ╟руЁєцр■ Ёрёяшёрэшх фы : ╚╤1-231
2025-12-14 20:53:47,536 [INFO] \U0001f50d [497] @user_497 \u2192 ╚∙хЄ уЁєяяє: '╚╤1-232'
2025-12-14 20:53:47,537 [INFO] \u2705 [497] ═рщфхэю 1 уЁєяя√ фы  чряЁюёр '╚╤1-232'
2025-12-14 20:53:47,537 [INFO] \U0001f4c5 [497] ╟руЁєцр■ Ёрёяшёрэшх фы : ╚╤1-232
2025-12-14 20:53:47,553 [INFO] \U0001f50d [498] @user_498 \u2192 ╚∙хЄ уЁєяяє: '╚╤1-231'
2025-12-14 20:53:47,554 [INFO] \u2705 [498] ═рщфхэю 1 уЁєяя√ фы  чряЁюёр '╚╤1-231'
2025-12-14 20:53:47,554 [INFO] \U0001f4c5 [498] ╟руЁєцр■ Ёрёяшёрэшх фы : ╚╤1-231
2025-12-14 20:53:47,571 [INFO] \U0001f50d [498] @user_498 \u2192 ╚∙хЄ уЁєяяє: '╚╤1-232'
2025-12-14 20:53:47,572 [INFO] \u2705 [498] ═рщфхэю 1 уЁєяя√ фы  чряЁюёр '╚╤1-232'
2025-12-14 20:53:47,573 [INFO] \U0001f4c5 [498] ╟руЁєцр■ Ёрёяшёрэшх фы : ╚╤1-232
2025-12-14 20:53:47,588 [INFO] \U0001f50d [499] @user_499 \u2192 ╚∙хЄ уЁєяяє: '╚╤1-231'
2025-12-14 20:53:47,589 [INFO] \u2705 [499] ═рщфхэю 1 уЁєяя√ фы  чряЁюёр '╚╤1-231'
2025-12-14 20:53:47,589 [INFO] \U0001f4c5 [499] ╟руЁєцр■ Ёрёяшёрэшх фы : ╚╤1-231
2025-12-14 20:53:47,605 [INFO] \U0001f50d [499] @user_499 \u2192 ╚∙хЄ уЁєяяє: '╚╤1-232'
2025-12-14 20:53:47,605 [INFO] \u2705 [499] ═рщфхэю 1 уЁєяя√ фы  чряЁюёр '╚╤1-232'
2025-12-14 20:53:47,606 [INFO] \U0001f4c5 [499] ╟руЁєцр■ Ёрёяшёрэшх фы : ╚╤1-232
2025-12-14 20:53:47,625 [INFO] \U0001f50d [500] @user_500 \u2192 ╚∙хЄ уЁєяяє: '╚╤1-231'
2025-12-14 20:53:47,626 [INFO] \u2705 [500] ═рщфхэю 1 уЁєяя√ фы  чряЁюёр '╚╤1-231'
2025-12-14 20:53:47,626 [INFO] \U0001f4c5 [500] ╟руЁєцр■ Ёрёяшёрэшх фы : ╚╤1-231
2025-12-14 20:53:47,642 [INFO] \U0001f50d [500] @user_500 \u2192 ╚∙хЄ уЁєяяє: '╚╤1-232'
2025-12-14 20:53:47,643 [INFO] \u2705 [500] ═рщфхэю 1 уЁєяя√ фы  чряЁюёр '╚╤1-232'
2025-12-14 20:53:47,643 [INFO] \U0001f4c5 [500] ╟руЁєцр■ Ёрёяшёрэшх фы : ╚╤1-232
2025-12-14 20:53:47,658 [INFO] \U0001f50d [501] @user_501 \u2192 ╚∙хЄ уЁєяяє: '╚╤1-231'
2025-12-14 20:53:47,659 [INFO] \u2705 [501] ═рщфхэю 1 уЁєяя√ фы  чряЁюёр '╚╤1-231'
2025-12-14 20:53:47,659 [INFO] \U0001f4c5 [501] ╟руЁєцр■ Ёрёяшёрэшх фы : ╚╤1-231
2025-12-14 20:53:47,680 [INFO] \U0001f50d [501] @user_501 \u2192 ╚∙хЄ уЁєяяє: '╚╤1-232'
2025-12-14 20:53:47,681 [INFO] \u2705 [501] ═рщфхэю 1 уЁєяя√ фы  чряЁюёр '╚╤1-232'
2025-12-14 20:53:47,681 [INFO] \U0001f4c5 [501] ╟руЁєцр■ Ёрёяшёрэшх фы : ╚╤1-232
2025-12-14 20:53:47,697 [INFO] \U0001f50d [502] @user_502 \u2192 ╚∙хЄ уЁєяяє: '╚╤1-231'
2025-12-14 20:53:47,697 [INFO] \u2705 [502] ═рщфхэю 1 уЁєяя√ фы  чряЁюёр '╚╤1-231'
2025-12-14 20:53:47,698 [INFO] \U0001f4c5 [502] ╟руЁєцр■ Ёрёяшёрэшх фы : ╚╤1-231
2025-12-14 20:53:47,732 [INFO] \U0001f50d [502] @user_502 \u2192 ╚∙хЄ уЁєяяє: '╚╤1-232'
2025-12-14 20:53:47,733 [INFO] \u2705 [502] ═рщфхэю 1 уЁєяя√ фы  чряЁюёр '╚╤1-232'
2025-12-14 20:53:47,733 [INFO] \U0001f4c5 [502] ╟руЁєцр■ Ёрёяшёрэшх фы : ╚╤1-232
2025-12-14 20:53:47,752 [INFO] \U0001f50d [503] @user_503 \u2192 ╚∙хЄ уЁєяяє: '╚╤1-231'
2025-12-14 20:53:47,753 [INFO] \u2705 [503] ═рщфхэю 1 уЁєяя√ фы  чряЁюёр '╚╤1-231'
2025-12-14 20:53:47,754 [INFO] \U0001f4c5 [503] ╟руЁєцр■ Ёрёяшёрэшх фы : ╚╤1-231
2025-12-14 20:53:47,776 [INFO] \U0001f50d [503] @user_503 \u2192 ╚∙хЄ уЁєяяє: '╚╤1-232'
2025-12-14 20:53:47,776 [INFO] \u2705 [503] ═рщфхэю 1 уЁєяя√ фы  чряЁюёр '╚╤1-232'
2025-12-14 20:53:47,777 [INFO] \U0001f4c5 [503] ╟руЁєцр■ Ёрёяшёрэшх фы : ╚╤1-232
2025-12-14 20:53:47,796 [INFO] \U0001f50d [504] @user_504 \u2192 ╚∙хЄ уЁєяяє: '╚╤1-231'
2025-12-14 20:53:47,797 [INFO] \u2705 [504] ═рщфхэю 1 уЁєяя√ фы  чряЁюёр '╚╤1-231'
2025-12-14 20:53:47,798 [INFO] \U0001f4c5 [504] ╟руЁєцр■ Ёрёяшёрэшх фы : ╚╤1-231
2025-12-14 20:53:47,815 [INFO] \U0001f50d [504] @user_504 \u2192 ╚∙хЄ уЁєяяє: '╚╤1-232'
2025-12-14 20:53:47,816 [INFO] \u2705 [504] ═рщфхэю 1 уЁєяя√ фы  чряЁюёр '╚╤1-232'
2025-12-14 20:53:47,816 [INFO] \U0001f4c5 [504] ╟руЁєцр■ Ёрёяшёрэшх фы : ╚╤1-232
2025-12-14 20:53:47,841 [INFO] \U0001f50d [505] @user_505 \u2192 ╚∙хЄ уЁєяяє: '╚╤1-231'
2025-12-14 20:53:47,842 [INFO] \u2705 [505] ═рщфхэю 1 уЁєяя√ фы  чряЁюёр '╚╤1-231'
2025-12-14 20:53:47,843 [INFO] \U0001f4c5 [505] ╟руЁєцр■ Ёрёяшёрэшх фы : ╚╤1-231
2025-12-14 20:53:47,866 [INFO] \U0001f50d [505] @user_505 \u2192 ╚∙хЄ уЁєяяє: '╚╤1-232'
2025-12-14 20:53:47,867 [INFO] \u2705 [505] ═рщфхэю 1 уЁєяя√ фы  чряЁюёр '╚╤1-232'
2025-12-14 20:53:47,867 [INFO] \U0001f4c5 [505] ╟руЁєцр■ Ёрёяшёрэшх фы : ╚╤1-232
2025-12-14 20:53:47,886 [INFO] \U0001f50d [506] @user_506 \u2192 ╚∙хЄ уЁєяяє: '╚╤1-231'
2025-12-14 20:53:47,888 [INFO] \u2705 [506] ═рщфхэю 1 уЁєяя√ фы  чряЁюёр '╚╤1-231'
2025-12-14 20:53:47,889 [INFO] \U0001f4c5 [506] ╟руЁєцр■ Ёрёяшёрэшх фы : ╚╤1-231
2025-12-14 20:53:47,907 [INFO] \U0001f50d [506] @user_506 \u2192 ╚∙хЄ уЁєяяє: '╚╤1-232'
2025-12-14 20:53:47,908 [INFO] \u2705 [506] ═рщфхэю 1 уЁєяя√ фы  чряЁюёр '╚╤1-232'
2025-12-14 20:53:47,908 [INFO] \U0001f4c5 [506] ╟руЁєцр■ Ёрёяшёрэшх фы : ╚╤1-232
2025-12-14 20:53:47,923 [INFO] \U0001f50d [507] @user_507 \u2192 ╚∙хЄ уЁєяяє: '╚╤1-231'
2025-12-14 20:53:47,923 [INFO] \u2705 [507] ═рщфхэю 1 уЁєяя√ фы  чряЁюёр '╚╤1-231'
2025-12-14 20:53:47,924 [INFO] \U0001f4c5 [507] ╟руЁєцр■ Ёрёяшёрэшх фы : ╚╤1-231
2025-12-14 20:53:47,941 [INFO] \U0001f50d [507] @user_507 \u2192 ╚∙хЄ уЁєяяє: '╚╤1-232'
2025-12-14 20:53:47,941 [INFO] \u2705 [507] ═рщфхэю 1 уЁєяя√ фы  чряЁюёр '╚╤1-232'
2025-12-14 20:53:47,942 [INFO] \U0001f4c5 [507] ╟руЁєцр■ Ёрёяшёрэшх фы : ╚╤1-232
2025-12-14 20:53:47,958 [INFO] \U0001f50d [508] @user_508 \u2192 ╚∙хЄ уЁєяяє: '╚╤1-231'
2025-12-14 20:53:47,958 [INFO] \u2705 [508] ═рщфхэю 1 уЁєяя√ фы  чряЁюёр '╚╤1-231'
2025-12-14 20:53:47,958 [INFO] \U0001f4c5 [508] ╟руЁєцр■ Ёрёяшёрэшх фы : ╚╤1-231
2025-12-14 20:53:47,975 [INFO] \U0001f50d [508] @user_508 \u2192 ╚∙хЄ уЁєяяє: '╚╤1-232'
2025-12-14 20:53:47,976 [INFO] \u2705 [508] ═рщфхэю 1 уЁєяя√ фы  чряЁюёр '╚╤1-232'
2025-12-14 20:53:47,976 [INFO] \U0001f4c5 [508] ╟руЁєцр■ Ёрёяшёрэшх фы : ╚╤1-232
2025-12-14 20:53:47,992 [INFO] \U0001f50d [509] @user_509 \u2192 ╚∙хЄ уЁєяяє: '╚╤1-231'
2025-12-14 20:53:47,993 [INFO] \u2705 [509] ═рщфхэю 1 уЁєяя√ фы  чряЁюёр '╚╤1-231'
2025-12-14 20:53:47,993 [INFO] \U0001f4c5 [509] ╟руЁєцр■ Ёрёяшёрэшх фы : ╚╤1-231
2025-12-14 20:53:48,009 [INFO] \U0001f50d [509] @user_509 \u2192 ╚∙хЄ уЁєяяє: '╚╤1-232'
2025-12-14 20:53:48,010 [INFO] \u2705 [509] ═рщфхэю 1 уЁєяя√ фы  чряЁюёр '╚╤1-232'
2025-12-14 20:53:48,010 [INFO] \U0001f4c5 [509] ╟руЁєцр■ Ёрёяшёрэшх фы : ╚╤1-232
2025-12-14 20:53:48,031 [INFO] \U0001f50d [510] @user_510 \u2192 ╚∙хЄ уЁєяяє: '╚╤1-231'
2025-12-14 20:53:48,031 [INFO] \u2705 [510] ═рщфхэю 1 уЁєяя√ фы  чряЁюёр '╚╤1-231'
2025-12-14 20:53:48,032 [INFO] \U0001f4c5 [510] ╟руЁєцр■ Ёрёяшёрэшх фы : ╚╤1-231
2025-12-14 20:53:48,049 [INFO] \U0001f50d [510] @user_510 \u2192 ╚∙хЄ уЁєяяє: '╚╤1-232'
2025-12-14 20:53:48,050 [INFO] \u2705 [510] ═рщфхэю 1 уЁєяя√ фы  чряЁюёр '╚╤1-232'
2025-12-14 20:53:48,050 [INFO] \U0001f4c5 [510] ╟руЁєцр■ Ёрёяшёрэшх фы : ╚╤1-232
2025-12-14 20:53:48,065 [INFO] \U0001f50d [511] @user_511 \u2192 ╚∙хЄ уЁєяяє: '╚╤1-231'
2025-12-14 20:53:48,065 [INFO] \u2705 [511] ═рщфхэю 1 уЁєяя√ фы  чряЁюёр '╚╤1-231'
2025-12-14 20:53:48,066 [INFO] \U0001f4c5 [511] ╟руЁєцр■ Ёрёяшёрэшх фы : ╚╤1-231
2025-12-14 20:53:48,083 [INFO] \U0001f50d [511] @user_511 \u2192 ╚∙хЄ уЁєяяє: '╚╤1-232'
2025-12-14 20:53:48,084 [INFO] \u2705 [511] ═рщфхэю 1 уЁєяя√ фы  чряЁюёр '╚╤1-232'
2025-12-14 20:53:48,084 [INFO] \U0001f4c5 [511] ╟руЁєцр■ Ёрёяшёрэшх фы : ╚╤1-232
2025-12-14 20:53:48,102 [INFO] \U0001f50d [512] @user_512 \u2192 ╚∙хЄ уЁєяяє: '╚╤1-231'
2025-12-14 20:53:48,104 [INFO] \u2705 [512] ═рщфхэю 1 уЁєяя√ фы  чряЁюёр '╚╤1-231'
2025-12-14 20:53:48,104 [INFO] \U0001f4c5 [512] ╟руЁєцр■ Ёрёяшёрэшх фы : ╚╤1-231
2025-12-14 20:53:48,123 [INFO] \U0001f50d [512] @user_512 \u2192 ╚∙хЄ уЁєяяє: '╚╤1-232'
2025-12-14 20:53:48,123 [INFO] \u2705 [512] ═рщфхэю 1 уЁєяя√ фы  чряЁюёр '╚╤1-232'
2025-12-14 20:53:48,124 [INFO] \U0001f4c5 [512] ╟руЁєцр■ Ёрёяшёрэшх фы : ╚╤1-232
2025-12-14 20:53:48,148 [INFO] \U0001f50d [513] @user_513 \u2192 ╚∙хЄ уЁєяяє: '╚╤1-231'
2025-12-14 20:53:48,149 [INFO] \u2705 [513] ═рщфхэю 1 уЁєяя√ фы  чряЁюёр '╚╤1-231'
2025-12-14 20:53:48,149 [INFO] \U0001f4c5 [513] ╟руЁєцр■ Ёрёяшёрэшх фы : ╚╤1-231
2025-12-14 20:53:48,165 [INFO] \U0001f50d [513] @user_513 \u2192 ╚∙хЄ уЁєяяє: '╚╤1-232'
2025-12-14 20:53:48,166 [INFO] \u2705 [513] ═рщфхэю 1 уЁєяя√ фы  чряЁюёр '╚╤1-232'
2025-12-14 20:53:48,166 [INFO] \U0001f4c5 [513] ╟руЁєцр■ Ёрёяшёрэшх фы : ╚╤1-232
2025-12-14 20:53:48,181 [INFO] \U0001f50d [514] @user_514 \u2192 ╚∙хЄ уЁєяяє: '╚╤1-231'
2025-12-14 20:53:48,182 [INFO] \u2705 [514] ═рщфхэю 1 уЁєяя√ фы  чряЁюёр '╚╤1-231'
2025-12-14 20:53:48,182 [INFO] \U0001f4c5 [514] ╟руЁєцр■ Ёрёяшёрэшх фы : ╚╤1-231
2025-12-14 20:53:48,200 [INFO] \U0001f50d [514] @user_514 \u2192 ╚∙хЄ уЁєяяє: '╚╤1-232'
2025-12-14 20:53:48,201 [INFO] \u2705 [514] ═рщфхэю 1 уЁєяя√ фы  чряЁюёр '╚╤1-232'
2025-12-14 20:53:48,202 [INFO] \U0001f4c5 [514] ╟руЁєцр■ Ёрёяшёрэшх фы : ╚╤1-232
2025-12-14 20:53:48,223 [INFO] \U0001f50d [515] @user_515 \u2192 ╚∙хЄ уЁєяяє: '╚╤1-231'
2025-12-14 20:53:48,224 [INFO] \u2705 [515] ═рщфхэю 1 уЁєяя√ фы  чряЁюёр '╚╤1-231'
2025-12-14 20:53:48,224 [INFO] \U0001f4c5 [515] ╟руЁєцр■ Ёрёяшёрэшх фы : ╚╤1-231
2025-12-14 20:53:48,244 [INFO] \U0001f50d [515] @user_515 \u2192 ╚∙хЄ уЁєяяє: '╚╤1-232'
2025-12-14 20:53:48,245 [INFO] \u2705 [515] ═рщфхэю 1 уЁєяя√ фы  чряЁюёр '╚╤1-232'
2025-12-14 20:53:48,245 [INFO] \U0001f4c5 [515] ╟руЁєцр■ Ёрёяшёрэшх фы : ╚╤1-232
2025-12-14 20:53:48,265 [INFO] \U0001f50d [516] @user_516 \u2192 ╚∙хЄ уЁєяяє: '╚╤1-231'
2025-12-14 20:53:48,266 [INFO] \u2705 [516] ═рщфхэю 1 уЁєяя√ фы  чряЁюёр '╚╤1-231'
2025-12-14 20:53:48,266 [INFO] \U0001f4c5 [516] ╟руЁєцр■ Ёрёяшёрэшх фы : ╚╤1-231
2025-12-14 20:53:48,286 [INFO] \U0001f50d [516] @user_516 \u2192 ╚∙хЄ уЁєяяє: '╚╤1-232'
2025-12-14 20:53:48,287 [INFO] \u2705 [516] ═рщфхэю 1 уЁєяя√ фы  чряЁюёр '╚╤1-232'
2025-12-14 20:53:48,288 [INFO] \U0001f4c5 [516] ╟руЁєцр■ Ёрёяшёрэшх фы : ╚╤1-232
2025-12-14 20:53:48,308 [INFO] \U0001f50d [517] @user_517 \u2192 ╚∙хЄ уЁєяяє: '╚╤1-231'
2025-12-14 20:53:48,310 [INFO] \u2705 [517] ═рщфхэю 1 уЁєяя√ фы  чряЁюёр '╚╤1-231'
2025-12-14 20:53:48,310 [INFO] \U0001f4c5 [517] ╟руЁєцр■ Ёрёяшёрэшх фы : ╚╤1-231
2025-12-14 20:53:48,325 [INFO] \U0001f50d [517] @user_517 \u2192 ╚∙хЄ уЁєяяє: '╚╤1-232'
2025-12-14 20:53:48,325 [INFO] \u2705 [517] ═рщфхэю 1 уЁєяя√ фы  чряЁюёр '╚╤1-232'
2025-12-14 20:53:48,326 [INFO] \U0001f4c5 [517] ╟руЁєцр■ Ёрёяшёрэшх фы : ╚╤1-232
2025-12-14 20:53:48,345 [INFO] \U0001f50d [518] @user_518 \u2192 ╚∙хЄ уЁєяяє: '╚╤1-231'
2025-12-14 20:53:48,346 [INFO] \u2705 [518] ═рщфхэю 1 уЁєяя√ фы  чряЁюёр '╚╤1-231'
2025-12-14 20:53:48,346 [INFO] \U0001f4c5 [518] ╟руЁєцр■ Ёрёяшёрэшх фы : ╚╤1-231
2025-12-14 20:53:48,364 [INFO] \U0001f50d [518] @user_518 \u2192 ╚∙хЄ уЁєяяє: '╚╤1-232'
2025-12-14 20:53:48,365 [INFO] \u2705 [518] ═рщфхэю 1 уЁєяя√ фы  чряЁюёр '╚╤1-232'
2025-12-14 20:53:48,365 [INFO] \U0001f4c5 [518] ╟руЁєцр■ Ёрёяшёрэшх фы : ╚╤1-232
2025-12-14 20:53:48,383 [INFO] \U0001f50d [519] @user_519 \u2192 ╚∙хЄ уЁєяяє: '╚╤1-231'
2025-12-14 20:53:48,384 [INFO] \u2705 [519] ═рщфхэю 1 уЁєяя√ фы  чряЁюёр '╚╤1-231'
2025-12-14 20:53:48,384 [INFO] \U0001f4c5 [519] ╟руЁєцр■ Ёрёяшёрэшх фы : ╚╤1-231
2025-12-14 20:53:48,405 [INFO] \U0001f50d [519] @user_519 \u2192 ╚∙хЄ уЁєяяє: '╚╤1-232'
2025-12-14 20:53:48,407 [INFO] \u2705 [519] ═рщфхэю 1 уЁєяя√ фы  чряЁюёр '╚╤1-232'
2025-12-14 20:53:48,408 [INFO] \U0001f4c5 [519] ╟руЁєцр■ Ёрёяшёрэшх фы : ╚╤1-232
2025-12-14 20:53:48,427 [INFO] \U0001f50d [520] @user_520 \u2192 ╚∙хЄ уЁєяяє: '╚╤1-231'
2025-12-14 20:53:48,427 [INFO] \u2705 [520] ═рщфхэю 1 уЁєяя√ фы  чряЁюёр '╚╤1-231'
2025-12-14 20:53:48,428 [INFO] \U0001f4c5 [520] ╟руЁєцр■ Ёрёяшёрэшх фы : ╚╤1-231
2025-12-14 20:53:48,445 [INFO] \U0001f50d [520] @user_520 \u2192 ╚∙хЄ уЁєяяє: '╚╤1-232'
2025-12-14 20:53:48,446 [INFO] \u2705 [520] ═рщфхэю 1 уЁєяя√ фы  чряЁюёр '╚╤1-232'
2025-12-14 20:53:48,446 [INFO] \U0001f4c5 [520] ╟руЁєцр■ Ёрёяшёрэшх фы : ╚╤1-232
2025-12-14 20:53:48,464 [INFO] \U0001f50d [521] @user_521 \u2192 ╚∙хЄ уЁєяяє: '╚╤1-231'
2025-12-14 20:53:48,465 [INFO] \u2705 [521] ═рщфхэю 1 уЁєяя√ фы  чряЁюёр '╚╤1-231'
2025-12-14 20:53:48,465 [INFO] \U0001f4c5 [521] ╟руЁєцр■ Ёрёяшёрэшх фы : ╚╤1-231
2025-12-14 20:53:48,483 [INFO] \U0001f50d [521] @user_521 \u2192 ╚∙хЄ уЁєяяє: '╚╤1-232'
2025-12-14 20:53:48,484 [INFO] \u2705 [521] ═рщфхэю 1 уЁєяя√ фы  чряЁюёр '╚╤1-232'
2025-12-14 20:53:48,484 [INFO] \U0001f4c5 [521] ╟руЁєцр■ Ёрёяшёрэшх фы : ╚╤1-232
2025-12-14 20:53:48,499 [INFO] \U0001f50d [522] @user_522 \u2192 ╚∙хЄ уЁєяяє: '╚╤1-231'
2025-12-14 20:53:48,500 [INFO] \u2705 [522] ═рщфхэю 1 уЁєяя√ фы  чряЁюёр '╚╤1-231'
2025-12-14 20:53:48,500 [INFO] \U0001f4c5 [522] ╟руЁєцр■ Ёрёяшёрэшх фы : ╚╤1-231
2025-12-14 20:53:48,513 [INFO] \U0001f50d [522] @user_522 \u2192 ╚∙хЄ уЁєяяє: '╚╤1-232'
2025-12-14 20:53:48,514 [INFO] \u2705 [522] ═рщфхэю 1 уЁєяя√ фы  чряЁюёр '╚╤1-232'
2025-12-14 20:53:48,514 [INFO] \U0001f4c5 [522] ╟руЁєцр■ Ёрёяшёрэшх фы : ╚╤1-232
2025-12-14 20:53:48,528 [INFO] \U0001f50d [523] @user_523 \u2192 ╚∙хЄ уЁєяяє: '╚╤1-231'
2025-12-14 20:53:48,529 [INFO] \u2705 [523] ═рщфхэю 1 уЁєяя√ фы  чряЁюёр '╚╤1-231'
2025-12-14 20:53:48,529 [INFO] \U0001f4c5 [523] ╟руЁєцр■ Ёрёяшёрэшх фы : ╚╤1-231
2025-12-14 20:53:48,544 [INFO] \U0001f50d [523] @user_523 \u2192 ╚∙хЄ уЁєяяє: '╚╤1-232'
2025-12-14 20:53:48,545 [INFO] \u2705 [523] ═рщфхэю 1 уЁєяя√ фы  чряЁюёр '╚╤1-232'
2025-12-14 20:53:48,545 [INFO] \U0001f4c5 [523] ╟руЁєцр■ Ёрёяшёрэшх фы : ╚╤1-232
2025-12-14 20:53:48,559 [INFO] \U0001f50d [524] @user_524 \u2192 ╚∙хЄ уЁєяяє: '╚╤1-231'
2025-12-14 20:53:48,559 [INFO] \u2705 [524] ═рщфхэю 1 уЁєяя√ фы  чряЁюёр '╚╤1-231'
2025-12-14 20:53:48,560 [INFO] \U0001f4c5 [524] ╟руЁєцр■ Ёрёяшёрэшх фы : ╚╤1-231
2025-12-14 20:53:48,576 [INFO] \U0001f50d [524] @user_524 \u2192 ╚∙хЄ уЁєяяє: '╚╤1-232'
2025-12-14 20:53:48,577 [INFO] \u2705 [524] ═рщфхэю 1 уЁєяя√ фы  чряЁюёр '╚╤1-232'
2025-12-14 20:53:48,577 [INFO] \U0001f4c5 [524] ╟руЁєцр■ Ёрёяшёрэшх фы : ╚╤1-232
2025-12-14 20:53:48,593 [INFO] \U0001f50d [525] @user_525 \u2192 ╚∙хЄ уЁєяяє: '╚╤1-231'
2025-12-14 20:53:48,593 [INFO] \u2705 [525] ═рщфхэю 1 уЁєяя√ фы  чряЁюёр '╚╤1-231'
2025-12-14 20:53:48,593 [INFO] \U0001f4c5 [525] ╟руЁєцр■ Ёрёяшёрэшх фы : ╚╤1-231
2025-12-14 20:53:48,609 [INFO] \U0001f50d [525] @user_525 \u2192 ╚∙хЄ уЁєяяє: '╚╤1-232'
2025-12-14 20:53:48,609 [INFO] \u2705 [525] ═рщфхэю 1 уЁєяя√ фы  чряЁюёр '╚╤1-232'
2025-12-14 20:53:48,610 [INFO] \U0001f4c5 [525] ╟руЁєцр■ Ёрёяшёрэшх фы : ╚╤1-232
2025-12-14 20:53:48,627 [INFO] \U0001f50d [526] @user_526 \u2192 ╚∙хЄ уЁєяяє: '╚╤1-231'
2025-12-14 20:53:48,628 [INFO] \u2705 [526] ═рщфхэю 1 уЁєяя√ фы  чряЁюёр '╚╤1-231'
2025-12-14 20:53:48,628 [INFO] \U0001f4c5 [526] ╟руЁєцр■ Ёрёяшёрэшх фы : ╚╤1-231
2025-12-14 20:53:48,644 [INFO] \U0001f50d [526] @user_526 \u2192 ╚∙хЄ уЁєяяє: '╚╤1-232'
2025-12-14 20:53:48,645 [INFO] \u2705 [526] ═рщфхэю 1 уЁєяя√ фы  чряЁюёр '╚╤1-232'
2025-12-14 20:53:48,645 [INFO] \U0001f4c5 [526] ╟руЁєцр■ Ёрёяшёрэшх фы : ╚╤1-232
2025-12-14 20:53:48,662 [INFO] \U0001f50d [527] @user_527 \u2192 ╚∙хЄ уЁєяяє: '╚╤1-231'
2025-12-14 20:53:48,662 [INFO] \u2705 [527] ═рщфхэю 1 уЁєяя√ фы  чряЁюёр '╚╤1-231'
2025-12-14 20:53:48,663 [INFO] \U0001f4c5 [527] ╟руЁєцр■ Ёрёяшёрэшх фы : ╚╤1-231
2025-12-14 20:53:48,678 [INFO] \U0001f50d [527] @user_527 \u2192 ╚∙хЄ уЁєяяє: '╚╤1-232'
2025-12-14 20:53:48,679 [INFO] \u2705 [527] ═рщфхэю 1 уЁєяя√ фы  чряЁюёр '╚╤1-232'
2025-12-14 20:53:48,679 [INFO] \U0001f4c5 [527] ╟руЁєцр■ Ёрёяшёрэшх фы : ╚╤1-232
2025-12-14 20:53:48,696 [INFO] \U0001f50d [528] @user_528 \u2192 ╚∙хЄ уЁєяяє: '╚╤1-231'
2025-12-14 20:53:48,697 [INFO] \u2705 [528] ═рщфхэю 1 уЁєяя√ фы  чряЁюёр '╚╤1-231'
2025-12-14 20:53:48,697 [INFO] \U0001f4c5 [528] ╟руЁєцр■ Ёрёяшёрэшх фы : ╚╤1-231
2025-12-14 20:53:48,713 [INFO] \U0001f50d [528] @user_528 \u2192 ╚∙хЄ уЁєяяє: '╚╤1-232'
2025-12-14 20:53:48,714 [INFO] \u2705 [528] ═рщфхэю 1 уЁєяя√ фы  чряЁюёр '╚╤1-232'
2025-12-14 20:53:48,714 [INFO] \U0001f4c5 [528] ╟руЁєцр■ Ёрёяшёрэшх фы : ╚╤1-232
2025-12-14 20:53:48,729 [INFO] \U0001f50d [529] @user_529 \u2192 ╚∙хЄ уЁєяяє: '╚╤1-231'
2025-12-14 20:53:48,730 [INFO] \u2705 [529] ═рщфхэю 1 уЁєяя√ фы  чряЁюёр '╚╤1-231'
2025-12-14 20:53:48,730 [INFO] \U0001f4c5 [529] ╟руЁєцр■ Ёрёяшёрэшх фы : ╚╤1-231
2025-12-14 20:53:48,747 [INFO] \U0001f50d [529] @user_529 \u2192 ╚∙хЄ уЁєяяє: '╚╤1-232'
2025-12-14 20:53:48,747 [INFO] \u2705 [529] ═рщфхэю 1 уЁєяя√ фы  чряЁюёр '╚╤1-232'
2025-12-14 20:53:48,747 [INFO] \U0001f4c5 [529] ╟руЁєцр■ Ёрёяшёрэшх фы : ╚╤1-232
2025-12-14 20:53:48,764 [INFO] \U0001f50d [530] @user_530 \u2192 ╚∙хЄ уЁєяяє: '╚╤1-231'
2025-12-14 20:53:48,765 [INFO] \u2705 [530] ═рщфхэю 1 уЁєяя√ фы  чряЁюёр '╚╤1-231'
2025-12-14 20:53:48,765 [INFO] \U0001f4c5 [530] ╟руЁєцр■ Ёрёяшёрэшх фы : ╚╤1-231
2025-12-14 20:53:48,845 [INFO] \U0001f50d [530] @user_530 \u2192 ╚∙хЄ уЁєяяє: '╚╤1-232'
2025-12-14 20:53:48,846 [INFO] \u2705 [530] ═рщфхэю 1 уЁєяя√ фы  чряЁюёр '╚╤1-232'
2025-12-14 20:53:48,846 [INFO] \U0001f4c5 [530] ╟руЁєцр■ Ёрёяшёрэшх фы : ╚╤1-232
2025-12-14 20:53:48,862 [INFO] \U0001f50d [531] @user_531 \u2192 ╚∙хЄ уЁєяяє: '╚╤1-231'
2025-12-14 20:53:48,863 [INFO] \u2705 [531] ═рщфхэю 1 уЁєяя√ фы  чряЁюёр '╚╤1-231'
2025-12-14 20:53:48,863 [INFO] \U0001f4c5 [531] ╟руЁєцр■ Ёрёяшёрэшх фы : ╚╤1-231
2025-12-14 20:53:48,878 [INFO] \U0001f50d [531] @user_531 \u2192 ╚∙хЄ уЁєяяє: '╚╤1-232'
2025-12-14 20:53:48,879 [INFO] \u2705 [531] ═рщфхэю 1 уЁєяя√ фы  чряЁюёр '╚╤1-232'
2025-12-14 20:53:48,879 [INFO] \U0001f4c5 [531] ╟руЁєцр■ Ёрёяшёрэшх фы : ╚╤1-232
2025-12-14 20:53:48,895 [INFO] \U0001f50d [532] @user_532 \u2192 ╚∙хЄ уЁєяяє: '╚╤1-231'
2025-12-14 20:53:48,896 [INFO] \u2705 [532] ═рщфхэю 1 уЁєяя√ фы  чряЁюёр '╚╤1-231'
2025-12-14 20:53:48,896 [INFO] \U0001f4c5 [532] ╟руЁєцр■ Ёрёяшёрэшх фы : ╚╤1-231
2025-12-14 20:53:48,912 [INFO] \U0001f50d [532] @user_532 \u2192 ╚∙хЄ уЁєяяє: '╚╤1-232'
2025-12-14 20:53:48,913 [INFO] \u2705 [532] ═рщфхэю 1 уЁєяя√ фы  чряЁюёр '╚╤1-232'
2025-12-14 20:53:48,913 [INFO] \U0001f4c5 [532] ╟руЁєцр■ Ёрёяшёрэшх фы : ╚╤1-232
2025-12-14 20:53:48,929 [INFO] \U0001f50d [533] @user_533 \u2192 ╚∙хЄ уЁєяяє: '╚╤1-231'
2025-12-14 20:53:48,930 [INFO] \u2705 [533] ═рщфхэю 1 уЁєяя√ фы  чряЁюёр '╚╤1-231'
2025-12-14 20:53:48,930 [INFO] \U0001f4c5 [533] ╟руЁєцр■ Ёрёяшёрэшх фы : ╚╤1-231
2025-12-14 20:53:48,948 [INFO] \U0001f50d [533] @user_533 \u2192 ╚∙хЄ уЁєяяє: '╚╤1-232'
2025-12-14 20:53:48,949 [INFO] \u2705 [533] ═рщфхэю 1 уЁєяя√ фы  чряЁюёр '╚╤1-232'
2025-12-14 20:53:48,949 [INFO] \U0001f4c5 [533] ╟руЁєцр■ Ёрёяшёрэшх фы : ╚╤1-232
2025-12-14 20:53:48,965 [INFO] \U0001f50d [534] @user_534 \u2192 ╚∙хЄ уЁєяяє: '╚╤1-231'
2025-12-14 20:53:48,966 [INFO] \u2705 [534] ═рщфхэю 1 уЁєяя√ фы  чряЁюёр '╚╤1-231'
2025-12-14 20:53:48,966 [INFO] \U0001f4c5 [534] ╟руЁєцр■ Ёрёяшёрэшх фы : ╚╤1-231
2025-12-14 20:53:48,989 [INFO] \U0001f50d [534] @user_534 \u2192 ╚∙хЄ уЁєяяє: '╚╤1-232'
2025-12-14 20:53:48,991 [INFO] \u2705 [534] ═рщфхэю 1 уЁєяя√ фы  чряЁюёр '╚╤1-232'
2025-12-14 20:53:48,991 [INFO] \U0001f4c5 [534] ╟руЁєцр■ Ёрёяшёрэшх фы : ╚╤1-232
2025-12-14 20:53:49,010 [INFO] \U0001f50d [535] @user_535 \u2192 ╚∙хЄ уЁєяяє: '╚╤1-231'
2025-12-14 20:53:49,011 [INFO] \u2705 [535] ═рщфхэю 1 уЁєяя√ фы  чряЁюёр '╚╤1-231'
2025-12-14 20:53:49,011 [INFO] \U0001f4c5 [535] ╟руЁєцр■ Ёрёяшёрэшх фы : ╚╤1-231
2025-12-14 20:53:49,027 [INFO] \U0001f50d [535] @user_535 \u2192 ╚∙хЄ уЁєяяє: '╚╤1-232'
2025-12-14 20:53:49,027 [INFO] \u2705 [535] ═рщфхэю 1 уЁєяя√ фы  чряЁюёр '╚╤1-232'
2025-12-14 20:53:49,028 [INFO] \U0001f4c5 [535] ╟руЁєцр■ Ёрёяшёрэшх фы : ╚╤1-232
2025-12-14 20:53:49,046 [INFO] \U0001f50d [536] @user_536 \u2192 ╚∙хЄ уЁєяяє: '╚╤1-231'
2025-12-14 20:53:49,046 [INFO] \u2705 [536] ═рщфхэю 1 уЁєяя√ фы  чряЁюёр '╚╤1-231'
2025-12-14 20:53:49,046 [INFO] \U0001f4c5 [536] ╟руЁєцр■ Ёрёяшёрэшх фы : ╚╤1-231
2025-12-14 20:53:49,063 [INFO] \U0001f50d [536] @user_536 \u2192 ╚∙хЄ уЁєяяє: '╚╤1-232'
2025-12-14 20:53:49,064 [INFO] \u2705 [536] ═рщфхэю 1 уЁєяя√ фы  чряЁюёр '╚╤1-232'
2025-12-14 20:53:49,064 [INFO] \U0001f4c5 [536] ╟руЁєцр■ Ёрёяшёрэшх фы : ╚╤1-232
2025-12-14 20:53:49,081 [INFO] \U0001f50d [537] @user_537 \u2192 ╚∙хЄ уЁєяяє: '╚╤1-231'
2025-12-14 20:53:49,081 [INFO] \u2705 [537] ═рщфхэю 1 уЁєяя√ фы  чряЁюёр '╚╤1-231'
2025-12-14 20:53:49,082 [INFO] \U0001f4c5 [537] ╟руЁєцр■ Ёрёяшёрэшх фы : ╚╤1-231
2025-12-14 20:53:49,104 [INFO] \U0001f50d [537] @user_537 \u2192 ╚∙хЄ уЁєяяє: '╚╤1-232'
2025-12-14 20:53:49,107 [INFO] \u2705 [537] ═рщфхэю 1 уЁєяя√ фы  чряЁюёр '╚╤1-232'
2025-12-14 20:53:49,108 [INFO] \U0001f4c5 [537] ╟руЁєцр■ Ёрёяшёрэшх фы : ╚╤1-232
2025-12-14 20:53:49,129 [INFO] \U0001f50d [538] @user_538 \u2192 ╚∙хЄ уЁєяяє: '╚╤1-231'
2025-12-14 20:53:49,130 [INFO] \u2705 [538] ═рщфхэю 1 уЁєяя√ фы  чряЁюёр '╚╤1-231'
2025-12-14 20:53:49,130 [INFO] \U0001f4c5 [538] ╟руЁєцр■ Ёрёяшёрэшх фы : ╚╤1-231
2025-12-14 20:53:49,155 [INFO] \U0001f50d [538] @user_538 \u2192 ╚∙хЄ уЁєяяє: '╚╤1-232'
2025-12-14 20:53:49,157 [INFO] \u2705 [538] ═рщфхэю 1 уЁєяя√ фы  чряЁюёр '╚╤1-232'
2025-12-14 20:53:49,157 [INFO] \U0001f4c5 [538] ╟руЁєцр■ Ёрёяшёрэшх фы : ╚╤1-232
2025-12-14 20:53:49,176 [INFO] \U0001f50d [539] @user_539 \u2192 ╚∙хЄ уЁєяяє: '╚╤1-231'
2025-12-14 20:53:49,178 [INFO] \u2705 [539] ═рщфхэю 1 уЁєяя√ фы  чряЁюёр '╚╤1-231'
2025-12-14 20:53:49,179 [INFO] \U0001f4c5 [539] ╟руЁєцр■ Ёрёяшёрэшх фы : ╚╤1-231
2025-12-14 20:53:49,202 [INFO] \U0001f50d [539] @user_539 \u2192 ╚∙хЄ уЁєяяє: '╚╤1-232'
2025-12-14 20:53:49,203 [INFO] \u2705 [539] ═рщфхэю 1 уЁєяя√ фы  чряЁюёр '╚╤1-232'
2025-12-14 20:53:49,203 [INFO] \U0001f4c5 [539] ╟руЁєцр■ Ёрёяшёрэшх фы : ╚╤1-232
2025-12-14 20:53:49,225 [INFO] \U0001f50d [540] @user_540 \u2192 ╚∙хЄ уЁєяяє: '╚╤1-231'
2025-12-14 20:53:49,226 [INFO] \u2705 [540] ═рщфхэю 1 уЁєяя√ фы  чряЁюёр '╚╤1-231'
2025-12-14 20:53:49,226 [INFO] \U0001f4c5 [540] ╟руЁєцр■ Ёрёяшёрэшх фы : ╚╤1-231
2025-12-14 20:53:49,246 [INFO] \U0001f50d [540] @user_540 \u2192 ╚∙хЄ уЁєяяє: '╚╤1-232'
2025-12-14 20:53:49,247 [INFO] \u2705 [540] ═рщфхэю 1 уЁєяя√ фы  чряЁюёр '╚╤1-232'
2025-12-14 20:53:49,247 [INFO] \U0001f4c5 [540] ╟руЁєцр■ Ёрёяшёрэшх фы : ╚╤1-232
2025-12-14 20:53:49,268 [INFO] \U0001f50d [541] @user_541 \u2192 ╚∙хЄ уЁєяяє: '╚╤1-231'
2025-12-14 20:53:49,269 [INFO] \u2705 [541] ═рщфхэю 1 уЁєяя√ фы  чряЁюёр '╚╤1-231'
2025-12-14 20:53:49,270 [INFO] \U0001f4c5 [541] ╟руЁєцр■ Ёрёяшёрэшх фы : ╚╤1-231
2025-12-14 20:53:49,289 [INFO] \U0001f50d [541] @user_541 \u2192 ╚∙хЄ уЁєяяє: '╚╤1-232'
2025-12-14 20:53:49,291 [INFO] \u2705 [541] ═рщфхэю 1 уЁєяя√ фы  чряЁюёр '╚╤1-232'
2025-12-14 20:53:49,291 [INFO] \U0001f4c5 [541] ╟руЁєцр■ Ёрёяшёрэшх фы : ╚╤1-232
2025-12-14 20:53:49,309 [INFO] \U0001f50d [542] @user_542 \u2192 ╚∙хЄ уЁєяяє: '╚╤1-231'
2025-12-14 20:53:49,310 [INFO] \u2705 [542] ═рщфхэю 1 уЁєяя√ фы  чряЁюёр '╚╤1-231'
2025-12-14 20:53:49,310 [INFO] \U0001f4c5 [542] ╟руЁєцр■ Ёрёяшёрэшх фы : ╚╤1-231
2025-12-14 20:53:49,330 [INFO] \U0001f50d [542] @user_542 \u2192 ╚∙хЄ уЁєяяє: '╚╤1-232'
2025-12-14 20:53:49,331 [INFO] \u2705 [542] ═рщфхэю 1 уЁєяя√ фы  чряЁюёр '╚╤1-232'
2025-12-14 20:53:49,331 [INFO] \U0001f4c5 [542] ╟руЁєцр■ Ёрёяшёрэшх фы : ╚╤1-232
2025-12-14 20:53:49,348 [INFO] \U0001f50d [543] @user_543 \u2192 ╚∙хЄ уЁєяяє: '╚╤1-231'
2025-12-14 20:53:49,349 [INFO] \u2705 [543] ═рщфхэю 1 уЁєяя√ фы  чряЁюёр '╚╤1-231'
2025-12-14 20:53:49,349 [INFO] \U0001f4c5 [543] ╟руЁєцр■ Ёрёяшёрэшх фы : ╚╤1-231
2025-12-14 20:53:49,366 [INFO] \U0001f50d [543] @user_543 \u2192 ╚∙хЄ уЁєяяє: '╚╤1-232'
2025-12-14 20:53:49,367 [INFO] \u2705 [543] ═рщфхэю 1 уЁєяя√ фы  чряЁюёр '╚╤1-232'
2025-12-14 20:53:49,367 [INFO] \U0001f4c5 [543] ╟руЁєцр■ Ёрёяшёрэшх фы : ╚╤1-232
2025-12-14 20:53:49,385 [INFO] \U0001f50d [544] @user_544 \u2192 ╚∙хЄ уЁєяяє: '╚╤1-231'
2025-12-14 20:53:49,386 [INFO] \u2705 [544] ═рщфхэю 1 уЁєяя√ фы  чряЁюёр '╚╤1-231'
2025-12-14 20:53:49,386 [INFO] \U0001f4c5 [544] ╟руЁєцр■ Ёрёяшёрэшх фы : ╚╤1-231
2025-12-14 20:53:49,405 [INFO] \U0001f50d [544] @user_544 \u2192 ╚∙хЄ уЁєяяє: '╚╤1-232'
2025-12-14 20:53:49,406 [INFO] \u2705 [544] ═рщфхэю 1 уЁєяя√ фы  чряЁюёр '╚╤1-232'
2025-12-14 20:53:49,406 [INFO] \U0001f4c5 [544] ╟руЁєцр■ Ёрёяшёрэшх фы : ╚╤1-232
2025-12-14 20:53:49,424 [INFO] \U0001f50d [545] @user_545 \u2192 ╚∙хЄ уЁєяяє: '╚╤1-231'
2025-12-14 20:53:49,425 [INFO] \u2705 [545] ═рщфхэю 1 уЁєяя√ фы  чряЁюёр '╚╤1-231'
2025-12-14 20:53:49,425 [INFO] \U0001f4c5 [545] ╟руЁєцр■ Ёрёяшёрэшх фы : ╚╤1-231
2025-12-14 20:53:49,444 [INFO] \U0001f50d [545] @user_545 \u2192 ╚∙хЄ уЁєяяє: '╚╤1-232'
2025-12-14 20:53:49,445 [INFO] \u2705 [545] ═рщфхэю 1 уЁєяя√ фы  чряЁюёр '╚╤1-232'
2025-12-14 20:53:49,446 [INFO] \U0001f4c5 [545] ╟руЁєцр■ Ёрёяшёрэшх фы : ╚╤1-232
2025-12-14 20:53:49,469 [INFO] \U0001f50d [546] @user_546 \u2192 ╚∙хЄ уЁєяяє: '╚╤1-231'
2025-12-14 20:53:49,470 [INFO] \u2705 [546] ═рщфхэю 1 уЁєяя√ фы  чряЁюёр '╚╤1-231'
2025-12-14 20:53:49,471 [INFO] \U0001f4c5 [546] ╟руЁєцр■ Ёрёяшёрэшх фы : ╚╤1-231
2025-12-14 20:53:49,489 [INFO] \U0001f50d [546] @user_546 \u2192 ╚∙хЄ уЁєяяє: '╚╤1-232'
2025-12-14 20:53:49,490 [INFO] \u2705 [546] ═рщфхэю 1 уЁєяя√ фы  чряЁюёр '╚╤1-232'
2025-12-14 20:53:49,490 [INFO] \U0001f4c5 [546] ╟руЁєцр■ Ёрёяшёрэшх фы : ╚╤1-232
2025-12-14 20:53:49,508 [INFO] \U0001f50d [547] @user_547 \u2192 ╚∙хЄ уЁєяяє: '╚╤1-231'
2025-12-14 20:53:49,508 [INFO] \u2705 [547] ═рщфхэю 1 уЁєяя√ фы  чряЁюёр '╚╤1-231'
2025-12-14 20:53:49,509 [INFO] \U0001f4c5 [547] ╟руЁєцр■ Ёрёяшёрэшх фы : ╚╤1-231
2025-12-14 20:53:49,527 [INFO] \U0001f50d [547] @user_547 \u2192 ╚∙хЄ уЁєяяє: '╚╤1-232'
2025-12-14 20:53:49,528 [INFO] \u2705 [547] ═рщфхэю 1 уЁєяя√ фы  чряЁюёр '╚╤1-232'
2025-12-14 20:53:49,528 [INFO] \U0001f4c5 [547] ╟руЁєцр■ Ёрёяшёрэшх фы : ╚╤1-232
2025-12-14 20:53:49,550 [INFO] \U0001f50d [548] @user_548 \u2192 ╚∙хЄ уЁєяяє: '╚╤1-231'
2025-12-14 20:53:49,550 [INFO] \u2705 [548] ═рщфхэю 1 уЁєяя√ фы  чряЁюёр '╚╤1-231'
2025-12-14 20:53:49,551 [INFO] \U0001f4c5 [548] ╟руЁєцр■ Ёрёяшёрэшх фы : ╚╤1-231
2025-12-14 20:53:49,569 [INFO] \U0001f50d [548] @user_548 \u2192 ╚∙хЄ уЁєяяє: '╚╤1-232'
2025-12-14 20:53:49,571 [INFO] \u2705 [548] ═рщфхэю 1 уЁєяя√ фы  чряЁюёр '╚╤1-232'
2025-12-14 20:53:49,571 [INFO] \U0001f4c5 [548] ╟руЁєцр■ Ёрёяшёрэшх фы : ╚╤1-232
2025-12-14 20:53:49,590 [INFO] \U0001f50d [549] @user_549 \u2192 ╚∙хЄ уЁєяяє: '╚╤1-231'
2025-12-14 20:53:49,593 [INFO] \u2705 [549] ═рщфхэю 1 уЁєяя√ фы  чряЁюёр '╚╤1-231'
2025-12-14 20:53:49,593 [INFO] \U0001f4c5 [549] ╟руЁєцр■ Ёрёяшёрэшх фы : ╚╤1-231
2025-12-14 20:53:49,612 [INFO] \U0001f50d [549] @user_549 \u2192 ╚∙хЄ уЁєяяє: '╚╤1-232'
2025-12-14 20:53:49,613 [INFO] \u2705 [549] ═рщфхэю 1 уЁєяя√ фы  чряЁюёр '╚╤1-232'
2025-12-14 20:53:49,613 [INFO] \U0001f4c5 [549] ╟руЁєцр■ Ёрёяшёрэшх фы : ╚╤1-232
2025-12-14 20:53:49,632 [INFO] \U0001f50d [550] @user_550 \u2192 ╚∙хЄ уЁєяяє: '╚╤1-231'
2025-12-14 20:53:49,633 [INFO] \u2705 [550] ═рщфхэю 1 уЁєяя√ фы  чряЁюёр '╚╤1-231'
2025-12-14 20:53:49,633 [INFO] \U0001f4c5 [550] ╟руЁєцр■ Ёрёяшёрэшх фы : ╚╤1-231
2025-12-14 20:53:49,654 [INFO] \U0001f50d [550] @user_550 \u2192 ╚∙хЄ уЁєяяє: '╚╤1-232'
2025-12-14 20:53:49,655 [INFO] \u2705 [550] ═рщфхэю 1 уЁєяя√ фы  чряЁюёр '╚╤1-232'
2025-12-14 20:53:49,655 [INFO] \U0001f4c5 [550] ╟руЁєцр■ Ёрёяшёрэшх фы : ╚╤1-232
2025-12-14 20:53:49,676 [INFO] \U0001f50d [551] @user_551 \u2192 ╚∙хЄ уЁєяяє: '╚╤1-231'
2025-12-14 20:53:49,677 [INFO] \u2705 [551] ═рщфхэю 1 уЁєяя√ фы  чряЁюёр '╚╤1-231'
2025-12-14 20:53:49,677 [INFO] \U0001f4c5 [551] ╟руЁєцр■ Ёрёяшёрэшх фы : ╚╤1-231
2025-12-14 20:53:49,696 [INFO] \U0001f50d [551] @user_551 \u2192 ╚∙хЄ уЁєяяє: '╚╤1-232'
2025-12-14 20:53:49,697 [INFO] \u2705 [551] ═рщфхэю 1 уЁєяя√ фы  чряЁюёр '╚╤1-232'
2025-12-14 20:53:49,697 [INFO] \U0001f4c5 [551] ╟руЁєцр■ Ёрёяшёрэшх фы : ╚╤1-232
2025-12-14 20:53:49,716 [INFO] \U0001f50d [552] @user_552 \u2192 ╚∙хЄ уЁєяяє: '╚╤1-231'
2025-12-14 20:53:49,717 [INFO] \u2705 [552] ═рщфхэю 1 уЁєяя√ фы  чряЁюёр '╚╤1-231'
2025-12-14 20:53:49,718 [INFO] \U0001f4c5 [552] ╟руЁєцр■ Ёрёяшёрэшх фы : ╚╤1-231
2025-12-14 20:53:49,743 [INFO] \U0001f50d [552] @user_552 \u2192 ╚∙хЄ уЁєяяє: '╚╤1-232'
2025-12-14 20:53:49,743 [INFO] \u2705 [552] ═рщфхэю 1 уЁєяя√ фы  чряЁюёр '╚╤1-232'
2025-12-14 20:53:49,744 [INFO] \U0001f4c5 [552] ╟руЁєцр■ Ёрёяшёрэшх фы : ╚╤1-232
2025-12-14 20:53:49,763 [INFO] \U0001f50d [553] @user_553 \u2192 ╚∙хЄ уЁєяяє: '╚╤1-231'
2025-12-14 20:53:49,764 [INFO] \u2705 [553] ═рщфхэю 1 уЁєяя√ фы  чряЁюёр '╚╤1-231'
2025-12-14 20:53:49,764 [INFO] \U0001f4c5 [553] ╟руЁєцр■ Ёрёяшёрэшх фы : ╚╤1-231
2025-12-14 20:53:49,781 [INFO] \U0001f50d [553] @user_553 \u2192 ╚∙хЄ уЁєяяє: '╚╤1-232'
2025-12-14 20:53:49,782 [INFO] \u2705 [553] ═рщфхэю 1 уЁєяя√ фы  чряЁюёр '╚╤1-232'
2025-12-14 20:53:49,782 [INFO] \U0001f4c5 [553] ╟руЁєцр■ Ёрёяшёрэшх фы : ╚╤1-232
2025-12-14 20:53:49,804 [INFO] \U0001f50d [554] @user_554 \u2192 ╚∙хЄ уЁєяяє: '╚╤1-231'
2025-12-14 20:53:49,805 [INFO] \u2705 [554] ═рщфхэю 1 уЁєяя√ фы  чряЁюёр '╚╤1-231'
2025-12-14 20:53:49,806 [INFO] \U0001f4c5 [554] ╟руЁєцр■ Ёрёяшёрэшх фы : ╚╤1-231
2025-12-14 20:53:49,824 [INFO] \U0001f50d [554] @user_554 \u2192 ╚∙хЄ уЁєяяє: '╚╤1-232'
2025-12-14 20:53:49,824 [INFO] \u2705 [554] ═рщфхэю 1 уЁєяя√ фы  чряЁюёр '╚╤1-232'
2025-12-14 20:53:49,825 [INFO] \U0001f4c5 [554] ╟руЁєцр■ Ёрёяшёрэшх фы : ╚╤1-232
2025-12-14 20:53:49,841 [INFO] \U0001f50d [555] @user_555 \u2192 ╚∙хЄ уЁєяяє: '╚╤1-231'
2025-12-14 20:53:49,842 [INFO] \u2705 [555] ═рщфхэю 1 уЁєяя√ фы  чряЁюёр '╚╤1-231'
2025-12-14 20:53:49,843 [INFO] \U0001f4c5 [555] ╟руЁєцр■ Ёрёяшёрэшх фы : ╚╤1-231
2025-12-14 20:53:49,861 [INFO] \U0001f50d [555] @user_555 \u2192 ╚∙хЄ уЁєяяє: '╚╤1-232'
2025-12-14 20:53:49,862 [INFO] \u2705 [555] ═рщфхэю 1 уЁєяя√ фы  чряЁюёр '╚╤1-232'
2025-12-14 20:53:49,862 [INFO] \U0001f4c5 [555] ╟руЁєцр■ Ёрёяшёрэшх фы : ╚╤1-232
2025-12-14 20:53:49,882 [INFO] \U0001f50d [556] @user_556 \u2192 ╚∙хЄ уЁєяяє: '╚╤1-231'
2025-12-14 20:53:49,883 [INFO] \u2705 [556] ═рщфхэю 1 уЁєяя√ фы  чряЁюёр '╚╤1-231'
2025-12-14 20:53:49,883 [INFO] \U0001f4c5 [556] ╟руЁєцр■ Ёрёяшёрэшх фы : ╚╤1-231
2025-12-14 20:53:49,901 [INFO] \U0001f50d [556] @user_556 \u2192 ╚∙хЄ уЁєяяє: '╚╤1-232'
2025-12-14 20:53:49,902 [INFO] \u2705 [556] ═рщфхэю 1 уЁєяя√ фы  чряЁюёр '╚╤1-232'
2025-12-14 20:53:49,902 [INFO] \U0001f4c5 [556] ╟руЁєцр■ Ёрёяшёрэшх фы : ╚╤1-232
2025-12-14 20:53:49,921 [INFO] \U0001f50d [557] @user_557 \u2192 ╚∙хЄ уЁєяяє: '╚╤1-231'
2025-12-14 20:53:49,922 [INFO] \u2705 [557] ═рщфхэю 1 уЁєяя√ фы  чряЁюёр '╚╤1-231'
2025-12-14 20:53:49,922 [INFO] \U0001f4c5 [557] ╟руЁєцр■ Ёрёяшёрэшх фы : ╚╤1-231
2025-12-14 20:53:49,943 [INFO] \U0001f50d [557] @user_557 \u2192 ╚∙хЄ уЁєяяє: '╚╤1-232'
2025-12-14 20:53:49,944 [INFO] \u2705 [557] ═рщфхэю 1 уЁєяя√ фы  чряЁюёр '╚╤1-232'
2025-12-14 20:53:49,944 [INFO] \U0001f4c5 [557] ╟руЁєцр■ Ёрёяшёрэшх фы : ╚╤1-232
2025-12-14 20:53:49,963 [INFO] \U0001f50d [558] @user_558 \u2192 ╚∙хЄ уЁєяяє: '╚╤1-231'
2025-12-14 20:53:49,965 [INFO] \u2705 [558] ═рщфхэю 1 уЁєяя√ фы  чряЁюёр '╚╤1-231'
2025-12-14 20:53:49,965 [INFO] \U0001f4c5 [558] ╟руЁєцр■ Ёрёяшёрэшх фы : ╚╤1-231
2025-12-14 20:53:49,984 [INFO] \U0001f50d [558] @user_558 \u2192 ╚∙хЄ уЁєяяє: '╚╤1-232'
2025-12-14 20:53:49,985 [INFO] \u2705 [558] ═рщфхэю 1 уЁєяя√ фы  чряЁюёр '╚╤1-232'
2025-12-14 20:53:49,985 [INFO] \U0001f4c5 [558] ╟руЁєцр■ Ёрёяшёрэшх фы : ╚╤1-232
2025-12-14 20:53:50,006 [INFO] \U0001f50d [559] @user_559 \u2192 ╚∙хЄ уЁєяяє: '╚╤1-231'
2025-12-14 20:53:50,007 [INFO] \u2705 [559] ═рщфхэю 1 уЁєяя√ фы  чряЁюёр '╚╤1-231'
2025-12-14 20:53:50,007 [INFO] \U0001f4c5 [559] ╟руЁєцр■ Ёрёяшёрэшх фы : ╚╤1-231
2025-12-14 20:53:50,024 [INFO] \U0001f50d [559] @user_559 \u2192 ╚∙хЄ уЁєяяє: '╚╤1-232'
2025-12-14 20:53:50,025 [INFO] \u2705 [559] ═рщфхэю 1 уЁєяя√ фы  чряЁюёр '╚╤1-232'
2025-12-14 20:53:50,026 [INFO] \U0001f4c5 [559] ╟руЁєцр■ Ёрёяшёрэшх фы : ╚╤1-232
2025-12-14 20:53:50,044 [INFO] \U0001f50d [560] @user_560 \u2192 ╚∙хЄ уЁєяяє: '╚╤1-231'
2025-12-14 20:53:50,045 [INFO] \u2705 [560] ═рщфхэю 1 уЁєяя√ фы  чряЁюёр '╚╤1-231'
2025-12-14 20:53:50,045 [INFO] \U0001f4c5 [560] ╟руЁєцр■ Ёрёяшёрэшх фы : ╚╤1-231
2025-12-14 20:53:50,064 [INFO] \U0001f50d [560] @user_560 \u2192 ╚∙хЄ уЁєяяє: '╚╤1-232'
2025-12-14 20:53:50,066 [INFO] \u2705 [560] ═рщфхэю 1 уЁєяя√ фы  чряЁюёр '╚╤1-232'
2025-12-14 20:53:50,066 [INFO] \U0001f4c5 [560] ╟руЁєцр■ Ёрёяшёрэшх фы : ╚╤1-232
2025-12-14 20:53:50,084 [INFO] \U0001f50d [561] @user_561 \u2192 ╚∙хЄ уЁєяяє: '╚╤1-231'
2025-12-14 20:53:50,086 [INFO] \u2705 [561] ═рщфхэю 1 уЁєяя√ фы  чряЁюёр '╚╤1-231'
2025-12-14 20:53:50,086 [INFO] \U0001f4c5 [561] ╟руЁєцр■ Ёрёяшёрэшх фы : ╚╤1-231
2025-12-14 20:53:50,105 [INFO] \U0001f50d [561] @user_561 \u2192 ╚∙хЄ уЁєяяє: '╚╤1-232'
2025-12-14 20:53:50,106 [INFO] \u2705 [561] ═рщфхэю 1 уЁєяя√ фы  чряЁюёр '╚╤1-232'
2025-12-14 20:53:50,106 [INFO] \U0001f4c5 [561] ╟руЁєцр■ Ёрёяшёрэшх фы : ╚╤1-232
2025-12-14 20:53:50,123 [INFO] \U0001f50d [562] @user_562 \u2192 ╚∙хЄ уЁєяяє: '╚╤1-231'
2025-12-14 20:53:50,124 [INFO] \u2705 [562] ═рщфхэю 1 уЁєяя√ фы  чряЁюёр '╚╤1-231'
2025-12-14 20:53:50,124 [INFO] \U0001f4c5 [562] ╟руЁєцр■ Ёрёяшёрэшх фы : ╚╤1-231
2025-12-14 20:53:50,142 [INFO] \U0001f50d [562] @user_562 \u2192 ╚∙хЄ уЁєяяє: '╚╤1-232'
2025-12-14 20:53:50,143 [INFO] \u2705 [562] ═рщфхэю 1 уЁєяя√ фы  чряЁюёр '╚╤1-232'
2025-12-14 20:53:50,143 [INFO] \U0001f4c5 [562] ╟руЁєцр■ Ёрёяшёрэшх фы : ╚╤1-232
2025-12-14 20:53:50,159 [INFO] \U0001f50d [563] @user_563 \u2192 ╚∙хЄ уЁєяяє: '╚╤1-231'
2025-12-14 20:53:50,160 [INFO] \u2705 [563] ═рщфхэю 1 уЁєяя√ фы  чряЁюёр '╚╤1-231'
2025-12-14 20:53:50,161 [INFO] \U0001f4c5 [563] ╟руЁєцр■ Ёрёяшёрэшх фы : ╚╤1-231
2025-12-14 20:53:50,178 [INFO] \U0001f50d [563] @user_563 \u2192 ╚∙хЄ уЁєяяє: '╚╤1-232'
2025-12-14 20:53:50,179 [INFO] \u2705 [563] ═рщфхэю 1 уЁєяя√ фы  чряЁюёр '╚╤1-232'
2025-12-14 20:53:50,179 [INFO] \U0001f4c5 [563] ╟руЁєцр■ Ёрёяшёрэшх фы : ╚╤1-232
2025-12-14 20:53:50,198 [INFO] \U0001f50d [564] @user_564 \u2192 ╚∙хЄ уЁєяяє: '╚╤1-231'
2025-12-14 20:53:50,199 [INFO] \u2705 [564] ═рщфхэю 1 уЁєяя√ фы  чряЁюёр '╚╤1-231'
2025-12-14 20:53:50,200 [INFO] \U0001f4c5 [564] ╟руЁєцр■ Ёрёяшёрэшх фы : ╚╤1-231
2025-12-14 20:53:50,216 [INFO] \U0001f50d [564] @user_564 \u2192 ╚∙хЄ уЁєяяє: '╚╤1-232'
2025-12-14 20:53:50,217 [INFO] \u2705 [564] ═рщфхэю 1 уЁєяя√ фы  чряЁюёр '╚╤1-232'
2025-12-14 20:53:50,217 [INFO] \U0001f4c5 [564] ╟руЁєцр■ Ёрёяшёрэшх фы : ╚╤1-232
2025-12-14 20:53:50,237 [INFO] \U0001f50d [565] @user_565 \u2192 ╚∙хЄ уЁєяяє: '╚╤1-231'
2025-12-14 20:53:50,239 [INFO] \u2705 [565] ═рщфхэю 1 уЁєяя√ фы  чряЁюёр '╚╤1-231'
2025-12-14 20:53:50,239 [INFO] \U0001f4c5 [565] ╟руЁєцр■ Ёрёяшёрэшх фы : ╚╤1-231
2025-12-14 20:53:50,257 [INFO] \U0001f50d [565] @user_565 \u2192 ╚∙хЄ уЁєяяє: '╚╤1-232'
2025-12-14 20:53:50,258 [INFO] \u2705 [565] ═рщфхэю 1 уЁєяя√ фы  чряЁюёр '╚╤1-232'
2025-12-14 20:53:50,259 [INFO] \U0001f4c5 [565] ╟руЁєцр■ Ёрёяшёрэшх фы : ╚╤1-232
2025-12-14 20:53:50,277 [INFO] \U0001f50d [566] @user_566 \u2192 ╚∙хЄ уЁєяяє: '╚╤1-231'
2025-12-14 20:53:50,278 [INFO] \u2705 [566] ═рщфхэю 1 уЁєяя√ фы  чряЁюёр '╚╤1-231'
2025-12-14 20:53:50,278 [INFO] \U0001f4c5 [566] ╟руЁєцр■ Ёрёяшёрэшх фы : ╚╤1-231
2025-12-14 20:53:50,300 [INFO] \U0001f50d [566] @user_566 \u2192 ╚∙хЄ уЁєяяє: '╚╤1-232'
2025-12-14 20:53:50,302 [INFO] \u2705 [566] ═рщфхэю 1 уЁєяя√ фы  чряЁюёр '╚╤1-232'
2025-12-14 20:53:50,302 [INFO] \U0001f4c5 [566] ╟руЁєцр■ Ёрёяшёрэшх фы : ╚╤1-232
2025-12-14 20:53:50,324 [INFO] \U0001f50d [567] @user_567 \u2192 ╚∙хЄ уЁєяяє: '╚╤1-231'
2025-12-14 20:53:50,324 [INFO] \u2705 [567] ═рщфхэю 1 уЁєяя√ фы  чряЁюёр '╚╤1-231'
2025-12-14 20:53:50,325 [INFO] \U0001f4c5 [567] ╟руЁєцр■ Ёрёяшёрэшх фы : ╚╤1-231
2025-12-14 20:53:50,346 [INFO] \U0001f50d [567] @user_567 \u2192 ╚∙хЄ уЁєяяє: '╚╤1-232'
2025-12-14 20:53:50,347 [INFO] \u2705 [567] ═рщфхэю 1 уЁєяя√ фы  чряЁюёр '╚╤1-232'
2025-12-14 20:53:50,347 [INFO] \U0001f4c5 [567] ╟руЁєцр■ Ёрёяшёрэшх фы : ╚╤1-232
2025-12-14 20:53:50,365 [INFO] \U0001f50d [568] @user_568 \u2192 ╚∙хЄ уЁєяяє: '╚╤1-231'
2025-12-14 20:53:50,366 [INFO] \u2705 [568] ═рщфхэю 1 уЁєяя√ фы  чряЁюёр '╚╤1-231'
2025-12-14 20:53:50,366 [INFO] \U0001f4c5 [568] ╟руЁєцр■ Ёрёяшёрэшх фы : ╚╤1-231
2025-12-14 20:53:50,385 [INFO] \U0001f50d [568] @user_568 \u2192 ╚∙хЄ уЁєяяє: '╚╤1-232'
2025-12-14 20:53:50,387 [INFO] \u2705 [568] ═рщфхэю 1 уЁєяя√ фы  чряЁюёр '╚╤1-232'
2025-12-14 20:53:50,387 [INFO] \U0001f4c5 [568] ╟руЁєцр■ Ёрёяшёрэшх фы : ╚╤1-232
2025-12-14 20:53:50,407 [INFO] \U0001f50d [569] @user_569 \u2192 ╚∙хЄ уЁєяяє: '╚╤1-231'
2025-12-14 20:53:50,408 [INFO] \u2705 [569] ═рщфхэю 1 уЁєяя√ фы  чряЁюёр '╚╤1-231'
2025-12-14 20:53:50,409 [INFO] \U0001f4c5 [569] ╟руЁєцр■ Ёрёяшёрэшх фы : ╚╤1-231
2025-12-14 20:53:50,425 [INFO] \U0001f50d [569] @user_569 \u2192 ╚∙хЄ уЁєяяє: '╚╤1-232'
2025-12-14 20:53:50,426 [INFO] \u2705 [569] ═рщфхэю 1 уЁєяя√ фы  чряЁюёр '╚╤1-232'
2025-12-14 20:53:50,426 [INFO] \U0001f4c5 [569] ╟руЁєцр■ Ёрёяшёрэшх фы : ╚╤1-232
2025-12-14 20:53:50,445 [INFO] \U0001f50d [570] @user_570 \u2192 ╚∙хЄ уЁєяяє: '╚╤1-231'
2025-12-14 20:53:50,445 [INFO] \u2705 [570] ═рщфхэю 1 уЁєяя√ фы  чряЁюёр '╚╤1-231'
2025-12-14 20:53:50,446 [INFO] \U0001f4c5 [570] ╟руЁєцр■ Ёрёяшёрэшх фы : ╚╤1-231
2025-12-14 20:53:50,465 [INFO] \U0001f50d [570] @user_570 \u2192 ╚∙хЄ уЁєяяє: '╚╤1-232'
2025-12-14 20:53:50,466 [INFO] \u2705 [570] ═рщфхэю 1 уЁєяя√ фы  чряЁюёр '╚╤1-232'
2025-12-14 20:53:50,466 [INFO] \U0001f4c5 [570] ╟руЁєцр■ Ёрёяшёрэшх фы : ╚╤1-232
2025-12-14 20:53:50,490 [INFO] \U0001f50d [571] @user_571 \u2192 ╚∙хЄ уЁєяяє: '╚╤1-231'
2025-12-14 20:53:50,490 [INFO] \u2705 [571] ═рщфхэю 1 уЁєяя√ фы  чряЁюёр '╚╤1-231'
2025-12-14 20:53:50,491 [INFO] \U0001f4c5 [571] ╟руЁєцр■ Ёрёяшёрэшх фы : ╚╤1-231
2025-12-14 20:53:50,510 [INFO] \U0001f50d [571] @user_571 \u2192 ╚∙хЄ уЁєяяє: '╚╤1-232'
2025-12-14 20:53:50,511 [INFO] \u2705 [571] ═рщфхэю 1 уЁєяя√ фы  чряЁюёр '╚╤1-232'
2025-12-14 20:53:50,511 [INFO] \U0001f4c5 [571] ╟руЁєцр■ Ёрёяшёрэшх фы : ╚╤1-232
2025-12-14 20:53:50,529 [INFO] \U0001f50d [572] @user_572 \u2192 ╚∙хЄ уЁєяяє: '╚╤1-231'
2025-12-14 20:53:50,532 [INFO] \u2705 [572] ═рщфхэю 1 уЁєяя√ фы  чряЁюёр '╚╤1-231'
2025-12-14 20:53:50,532 [INFO] \U0001f4c5 [572] ╟руЁєцр■ Ёрёяшёрэшх фы : ╚╤1-231
2025-12-14 20:53:50,552 [INFO] \U0001f50d [572] @user_572 \u2192 ╚∙хЄ уЁєяяє: '╚╤1-232'
2025-12-14 20:53:50,553 [INFO] \u2705 [572] ═рщфхэю 1 уЁєяя√ фы  чряЁюёр '╚╤1-232'
2025-12-14 20:53:50,553 [INFO] \U0001f4c5 [572] ╟руЁєцр■ Ёрёяшёрэшх фы : ╚╤1-232
2025-12-14 20:53:50,574 [INFO] \U0001f50d [573] @user_573 \u2192 ╚∙хЄ уЁєяяє: '╚╤1-231'
2025-12-14 20:53:50,575 [INFO] \u2705 [573] ═рщфхэю 1 уЁєяя√ фы  чряЁюёр '╚╤1-231'
2025-12-14 20:53:50,575 [INFO] \U0001f4c5 [573] ╟руЁєцр■ Ёрёяшёрэшх фы : ╚╤1-231
2025-12-14 20:53:50,595 [INFO] \U0001f50d [573] @user_573 \u2192 ╚∙хЄ уЁєяяє: '╚╤1-232'
2025-12-14 20:53:50,596 [INFO] \u2705 [573] ═рщфхэю 1 уЁєяя√ фы  чряЁюёр '╚╤1-232'
2025-12-14 20:53:50,596 [INFO] \U0001f4c5 [573] ╟руЁєцр■ Ёрёяшёрэшх фы : ╚╤1-232
2025-12-14 20:53:50,621 [INFO] \U0001f50d [574] @user_574 \u2192 ╚∙хЄ уЁєяяє: '╚╤1-231'
2025-12-14 20:53:50,623 [INFO] \u2705 [574] ═рщфхэю 1 уЁєяя√ фы  чряЁюёр '╚╤1-231'
2025-12-14 20:53:50,624 [INFO] \U0001f4c5 [574] ╟руЁєцр■ Ёрёяшёрэшх фы : ╚╤1-231
2025-12-14 20:53:50,644 [INFO] \U0001f50d [574] @user_574 \u2192 ╚∙хЄ уЁєяяє: '╚╤1-232'
2025-12-14 20:53:50,646 [INFO] \u2705 [574] ═рщфхэю 1 уЁєяя√ фы  чряЁюёр '╚╤1-232'
2025-12-14 20:53:50,646 [INFO] \U0001f4c5 [574] ╟руЁєцр■ Ёрёяшёрэшх фы : ╚╤1-232
2025-12-14 20:53:50,664 [INFO] \U0001f50d [575] @user_575 \u2192 ╚∙хЄ уЁєяяє: '╚╤1-231'
2025-12-14 20:53:50,665 [INFO] \u2705 [575] ═рщфхэю 1 уЁєяя√ фы  чряЁюёр '╚╤1-231'
2025-12-14 20:53:50,665 [INFO] \U0001f4c5 [575] ╟руЁєцр■ Ёрёяшёрэшх фы : ╚╤1-231
2025-12-14 20:53:50,689 [INFO] \U0001f50d [575] @user_575 \u2192 ╚∙хЄ уЁєяяє: '╚╤1-232'
2025-12-14 20:53:50,690 [INFO] \u2705 [575] ═рщфхэю 1 уЁєяя√ фы  чряЁюёр '╚╤1-232'
2025-12-14 20:53:50,690 [INFO] \U0001f4c5 [575] ╟руЁєцр■ Ёрёяшёрэшх фы : ╚╤1-232
2025-12-14 20:53:50,710 [INFO] \U0001f50d [576] @user_576 \u2192 ╚∙хЄ уЁєяяє: '╚╤1-231'
2025-12-14 20:53:50,711 [INFO] \u2705 [576] ═рщфхэю 1 уЁєяя√ фы  чряЁюёр '╚╤1-231'
2025-12-14 20:53:50,711 [INFO] \U0001f4c5 [576] ╟руЁєцр■ Ёрёяшёрэшх фы : ╚╤1-231
2025-12-14 20:53:50,726 [INFO] \U0001f50d [576] @user_576 \u2192 ╚∙хЄ уЁєяяє: '╚╤1-232'
2025-12-14 20:53:50,727 [INFO] \u2705 [576] ═рщфхэю 1 уЁєяя√ фы  чряЁюёр '╚╤1-232'
2025-12-14 20:53:50,727 [INFO] \U0001f4c5 [576] ╟руЁєцр■ Ёрёяшёрэшх фы : ╚╤1-232
2025-12-14 20:53:50,746 [INFO] \U0001f50d [577] @user_577 \u2192 ╚∙хЄ уЁєяяє: '╚╤1-231'
2025-12-14 20:53:50,747 [INFO] \u2705 [577] ═рщфхэю 1 уЁєяя√ фы  чряЁюёр '╚╤1-231'
2025-12-14 20:53:50,747 [INFO] \U0001f4c5 [577] ╟руЁєцр■ Ёрёяшёрэшх фы : ╚╤1-231
2025-12-14 20:53:50,766 [INFO] \U0001f50d [577] @user_577 \u2192 ╚∙хЄ уЁєяяє: '╚╤1-232'
2025-12-14 20:53:50,767 [INFO] \u2705 [577] ═рщфхэю 1 уЁєяя√ фы  чряЁюёр '╚╤1-232'
2025-12-14 20:53:50,767 [INFO] \U0001f4c5 [577] ╟руЁєцр■ Ёрёяшёрэшх фы : ╚╤1-232
2025-12-14 20:53:50,783 [INFO] \U0001f50d [578] @user_578 \u2192 ╚∙хЄ уЁєяяє: '╚╤1-231'
2025-12-14 20:53:50,783 [INFO] \u2705 [578] ═рщфхэю 1 уЁєяя√ фы  чряЁюёр '╚╤1-231'
2025-12-14 20:53:50,783 [INFO] \U0001f4c5 [578] ╟руЁєцр■ Ёрёяшёрэшх фы : ╚╤1-231
2025-12-14 20:53:50,798 [INFO] \U0001f50d [578] @user_578 \u2192 ╚∙хЄ уЁєяяє: '╚╤1-232'
2025-12-14 20:53:50,799 [INFO] \u2705 [578] ═рщфхэю 1 уЁєяя√ фы  чряЁюёр '╚╤1-232'
2025-12-14 20:53:50,799 [INFO] \U0001f4c5 [578] ╟руЁєцр■ Ёрёяшёрэшх фы : ╚╤1-232
2025-12-14 20:53:50,816 [INFO] \U0001f50d [579] @user_579 \u2192 ╚∙хЄ уЁєяяє: '╚╤1-231'
2025-12-14 20:53:50,817 [INFO] \u2705 [579] ═рщфхэю 1 уЁєяя√ фы  чряЁюёр '╚╤1-231'
2025-12-14 20:53:50,817 [INFO] \U0001f4c5 [579] ╟руЁєцр■ Ёрёяшёрэшх фы : ╚╤1-231
2025-12-14 20:53:50,833 [INFO] \U0001f50d [579] @user_579 \u2192 ╚∙хЄ уЁєяяє: '╚╤1-232'
2025-12-14 20:53:50,834 [INFO] \u2705 [579] ═рщфхэю 1 уЁєяя√ фы  чряЁюёр '╚╤1-232'
2025-12-14 20:53:50,834 [INFO] \U0001f4c5 [579] ╟руЁєцр■ Ёрёяшёрэшх фы : ╚╤1-232
2025-12-14 20:53:50,858 [INFO] \U0001f50d [580] @user_580 \u2192 ╚∙хЄ уЁєяяє: '╚╤1-231'
2025-12-14 20:53:50,859 [INFO] \u2705 [580] ═рщфхэю 1 уЁєяя√ фы  чряЁюёр '╚╤1-231'
2025-12-14 20:53:50,859 [INFO] \U0001f4c5 [580] ╟руЁєцр■ Ёрёяшёрэшх фы : ╚╤1-231
2025-12-14 20:53:50,880 [INFO] \U0001f50d [580] @user_580 \u2192 ╚∙хЄ уЁєяяє: '╚╤1-232'
2025-12-14 20:53:50,880 [INFO] \u2705 [580] ═рщфхэю 1 уЁєяя√ фы  чряЁюёр '╚╤1-232'
2025-12-14 20:53:50,881 [INFO] \U0001f4c5 [580] ╟руЁєцр■ Ёрёяшёрэшх фы : ╚╤1-232
2025-12-14 20:53:50,899 [INFO] \U0001f50d [581] @user_581 \u2192 ╚∙хЄ уЁєяяє: '╚╤1-231'
2025-12-14 20:53:50,900 [INFO] \u2705 [581] ═рщфхэю 1 уЁєяя√ фы  чряЁюёр '╚╤1-231'
2025-12-14 20:53:50,900 [INFO] \U0001f4c5 [581] ╟руЁєцр■ Ёрёяшёрэшх фы : ╚╤1-231
2025-12-14 20:53:50,916 [INFO] \U0001f50d [581] @user_581 \u2192 ╚∙хЄ уЁєяяє: '╚╤1-232'
2025-12-14 20:53:50,917 [INFO] \u2705 [581] ═рщфхэю 1 уЁєяя√ фы  чряЁюёр '╚╤1-232'
2025-12-14 20:53:50,918 [INFO] \U0001f4c5 [581] ╟руЁєцр■ Ёрёяшёрэшх фы : ╚╤1-232
2025-12-14 20:53:50,934 [INFO] \U0001f50d [582] @user_582 \u2192 ╚∙хЄ уЁєяяє: '╚╤1-231'
2025-12-14 20:53:50,936 [INFO] \u2705 [582] ═рщфхэю 1 уЁєяя√ фы  чряЁюёр '╚╤1-231'
2025-12-14 20:53:50,936 [INFO] \U0001f4c5 [582] ╟руЁєцр■ Ёрёяшёрэшх фы : ╚╤1-231
2025-12-14 20:53:50,954 [INFO] \U0001f50d [582] @user_582 \u2192 ╚∙хЄ уЁєяяє: '╚╤1-232'
2025-12-14 20:53:50,955 [INFO] \u2705 [582] ═рщфхэю 1 уЁєяя√ фы  чряЁюёр '╚╤1-232'
2025-12-14 20:53:50,955 [INFO] \U0001f4c5 [582] ╟руЁєцр■ Ёрёяшёрэшх фы : ╚╤1-232
2025-12-14 20:53:50,973 [INFO] \U0001f50d [583] @user_583 \u2192 ╚∙хЄ уЁєяяє: '╚╤1-231'
2025-12-14 20:53:50,974 [INFO] \u2705 [583] ═рщфхэю 1 уЁєяя√ фы  чряЁюёр '╚╤1-231'
2025-12-14 20:53:50,974 [INFO] \U0001f4c5 [583] ╟руЁєцр■ Ёрёяшёрэшх фы : ╚╤1-231
2025-12-14 20:53:50,990 [INFO] \U0001f50d [583] @user_583 \u2192 ╚∙хЄ уЁєяяє: '╚╤1-232'
2025-12-14 20:53:50,992 [INFO] \u2705 [583] ═рщфхэю 1 уЁєяя√ фы  чряЁюёр '╚╤1-232'
2025-12-14 20:53:50,992 [INFO] \U0001f4c5 [583] ╟руЁєцр■ Ёрёяшёрэшх фы : ╚╤1-232
2025-12-14 20:53:51,008 [INFO] \U0001f50d [584] @user_584 \u2192 ╚∙хЄ уЁєяяє: '╚╤1-231'
2025-12-14 20:53:51,009 [INFO] \u2705 [584] ═рщфхэю 1 уЁєяя√ фы  чряЁюёр '╚╤1-231'
2025-12-14 20:53:51,009 [INFO] \U0001f4c5 [584] ╟руЁєцр■ Ёрёяшёрэшх фы : ╚╤1-231
2025-12-14 20:53:51,027 [INFO] \U0001f50d [584] @user_584 \u2192 ╚∙хЄ уЁєяяє: '╚╤1-232'
2025-12-14 20:53:51,028 [INFO] \u2705 [584] ═рщфхэю 1 уЁєяя√ фы  чряЁюёр '╚╤1-232'
2025-12-14 20:53:51,029 [INFO] \U0001f4c5 [584] ╟руЁєцр■ Ёрёяшёрэшх фы : ╚╤1-232
2025-12-14 20:53:51,054 [INFO] \U0001f50d [585] @user_585 \u2192 ╚∙хЄ уЁєяяє: '╚╤1-231'
2025-12-14 20:53:51,056 [INFO] \u2705 [585] ═рщфхэю 1 уЁєяя√ фы  чряЁюёр '╚╤1-231'
2025-12-14 20:53:51,056 [INFO] \U0001f4c5 [585] ╟руЁєцр■ Ёрёяшёрэшх фы : ╚╤1-231
2025-12-14 20:53:51,073 [INFO] \U0001f50d [585] @user_585 \u2192 ╚∙хЄ уЁєяяє: '╚╤1-232'
2025-12-14 20:53:51,074 [INFO] \u2705 [585] ═рщфхэю 1 уЁєяя√ фы  чряЁюёр '╚╤1-232'
2025-12-14 20:53:51,074 [INFO] \U0001f4c5 [585] ╟руЁєцр■ Ёрёяшёрэшх фы : ╚╤1-232
2025-12-14 20:53:51,091 [INFO] \U0001f50d [586] @user_586 \u2192 ╚∙хЄ уЁєяяє: '╚╤1-231'
2025-12-14 20:53:51,092 [INFO] \u2705 [586] ═рщфхэю 1 уЁєяя√ фы  чряЁюёр '╚╤1-231'
2025-12-14 20:53:51,092 [INFO] \U0001f4c5 [586] ╟руЁєцр■ Ёрёяшёрэшх фы : ╚╤1-231
2025-12-14 20:53:51,109 [INFO] \U0001f50d [586] @user_586 \u2192 ╚∙хЄ уЁєяяє: '╚╤1-232'
2025-12-14 20:53:51,110 [INFO] \u2705 [586] ═рщфхэю 1 уЁєяя√ фы  чряЁюёр '╚╤1-232'
2025-12-14 20:53:51,111 [INFO] \U0001f4c5 [586] ╟руЁєцр■ Ёрёяшёрэшх фы : ╚╤1-232
2025-12-14 20:53:51,128 [INFO] \U0001f50d [587] @user_587 \u2192 ╚∙хЄ уЁєяяє: '╚╤1-231'
2025-12-14 20:53:51,129 [INFO] \u2705 [587] ═рщфхэю 1 уЁєяя√ фы  чряЁюёр '╚╤1-231'
2025-12-14 20:53:51,129 [INFO] \U0001f4c5 [587] ╟руЁєцр■ Ёрёяшёрэшх фы : ╚╤1-231
2025-12-14 20:53:51,150 [INFO] \U0001f50d [587] @user_587 \u2192 ╚∙хЄ уЁєяяє: '╚╤1-232'
2025-12-14 20:53:51,151 [INFO] \u2705 [587] ═рщфхэю 1 уЁєяя√ фы  чряЁюёр '╚╤1-232'
2025-12-14 20:53:51,151 [INFO] \U0001f4c5 [587] ╟руЁєцр■ Ёрёяшёрэшх фы : ╚╤1-232
2025-12-14 20:53:51,165 [INFO] \U0001f50d [588] @user_588 \u2192 ╚∙хЄ уЁєяяє: '╚╤1-231'
2025-12-14 20:53:51,166 [INFO] \u2705 [588] ═рщфхэю 1 уЁєяя√ фы  чряЁюёр '╚╤1-231'
2025-12-14 20:53:51,166 [INFO] \U0001f4c5 [588] ╟руЁєцр■ Ёрёяшёрэшх фы : ╚╤1-231
2025-12-14 20:53:51,186 [INFO] \U0001f50d [588] @user_588 \u2192 ╚∙хЄ уЁєяяє: '╚╤1-232'
2025-12-14 20:53:51,187 [INFO] \u2705 [588] ═рщфхэю 1 уЁєяя√ фы  чряЁюёр '╚╤1-232'
2025-12-14 20:53:51,187 [INFO] \U0001f4c5 [588] ╟руЁєцр■ Ёрёяшёрэшх фы : ╚╤1-232
2025-12-14 20:53:51,203 [INFO] \U0001f50d [589] @user_589 \u2192 ╚∙хЄ уЁєяяє: '╚╤1-231'
2025-12-14 20:53:51,205 [INFO] \u2705 [589] ═рщфхэю 1 уЁєяя√ фы  чряЁюёр '╚╤1-231'
2025-12-14 20:53:51,206 [INFO] \U0001f4c5 [589] ╟руЁєцр■ Ёрёяшёрэшх фы : ╚╤1-231
2025-12-14 20:53:51,225 [INFO] \U0001f50d [589] @user_589 \u2192 ╚∙хЄ уЁєяяє: '╚╤1-232'
2025-12-14 20:53:51,226 [INFO] \u2705 [589] ═рщфхэю 1 уЁєяя√ фы  чряЁюёр '╚╤1-232'
2025-12-14 20:53:51,226 [INFO] \U0001f4c5 [589] ╟руЁєцр■ Ёрёяшёрэшх фы : ╚╤1-232
2025-12-14 20:53:51,244 [INFO] \U0001f50d [590] @user_590 \u2192 ╚∙хЄ уЁєяяє: '╚╤1-231'
2025-12-14 20:53:51,245 [INFO] \u2705 [590] ═рщфхэю 1 уЁєяя√ фы  чряЁюёр '╚╤1-231'
2025-12-14 20:53:51,245 [INFO] \U0001f4c5 [590] ╟руЁєцр■ Ёрёяшёрэшх фы : ╚╤1-231
2025-12-14 20:53:51,267 [INFO] \U0001f50d [590] @user_590 \u2192 ╚∙хЄ уЁєяяє: '╚╤1-232'
2025-12-14 20:53:51,269 [INFO] \u2705 [590] ═рщфхэю 1 уЁєяя√ фы  чряЁюёр '╚╤1-232'
2025-12-14 20:53:51,270 [INFO] \U0001f4c5 [590] ╟руЁєцр■ Ёрёяшёрэшх фы : ╚╤1-232
2025-12-14 20:53:51,290 [INFO] \U0001f50d [591] @user_591 \u2192 ╚∙хЄ уЁєяяє: '╚╤1-231'
2025-12-14 20:53:51,291 [INFO] \u2705 [591] ═рщфхэю 1 уЁєяя√ фы  чряЁюёр '╚╤1-231'
2025-12-14 20:53:51,291 [INFO] \U0001f4c5 [591] ╟руЁєцр■ Ёрёяшёрэшх фы : ╚╤1-231
2025-12-14 20:53:51,309 [INFO] \U0001f50d [591] @user_591 \u2192 ╚∙хЄ уЁєяяє: '╚╤1-232'
2025-12-14 20:53:51,310 [INFO] \u2705 [591] ═рщфхэю 1 уЁєяя√ фы  чряЁюёр '╚╤1-232'
2025-12-14 20:53:51,310 [INFO] \U0001f4c5 [591] ╟руЁєцр■ Ёрёяшёрэшх фы : ╚╤1-232
2025-12-14 20:53:51,330 [INFO] \U0001f50d [592] @user_592 \u2192 ╚∙хЄ уЁєяяє: '╚╤1-231'
2025-12-14 20:53:51,331 [INFO] \u2705 [592] ═рщфхэю 1 уЁєяя√ фы  чряЁюёр '╚╤1-231'
2025-12-14 20:53:51,331 [INFO] \U0001f4c5 [592] ╟руЁєцр■ Ёрёяшёрэшх фы : ╚╤1-231
2025-12-14 20:53:51,347 [INFO] \U0001f50d [592] @user_592 \u2192 ╚∙хЄ уЁєяяє: '╚╤1-232'
2025-12-14 20:53:51,348 [INFO] \u2705 [592] ═рщфхэю 1 уЁєяя√ фы  чряЁюёр '╚╤1-232'
2025-12-14 20:53:51,349 [INFO] \U0001f4c5 [592] ╟руЁєцр■ Ёрёяшёрэшх фы : ╚╤1-232
2025-12-14 20:53:51,367 [INFO] \U0001f50d [593] @user_593 \u2192 ╚∙хЄ уЁєяяє: '╚╤1-231'
2025-12-14 20:53:51,369 [INFO] \u2705 [593] ═рщфхэю 1 уЁєяя√ фы  чряЁюёр '╚╤1-231'
2025-12-14 20:53:51,370 [INFO] \U0001f4c5 [593] ╟руЁєцр■ Ёрёяшёрэшх фы : ╚╤1-231
2025-12-14 20:53:51,394 [INFO] \U0001f50d [593] @user_593 \u2192 ╚∙хЄ уЁєяяє: '╚╤1-232'
2025-12-14 20:53:51,396 [INFO] \u2705 [593] ═рщфхэю 1 уЁєяя√ фы  чряЁюёр '╚╤1-232'
2025-12-14 20:53:51,396 [INFO] \U0001f4c5 [593] ╟руЁєцр■ Ёрёяшёрэшх фы : ╚╤1-232
2025-12-14 20:53:51,416 [INFO] \U0001f50d [594] @user_594 \u2192 ╚∙хЄ уЁєяяє: '╚╤1-231'
2025-12-14 20:53:51,418 [INFO] \u2705 [594] ═рщфхэю 1 уЁєяя√ фы  чряЁюёр '╚╤1-231'
2025-12-14 20:53:51,418 [INFO] \U0001f4c5 [594] ╟руЁєцр■ Ёрёяшёрэшх фы : ╚╤1-231
2025-12-14 20:53:51,435 [INFO] \U0001f50d [594] @user_594 \u2192 ╚∙хЄ уЁєяяє: '╚╤1-232'
2025-12-14 20:53:51,436 [INFO] \u2705 [594] ═рщфхэю 1 уЁєяя√ фы  чряЁюёр '╚╤1-232'
2025-12-14 20:53:51,437 [INFO] \U0001f4c5 [594] ╟руЁєцр■ Ёрёяшёрэшх фы : ╚╤1-232
2025-12-14 20:53:51,456 [INFO] \U0001f50d [595] @user_595 \u2192 ╚∙хЄ уЁєяяє: '╚╤1-231'
2025-12-14 20:53:51,461 [INFO] \u2705 [595] ═рщфхэю 1 уЁєяя√ фы  чряЁюёр '╚╤1-231'
2025-12-14 20:53:51,462 [INFO] \U0001f4c5 [595] ╟руЁєцр■ Ёрёяшёрэшх фы : ╚╤1-231
2025-12-14 20:53:51,478 [INFO] \U0001f50d [595] @user_595 \u2192 ╚∙хЄ уЁєяяє: '╚╤1-232'
2025-12-14 20:53:51,479 [INFO] \u2705 [595] ═рщфхэю 1 уЁєяя√ фы  чряЁюёр '╚╤1-232'
2025-12-14 20:53:51,479 [INFO] \U0001f4c5 [595] ╟руЁєцр■ Ёрёяшёрэшх фы : ╚╤1-232
2025-12-14 20:53:51,496 [INFO] \U0001f50d [596] @user_596 \u2192 ╚∙хЄ уЁєяяє: '╚╤1-231'
2025-12-14 20:53:51,497 [INFO] \u2705 [596] ═рщфхэю 1 уЁєяя√ фы  чряЁюёр '╚╤1-231'
2025-12-14 20:53:51,497 [INFO] \U0001f4c5 [596] ╟руЁєцр■ Ёрёяшёрэшх фы : ╚╤1-231
2025-12-14 20:53:51,516 [INFO] \U0001f50d [596] @user_596 \u2192 ╚∙хЄ уЁєяяє: '╚╤1-232'
2025-12-14 20:53:51,517 [INFO] \u2705 [596] ═рщфхэю 1 уЁєяя√ фы  чряЁюёр '╚╤1-232'
2025-12-14 20:53:51,518 [INFO] \U0001f4c5 [596] ╟руЁєцр■ Ёрёяшёрэшх фы : ╚╤1-232
2025-12-14 20:53:51,540 [INFO] \U0001f50d [597] @user_597 \u2192 ╚∙хЄ уЁєяяє: '╚╤1-231'
2025-12-14 20:53:51,541 [INFO] \u2705 [597] ═рщфхэю 1 уЁєяя√ фы  чряЁюёр '╚╤1-231'
2025-12-14 20:53:51,541 [INFO] \U0001f4c5 [597] ╟руЁєцр■ Ёрёяшёрэшх фы : ╚╤1-231
2025-12-14 20:53:51,556 [INFO] \U0001f50d [597] @user_597 \u2192 ╚∙хЄ уЁєяяє: '╚╤1-232'
2025-12-14 20:53:51,557 [INFO] \u2705 [597] ═рщфхэю 1 уЁєяя√ фы  чряЁюёр '╚╤1-232'
2025-12-14 20:53:51,557 [INFO] \U0001f4c5 [597] ╟руЁєцр■ Ёрёяшёрэшх фы : ╚╤1-232
2025-12-14 20:53:51,573 [INFO] \U0001f50d [598] @user_598 \u2192 ╚∙хЄ уЁєяяє: '╚╤1-231'
2025-12-14 20:53:51,573 [INFO] \u2705 [598] ═рщфхэю 1 уЁєяя√ фы  чряЁюёр '╚╤1-231'
2025-12-14 20:53:51,574 [INFO] \U0001f4c5 [598] ╟руЁєцр■ Ёрёяшёрэшх фы : ╚╤1-231
2025-12-14 20:53:51,595 [INFO] \U0001f50d [598] @user_598 \u2192 ╚∙хЄ уЁєяяє: '╚╤1-232'
2025-12-14 20:53:51,596 [INFO] \u2705 [598] ═рщфхэю 1 уЁєяя√ фы  чряЁюёр '╚╤1-232'
2025-12-14 20:53:51,596 [INFO] \U0001f4c5 [598] ╟руЁєцр■ Ёрёяшёрэшх фы : ╚╤1-232
2025-12-14 20:53:51,615 [INFO] \U0001f50d [599] @user_599 \u2192 ╚∙хЄ уЁєяяє: '╚╤1-231'
2025-12-14 20:53:51,615 [INFO] \u2705 [599] ═рщфхэю 1 уЁєяя√ фы  чряЁюёр '╚╤1-231'
2025-12-14 20:53:51,615 [INFO] \U0001f4c5 [599] ╟руЁєцр■ Ёрёяшёрэшх фы : ╚╤1-231
2025-12-14 20:53:51,638 [INFO] \U0001f50d [599] @user_599 \u2192 ╚∙хЄ уЁєяяє: '╚╤1-232'
2025-12-14 20:53:51,639 [INFO] \u2705 [599] ═рщфхэю 1 уЁєяя√ фы  чряЁюёр '╚╤1-232'
2025-12-14 20:53:51,639 [INFO] \U0001f4c5 [599] ╟руЁєцр■ Ёрёяшёрэшх фы : ╚╤1-232
2025-12-14 20:53:51,664 [INFO] \U0001f50d [600] @user_600 \u2192 ╚∙хЄ уЁєяяє: '╚╤1-231'
2025-12-14 20:53:51,665 [INFO] \u2705 [600] ═рщфхэю 1 уЁєяя√ фы  чряЁюёр '╚╤1-231'
2025-12-14 20:53:51,665 [INFO] \U0001f4c5 [600] ╟руЁєцр■ Ёрёяшёрэшх фы : ╚╤1-231
2025-12-14 20:53:51,682 [INFO] \U0001f50d [600] @user_600 \u2192 ╚∙хЄ уЁєяяє: '╚╤1-232'
2025-12-14 20:53:51,683 [INFO] \u2705 [600] ═рщфхэю 1 уЁєяя√ фы  чряЁюёр '╚╤1-232'
2025-12-14 20:53:51,683 [INFO] \U0001f4c5 [600] ╟руЁєцр■ Ёрёяшёрэшх фы : ╚╤1-232
2025-12-14 20:53:51,704 [INFO] \U0001f50d [601] @user_601 \u2192 ╚∙хЄ уЁєяяє: '╚╤1-231'
2025-12-14 20:53:51,705 [INFO] \u2705 [601] ═рщфхэю 1 уЁєяя√ фы  чряЁюёр '╚╤1-231'
2025-12-14 20:53:51,705 [INFO] \U0001f4c5 [601] ╟руЁєцр■ Ёрёяшёрэшх фы : ╚╤1-231
2025-12-14 20:53:51,721 [INFO] \U0001f50d [601] @user_601 \u2192 ╚∙хЄ уЁєяяє: '╚╤1-232'
2025-12-14 20:53:51,722 [INFO] \u2705 [601] ═рщфхэю 1 уЁєяя√ фы  чряЁюёр '╚╤1-232'
2025-12-14 20:53:51,722 [INFO] \U0001f4c5 [601] ╟руЁєцр■ Ёрёяшёрэшх фы : ╚╤1-232
2025-12-14 20:53:51,743 [INFO] \U0001f50d [602] @user_602 \u2192 ╚∙хЄ уЁєяяє: '╚╤1-231'
2025-12-14 20:53:51,744 [INFO] \u2705 [602] ═рщфхэю 1 уЁєяя√ фы  чряЁюёр '╚╤1-231'
2025-12-14 20:53:51,744 [INFO] \U0001f4c5 [602] ╟руЁєцр■ Ёрёяшёрэшх фы : ╚╤1-231
2025-12-14 20:53:51,760 [INFO] \U0001f50d [602] @user_602 \u2192 ╚∙хЄ уЁєяяє: '╚╤1-232'
2025-12-14 20:53:51,760 [INFO] \u2705 [602] ═рщфхэю 1 уЁєяя√ фы  чряЁюёр '╚╤1-232'
2025-12-14 20:53:51,760 [INFO] \U0001f4c5 [602] ╟руЁєцр■ Ёрёяшёрэшх фы : ╚╤1-232
2025-12-14 20:53:51,777 [INFO] \U0001f50d [603] @user_603 \u2192 ╚∙хЄ уЁєяяє: '╚╤1-231'
2025-12-14 20:53:51,778 [INFO] \u2705 [603] ═рщфхэю 1 уЁєяя√ фы  чряЁюёр '╚╤1-231'
2025-12-14 20:53:51,779 [INFO] \U0001f4c5 [603] ╟руЁєцр■ Ёрёяшёрэшх фы : ╚╤1-231
2025-12-14 20:53:51,805 [INFO] \U0001f50d [603] @user_603 \u2192 ╚∙хЄ уЁєяяє: '╚╤1-232'
2025-12-14 20:53:51,805 [INFO] \u2705 [603] ═рщфхэю 1 уЁєяя√ фы  чряЁюёр '╚╤1-232'
2025-12-14 20:53:51,806 [INFO] \U0001f4c5 [603] ╟руЁєцр■ Ёрёяшёрэшх фы : ╚╤1-232
2025-12-14 20:53:51,822 [INFO] \U0001f50d [604] @user_604 \u2192 ╚∙хЄ уЁєяяє: '╚╤1-231'
2025-12-14 20:53:51,823 [INFO] \u2705 [604] ═рщфхэю 1 уЁєяя√ фы  чряЁюёр '╚╤1-231'
2025-12-14 20:53:51,823 [INFO] \U0001f4c5 [604] ╟руЁєцр■ Ёрёяшёрэшх фы : ╚╤1-231
2025-12-14 20:53:51,838 [INFO] \U0001f50d [604] @user_604 \u2192 ╚∙хЄ уЁєяяє: '╚╤1-232'
2025-12-14 20:53:51,839 [INFO] \u2705 [604] ═рщфхэю 1 уЁєяя√ фы  чряЁюёр '╚╤1-232'
2025-12-14 20:53:51,839 [INFO] \U0001f4c5 [604] ╟руЁєцр■ Ёрёяшёрэшх фы : ╚╤1-232
2025-12-14 20:53:51,867 [INFO] \U0001f50d [605] @user_605 \u2192 ╚∙хЄ уЁєяяє: '╚╤1-231'
2025-12-14 20:53:51,869 [INFO] \u2705 [605] ═рщфхэю 1 уЁєяя√ фы  чряЁюёр '╚╤1-231'
2025-12-14 20:53:51,870 [INFO] \U0001f4c5 [605] ╟руЁєцр■ Ёрёяшёрэшх фы : ╚╤1-231
2025-12-14 20:53:51,888 [INFO] \U0001f50d [605] @user_605 \u2192 ╚∙хЄ уЁєяяє: '╚╤1-232'
2025-12-14 20:53:51,889 [INFO] \u2705 [605] ═рщфхэю 1 уЁєяя√ фы  чряЁюёр '╚╤1-232'
2025-12-14 20:53:51,889 [INFO] \U0001f4c5 [605] ╟руЁєцр■ Ёрёяшёрэшх фы : ╚╤1-232
2025-12-14 20:53:51,905 [INFO] \U0001f50d [606] @user_606 \u2192 ╚∙хЄ уЁєяяє: '╚╤1-231'
2025-12-14 20:53:51,906 [INFO] \u2705 [606] ═рщфхэю 1 уЁєяя√ фы  чряЁюёр '╚╤1-231'
2025-12-14 20:53:51,906 [INFO] \U0001f4c5 [606] ╟руЁєцр■ Ёрёяшёрэшх фы : ╚╤1-231
2025-12-14 20:53:51,922 [INFO] \U0001f50d [606] @user_606 \u2192 ╚∙хЄ уЁєяяє: '╚╤1-232'
2025-12-14 20:53:51,922 [INFO] \u2705 [606] ═рщфхэю 1 уЁєяя√ фы  чряЁюёр '╚╤1-232'
2025-12-14 20:53:51,927 [INFO] \U0001f4c5 [606] ╟руЁєцр■ Ёрёяшёрэшх фы : ╚╤1-232
2025-12-14 20:53:51,950 [INFO] \U0001f50d [607] @user_607 \u2192 ╚∙хЄ уЁєяяє: '╚╤1-231'
2025-12-14 20:53:51,953 [INFO] \u2705 [607] ═рщфхэю 1 уЁєяя√ фы  чряЁюёр '╚╤1-231'
2025-12-14 20:53:51,954 [INFO] \U0001f4c5 [607] ╟руЁєцр■ Ёрёяшёрэшх фы : ╚╤1-231
2025-12-14 20:53:51,974 [INFO] \U0001f50d [607] @user_607 \u2192 ╚∙хЄ уЁєяяє: '╚╤1-232'
2025-12-14 20:53:51,975 [INFO] \u2705 [607] ═рщфхэю 1 уЁєяя√ фы  чряЁюёр '╚╤1-232'
2025-12-14 20:53:51,975 [INFO] \U0001f4c5 [607] ╟руЁєцр■ Ёрёяшёрэшх фы : ╚╤1-232
2025-12-14 20:53:51,992 [INFO] \U0001f50d [608] @user_608 \u2192 ╚∙хЄ уЁєяяє: '╚╤1-231'
2025-12-14 20:53:51,993 [INFO] \u2705 [608] ═рщфхэю 1 уЁєяя√ фы  чряЁюёр '╚╤1-231'
2025-12-14 20:53:51,993 [INFO] \U0001f4c5 [608] ╟руЁєцр■ Ёрёяшёрэшх фы : ╚╤1-231
2025-12-14 20:53:52,019 [INFO] \U0001f50d [608] @user_608 \u2192 ╚∙хЄ уЁєяяє: '╚╤1-232'
2025-12-14 20:53:52,020 [INFO] \u2705 [608] ═рщфхэю 1 уЁєяя√ фы  чряЁюёр '╚╤1-232'
2025-12-14 20:53:52,020 [INFO] \U0001f4c5 [608] ╟руЁєцр■ Ёрёяшёрэшх фы : ╚╤1-232
2025-12-14 20:53:52,044 [INFO] \U0001f50d [609] @user_609 \u2192 ╚∙хЄ уЁєяяє: '╚╤1-231'
2025-12-14 20:53:52,046 [INFO] \u2705 [609] ═рщфхэю 1 уЁєяя√ фы  чряЁюёр '╚╤1-231'
2025-12-14 20:53:52,047 [INFO] \U0001f4c5 [609] ╟руЁєцр■ Ёрёяшёрэшх фы : ╚╤1-231
2025-12-14 20:53:52,068 [INFO] \U0001f50d [609] @user_609 \u2192 ╚∙хЄ уЁєяяє: '╚╤1-232'
2025-12-14 20:53:52,069 [INFO] \u2705 [609] ═рщфхэю 1 уЁєяя√ фы  чряЁюёр '╚╤1-232'
2025-12-14 20:53:52,070 [INFO] \U0001f4c5 [609] ╟руЁєцр■ Ёрёяшёрэшх фы : ╚╤1-232
2025-12-14 20:53:52,093 [INFO] \U0001f50d [610] @user_610 \u2192 ╚∙хЄ уЁєяяє: '╚╤1-231'
2025-12-14 20:53:52,095 [INFO] \u2705 [610] ═рщфхэю 1 уЁєяя√ фы  чряЁюёр '╚╤1-231'
2025-12-14 20:53:52,095 [INFO] \U0001f4c5 [610] ╟руЁєцр■ Ёрёяшёрэшх фы : ╚╤1-231
2025-12-14 20:53:52,112 [INFO] \U0001f50d [610] @user_610 \u2192 ╚∙хЄ уЁєяяє: '╚╤1-232'
2025-12-14 20:53:52,113 [INFO] \u2705 [610] ═рщфхэю 1 уЁєяя√ фы  чряЁюёр '╚╤1-232'
2025-12-14 20:53:52,113 [INFO] \U0001f4c5 [610] ╟руЁєцр■ Ёрёяшёрэшх фы : ╚╤1-232
2025-12-14 20:53:52,135 [INFO] \U0001f50d [611] @user_611 \u2192 ╚∙хЄ уЁєяяє: '╚╤1-231'
2025-12-14 20:53:52,138 [INFO] \u2705 [611] ═рщфхэю 1 уЁєяя√ фы  чряЁюёр '╚╤1-231'
2025-12-14 20:53:52,138 [INFO] \U0001f4c5 [611] ╟руЁєцр■ Ёрёяшёрэшх фы : ╚╤1-231
2025-12-14 20:53:52,159 [INFO] \U0001f50d [611] @user_611 \u2192 ╚∙хЄ уЁєяяє: '╚╤1-232'
2025-12-14 20:53:52,171 [INFO] \u2705 [611] ═рщфхэю 1 уЁєяя√ фы  чряЁюёр '╚╤1-232'
2025-12-14 20:53:52,172 [INFO] \U0001f4c5 [611] ╟руЁєцр■ Ёрёяшёрэшх фы : ╚╤1-232
2025-12-14 20:53:52,189 [INFO] \U0001f50d [612] @user_612 \u2192 ╚∙хЄ уЁєяяє: '╚╤1-231'
2025-12-14 20:53:52,190 [INFO] \u2705 [612] ═рщфхэю 1 уЁєяя√ фы  чряЁюёр '╚╤1-231'
2025-12-14 20:53:52,190 [INFO] \U0001f4c5 [612] ╟руЁєцр■ Ёрёяшёрэшх фы : ╚╤1-231
2025-12-14 20:53:52,209 [INFO] \U0001f50d [612] @user_612 \u2192 ╚∙хЄ уЁєяяє: '╚╤1-232'
2025-12-14 20:53:52,210 [INFO] \u2705 [612] ═рщфхэю 1 уЁєяя√ фы  чряЁюёр '╚╤1-232'
2025-12-14 20:53:52,210 [INFO] \U0001f4c5 [612] ╟руЁєцр■ Ёрёяшёрэшх фы : ╚╤1-232
2025-12-14 20:53:52,231 [INFO] \U0001f50d [613] @user_613 \u2192 ╚∙хЄ уЁєяяє: '╚╤1-231'
2025-12-14 20:53:52,232 [INFO] \u2705 [613] ═рщфхэю 1 уЁєяя√ фы  чряЁюёр '╚╤1-231'
2025-12-14 20:53:52,232 [INFO] \U0001f4c5 [613] ╟руЁєцр■ Ёрёяшёрэшх фы : ╚╤1-231
2025-12-14 20:53:52,261 [INFO] \U0001f50d [613] @user_613 \u2192 ╚∙хЄ уЁєяяє: '╚╤1-232'
2025-12-14 20:53:52,262 [INFO] \u2705 [613] ═рщфхэю 1 уЁєяя√ фы  чряЁюёр '╚╤1-232'
2025-12-14 20:53:52,262 [INFO] \U0001f4c5 [613] ╟руЁєцр■ Ёрёяшёрэшх фы : ╚╤1-232
2025-12-14 20:53:52,284 [INFO] \U0001f50d [614] @user_614 \u2192 ╚∙хЄ уЁєяяє: '╚╤1-231'
2025-12-14 20:53:52,286 [INFO] \u2705 [614] ═рщфхэю 1 уЁєяя√ фы  чряЁюёр '╚╤1-231'
2025-12-14 20:53:52,286 [INFO] \U0001f4c5 [614] ╟руЁєцр■ Ёрёяшёрэшх фы : ╚╤1-231
2025-12-14 20:53:52,307 [INFO] \U0001f50d [614] @user_614 \u2192 ╚∙хЄ уЁєяяє: '╚╤1-232'
2025-12-14 20:53:52,309 [INFO] \u2705 [614] ═рщфхэю 1 уЁєяя√ фы  чряЁюёр '╚╤1-232'
2025-12-14 20:53:52,309 [INFO] \U0001f4c5 [614] ╟руЁєцр■ Ёрёяшёрэшх фы : ╚╤1-232
2025-12-14 20:53:52,331 [INFO] \U0001f50d [615] @user_615 \u2192 ╚∙хЄ уЁєяяє: '╚╤1-231'
2025-12-14 20:53:52,331 [INFO] \u2705 [615] ═рщфхэю 1 уЁєяя√ фы  чряЁюёр '╚╤1-231'
2025-12-14 20:53:52,332 [INFO] \U0001f4c5 [615] ╟руЁєцр■ Ёрёяшёрэшх фы : ╚╤1-231
2025-12-14 20:53:52,350 [INFO] \U0001f50d [615] @user_615 \u2192 ╚∙хЄ уЁєяяє: '╚╤1-232'
2025-12-14 20:53:52,352 [INFO] \u2705 [615] ═рщфхэю 1 уЁєяя√ фы  чряЁюёр '╚╤1-232'
2025-12-14 20:53:52,352 [INFO] \U0001f4c5 [615] ╟руЁєцр■ Ёрёяшёрэшх фы : ╚╤1-232
2025-12-14 20:53:52,368 [INFO] \U0001f50d [616] @user_616 \u2192 ╚∙хЄ уЁєяяє: '╚╤1-231'
2025-12-14 20:53:52,369 [INFO] \u2705 [616] ═рщфхэю 1 уЁєяя√ фы  чряЁюёр '╚╤1-231'
2025-12-14 20:53:52,370 [INFO] \U0001f4c5 [616] ╟руЁєцр■ Ёрёяшёрэшх фы : ╚╤1-231
2025-12-14 20:53:52,383 [INFO] \U0001f50d [616] @user_616 \u2192 ╚∙хЄ уЁєяяє: '╚╤1-232'
2025-12-14 20:53:52,391 [INFO] \u2705 [616] ═рщфхэю 1 уЁєяя√ фы  чряЁюёр '╚╤1-232'
2025-12-14 20:53:52,391 [INFO] \U0001f4c5 [616] ╟руЁєцр■ Ёрёяшёрэшх фы : ╚╤1-232
2025-12-14 20:53:52,413 [INFO] \U0001f50d [617] @user_617 \u2192 ╚∙хЄ уЁєяяє: '╚╤1-231'
2025-12-14 20:53:52,414 [INFO] \u2705 [617] ═рщфхэю 1 уЁєяя√ фы  чряЁюёр '╚╤1-231'
2025-12-14 20:53:52,414 [INFO] \U0001f4c5 [617] ╟руЁєцр■ Ёрёяшёрэшх фы : ╚╤1-231
2025-12-14 20:53:52,437 [INFO] \U0001f50d [617] @user_617 \u2192 ╚∙хЄ уЁєяяє: '╚╤1-232'
2025-12-14 20:53:52,438 [INFO] \u2705 [617] ═рщфхэю 1 уЁєяя√ фы  чряЁюёр '╚╤1-232'
2025-12-14 20:53:52,438 [INFO] \U0001f4c5 [617] ╟руЁєцр■ Ёрёяшёрэшх фы : ╚╤1-232
2025-12-14 20:53:52,456 [INFO] \U0001f50d [618] @user_618 \u2192 ╚∙хЄ уЁєяяє: '╚╤1-231'
2025-12-14 20:53:52,456 [INFO] \u2705 [618] ═рщфхэю 1 уЁєяя√ фы  чряЁюёр '╚╤1-231'
2025-12-14 20:53:52,457 [INFO] \U0001f4c5 [618] ╟руЁєцр■ Ёрёяшёрэшх фы : ╚╤1-231
2025-12-14 20:53:52,477 [INFO] \U0001f50d [618] @user_618 \u2192 ╚∙хЄ уЁєяяє: '╚╤1-232'
2025-12-14 20:53:52,478 [INFO] \u2705 [618] ═рщфхэю 1 уЁєяя√ фы  чряЁюёр '╚╤1-232'
2025-12-14 20:53:52,478 [INFO] \U0001f4c5 [618] ╟руЁєцр■ Ёрёяшёрэшх фы : ╚╤1-232
2025-12-14 20:53:52,495 [INFO] \U0001f50d [619] @user_619 \u2192 ╚∙хЄ уЁєяяє: '╚╤1-231'
2025-12-14 20:53:52,495 [INFO] \u2705 [619] ═рщфхэю 1 уЁєяя√ фы  чряЁюёр '╚╤1-231'
2025-12-14 20:53:52,496 [INFO] \U0001f4c5 [619] ╟руЁєцр■ Ёрёяшёрэшх фы : ╚╤1-231
2025-12-14 20:53:52,512 [INFO] \U0001f50d [619] @user_619 \u2192 ╚∙хЄ уЁєяяє: '╚╤1-232'
2025-12-14 20:53:52,514 [INFO] \u2705 [619] ═рщфхэю 1 уЁєяя√ фы  чряЁюёр '╚╤1-232'
2025-12-14 20:53:52,514 [INFO] \U0001f4c5 [619] ╟руЁєцр■ Ёрёяшёрэшх фы : ╚╤1-232
2025-12-14 20:53:52,541 [INFO] \U0001f50d [620] @user_620 \u2192 ╚∙хЄ уЁєяяє: '╚╤1-231'
2025-12-14 20:53:52,542 [INFO] \u2705 [620] ═рщфхэю 1 уЁєяя√ фы  чряЁюёр '╚╤1-231'
2025-12-14 20:53:52,543 [INFO] \U0001f4c5 [620] ╟руЁєцр■ Ёрёяшёрэшх фы : ╚╤1-231
2025-12-14 20:53:52,559 [INFO] \U0001f50d [620] @user_620 \u2192 ╚∙хЄ уЁєяяє: '╚╤1-232'
2025-12-14 20:53:52,559 [INFO] \u2705 [620] ═рщфхэю 1 уЁєяя√ фы  чряЁюёр '╚╤1-232'
2025-12-14 20:53:52,560 [INFO] \U0001f4c5 [620] ╟руЁєцр■ Ёрёяшёрэшх фы : ╚╤1-232
2025-12-14 20:53:52,576 [INFO] \U0001f50d [621] @user_621 \u2192 ╚∙хЄ уЁєяяє: '╚╤1-231'
2025-12-14 20:53:52,577 [INFO] \u2705 [621] ═рщфхэю 1 уЁєяя√ фы  чряЁюёр '╚╤1-231'
2025-12-14 20:53:52,577 [INFO] \U0001f4c5 [621] ╟руЁєцр■ Ёрёяшёрэшх фы : ╚╤1-231
2025-12-14 20:53:52,604 [INFO] \U0001f50d [621] @user_621 \u2192 ╚∙хЄ уЁєяяє: '╚╤1-232'
2025-12-14 20:53:52,605 [INFO] \u2705 [621] ═рщфхэю 1 уЁєяя√ фы  чряЁюёр '╚╤1-232'
2025-12-14 20:53:52,605 [INFO] \U0001f4c5 [621] ╟руЁєцр■ Ёрёяшёрэшх фы : ╚╤1-232
2025-12-14 20:53:52,622 [INFO] \U0001f50d [622] @user_622 \u2192 ╚∙хЄ уЁєяяє: '╚╤1-231'
2025-12-14 20:53:52,623 [INFO] \u2705 [622] ═рщфхэю 1 уЁєяя√ фы  чряЁюёр '╚╤1-231'
2025-12-14 20:53:52,623 [INFO] \U0001f4c5 [622] ╟руЁєцр■ Ёрёяшёрэшх фы : ╚╤1-231
2025-12-14 20:53:52,642 [INFO] \U0001f50d [622] @user_622 \u2192 ╚∙хЄ уЁєяяє: '╚╤1-232'
2025-12-14 20:53:52,642 [INFO] \u2705 [622] ═рщфхэю 1 уЁєяя√ фы  чряЁюёр '╚╤1-232'
2025-12-14 20:53:52,642 [INFO] \U0001f4c5 [622] ╟руЁєцр■ Ёрёяшёрэшх фы : ╚╤1-232
2025-12-14 20:53:52,658 [INFO] \U0001f50d [623] @user_623 \u2192 ╚∙хЄ уЁєяяє: '╚╤1-231'
2025-12-14 20:53:52,658 [INFO] \u2705 [623] ═рщфхэю 1 уЁєяя√ фы  чряЁюёр '╚╤1-231'
2025-12-14 20:53:52,658 [INFO] \U0001f4c5 [623] ╟руЁєцр■ Ёрёяшёрэшх фы : ╚╤1-231
2025-12-14 20:53:52,678 [INFO] \U0001f50d [623] @user_623 \u2192 ╚∙хЄ уЁєяяє: '╚╤1-232'
2025-12-14 20:53:52,679 [INFO] \u2705 [623] ═рщфхэю 1 уЁєяя√ фы  чряЁюёр '╚╤1-232'
2025-12-14 20:53:52,679 [INFO] \U0001f4c5 [623] ╟руЁєцр■ Ёрёяшёрэшх фы : ╚╤1-232
2025-12-14 20:53:52,699 [INFO] \U0001f50d [624] @user_624 \u2192 ╚∙хЄ уЁєяяє: '╚╤1-231'
2025-12-14 20:53:52,701 [INFO] \u2705 [624] ═рщфхэю 1 уЁєяя√ фы  чряЁюёр '╚╤1-231'
2025-12-14 20:53:52,702 [INFO] \U0001f4c5 [624] ╟руЁєцр■ Ёрёяшёрэшх фы : ╚╤1-231
2025-12-14 20:53:52,716 [INFO] \U0001f50d [624] @user_624 \u2192 ╚∙хЄ уЁєяяє: '╚╤1-232'
2025-12-14 20:53:52,717 [INFO] \u2705 [624] ═рщфхэю 1 уЁєяя√ фы  чряЁюёр '╚╤1-232'
2025-12-14 20:53:52,717 [INFO] \U0001f4c5 [624] ╟руЁєцр■ Ёрёяшёрэшх фы : ╚╤1-232
2025-12-14 20:53:52,740 [INFO] \U0001f50d [625] @user_625 \u2192 ╚∙хЄ уЁєяяє: '╚╤1-231'
2025-12-14 20:53:52,741 [INFO] \u2705 [625] ═рщфхэю 1 уЁєяя√ фы  чряЁюёр '╚╤1-231'
2025-12-14 20:53:52,741 [INFO] \U0001f4c5 [625] ╟руЁєцр■ Ёрёяшёрэшх фы : ╚╤1-231
2025-12-14 20:53:52,755 [INFO] \U0001f50d [625] @user_625 \u2192 ╚∙хЄ уЁєяяє: '╚╤1-232'
2025-12-14 20:53:52,755 [INFO] \u2705 [625] ═рщфхэю 1 уЁєяя√ фы  чряЁюёр '╚╤1-232'
2025-12-14 20:53:52,756 [INFO] \U0001f4c5 [625] ╟руЁєцр■ Ёрёяшёрэшх фы : ╚╤1-232
2025-12-14 20:53:52,768 [INFO] \U0001f50d [626] @user_626 \u2192 ╚∙хЄ уЁєяяє: '╚╤1-231'
2025-12-14 20:53:52,769 [INFO] \u2705 [626] ═рщфхэю 1 уЁєяя√ фы  чряЁюёр '╚╤1-231'
2025-12-14 20:53:52,769 [INFO] \U0001f4c5 [626] ╟руЁєцр■ Ёрёяшёрэшх фы : ╚╤1-231
2025-12-14 20:53:52,811 [INFO] \U0001f50d [626] @user_626 \u2192 ╚∙хЄ уЁєяяє: '╚╤1-232'
2025-12-14 20:53:52,811 [INFO] \u2705 [626] ═рщфхэю 1 уЁєяя√ фы  чряЁюёр '╚╤1-232'
2025-12-14 20:53:52,811 [INFO] \U0001f4c5 [626] ╟руЁєцр■ Ёрёяшёрэшх фы : ╚╤1-232
2025-12-14 20:53:52,824 [INFO] \U0001f50d [627] @user_627 \u2192 ╚∙хЄ уЁєяяє: '╚╤1-231'
2025-12-14 20:53:52,824 [INFO] \u2705 [627] ═рщфхэю 1 уЁєяя√ фы  чряЁюёр '╚╤1-231'
2025-12-14 20:53:52,825 [INFO] \U0001f4c5 [627] ╟руЁєцр■ Ёрёяшёрэшх фы : ╚╤1-231
2025-12-14 20:53:52,840 [INFO] \U0001f50d [627] @user_627 \u2192 ╚∙хЄ уЁєяяє: '╚╤1-232'
2025-12-14 20:53:52,841 [INFO] \u2705 [627] ═рщфхэю 1 уЁєяя√ фы  чряЁюёр '╚╤1-232'
2025-12-14 20:53:52,841 [INFO] \U0001f4c5 [627] ╟руЁєцр■ Ёрёяшёрэшх фы : ╚╤1-232
2025-12-14 20:53:52,856 [INFO] \U0001f50d [628] @user_628 \u2192 ╚∙хЄ уЁєяяє: '╚╤1-231'
2025-12-14 20:53:52,859 [INFO] \u2705 [628] ═рщфхэю 1 уЁєяя√ фы  чряЁюёр '╚╤1-231'
2025-12-14 20:53:52,860 [INFO] \U0001f4c5 [628] ╟руЁєцр■ Ёрёяшёрэшх фы : ╚╤1-231
2025-12-14 20:53:52,878 [INFO] \U0001f50d [628] @user_628 \u2192 ╚∙хЄ уЁєяяє: '╚╤1-232'
2025-12-14 20:53:52,878 [INFO] \u2705 [628] ═рщфхэю 1 уЁєяя√ фы  чряЁюёр '╚╤1-232'
2025-12-14 20:53:52,878 [INFO] \U0001f4c5 [628] ╟руЁєцр■ Ёрёяшёрэшх фы : ╚╤1-232
2025-12-14 20:53:52,894 [INFO] \U0001f50d [629] @user_629 \u2192 ╚∙хЄ уЁєяяє: '╚╤1-231'
2025-12-14 20:53:52,895 [INFO] \u2705 [629] ═рщфхэю 1 уЁєяя√ фы  чряЁюёр '╚╤1-231'
2025-12-14 20:53:52,895 [INFO] \U0001f4c5 [629] ╟руЁєцр■ Ёрёяшёрэшх фы : ╚╤1-231
2025-12-14 20:53:52,910 [INFO] \U0001f50d [629] @user_629 \u2192 ╚∙хЄ уЁєяяє: '╚╤1-232'
2025-12-14 20:53:52,911 [INFO] \u2705 [629] ═рщфхэю 1 уЁєяя√ фы  чряЁюёр '╚╤1-232'
2025-12-14 20:53:52,911 [INFO] \U0001f4c5 [629] ╟руЁєцр■ Ёрёяшёрэшх фы : ╚╤1-232
2025-12-14 20:53:52,930 [INFO] \U0001f50d [630] @user_630 \u2192 ╚∙хЄ уЁєяяє: '╚╤1-231'
2025-12-14 20:53:52,931 [INFO] \u2705 [630] ═рщфхэю 1 уЁєяя√ фы  чряЁюёр '╚╤1-231'
2025-12-14 20:53:52,932 [INFO] \U0001f4c5 [630] ╟руЁєцр■ Ёрёяшёрэшх фы : ╚╤1-231
2025-12-14 20:53:52,950 [INFO] \U0001f50d [630] @user_630 \u2192 ╚∙хЄ уЁєяяє: '╚╤1-232'
2025-12-14 20:53:52,952 [INFO] \u2705 [630] ═рщфхэю 1 уЁєяя√ фы  чряЁюёр '╚╤1-232'
2025-12-14 20:53:52,952 [INFO] \U0001f4c5 [630] ╟руЁєцр■ Ёрёяшёрэшх фы : ╚╤1-232
2025-12-14 20:53:52,970 [INFO] \U0001f50d [631] @user_631 \u2192 ╚∙хЄ уЁєяяє: '╚╤1-231'
2025-12-14 20:53:52,971 [INFO] \u2705 [631] ═рщфхэю 1 уЁєяя√ фы  чряЁюёр '╚╤1-231'
2025-12-14 20:53:52,971 [INFO] \U0001f4c5 [631] ╟руЁєцр■ Ёрёяшёрэшх фы : ╚╤1-231
2025-12-14 20:53:52,991 [INFO] \U0001f50d [631] @user_631 \u2192 ╚∙хЄ уЁєяяє: '╚╤1-232'
2025-12-14 20:53:52,992 [INFO] \u2705 [631] ═рщфхэю 1 уЁєяя√ фы  чряЁюёр '╚╤1-232'
2025-12-14 20:53:52,992 [INFO] \U0001f4c5 [631] ╟руЁєцр■ Ёрёяшёрэшх фы : ╚╤1-232
2025-12-14 20:53:53,011 [INFO] \U0001f50d [632] @user_632 \u2192 ╚∙хЄ уЁєяяє: '╚╤1-231'
2025-12-14 20:53:53,012 [INFO] \u2705 [632] ═рщфхэю 1 уЁєяя√ фы  чряЁюёр '╚╤1-231'
2025-12-14 20:53:53,013 [INFO] \U0001f4c5 [632] ╟руЁєцр■ Ёрёяшёрэшх фы : ╚╤1-231
2025-12-14 20:53:53,031 [INFO] \U0001f50d [632] @user_632 \u2192 ╚∙хЄ уЁєяяє: '╚╤1-232'
2025-12-14 20:53:53,032 [INFO] \u2705 [632] ═рщфхэю 1 уЁєяя√ фы  чряЁюёр '╚╤1-232'
2025-12-14 20:53:53,032 [INFO] \U0001f4c5 [632] ╟руЁєцр■ Ёрёяшёрэшх фы : ╚╤1-232
2025-12-14 20:53:53,052 [INFO] \U0001f50d [633] @user_633 \u2192 ╚∙хЄ уЁєяяє: '╚╤1-231'
2025-12-14 20:53:53,054 [INFO] \u2705 [633] ═рщфхэю 1 уЁєяя√ фы  чряЁюёр '╚╤1-231'
2025-12-14 20:53:53,054 [INFO] \U0001f4c5 [633] ╟руЁєцр■ Ёрёяшёрэшх фы : ╚╤1-231
2025-12-14 20:53:53,071 [INFO] \U0001f50d [633] @user_633 \u2192 ╚∙хЄ уЁєяяє: '╚╤1-232'
2025-12-14 20:53:53,072 [INFO] \u2705 [633] ═рщфхэю 1 уЁєяя√ фы  чряЁюёр '╚╤1-232'
2025-12-14 20:53:53,072 [INFO] \U0001f4c5 [633] ╟руЁєцр■ Ёрёяшёрэшх фы : ╚╤1-232
2025-12-14 20:53:53,092 [INFO] \U0001f50d [634] @user_634 \u2192 ╚∙хЄ уЁєяяє: '╚╤1-231'
2025-12-14 20:53:53,094 [INFO] \u2705 [634] ═рщфхэю 1 уЁєяя√ фы  чряЁюёр '╚╤1-231'
2025-12-14 20:53:53,094 [INFO] \U0001f4c5 [634] ╟руЁєцр■ Ёрёяшёрэшх фы : ╚╤1-231
2025-12-14 20:53:53,114 [INFO] \U0001f50d [634] @user_634 \u2192 ╚∙хЄ уЁєяяє: '╚╤1-232'
2025-12-14 20:53:53,115 [INFO] \u2705 [634] ═рщфхэю 1 уЁєяя√ фы  чряЁюёр '╚╤1-232'
2025-12-14 20:53:53,115 [INFO] \U0001f4c5 [634] ╟руЁєцр■ Ёрёяшёрэшх фы : ╚╤1-232
2025-12-14 20:53:53,137 [INFO] \U0001f50d [635] @user_635 \u2192 ╚∙хЄ уЁєяяє: '╚╤1-231'
2025-12-14 20:53:53,139 [INFO] \u2705 [635] ═рщфхэю 1 уЁєяя√ фы  чряЁюёр '╚╤1-231'
2025-12-14 20:53:53,139 [INFO] \U0001f4c5 [635] ╟руЁєцр■ Ёрёяшёрэшх фы : ╚╤1-231
2025-12-14 20:53:53,159 [INFO] \U0001f50d [635] @user_635 \u2192 ╚∙хЄ уЁєяяє: '╚╤1-232'
2025-12-14 20:53:53,161 [INFO] \u2705 [635] ═рщфхэю 1 уЁєяя√ фы  чряЁюёр '╚╤1-232'
2025-12-14 20:53:53,161 [INFO] \U0001f4c5 [635] ╟руЁєцр■ Ёрёяшёрэшх фы : ╚╤1-232
2025-12-14 20:53:53,178 [INFO] \U0001f50d [636] @user_636 \u2192 ╚∙хЄ уЁєяяє: '╚╤1-231'
2025-12-14 20:53:53,179 [INFO] \u2705 [636] ═рщфхэю 1 уЁєяя√ фы  чряЁюёр '╚╤1-231'
2025-12-14 20:53:53,179 [INFO] \U0001f4c5 [636] ╟руЁєцр■ Ёрёяшёрэшх фы : ╚╤1-231
2025-12-14 20:53:53,195 [INFO] \U0001f50d [636] @user_636 \u2192 ╚∙хЄ уЁєяяє: '╚╤1-232'
2025-12-14 20:53:53,196 [INFO] \u2705 [636] ═рщфхэю 1 уЁєяя√ фы  чряЁюёр '╚╤1-232'
2025-12-14 20:53:53,196 [INFO] \U0001f4c5 [636] ╟руЁєцр■ Ёрёяшёрэшх фы : ╚╤1-232
2025-12-14 20:53:53,214 [INFO] \U0001f50d [637] @user_637 \u2192 ╚∙хЄ уЁєяяє: '╚╤1-231'
2025-12-14 20:53:53,214 [INFO] \u2705 [637] ═рщфхэю 1 уЁєяя√ фы  чряЁюёр '╚╤1-231'
2025-12-14 20:53:53,215 [INFO] \U0001f4c5 [637] ╟руЁєцр■ Ёрёяшёрэшх фы : ╚╤1-231
2025-12-14 20:53:53,233 [INFO] \U0001f50d [637] @user_637 \u2192 ╚∙хЄ уЁєяяє: '╚╤1-232'
2025-12-14 20:53:53,235 [INFO] \u2705 [637] ═рщфхэю 1 уЁєяя√ фы  чряЁюёр '╚╤1-232'
2025-12-14 20:53:53,235 [INFO] \U0001f4c5 [637] ╟руЁєцр■ Ёрёяшёрэшх фы : ╚╤1-232
2025-12-14 20:53:53,249 [INFO] \U0001f50d [638] @user_638 \u2192 ╚∙хЄ уЁєяяє: '╚╤1-231'
2025-12-14 20:53:53,251 [INFO] \u2705 [638] ═рщфхэю 1 уЁєяя√ фы  чряЁюёр '╚╤1-231'
2025-12-14 20:53:53,251 [INFO] \U0001f4c5 [638] ╟руЁєцр■ Ёрёяшёрэшх фы : ╚╤1-231
2025-12-14 20:53:53,267 [INFO] \U0001f50d [638] @user_638 \u2192 ╚∙хЄ уЁєяяє: '╚╤1-232'
2025-12-14 20:53:53,268 [INFO] \u2705 [638] ═рщфхэю 1 уЁєяя√ фы  чряЁюёр '╚╤1-232'
2025-12-14 20:53:53,268 [INFO] \U0001f4c5 [638] ╟руЁєцр■ Ёрёяшёрэшх фы : ╚╤1-232
2025-12-14 20:53:53,281 [INFO] \U0001f50d [639] @user_639 \u2192 ╚∙хЄ уЁєяяє: '╚╤1-231'
2025-12-14 20:53:53,282 [INFO] \u2705 [639] ═рщфхэю 1 уЁєяя√ фы  чряЁюёр '╚╤1-231'
2025-12-14 20:53:53,282 [INFO] \U0001f4c5 [639] ╟руЁєцр■ Ёрёяшёрэшх фы : ╚╤1-231
2025-12-14 20:53:53,299 [INFO] \U0001f50d [639] @user_639 \u2192 ╚∙хЄ уЁєяяє: '╚╤1-232'
2025-12-14 20:53:53,302 [INFO] \u2705 [639] ═рщфхэю 1 уЁєяя√ фы  чряЁюёр '╚╤1-232'
2025-12-14 20:53:53,302 [INFO] \U0001f4c5 [639] ╟руЁєцр■ Ёрёяшёрэшх фы : ╚╤1-232
2025-12-14 20:53:53,321 [INFO] \U0001f50d [640] @user_640 \u2192 ╚∙хЄ уЁєяяє: '╚╤1-231'
2025-12-14 20:53:53,321 [INFO] \u2705 [640] ═рщфхэю 1 уЁєяя√ фы  чряЁюёр '╚╤1-231'
2025-12-14 20:53:53,322 [INFO] \U0001f4c5 [640] ╟руЁєцр■ Ёрёяшёрэшх фы : ╚╤1-231
2025-12-14 20:53:53,345 [INFO] \U0001f50d [640] @user_640 \u2192 ╚∙хЄ уЁєяяє: '╚╤1-232'
2025-12-14 20:53:53,346 [INFO] \u2705 [640] ═рщфхэю 1 уЁєяя√ фы  чряЁюёр '╚╤1-232'
2025-12-14 20:53:53,347 [INFO] \U0001f4c5 [640] ╟руЁєцр■ Ёрёяшёрэшх фы : ╚╤1-232
2025-12-14 20:53:53,361 [INFO] \U0001f50d [641] @user_641 \u2192 ╚∙хЄ уЁєяяє: '╚╤1-231'
2025-12-14 20:53:53,362 [INFO] \u2705 [641] ═рщфхэю 1 уЁєяя√ фы  чряЁюёр '╚╤1-231'
2025-12-14 20:53:53,362 [INFO] \U0001f4c5 [641] ╟руЁєцр■ Ёрёяшёрэшх фы : ╚╤1-231
2025-12-14 20:53:53,382 [INFO] \U0001f50d [641] @user_641 \u2192 ╚∙хЄ уЁєяяє: '╚╤1-232'
2025-12-14 20:53:53,384 [INFO] \u2705 [641] ═рщфхэю 1 уЁєяя√ фы  чряЁюёр '╚╤1-232'
2025-12-14 20:53:53,384 [INFO] \U0001f4c5 [641] ╟руЁєцр■ Ёрёяшёрэшх фы : ╚╤1-232
2025-12-14 20:53:53,403 [INFO] \U0001f50d [642] @user_642 \u2192 ╚∙хЄ уЁєяяє: '╚╤1-231'
2025-12-14 20:53:53,405 [INFO] \u2705 [642] ═рщфхэю 1 уЁєяя√ фы  чряЁюёр '╚╤1-231'
2025-12-14 20:53:53,405 [INFO] \U0001f4c5 [642] ╟руЁєцр■ Ёрёяшёрэшх фы : ╚╤1-231
2025-12-14 20:53:53,425 [INFO] \U0001f50d [642] @user_642 \u2192 ╚∙хЄ уЁєяяє: '╚╤1-232'
2025-12-14 20:53:53,426 [INFO] \u2705 [642] ═рщфхэю 1 уЁєяя√ фы  чряЁюёр '╚╤1-232'
2025-12-14 20:53:53,427 [INFO] \U0001f4c5 [642] ╟руЁєцр■ Ёрёяшёрэшх фы : ╚╤1-232
2025-12-14 20:53:53,447 [INFO] \U0001f50d [643] @user_643 \u2192 ╚∙хЄ уЁєяяє: '╚╤1-231'
2025-12-14 20:53:53,447 [INFO] \u2705 [643] ═рщфхэю 1 уЁєяя√ фы  чряЁюёр '╚╤1-231'
2025-12-14 20:53:53,447 [INFO] \U0001f4c5 [643] ╟руЁєцр■ Ёрёяшёрэшх фы : ╚╤1-231
2025-12-14 20:53:53,464 [INFO] \U0001f50d [643] @user_643 \u2192 ╚∙хЄ уЁєяяє: '╚╤1-232'
2025-12-14 20:53:53,465 [INFO] \u2705 [643] ═рщфхэю 1 уЁєяя√ фы  чряЁюёр '╚╤1-232'
2025-12-14 20:53:53,466 [INFO] \U0001f4c5 [643] ╟руЁєцр■ Ёрёяшёрэшх фы : ╚╤1-232
2025-12-14 20:53:53,494 [INFO] \U0001f50d [644] @user_644 \u2192 ╚∙хЄ уЁєяяє: '╚╤1-231'
2025-12-14 20:53:53,495 [INFO] \u2705 [644] ═рщфхэю 1 уЁєяя√ фы  чряЁюёр '╚╤1-231'
2025-12-14 20:53:53,495 [INFO] \U0001f4c5 [644] ╟руЁєцр■ Ёрёяшёрэшх фы : ╚╤1-231
2025-12-14 20:53:53,512 [INFO] \U0001f50d [644] @user_644 \u2192 ╚∙хЄ уЁєяяє: '╚╤1-232'
2025-12-14 20:53:53,513 [INFO] \u2705 [644] ═рщфхэю 1 уЁєяя√ фы  чряЁюёр '╚╤1-232'
2025-12-14 20:53:53,513 [INFO] \U0001f4c5 [644] ╟руЁєцр■ Ёрёяшёрэшх фы : ╚╤1-232
2025-12-14 20:53:53,534 [INFO] \U0001f50d [645] @user_645 \u2192 ╚∙хЄ уЁєяяє: '╚╤1-231'
2025-12-14 20:53:53,535 [INFO] \u2705 [645] ═рщфхэю 1 уЁєяя√ фы  чряЁюёр '╚╤1-231'
2025-12-14 20:53:53,535 [INFO] \U0001f4c5 [645] ╟руЁєцр■ Ёрёяшёрэшх фы : ╚╤1-231
2025-12-14 20:53:53,556 [INFO] \U0001f50d [645] @user_645 \u2192 ╚∙хЄ уЁєяяє: '╚╤1-232'
2025-12-14 20:53:53,557 [INFO] \u2705 [645] ═рщфхэю 1 уЁєяя√ фы  чряЁюёр '╚╤1-232'
2025-12-14 20:53:53,558 [INFO] \U0001f4c5 [645] ╟руЁєцр■ Ёрёяшёрэшх фы : ╚╤1-232
2025-12-14 20:53:53,576 [INFO] \U0001f50d [646] @user_646 \u2192 ╚∙хЄ уЁєяяє: '╚╤1-231'
2025-12-14 20:53:53,576 [INFO] \u2705 [646] ═рщфхэю 1 уЁєяя√ фы  чряЁюёр '╚╤1-231'
2025-12-14 20:53:53,576 [INFO] \U0001f4c5 [646] ╟руЁєцр■ Ёрёяшёрэшх фы : ╚╤1-231
2025-12-14 20:53:53,598 [INFO] \U0001f50d [646] @user_646 \u2192 ╚∙хЄ уЁєяяє: '╚╤1-232'
2025-12-14 20:53:53,599 [INFO] \u2705 [646] ═рщфхэю 1 уЁєяя√ фы  чряЁюёр '╚╤1-232'
2025-12-14 20:53:53,599 [INFO] \U0001f4c5 [646] ╟руЁєцр■ Ёрёяшёрэшх фы : ╚╤1-232
2025-12-14 20:53:53,618 [INFO] \U0001f50d [647] @user_647 \u2192 ╚∙хЄ уЁєяяє: '╚╤1-231'
2025-12-14 20:53:53,618 [INFO] \u2705 [647] ═рщфхэю 1 уЁєяя√ фы  чряЁюёр '╚╤1-231'
2025-12-14 20:53:53,619 [INFO] \U0001f4c5 [647] ╟руЁєцр■ Ёрёяшёрэшх фы : ╚╤1-231
2025-12-14 20:53:53,635 [INFO] \U0001f50d [647] @user_647 \u2192 ╚∙хЄ уЁєяяє: '╚╤1-232'
2025-12-14 20:53:53,636 [INFO] \u2705 [647] ═рщфхэю 1 уЁєяя√ фы  чряЁюёр '╚╤1-232'
2025-12-14 20:53:53,636 [INFO] \U0001f4c5 [647] ╟руЁєцр■ Ёрёяшёрэшх фы : ╚╤1-232
2025-12-14 20:53:53,655 [INFO] \U0001f50d [648] @user_648 \u2192 ╚∙хЄ уЁєяяє: '╚╤1-231'
2025-12-14 20:53:53,656 [INFO] \u2705 [648] ═рщфхэю 1 уЁєяя√ фы  чряЁюёр '╚╤1-231'
2025-12-14 20:53:53,656 [INFO] \U0001f4c5 [648] ╟руЁєцр■ Ёрёяшёрэшх фы : ╚╤1-231
2025-12-14 20:53:53,673 [INFO] \U0001f50d [648] @user_648 \u2192 ╚∙хЄ уЁєяяє: '╚╤1-232'
2025-12-14 20:53:53,674 [INFO] \u2705 [648] ═рщфхэю 1 уЁєяя√ фы  чряЁюёр '╚╤1-232'
2025-12-14 20:53:53,674 [INFO] \U0001f4c5 [648] ╟руЁєцр■ Ёрёяшёрэшх фы : ╚╤1-232
2025-12-14 20:53:53,695 [INFO] \U0001f50d [649] @user_649 \u2192 ╚∙хЄ уЁєяяє: '╚╤1-231'
2025-12-14 20:53:53,696 [INFO] \u2705 [649] ═рщфхэю 1 уЁєяя√ фы  чряЁюёр '╚╤1-231'
2025-12-14 20:53:53,696 [INFO] \U0001f4c5 [649] ╟руЁєцр■ Ёрёяшёрэшх фы : ╚╤1-231
2025-12-14 20:53:53,718 [INFO] \U0001f50d [649] @user_649 \u2192 ╚∙хЄ уЁєяяє: '╚╤1-232'
2025-12-14 20:53:53,718 [INFO] \u2705 [649] ═рщфхэю 1 уЁєяя√ фы  чряЁюёр '╚╤1-232'
2025-12-14 20:53:53,719 [INFO] \U0001f4c5 [649] ╟руЁєцр■ Ёрёяшёрэшх фы : ╚╤1-232
2025-12-14 20:53:53,737 [INFO] \U0001f50d [650] @user_650 \u2192 ╚∙хЄ уЁєяяє: '╚╤1-231'
2025-12-14 20:53:53,738 [INFO] \u2705 [650] ═рщфхэю 1 уЁєяя√ фы  чряЁюёр '╚╤1-231'
2025-12-14 20:53:53,738 [INFO] \U0001f4c5 [650] ╟руЁєцр■ Ёрёяшёрэшх фы : ╚╤1-231
2025-12-14 20:53:53,756 [INFO] \U0001f50d [650] @user_650 \u2192 ╚∙хЄ уЁєяяє: '╚╤1-232'
2025-12-14 20:53:53,757 [INFO] \u2705 [650] ═рщфхэю 1 уЁєяя√ фы  чряЁюёр '╚╤1-232'
2025-12-14 20:53:53,757 [INFO] \U0001f4c5 [650] ╟руЁєцр■ Ёрёяшёрэшх фы : ╚╤1-232
2025-12-14 20:53:53,778 [INFO] \U0001f50d [651] @user_651 \u2192 ╚∙хЄ уЁєяяє: '╚╤1-231'
2025-12-14 20:53:53,780 [INFO] \u2705 [651] ═рщфхэю 1 уЁєяя√ фы  чряЁюёр '╚╤1-231'
2025-12-14 20:53:53,780 [INFO] \U0001f4c5 [651] ╟руЁєцр■ Ёрёяшёрэшх фы : ╚╤1-231
2025-12-14 20:53:53,795 [INFO] \U0001f50d [651] @user_651 \u2192 ╚∙хЄ уЁєяяє: '╚╤1-232'
2025-12-14 20:53:53,796 [INFO] \u2705 [651] ═рщфхэю 1 уЁєяя√ фы  чряЁюёр '╚╤1-232'
2025-12-14 20:53:53,796 [INFO] \U0001f4c5 [651] ╟руЁєцр■ Ёрёяшёрэшх фы : ╚╤1-232
2025-12-14 20:53:53,820 [INFO] \U0001f50d [652] @user_652 \u2192 ╚∙хЄ уЁєяяє: '╚╤1-231'
2025-12-14 20:53:53,821 [INFO] \u2705 [652] ═рщфхэю 1 уЁєяя√ фы  чряЁюёр '╚╤1-231'
2025-12-14 20:53:53,821 [INFO] \U0001f4c5 [652] ╟руЁєцр■ Ёрёяшёрэшх фы : ╚╤1-231
2025-12-14 20:53:53,838 [INFO] \U0001f50d [652] @user_652 \u2192 ╚∙хЄ уЁєяяє: '╚╤1-232'
2025-12-14 20:53:53,839 [INFO] \u2705 [652] ═рщфхэю 1 уЁєяя√ фы  чряЁюёр '╚╤1-232'
2025-12-14 20:53:53,839 [INFO] \U0001f4c5 [652] ╟руЁєцр■ Ёрёяшёрэшх фы : ╚╤1-232
2025-12-14 20:53:53,858 [INFO] \U0001f50d [653] @user_653 \u2192 ╚∙хЄ уЁєяяє: '╚╤1-231'
2025-12-14 20:53:53,859 [INFO] \u2705 [653] ═рщфхэю 1 уЁєяя√ фы  чряЁюёр '╚╤1-231'
2025-12-14 20:53:53,860 [INFO] \U0001f4c5 [653] ╟руЁєцр■ Ёрёяшёрэшх фы : ╚╤1-231
2025-12-14 20:53:53,879 [INFO] \U0001f50d [653] @user_653 \u2192 ╚∙хЄ уЁєяяє: '╚╤1-232'
2025-12-14 20:53:53,880 [INFO] \u2705 [653] ═рщфхэю 1 уЁєяя√ фы  чряЁюёр '╚╤1-232'
2025-12-14 20:53:53,880 [INFO] \U0001f4c5 [653] ╟руЁєцр■ Ёрёяшёрэшх фы : ╚╤1-232
2025-12-14 20:53:53,901 [INFO] \U0001f50d [654] @user_654 \u2192 ╚∙хЄ уЁєяяє: '╚╤1-231'
2025-12-14 20:53:53,901 [INFO] \u2705 [654] ═рщфхэю 1 уЁєяя√ фы  чряЁюёр '╚╤1-231'
2025-12-14 20:53:53,902 [INFO] \U0001f4c5 [654] ╟руЁєцр■ Ёрёяшёрэшх фы : ╚╤1-231
2025-12-14 20:53:53,919 [INFO] \U0001f50d [654] @user_654 \u2192 ╚∙хЄ уЁєяяє: '╚╤1-232'
2025-12-14 20:53:53,920 [INFO] \u2705 [654] ═рщфхэю 1 уЁєяя√ фы  чряЁюёр '╚╤1-232'
2025-12-14 20:53:53,921 [INFO] \U0001f4c5 [654] ╟руЁєцр■ Ёрёяшёрэшх фы : ╚╤1-232
2025-12-14 20:53:53,940 [INFO] \U0001f50d [655] @user_655 \u2192 ╚∙хЄ уЁєяяє: '╚╤1-231'
2025-12-14 20:53:53,940 [INFO] \u2705 [655] ═рщфхэю 1 уЁєяя√ фы  чряЁюёр '╚╤1-231'
2025-12-14 20:53:53,940 [INFO] \U0001f4c5 [655] ╟руЁєцр■ Ёрёяшёрэшх фы : ╚╤1-231
2025-12-14 20:53:53,959 [INFO] \U0001f50d [655] @user_655 \u2192 ╚∙хЄ уЁєяяє: '╚╤1-232'
2025-12-14 20:53:53,960 [INFO] \u2705 [655] ═рщфхэю 1 уЁєяя√ фы  чряЁюёр '╚╤1-232'
2025-12-14 20:53:53,960 [INFO] \U0001f4c5 [655] ╟руЁєцр■ Ёрёяшёрэшх фы : ╚╤1-232
2025-12-14 20:53:53,980 [INFO] \U0001f50d [656] @user_656 \u2192 ╚∙хЄ уЁєяяє: '╚╤1-231'
2025-12-14 20:53:53,982 [INFO] \u2705 [656] ═рщфхэю 1 уЁєяя√ фы  чряЁюёр '╚╤1-231'
2025-12-14 20:53:53,982 [INFO] \U0001f4c5 [656] ╟руЁєцр■ Ёрёяшёрэшх фы : ╚╤1-231
2025-12-14 20:53:54,004 [INFO] \U0001f50d [656] @user_656 \u2192 ╚∙хЄ уЁєяяє: '╚╤1-232'
2025-12-14 20:53:54,005 [INFO] \u2705 [656] ═рщфхэю 1 уЁєяя√ фы  чряЁюёр '╚╤1-232'
2025-12-14 20:53:54,005 [INFO] \U0001f4c5 [656] ╟руЁєцр■ Ёрёяшёрэшх фы : ╚╤1-232
2025-12-14 20:53:54,024 [INFO] \U0001f50d [657] @user_657 \u2192 ╚∙хЄ уЁєяяє: '╚╤1-231'
2025-12-14 20:53:54,026 [INFO] \u2705 [657] ═рщфхэю 1 уЁєяя√ фы  чряЁюёр '╚╤1-231'
2025-12-14 20:53:54,026 [INFO] \U0001f4c5 [657] ╟руЁєцр■ Ёрёяшёрэшх фы : ╚╤1-231
2025-12-14 20:53:54,047 [INFO] \U0001f50d [657] @user_657 \u2192 ╚∙хЄ уЁєяяє: '╚╤1-232'
2025-12-14 20:53:54,048 [INFO] \u2705 [657] ═рщфхэю 1 уЁєяя√ фы  чряЁюёр '╚╤1-232'
2025-12-14 20:53:54,048 [INFO] \U0001f4c5 [657] ╟руЁєцр■ Ёрёяшёрэшх фы : ╚╤1-232
2025-12-14 20:53:54,071 [INFO] \U0001f50d [658] @user_658 \u2192 ╚∙хЄ уЁєяяє: '╚╤1-231'
2025-12-14 20:53:54,072 [INFO] \u2705 [658] ═рщфхэю 1 уЁєяя√ фы  чряЁюёр '╚╤1-231'
2025-12-14 20:53:54,072 [INFO] \U0001f4c5 [658] ╟руЁєцр■ Ёрёяшёрэшх фы : ╚╤1-231
2025-12-14 20:53:54,089 [INFO] \U0001f50d [658] @user_658 \u2192 ╚∙хЄ уЁєяяє: '╚╤1-232'
2025-12-14 20:53:54,090 [INFO] \u2705 [658] ═рщфхэю 1 уЁєяя√ фы  чряЁюёр '╚╤1-232'
2025-12-14 20:53:54,090 [INFO] \U0001f4c5 [658] ╟руЁєцр■ Ёрёяшёрэшх фы : ╚╤1-232
2025-12-14 20:53:54,108 [INFO] \U0001f50d [659] @user_659 \u2192 ╚∙хЄ уЁєяяє: '╚╤1-231'
2025-12-14 20:53:54,109 [INFO] \u2705 [659] ═рщфхэю 1 уЁєяя√ фы  чряЁюёр '╚╤1-231'
2025-12-14 20:53:54,109 [INFO] \U0001f4c5 [659] ╟руЁєцр■ Ёрёяшёрэшх фы : ╚╤1-231
2025-12-14 20:53:54,125 [INFO] \U0001f50d [659] @user_659 \u2192 ╚∙хЄ уЁєяяє: '╚╤1-232'
2025-12-14 20:53:54,126 [INFO] \u2705 [659] ═рщфхэю 1 уЁєяя√ фы  чряЁюёр '╚╤1-232'
2025-12-14 20:53:54,126 [INFO] \U0001f4c5 [659] ╟руЁєцр■ Ёрёяшёрэшх фы : ╚╤1-232
2025-12-14 20:53:54,141 [INFO] \U0001f50d [660] @user_660 \u2192 ╚∙хЄ уЁєяяє: '╚╤1-231'
2025-12-14 20:53:54,142 [INFO] \u2705 [660] ═рщфхэю 1 уЁєяя√ фы  чряЁюёр '╚╤1-231'
2025-12-14 20:53:54,142 [INFO] \U0001f4c5 [660] ╟руЁєцр■ Ёрёяшёрэшх фы : ╚╤1-231
2025-12-14 20:53:54,162 [INFO] \U0001f50d [660] @user_660 \u2192 ╚∙хЄ уЁєяяє: '╚╤1-232'
2025-12-14 20:53:54,164 [INFO] \u2705 [660] ═рщфхэю 1 уЁєяя√ фы  чряЁюёр '╚╤1-232'
2025-12-14 20:53:54,164 [INFO] \U0001f4c5 [660] ╟руЁєцр■ Ёрёяшёрэшх фы : ╚╤1-232
2025-12-14 20:53:54,180 [INFO] \U0001f50d [661] @user_661 \u2192 ╚∙хЄ уЁєяяє: '╚╤1-231'
2025-12-14 20:53:54,180 [INFO] \u2705 [661] ═рщфхэю 1 уЁєяя√ фы  чряЁюёр '╚╤1-231'
2025-12-14 20:53:54,181 [INFO] \U0001f4c5 [661] ╟руЁєцр■ Ёрёяшёрэшх фы : ╚╤1-231
2025-12-14 20:53:54,205 [INFO] \U0001f50d [661] @user_661 \u2192 ╚∙хЄ уЁєяяє: '╚╤1-232'
2025-12-14 20:53:54,206 [INFO] \u2705 [661] ═рщфхэю 1 уЁєяя√ фы  чряЁюёр '╚╤1-232'
2025-12-14 20:53:54,207 [INFO] \U0001f4c5 [661] ╟руЁєцр■ Ёрёяшёрэшх фы : ╚╤1-232
2025-12-14 20:53:54,223 [INFO] \U0001f50d [662] @user_662 \u2192 ╚∙хЄ уЁєяяє: '╚╤1-231'
2025-12-14 20:53:54,223 [INFO] \u2705 [662] ═рщфхэю 1 уЁєяя√ фы  чряЁюёр '╚╤1-231'
2025-12-14 20:53:54,223 [INFO] \U0001f4c5 [662] ╟руЁєцр■ Ёрёяшёрэшх фы : ╚╤1-231
2025-12-14 20:53:54,241 [INFO] \U0001f50d [662] @user_662 \u2192 ╚∙хЄ уЁєяяє: '╚╤1-232'
2025-12-14 20:53:54,242 [INFO] \u2705 [662] ═рщфхэю 1 уЁєяя√ фы  чряЁюёр '╚╤1-232'
2025-12-14 20:53:54,243 [INFO] \U0001f4c5 [662] ╟руЁєцр■ Ёрёяшёрэшх фы : ╚╤1-232
2025-12-14 20:53:54,260 [INFO] \U0001f50d [663] @user_663 \u2192 ╚∙хЄ уЁєяяє: '╚╤1-231'
2025-12-14 20:53:54,261 [INFO] \u2705 [663] ═рщфхэю 1 уЁєяя√ фы  чряЁюёр '╚╤1-231'
2025-12-14 20:53:54,261 [INFO] \U0001f4c5 [663] ╟руЁєцр■ Ёрёяшёрэшх фы : ╚╤1-231
2025-12-14 20:53:54,276 [INFO] \U0001f50d [663] @user_663 \u2192 ╚∙хЄ уЁєяяє: '╚╤1-232'
2025-12-14 20:53:54,277 [INFO] \u2705 [663] ═рщфхэю 1 уЁєяя√ фы  чряЁюёр '╚╤1-232'
2025-12-14 20:53:54,277 [INFO] \U0001f4c5 [663] ╟руЁєцр■ Ёрёяшёрэшх фы : ╚╤1-232
2025-12-14 20:53:54,293 [INFO] \U0001f50d [664] @user_664 \u2192 ╚∙хЄ уЁєяяє: '╚╤1-231'
2025-12-14 20:53:54,294 [INFO] \u2705 [664] ═рщфхэю 1 уЁєяя√ фы  чряЁюёр '╚╤1-231'
2025-12-14 20:53:54,294 [INFO] \U0001f4c5 [664] ╟руЁєцр■ Ёрёяшёрэшх фы : ╚╤1-231
2025-12-14 20:53:54,314 [INFO] \U0001f50d [664] @user_664 \u2192 ╚∙хЄ уЁєяяє: '╚╤1-232'
2025-12-14 20:53:54,316 [INFO] \u2705 [664] ═рщфхэю 1 уЁєяя√ фы  чряЁюёр '╚╤1-232'
2025-12-14 20:53:54,316 [INFO] \U0001f4c5 [664] ╟руЁєцр■ Ёрёяшёрэшх фы : ╚╤1-232
2025-12-14 20:53:54,336 [INFO] \U0001f50d [665] @user_665 \u2192 ╚∙хЄ уЁєяяє: '╚╤1-231'
2025-12-14 20:53:54,337 [INFO] \u2705 [665] ═рщфхэю 1 уЁєяя√ фы  чряЁюёр '╚╤1-231'
2025-12-14 20:53:54,337 [INFO] \U0001f4c5 [665] ╟руЁєцр■ Ёрёяшёрэшх фы : ╚╤1-231
2025-12-14 20:53:54,352 [INFO] \U0001f50d [665] @user_665 \u2192 ╚∙хЄ уЁєяяє: '╚╤1-232'
2025-12-14 20:53:54,353 [INFO] \u2705 [665] ═рщфхэю 1 уЁєяя√ фы  чряЁюёр '╚╤1-232'
2025-12-14 20:53:54,353 [INFO] \U0001f4c5 [665] ╟руЁєцр■ Ёрёяшёрэшх фы : ╚╤1-232
2025-12-14 20:53:54,369 [INFO] \U0001f50d [666] @user_666 \u2192 ╚∙хЄ уЁєяяє: '╚╤1-231'
2025-12-14 20:53:54,370 [INFO] \u2705 [666] ═рщфхэю 1 уЁєяя√ фы  чряЁюёр '╚╤1-231'
2025-12-14 20:53:54,370 [INFO] \U0001f4c5 [666] ╟руЁєцр■ Ёрёяшёрэшх фы : ╚╤1-231
2025-12-14 20:53:54,386 [INFO] \U0001f50d [666] @user_666 \u2192 ╚∙хЄ уЁєяяє: '╚╤1-232'
2025-12-14 20:53:54,387 [INFO] \u2705 [666] ═рщфхэю 1 уЁєяя√ фы  чряЁюёр '╚╤1-232'
2025-12-14 20:53:54,387 [INFO] \U0001f4c5 [666] ╟руЁєцр■ Ёрёяшёрэшх фы : ╚╤1-232
2025-12-14 20:53:54,401 [INFO] \U0001f50d [667] @user_667 \u2192 ╚∙хЄ уЁєяяє: '╚╤1-231'
2025-12-14 20:53:54,402 [INFO] \u2705 [667] ═рщфхэю 1 уЁєяя√ фы  чряЁюёр '╚╤1-231'
2025-12-14 20:53:54,402 [INFO] \U0001f4c5 [667] ╟руЁєцр■ Ёрёяшёрэшх фы : ╚╤1-231
2025-12-14 20:53:54,421 [INFO] \U0001f50d [667] @user_667 \u2192 ╚∙хЄ уЁєяяє: '╚╤1-232'
2025-12-14 20:53:54,422 [INFO] \u2705 [667] ═рщфхэю 1 уЁєяя√ фы  чряЁюёр '╚╤1-232'
2025-12-14 20:53:54,423 [INFO] \U0001f4c5 [667] ╟руЁєцр■ Ёрёяшёрэшх фы : ╚╤1-232
2025-12-14 20:53:54,440 [INFO] \U0001f50d [668] @user_668 \u2192 ╚∙хЄ уЁєяяє: '╚╤1-231'
2025-12-14 20:53:54,441 [INFO] \u2705 [668] ═рщфхэю 1 уЁєяя√ фы  чряЁюёр '╚╤1-231'
2025-12-14 20:53:54,441 [INFO] \U0001f4c5 [668] ╟руЁєцр■ Ёрёяшёрэшх фы : ╚╤1-231
2025-12-14 20:53:54,456 [INFO] \U0001f50d [668] @user_668 \u2192 ╚∙хЄ уЁєяяє: '╚╤1-232'
2025-12-14 20:53:54,457 [INFO] \u2705 [668] ═рщфхэю 1 уЁєяя√ фы  чряЁюёр '╚╤1-232'
2025-12-14 20:53:54,457 [INFO] \U0001f4c5 [668] ╟руЁєцр■ Ёрёяшёрэшх фы : ╚╤1-232
2025-12-14 20:53:54,475 [INFO] \U0001f50d [669] @user_669 \u2192 ╚∙хЄ уЁєяяє: '╚╤1-231'
2025-12-14 20:53:54,476 [INFO] \u2705 [669] ═рщфхэю 1 уЁєяя√ фы  чряЁюёр '╚╤1-231'
2025-12-14 20:53:54,476 [INFO] \U0001f4c5 [669] ╟руЁєцр■ Ёрёяшёрэшх фы : ╚╤1-231
2025-12-14 20:53:54,497 [INFO] \U0001f50d [669] @user_669 \u2192 ╚∙хЄ уЁєяяє: '╚╤1-232'
2025-12-14 20:53:54,499 [INFO] \u2705 [669] ═рщфхэю 1 уЁєяя√ фы  чряЁюёр '╚╤1-232'
2025-12-14 20:53:54,499 [INFO] \U0001f4c5 [669] ╟руЁєцр■ Ёрёяшёрэшх фы : ╚╤1-232
2025-12-14 20:53:54,521 [INFO] \U0001f50d [670] @user_670 \u2192 ╚∙хЄ уЁєяяє: '╚╤1-231'
2025-12-14 20:53:54,522 [INFO] \u2705 [670] ═рщфхэю 1 уЁєяя√ фы  чряЁюёр '╚╤1-231'
2025-12-14 20:53:54,522 [INFO] \U0001f4c5 [670] ╟руЁєцр■ Ёрёяшёрэшх фы : ╚╤1-231
2025-12-14 20:53:54,542 [INFO] \U0001f50d [670] @user_670 \u2192 ╚∙хЄ уЁєяяє: '╚╤1-232'
2025-12-14 20:53:54,543 [INFO] \u2705 [670] ═рщфхэю 1 уЁєяя√ фы  чряЁюёр '╚╤1-232'
2025-12-14 20:53:54,543 [INFO] \U0001f4c5 [670] ╟руЁєцр■ Ёрёяшёрэшх фы : ╚╤1-232
2025-12-14 20:53:54,566 [INFO] \U0001f50d [671] @user_671 \u2192 ╚∙хЄ уЁєяяє: '╚╤1-231'
2025-12-14 20:53:54,568 [INFO] \u2705 [671] ═рщфхэю 1 уЁєяя√ фы  чряЁюёр '╚╤1-231'
2025-12-14 20:53:54,568 [INFO] \U0001f4c5 [671] ╟руЁєцр■ Ёрёяшёрэшх фы : ╚╤1-231
2025-12-14 20:53:54,587 [INFO] \U0001f50d [671] @user_671 \u2192 ╚∙хЄ уЁєяяє: '╚╤1-232'
2025-12-14 20:53:54,588 [INFO] \u2705 [671] ═рщфхэю 1 уЁєяя√ фы  чряЁюёр '╚╤1-232'
2025-12-14 20:53:54,588 [INFO] \U0001f4c5 [671] ╟руЁєцр■ Ёрёяшёрэшх фы : ╚╤1-232
2025-12-14 20:53:54,606 [INFO] \U0001f50d [672] @user_672 \u2192 ╚∙хЄ уЁєяяє: '╚╤1-231'
2025-12-14 20:53:54,607 [INFO] \u2705 [672] ═рщфхэю 1 уЁєяя√ фы  чряЁюёр '╚╤1-231'
2025-12-14 20:53:54,607 [INFO] \U0001f4c5 [672] ╟руЁєцр■ Ёрёяшёрэшх фы : ╚╤1-231
2025-12-14 20:53:54,623 [INFO] \U0001f50d [672] @user_672 \u2192 ╚∙хЄ уЁєяяє: '╚╤1-232'
2025-12-14 20:53:54,623 [INFO] \u2705 [672] ═рщфхэю 1 уЁєяя√ фы  чряЁюёр '╚╤1-232'
2025-12-14 20:53:54,623 [INFO] \U0001f4c5 [672] ╟руЁєцр■ Ёрёяшёрэшх фы : ╚╤1-232
2025-12-14 20:53:54,637 [INFO] \U0001f50d [673] @user_673 \u2192 ╚∙хЄ уЁєяяє: '╚╤1-231'
2025-12-14 20:53:54,638 [INFO] \u2705 [673] ═рщфхэю 1 уЁєяя√ фы  чряЁюёр '╚╤1-231'
2025-12-14 20:53:54,638 [INFO] \U0001f4c5 [673] ╟руЁєцр■ Ёрёяшёрэшх фы : ╚╤1-231
2025-12-14 20:53:54,657 [INFO] \U0001f50d [673] @user_673 \u2192 ╚∙хЄ уЁєяяє: '╚╤1-232'
2025-12-14 20:53:54,658 [INFO] \u2705 [673] ═рщфхэю 1 уЁєяя√ фы  чряЁюёр '╚╤1-232'
2025-12-14 20:53:54,658 [INFO] \U0001f4c5 [673] ╟руЁєцр■ Ёрёяшёрэшх фы : ╚╤1-232
2025-12-14 20:53:54,678 [INFO] \U0001f50d [674] @user_674 \u2192 ╚∙хЄ уЁєяяє: '╚╤1-231'
2025-12-14 20:53:54,679 [INFO] \u2705 [674] ═рщфхэю 1 уЁєяя√ фы  чряЁюёр '╚╤1-231'
2025-12-14 20:53:54,680 [INFO] \U0001f4c5 [674] ╟руЁєцр■ Ёрёяшёрэшх фы : ╚╤1-231
2025-12-14 20:53:54,700 [INFO] \U0001f50d [674] @user_674 \u2192 ╚∙хЄ уЁєяяє: '╚╤1-232'
2025-12-14 20:53:54,703 [INFO] \u2705 [674] ═рщфхэю 1 уЁєяя√ фы  чряЁюёр '╚╤1-232'
2025-12-14 20:53:54,703 [INFO] \U0001f4c5 [674] ╟руЁєцр■ Ёрёяшёрэшх фы : ╚╤1-232
2025-12-14 20:53:54,725 [INFO] \U0001f50d [675] @user_675 \u2192 ╚∙хЄ уЁєяяє: '╚╤1-231'
2025-12-14 20:53:54,726 [INFO] \u2705 [675] ═рщфхэю 1 уЁєяя√ фы  чряЁюёр '╚╤1-231'
2025-12-14 20:53:54,726 [INFO] \U0001f4c5 [675] ╟руЁєцр■ Ёрёяшёрэшх фы : ╚╤1-231
2025-12-14 20:53:54,741 [INFO] \U0001f50d [675] @user_675 \u2192 ╚∙хЄ уЁєяяє: '╚╤1-232'
2025-12-14 20:53:54,742 [INFO] \u2705 [675] ═рщфхэю 1 уЁєяя√ фы  чряЁюёр '╚╤1-232'
2025-12-14 20:53:54,742 [INFO] \U0001f4c5 [675] ╟руЁєцр■ Ёрёяшёрэшх фы : ╚╤1-232
2025-12-14 20:53:54,760 [INFO] \U0001f50d [676] @user_676 \u2192 ╚∙хЄ уЁєяяє: '╚╤1-231'
2025-12-14 20:53:54,761 [INFO] \u2705 [676] ═рщфхэю 1 уЁєяя√ фы  чряЁюёр '╚╤1-231'
2025-12-14 20:53:54,761 [INFO] \U0001f4c5 [676] ╟руЁєцр■ Ёрёяшёрэшх фы : ╚╤1-231
2025-12-14 20:53:54,776 [INFO] \U0001f50d [676] @user_676 \u2192 ╚∙хЄ уЁєяяє: '╚╤1-232'
2025-12-14 20:53:54,777 [INFO] \u2705 [676] ═рщфхэю 1 уЁєяя√ фы  чряЁюёр '╚╤1-232'
2025-12-14 20:53:54,778 [INFO] \U0001f4c5 [676] ╟руЁєцр■ Ёрёяшёрэшх фы : ╚╤1-232
2025-12-14 20:53:54,793 [INFO] \U0001f50d [677] @user_677 \u2192 ╚∙хЄ уЁєяяє: '╚╤1-231'
2025-12-14 20:53:54,794 [INFO] \u2705 [677] ═рщфхэю 1 уЁєяя√ фы  чряЁюёр '╚╤1-231'
2025-12-14 20:53:54,794 [INFO] \U0001f4c5 [677] ╟руЁєцр■ Ёрёяшёрэшх фы : ╚╤1-231
2025-12-14 20:53:54,811 [INFO] \U0001f50d [677] @user_677 \u2192 ╚∙хЄ уЁєяяє: '╚╤1-232'
2025-12-14 20:53:54,811 [INFO] \u2705 [677] ═рщфхэю 1 уЁєяя√ фы  чряЁюёр '╚╤1-232'
2025-12-14 20:53:54,812 [INFO] \U0001f4c5 [677] ╟руЁєцр■ Ёрёяшёрэшх фы : ╚╤1-232
2025-12-14 20:53:54,827 [INFO] \U0001f50d [678] @user_678 \u2192 ╚∙хЄ уЁєяяє: '╚╤1-231'
2025-12-14 20:53:54,828 [INFO] \u2705 [678] ═рщфхэю 1 уЁєяя√ фы  чряЁюёр '╚╤1-231'
2025-12-14 20:53:54,828 [INFO] \U0001f4c5 [678] ╟руЁєцр■ Ёрёяшёрэшх фы : ╚╤1-231
2025-12-14 20:53:54,846 [INFO] \U0001f50d [678] @user_678 \u2192 ╚∙хЄ уЁєяяє: '╚╤1-232'
2025-12-14 20:53:54,847 [INFO] \u2705 [678] ═рщфхэю 1 уЁєяя√ фы  чряЁюёр '╚╤1-232'
2025-12-14 20:53:54,847 [INFO] \U0001f4c5 [678] ╟руЁєцр■ Ёрёяшёрэшх фы : ╚╤1-232
2025-12-14 20:53:54,865 [INFO] \U0001f50d [679] @user_679 \u2192 ╚∙хЄ уЁєяяє: '╚╤1-231'
2025-12-14 20:53:54,866 [INFO] \u2705 [679] ═рщфхэю 1 уЁєяя√ фы  чряЁюёр '╚╤1-231'
2025-12-14 20:53:54,866 [INFO] \U0001f4c5 [679] ╟руЁєцр■ Ёрёяшёрэшх фы : ╚╤1-231
2025-12-14 20:53:54,888 [INFO] \U0001f50d [679] @user_679 \u2192 ╚∙хЄ уЁєяяє: '╚╤1-232'
2025-12-14 20:53:54,889 [INFO] \u2705 [679] ═рщфхэю 1 уЁєяя√ фы  чряЁюёр '╚╤1-232'
2025-12-14 20:53:54,889 [INFO] \U0001f4c5 [679] ╟руЁєцр■ Ёрёяшёрэшх фы : ╚╤1-232
2025-12-14 20:53:54,906 [INFO] \U0001f50d [680] @user_680 \u2192 ╚∙хЄ уЁєяяє: '╚╤1-231'
2025-12-14 20:53:54,906 [INFO] \u2705 [680] ═рщфхэю 1 уЁєяя√ фы  чряЁюёр '╚╤1-231'
2025-12-14 20:53:54,907 [INFO] \U0001f4c5 [680] ╟руЁєцр■ Ёрёяшёрэшх фы : ╚╤1-231
2025-12-14 20:53:54,923 [INFO] \U0001f50d [680] @user_680 \u2192 ╚∙хЄ уЁєяяє: '╚╤1-232'
2025-12-14 20:53:54,924 [INFO] \u2705 [680] ═рщфхэю 1 уЁєяя√ фы  чряЁюёр '╚╤1-232'
2025-12-14 20:53:54,924 [INFO] \U0001f4c5 [680] ╟руЁєцр■ Ёрёяшёрэшх фы : ╚╤1-232
2025-12-14 20:53:54,941 [INFO] \U0001f50d [681] @user_681 \u2192 ╚∙хЄ уЁєяяє: '╚╤1-231'
2025-12-14 20:53:54,942 [INFO] \u2705 [681] ═рщфхэю 1 уЁєяя√ фы  чряЁюёр '╚╤1-231'
2025-12-14 20:53:54,942 [INFO] \U0001f4c5 [681] ╟руЁєцр■ Ёрёяшёрэшх фы : ╚╤1-231
2025-12-14 20:53:54,961 [INFO] \U0001f50d [681] @user_681 \u2192 ╚∙хЄ уЁєяяє: '╚╤1-232'
2025-12-14 20:53:54,962 [INFO] \u2705 [681] ═рщфхэю 1 уЁєяя√ фы  чряЁюёр '╚╤1-232'
2025-12-14 20:53:54,962 [INFO] \U0001f4c5 [681] ╟руЁєцр■ Ёрёяшёрэшх фы : ╚╤1-232
2025-12-14 20:53:54,979 [INFO] \U0001f50d [682] @user_682 \u2192 ╚∙хЄ уЁєяяє: '╚╤1-231'
2025-12-14 20:53:54,979 [INFO] \u2705 [682] ═рщфхэю 1 уЁєяя√ фы  чряЁюёр '╚╤1-231'
2025-12-14 20:53:54,979 [INFO] \U0001f4c5 [682] ╟руЁєцр■ Ёрёяшёрэшх фы : ╚╤1-231
2025-12-14 20:53:55,004 [INFO] \U0001f50d [682] @user_682 \u2192 ╚∙хЄ уЁєяяє: '╚╤1-232'
2025-12-14 20:53:55,005 [INFO] \u2705 [682] ═рщфхэю 1 уЁєяя√ фы  чряЁюёр '╚╤1-232'
2025-12-14 20:53:55,005 [INFO] \U0001f4c5 [682] ╟руЁєцр■ Ёрёяшёрэшх фы : ╚╤1-232
2025-12-14 20:53:55,022 [INFO] \U0001f50d [683] @user_683 \u2192 ╚∙хЄ уЁєяяє: '╚╤1-231'
2025-12-14 20:53:55,022 [INFO] \u2705 [683] ═рщфхэю 1 уЁєяя√ фы  чряЁюёр '╚╤1-231'
2025-12-14 20:53:55,023 [INFO] \U0001f4c5 [683] ╟руЁєцр■ Ёрёяшёрэшх фы : ╚╤1-231
2025-12-14 20:53:55,038 [INFO] \U0001f50d [683] @user_683 \u2192 ╚∙хЄ уЁєяяє: '╚╤1-232'
2025-12-14 20:53:55,039 [INFO] \u2705 [683] ═рщфхэю 1 уЁєяя√ фы  чряЁюёр '╚╤1-232'
2025-12-14 20:53:55,039 [INFO] \U0001f4c5 [683] ╟руЁєцр■ Ёрёяшёрэшх фы : ╚╤1-232
2025-12-14 20:53:55,057 [INFO] \U0001f50d [684] @user_684 \u2192 ╚∙хЄ уЁєяяє: '╚╤1-231'
2025-12-14 20:53:55,058 [INFO] \u2705 [684] ═рщфхэю 1 уЁєяя√ фы  чряЁюёр '╚╤1-231'
2025-12-14 20:53:55,058 [INFO] \U0001f4c5 [684] ╟руЁєцр■ Ёрёяшёрэшх фы : ╚╤1-231
2025-12-14 20:53:55,079 [INFO] \U0001f50d [684] @user_684 \u2192 ╚∙хЄ уЁєяяє: '╚╤1-232'
2025-12-14 20:53:55,080 [INFO] \u2705 [684] ═рщфхэю 1 уЁєяя√ фы  чряЁюёр '╚╤1-232'
2025-12-14 20:53:55,080 [INFO] \U0001f4c5 [684] ╟руЁєцр■ Ёрёяшёрэшх фы : ╚╤1-232
2025-12-14 20:53:55,095 [INFO] \U0001f50d [685] @user_685 \u2192 ╚∙хЄ уЁєяяє: '╚╤1-231'
2025-12-14 20:53:55,096 [INFO] \u2705 [685] ═рщфхэю 1 уЁєяя√ фы  чряЁюёр '╚╤1-231'
2025-12-14 20:53:55,096 [INFO] \U0001f4c5 [685] ╟руЁєцр■ Ёрёяшёрэшх фы : ╚╤1-231
2025-12-14 20:53:55,117 [INFO] \U0001f50d [685] @user_685 \u2192 ╚∙хЄ уЁєяяє: '╚╤1-232'
2025-12-14 20:53:55,120 [INFO] \u2705 [685] ═рщфхэю 1 уЁєяя√ фы  чряЁюёр '╚╤1-232'
2025-12-14 20:53:55,120 [INFO] \U0001f4c5 [685] ╟руЁєцр■ Ёрёяшёрэшх фы : ╚╤1-232
2025-12-14 20:53:55,138 [INFO] \U0001f50d [686] @user_686 \u2192 ╚∙хЄ уЁєяяє: '╚╤1-231'
2025-12-14 20:53:55,139 [INFO] \u2705 [686] ═рщфхэю 1 уЁєяя√ фы  чряЁюёр '╚╤1-231'
2025-12-14 20:53:55,139 [INFO] \U0001f4c5 [686] ╟руЁєцр■ Ёрёяшёрэшх фы : ╚╤1-231
2025-12-14 20:53:55,155 [INFO] \U0001f50d [686] @user_686 \u2192 ╚∙хЄ уЁєяяє: '╚╤1-232'
2025-12-14 20:53:55,156 [INFO] \u2705 [686] ═рщфхэю 1 уЁєяя√ фы  чряЁюёр '╚╤1-232'
2025-12-14 20:53:55,156 [INFO] \U0001f4c5 [686] ╟руЁєцр■ Ёрёяшёрэшх фы : ╚╤1-232
2025-12-14 20:53:55,173 [INFO] \U0001f50d [687] @user_687 \u2192 ╚∙хЄ уЁєяяє: '╚╤1-231'
2025-12-14 20:53:55,175 [INFO] \u2705 [687] ═рщфхэю 1 уЁєяя√ фы  чряЁюёр '╚╤1-231'
2025-12-14 20:53:55,175 [INFO] \U0001f4c5 [687] ╟руЁєцр■ Ёрёяшёрэшх фы : ╚╤1-231
2025-12-14 20:53:55,194 [INFO] \U0001f50d [687] @user_687 \u2192 ╚∙хЄ уЁєяяє: '╚╤1-232'
2025-12-14 20:53:55,195 [INFO] \u2705 [687] ═рщфхэю 1 уЁєяя√ фы  чряЁюёр '╚╤1-232'
2025-12-14 20:53:55,195 [INFO] \U0001f4c5 [687] ╟руЁєцр■ Ёрёяшёрэшх фы : ╚╤1-232
2025-12-14 20:53:55,216 [INFO] \U0001f50d [688] @user_688 \u2192 ╚∙хЄ уЁєяяє: '╚╤1-231'
2025-12-14 20:53:55,217 [INFO] \u2705 [688] ═рщфхэю 1 уЁєяя√ фы  чряЁюёр '╚╤1-231'
2025-12-14 20:53:55,217 [INFO] \U0001f4c5 [688] ╟руЁєцр■ Ёрёяшёрэшх фы : ╚╤1-231
2025-12-14 20:53:55,237 [INFO] \U0001f50d [688] @user_688 \u2192 ╚∙хЄ уЁєяяє: '╚╤1-232'
2025-12-14 20:53:55,237 [INFO] \u2705 [688] ═рщфхэю 1 уЁєяя√ фы  чряЁюёр '╚╤1-232'
2025-12-14 20:53:55,238 [INFO] \U0001f4c5 [688] ╟руЁєцр■ Ёрёяшёрэшх фы : ╚╤1-232
2025-12-14 20:53:55,256 [INFO] \U0001f50d [689] @user_689 \u2192 ╚∙хЄ уЁєяяє: '╚╤1-231'
2025-12-14 20:53:55,257 [INFO] \u2705 [689] ═рщфхэю 1 уЁєяя√ фы  чряЁюёр '╚╤1-231'
2025-12-14 20:53:55,257 [INFO] \U0001f4c5 [689] ╟руЁєцр■ Ёрёяшёрэшх фы : ╚╤1-231
2025-12-14 20:53:55,274 [INFO] \U0001f50d [689] @user_689 \u2192 ╚∙хЄ уЁєяяє: '╚╤1-232'
2025-12-14 20:53:55,275 [INFO] \u2705 [689] ═рщфхэю 1 уЁєяя√ фы  чряЁюёр '╚╤1-232'
2025-12-14 20:53:55,275 [INFO] \U0001f4c5 [689] ╟руЁєцр■ Ёрёяшёрэшх фы : ╚╤1-232
2025-12-14 20:53:55,294 [INFO] \U0001f50d [690] @user_690 \u2192 ╚∙хЄ уЁєяяє: '╚╤1-231'
2025-12-14 20:53:55,295 [INFO] \u2705 [690] ═рщфхэю 1 уЁєяя√ фы  чряЁюёр '╚╤1-231'
2025-12-14 20:53:55,295 [INFO] \U0001f4c5 [690] ╟руЁєцр■ Ёрёяшёрэшх фы : ╚╤1-231
2025-12-14 20:53:55,314 [INFO] \U0001f50d [690] @user_690 \u2192 ╚∙хЄ уЁєяяє: '╚╤1-232'
2025-12-14 20:53:55,315 [INFO] \u2705 [690] ═рщфхэю 1 уЁєяя√ фы  чряЁюёр '╚╤1-232'
2025-12-14 20:53:55,315 [INFO] \U0001f4c5 [690] ╟руЁєцр■ Ёрёяшёрэшх фы : ╚╤1-232
2025-12-14 20:53:55,334 [INFO] \U0001f50d [691] @user_691 \u2192 ╚∙хЄ уЁєяяє: '╚╤1-231'
2025-12-14 20:53:55,335 [INFO] \u2705 [691] ═рщфхэю 1 уЁєяя√ фы  чряЁюёр '╚╤1-231'
2025-12-14 20:53:55,335 [INFO] \U0001f4c5 [691] ╟руЁєцр■ Ёрёяшёрэшх фы : ╚╤1-231
2025-12-14 20:53:55,354 [INFO] \U0001f50d [691] @user_691 \u2192 ╚∙хЄ уЁєяяє: '╚╤1-232'
2025-12-14 20:53:55,355 [INFO] \u2705 [691] ═рщфхэю 1 уЁєяя√ фы  чряЁюёр '╚╤1-232'
2025-12-14 20:53:55,355 [INFO] \U0001f4c5 [691] ╟руЁєцр■ Ёрёяшёрэшх фы : ╚╤1-232
2025-12-14 20:53:55,372 [INFO] \U0001f50d [692] @user_692 \u2192 ╚∙хЄ уЁєяяє: '╚╤1-231'
2025-12-14 20:53:55,373 [INFO] \u2705 [692] ═рщфхэю 1 уЁєяя√ фы  чряЁюёр '╚╤1-231'
2025-12-14 20:53:55,373 [INFO] \U0001f4c5 [692] ╟руЁєцр■ Ёрёяшёрэшх фы : ╚╤1-231
2025-12-14 20:53:55,389 [INFO] \U0001f50d [692] @user_692 \u2192 ╚∙хЄ уЁєяяє: '╚╤1-232'
2025-12-14 20:53:55,390 [INFO] \u2705 [692] ═рщфхэю 1 уЁєяя√ фы  чряЁюёр '╚╤1-232'
2025-12-14 20:53:55,390 [INFO] \U0001f4c5 [692] ╟руЁєцр■ Ёрёяшёрэшх фы : ╚╤1-232
2025-12-14 20:53:55,406 [INFO] \U0001f50d [693] @user_693 \u2192 ╚∙хЄ уЁєяяє: '╚╤1-231'
2025-12-14 20:53:55,407 [INFO] \u2705 [693] ═рщфхэю 1 уЁєяя√ фы  чряЁюёр '╚╤1-231'
2025-12-14 20:53:55,407 [INFO] \U0001f4c5 [693] ╟руЁєцр■ Ёрёяшёрэшх фы : ╚╤1-231
2025-12-14 20:53:55,422 [INFO] \U0001f50d [693] @user_693 \u2192 ╚∙хЄ уЁєяяє: '╚╤1-232'
2025-12-14 20:53:55,423 [INFO] \u2705 [693] ═рщфхэю 1 уЁєяя√ фы  чряЁюёр '╚╤1-232'
2025-12-14 20:53:55,423 [INFO] \U0001f4c5 [693] ╟руЁєцр■ Ёрёяшёрэшх фы : ╚╤1-232
2025-12-14 20:53:55,439 [INFO] \U0001f50d [694] @user_694 \u2192 ╚∙хЄ уЁєяяє: '╚╤1-231'
2025-12-14 20:53:55,440 [INFO] \u2705 [694] ═рщфхэю 1 уЁєяя√ фы  чряЁюёр '╚╤1-231'
2025-12-14 20:53:55,440 [INFO] \U0001f4c5 [694] ╟руЁєцр■ Ёрёяшёрэшх фы : ╚╤1-231
2025-12-14 20:53:55,461 [INFO] \U0001f50d [694] @user_694 \u2192 ╚∙хЄ уЁєяяє: '╚╤1-232'
2025-12-14 20:53:55,462 [INFO] \u2705 [694] ═рщфхэю 1 уЁєяя√ фы  чряЁюёр '╚╤1-232'
2025-12-14 20:53:55,462 [INFO] \U0001f4c5 [694] ╟руЁєцр■ Ёрёяшёрэшх фы : ╚╤1-232
2025-12-14 20:53:55,482 [INFO] \U0001f50d [695] @user_695 \u2192 ╚∙хЄ уЁєяяє: '╚╤1-231'
2025-12-14 20:53:55,483 [INFO] \u2705 [695] ═рщфхэю 1 уЁєяя√ фы  чряЁюёр '╚╤1-231'
2025-12-14 20:53:55,484 [INFO] \U0001f4c5 [695] ╟руЁєцр■ Ёрёяшёрэшх фы : ╚╤1-231
2025-12-14 20:53:55,503 [INFO] \U0001f50d [695] @user_695 \u2192 ╚∙хЄ уЁєяяє: '╚╤1-232'
2025-12-14 20:53:55,503 [INFO] \u2705 [695] ═рщфхэю 1 уЁєяя√ фы  чряЁюёр '╚╤1-232'
2025-12-14 20:53:55,503 [INFO] \U0001f4c5 [695] ╟руЁєцр■ Ёрёяшёрэшх фы : ╚╤1-232
2025-12-14 20:53:55,520 [INFO] \U0001f50d [696] @user_696 \u2192 ╚∙хЄ уЁєяяє: '╚╤1-231'
2025-12-14 20:53:55,521 [INFO] \u2705 [696] ═рщфхэю 1 уЁєяя√ фы  чряЁюёр '╚╤1-231'
2025-12-14 20:53:55,521 [INFO] \U0001f4c5 [696] ╟руЁєцр■ Ёрёяшёрэшх фы : ╚╤1-231
2025-12-14 20:53:55,542 [INFO] \U0001f50d [696] @user_696 \u2192 ╚∙хЄ уЁєяяє: '╚╤1-232'
2025-12-14 20:53:55,544 [INFO] \u2705 [696] ═рщфхэю 1 уЁєяя√ фы  чряЁюёр '╚╤1-232'
2025-12-14 20:53:55,545 [INFO] \U0001f4c5 [696] ╟руЁєцр■ Ёрёяшёрэшх фы : ╚╤1-232
2025-12-14 20:53:55,568 [INFO] \U0001f50d [697] @user_697 \u2192 ╚∙хЄ уЁєяяє: '╚╤1-231'
2025-12-14 20:53:55,571 [INFO] \u2705 [697] ═рщфхэю 1 уЁєяя√ фы  чряЁюёр '╚╤1-231'
2025-12-14 20:53:55,571 [INFO] \U0001f4c5 [697] ╟руЁєцр■ Ёрёяшёрэшх фы : ╚╤1-231
2025-12-14 20:53:55,591 [INFO] \U0001f50d [697] @user_697 \u2192 ╚∙хЄ уЁєяяє: '╚╤1-232'
2025-12-14 20:53:55,593 [INFO] \u2705 [697] ═рщфхэю 1 уЁєяя√ фы  чряЁюёр '╚╤1-232'
2025-12-14 20:53:55,593 [INFO] \U0001f4c5 [697] ╟руЁєцр■ Ёрёяшёрэшх фы : ╚╤1-232
2025-12-14 20:53:55,614 [INFO] \U0001f50d [698] @user_698 \u2192 ╚∙хЄ уЁєяяє: '╚╤1-231'
2025-12-14 20:53:55,615 [INFO] \u2705 [698] ═рщфхэю 1 уЁєяя√ фы  чряЁюёр '╚╤1-231'
2025-12-14 20:53:55,616 [INFO] \U0001f4c5 [698] ╟руЁєцр■ Ёрёяшёрэшх фы : ╚╤1-231
2025-12-14 20:53:55,634 [INFO] \U0001f50d [698] @user_698 \u2192 ╚∙хЄ уЁєяяє: '╚╤1-232'
2025-12-14 20:53:55,635 [INFO] \u2705 [698] ═рщфхэю 1 уЁєяя√ фы  чряЁюёр '╚╤1-232'
2025-12-14 20:53:55,635 [INFO] \U0001f4c5 [698] ╟руЁєцр■ Ёрёяшёрэшх фы : ╚╤1-232
2025-12-14 20:53:55,656 [INFO] \U0001f50d [699] @user_699 \u2192 ╚∙хЄ уЁєяяє: '╚╤1-231'
2025-12-14 20:53:55,657 [INFO] \u2705 [699] ═рщфхэю 1 уЁєяя√ фы  чряЁюёр '╚╤1-231'
2025-12-14 20:53:55,657 [INFO] \U0001f4c5 [699] ╟руЁєцр■ Ёрёяшёрэшх фы : ╚╤1-231
2025-12-14 20:53:55,673 [INFO] \U0001f50d [699] @user_699 \u2192 ╚∙хЄ уЁєяяє: '╚╤1-232'
2025-12-14 20:53:55,674 [INFO] \u2705 [699] ═рщфхэю 1 уЁєяя√ фы  чряЁюёр '╚╤1-232'
2025-12-14 20:53:55,674 [INFO] \U0001f4c5 [699] ╟руЁєцр■ Ёрёяшёрэшх фы : ╚╤1-232
2025-12-14 20:53:55,692 [INFO] \U0001f50d [700] @user_700 \u2192 ╚∙хЄ уЁєяяє: '╚╤1-231'
2025-12-14 20:53:55,692 [INFO] \u2705 [700] ═рщфхэю 1 уЁєяя√ фы  чряЁюёр '╚╤1-231'
2025-12-14 20:53:55,692 [INFO] \U0001f4c5 [700] ╟руЁєцр■ Ёрёяшёрэшх фы : ╚╤1-231
2025-12-14 20:53:55,714 [INFO] \U0001f50d [700] @user_700 \u2192 ╚∙хЄ уЁєяяє: '╚╤1-232'
2025-12-14 20:53:55,715 [INFO] \u2705 [700] ═рщфхэю 1 уЁєяя√ фы  чряЁюёр '╚╤1-232'
2025-12-14 20:53:55,716 [INFO] \U0001f4c5 [700] ╟руЁєцр■ Ёрёяшёрэшх фы : ╚╤1-232
2025-12-14 20:53:55,734 [INFO] \U0001f50d [701] @user_701 \u2192 ╚∙хЄ уЁєяяє: '╚╤1-231'
2025-12-14 20:53:55,735 [INFO] \u2705 [701] ═рщфхэю 1 уЁєяя√ фы  чряЁюёр '╚╤1-231'
2025-12-14 20:53:55,735 [INFO] \U0001f4c5 [701] ╟руЁєцр■ Ёрёяшёрэшх фы : ╚╤1-231
2025-12-14 20:53:55,753 [INFO] \U0001f50d [701] @user_701 \u2192 ╚∙хЄ уЁєяяє: '╚╤1-232'
2025-12-14 20:53:55,754 [INFO] \u2705 [701] ═рщфхэю 1 уЁєяя√ фы  чряЁюёр '╚╤1-232'
2025-12-14 20:53:55,754 [INFO] \U0001f4c5 [701] ╟руЁєцр■ Ёрёяшёрэшх фы : ╚╤1-232
2025-12-14 20:53:55,775 [INFO] \U0001f50d [702] @user_702 \u2192 ╚∙хЄ уЁєяяє: '╚╤1-231'
2025-12-14 20:53:55,776 [INFO] \u2705 [702] ═рщфхэю 1 уЁєяя√ фы  чряЁюёр '╚╤1-231'
2025-12-14 20:53:55,776 [INFO] \U0001f4c5 [702] ╟руЁєцр■ Ёрёяшёрэшх фы : ╚╤1-231
2025-12-14 20:53:55,793 [INFO] \U0001f50d [702] @user_702 \u2192 ╚∙хЄ уЁєяяє: '╚╤1-232'
2025-12-14 20:53:55,794 [INFO] \u2705 [702] ═рщфхэю 1 уЁєяя√ фы  чряЁюёр '╚╤1-232'
2025-12-14 20:53:55,794 [INFO] \U0001f4c5 [702] ╟руЁєцр■ Ёрёяшёрэшх фы : ╚╤1-232
2025-12-14 20:53:55,810 [INFO] \U0001f50d [703] @user_703 \u2192 ╚∙хЄ уЁєяяє: '╚╤1-231'
2025-12-14 20:53:55,810 [INFO] \u2705 [703] ═рщфхэю 1 уЁєяя√ фы  чряЁюёр '╚╤1-231'
2025-12-14 20:53:55,810 [INFO] \U0001f4c5 [703] ╟руЁєцр■ Ёрёяшёрэшх фы : ╚╤1-231
2025-12-14 20:53:55,830 [INFO] \U0001f50d [703] @user_703 \u2192 ╚∙хЄ уЁєяяє: '╚╤1-232'
2025-12-14 20:53:55,831 [INFO] \u2705 [703] ═рщфхэю 1 уЁєяя√ фы  чряЁюёр '╚╤1-232'
2025-12-14 20:53:55,832 [INFO] \U0001f4c5 [703] ╟руЁєцр■ Ёрёяшёрэшх фы : ╚╤1-232
2025-12-14 20:53:55,847 [INFO] \U0001f50d [704] @user_704 \u2192 ╚∙хЄ уЁєяяє: '╚╤1-231'
2025-12-14 20:53:55,849 [INFO] \u2705 [704] ═рщфхэю 1 уЁєяя√ фы  чряЁюёр '╚╤1-231'
2025-12-14 20:53:55,849 [INFO] \U0001f4c5 [704] ╟руЁєцр■ Ёрёяшёрэшх фы : ╚╤1-231
2025-12-14 20:53:55,867 [INFO] \U0001f50d [704] @user_704 \u2192 ╚∙хЄ уЁєяяє: '╚╤1-232'
2025-12-14 20:53:55,868 [INFO] \u2705 [704] ═рщфхэю 1 уЁєяя√ фы  чряЁюёр '╚╤1-232'
2025-12-14 20:53:55,868 [INFO] \U0001f4c5 [704] ╟руЁєцр■ Ёрёяшёрэшх фы : ╚╤1-232
2025-12-14 20:53:55,886 [INFO] \U0001f50d [705] @user_705 \u2192 ╚∙хЄ уЁєяяє: '╚╤1-231'
2025-12-14 20:53:55,886 [INFO] \u2705 [705] ═рщфхэю 1 уЁєяя√ фы  чряЁюёр '╚╤1-231'
2025-12-14 20:53:55,887 [INFO] \U0001f4c5 [705] ╟руЁєцр■ Ёрёяшёрэшх фы : ╚╤1-231
2025-12-14 20:53:55,903 [INFO] \U0001f50d [705] @user_705 \u2192 ╚∙хЄ уЁєяяє: '╚╤1-232'
2025-12-14 20:53:55,904 [INFO] \u2705 [705] ═рщфхэю 1 уЁєяя√ фы  чряЁюёр '╚╤1-232'
2025-12-14 20:53:55,904 [INFO] \U0001f4c5 [705] ╟руЁєцр■ Ёрёяшёрэшх фы : ╚╤1-232
2025-12-14 20:53:55,926 [INFO] \U0001f50d [706] @user_706 \u2192 ╚∙хЄ уЁєяяє: '╚╤1-231'
2025-12-14 20:53:55,927 [INFO] \u2705 [706] ═рщфхэю 1 уЁєяя√ фы  чряЁюёр '╚╤1-231'
2025-12-14 20:53:55,927 [INFO] \U0001f4c5 [706] ╟руЁєцр■ Ёрёяшёрэшх фы : ╚╤1-231
2025-12-14 20:53:55,948 [INFO] \U0001f50d [706] @user_706 \u2192 ╚∙хЄ уЁєяяє: '╚╤1-232'
2025-12-14 20:53:55,949 [INFO] \u2705 [706] ═рщфхэю 1 уЁєяя√ фы  чряЁюёр '╚╤1-232'
2025-12-14 20:53:55,950 [INFO] \U0001f4c5 [706] ╟руЁєцр■ Ёрёяшёрэшх фы : ╚╤1-232
2025-12-14 20:53:55,967 [INFO] \U0001f50d [707] @user_707 \u2192 ╚∙хЄ уЁєяяє: '╚╤1-231'
2025-12-14 20:53:55,969 [INFO] \u2705 [707] ═рщфхэю 1 уЁєяя√ фы  чряЁюёр '╚╤1-231'
2025-12-14 20:53:55,969 [INFO] \U0001f4c5 [707] ╟руЁєцр■ Ёрёяшёрэшх фы : ╚╤1-231
2025-12-14 20:53:55,986 [INFO] \U0001f50d [707] @user_707 \u2192 ╚∙хЄ уЁєяяє: '╚╤1-232'
2025-12-14 20:53:55,987 [INFO] \u2705 [707] ═рщфхэю 1 уЁєяя√ фы  чряЁюёр '╚╤1-232'
2025-12-14 20:53:55,987 [INFO] \U0001f4c5 [707] ╟руЁєцр■ Ёрёяшёрэшх фы : ╚╤1-232
2025-12-14 20:53:56,003 [INFO] \U0001f50d [708] @user_708 \u2192 ╚∙хЄ уЁєяяє: '╚╤1-231'
2025-12-14 20:53:56,004 [INFO] \u2705 [708] ═рщфхэю 1 уЁєяя√ фы  чряЁюёр '╚╤1-231'
2025-12-14 20:53:56,004 [INFO] \U0001f4c5 [708] ╟руЁєцр■ Ёрёяшёрэшх фы : ╚╤1-231
2025-12-14 20:53:56,021 [INFO] \U0001f50d [708] @user_708 \u2192 ╚∙хЄ уЁєяяє: '╚╤1-232'
2025-12-14 20:53:56,022 [INFO] \u2705 [708] ═рщфхэю 1 уЁєяя√ фы  чряЁюёр '╚╤1-232'
2025-12-14 20:53:56,022 [INFO] \U0001f4c5 [708] ╟руЁєцр■ Ёрёяшёрэшх фы : ╚╤1-232
2025-12-14 20:53:56,040 [INFO] \U0001f50d [709] @user_709 \u2192 ╚∙хЄ уЁєяяє: '╚╤1-231'
2025-12-14 20:53:56,040 [INFO] \u2705 [709] ═рщфхэю 1 уЁєяя√ фы  чряЁюёр '╚╤1-231'
2025-12-14 20:53:56,041 [INFO] \U0001f4c5 [709] ╟руЁєцр■ Ёрёяшёрэшх фы : ╚╤1-231
2025-12-14 20:53:56,063 [INFO] \U0001f50d [709] @user_709 \u2192 ╚∙хЄ уЁєяяє: '╚╤1-232'
2025-12-14 20:53:56,065 [INFO] \u2705 [709] ═рщфхэю 1 уЁєяя√ фы  чряЁюёр '╚╤1-232'
2025-12-14 20:53:56,065 [INFO] \U0001f4c5 [709] ╟руЁєцр■ Ёрёяшёрэшх фы : ╚╤1-232
2025-12-14 20:53:56,087 [INFO] \U0001f50d [710] @user_710 \u2192 ╚∙хЄ уЁєяяє: '╚╤1-231'
2025-12-14 20:53:56,088 [INFO] \u2705 [710] ═рщфхэю 1 уЁєяя√ фы  чряЁюёр '╚╤1-231'
2025-12-14 20:53:56,088 [INFO] \U0001f4c5 [710] ╟руЁєцр■ Ёрёяшёрэшх фы : ╚╤1-231
2025-12-14 20:53:56,106 [INFO] \U0001f50d [710] @user_710 \u2192 ╚∙хЄ уЁєяяє: '╚╤1-232'
2025-12-14 20:53:56,107 [INFO] \u2705 [710] ═рщфхэю 1 уЁєяя√ фы  чряЁюёр '╚╤1-232'
2025-12-14 20:53:56,107 [INFO] \U0001f4c5 [710] ╟руЁєцр■ Ёрёяшёрэшх фы : ╚╤1-232
2025-12-14 20:53:56,123 [INFO] \U0001f50d [711] @user_711 \u2192 ╚∙хЄ уЁєяяє: '╚╤1-231'
2025-12-14 20:53:56,124 [INFO] \u2705 [711] ═рщфхэю 1 уЁєяя√ фы  чряЁюёр '╚╤1-231'
2025-12-14 20:53:56,124 [INFO] \U0001f4c5 [711] ╟руЁєцр■ Ёрёяшёрэшх фы : ╚╤1-231
2025-12-14 20:53:56,142 [INFO] \U0001f50d [711] @user_711 \u2192 ╚∙хЄ уЁєяяє: '╚╤1-232'
2025-12-14 20:53:56,143 [INFO] \u2705 [711] ═рщфхэю 1 уЁєяя√ фы  чряЁюёр '╚╤1-232'
2025-12-14 20:53:56,143 [INFO] \U0001f4c5 [711] ╟руЁєцр■ Ёрёяшёрэшх фы : ╚╤1-232
2025-12-14 20:53:56,162 [INFO] \U0001f50d [712] @user_712 \u2192 ╚∙хЄ уЁєяяє: '╚╤1-231'
2025-12-14 20:53:56,164 [INFO] \u2705 [712] ═рщфхэю 1 уЁєяя√ фы  чряЁюёр '╚╤1-231'
2025-12-14 20:53:56,164 [INFO] \U0001f4c5 [712] ╟руЁєцр■ Ёрёяшёрэшх фы : ╚╤1-231
2025-12-14 20:53:56,179 [INFO] \U0001f50d [712] @user_712 \u2192 ╚∙хЄ уЁєяяє: '╚╤1-232'
2025-12-14 20:53:56,180 [INFO] \u2705 [712] ═рщфхэю 1 уЁєяя√ фы  чряЁюёр '╚╤1-232'
2025-12-14 20:53:56,180 [INFO] \U0001f4c5 [712] ╟руЁєцр■ Ёрёяшёрэшх фы : ╚╤1-232
2025-12-14 20:53:56,195 [INFO] \U0001f50d [713] @user_713 \u2192 ╚∙хЄ уЁєяяє: '╚╤1-231'
2025-12-14 20:53:56,195 [INFO] \u2705 [713] ═рщфхэю 1 уЁєяя√ фы  чряЁюёр '╚╤1-231'
2025-12-14 20:53:56,196 [INFO] \U0001f4c5 [713] ╟руЁєцр■ Ёрёяшёрэшх фы : ╚╤1-231
2025-12-14 20:53:56,211 [INFO] \U0001f50d [713] @user_713 \u2192 ╚∙хЄ уЁєяяє: '╚╤1-232'
2025-12-14 20:53:56,212 [INFO] \u2705 [713] ═рщфхэю 1 уЁєяя√ фы  чряЁюёр '╚╤1-232'
2025-12-14 20:53:56,212 [INFO] \U0001f4c5 [713] ╟руЁєцр■ Ёрёяшёрэшх фы : ╚╤1-232
2025-12-14 20:53:56,229 [INFO] \U0001f50d [714] @user_714 \u2192 ╚∙хЄ уЁєяяє: '╚╤1-231'
2025-12-14 20:53:56,230 [INFO] \u2705 [714] ═рщфхэю 1 уЁєяя√ фы  чряЁюёр '╚╤1-231'
2025-12-14 20:53:56,230 [INFO] \U0001f4c5 [714] ╟руЁєцр■ Ёрёяшёрэшх фы : ╚╤1-231
2025-12-14 20:53:56,248 [INFO] \U0001f50d [714] @user_714 \u2192 ╚∙хЄ уЁєяяє: '╚╤1-232'
2025-12-14 20:53:56,249 [INFO] \u2705 [714] ═рщфхэю 1 уЁєяя√ фы  чряЁюёр '╚╤1-232'
2025-12-14 20:53:56,250 [INFO] \U0001f4c5 [714] ╟руЁєцр■ Ёрёяшёрэшх фы : ╚╤1-232
2025-12-14 20:53:56,263 [INFO] \U0001f50d [715] @user_715 \u2192 ╚∙хЄ уЁєяяє: '╚╤1-231'
2025-12-14 20:53:56,263 [INFO] \u2705 [715] ═рщфхэю 1 уЁєяя√ фы  чряЁюёр '╚╤1-231'
2025-12-14 20:53:56,264 [INFO] \U0001f4c5 [715] ╟руЁєцр■ Ёрёяшёрэшх фы : ╚╤1-231
2025-12-14 20:53:56,290 [INFO] \U0001f50d [715] @user_715 \u2192 ╚∙хЄ уЁєяяє: '╚╤1-232'
2025-12-14 20:53:56,292 [INFO] \u2705 [715] ═рщфхэю 1 уЁєяя√ фы  чряЁюёр '╚╤1-232'
2025-12-14 20:53:56,292 [INFO] \U0001f4c5 [715] ╟руЁєцр■ Ёрёяшёрэшх фы : ╚╤1-232
2025-12-14 20:53:56,310 [INFO] \U0001f50d [716] @user_716 \u2192 ╚∙хЄ уЁєяяє: '╚╤1-231'
2025-12-14 20:53:56,311 [INFO] \u2705 [716] ═рщфхэю 1 уЁєяя√ фы  чряЁюёр '╚╤1-231'
2025-12-14 20:53:56,311 [INFO] \U0001f4c5 [716] ╟руЁєцр■ Ёрёяшёрэшх фы : ╚╤1-231
2025-12-14 20:53:56,329 [INFO] \U0001f50d [716] @user_716 \u2192 ╚∙хЄ уЁєяяє: '╚╤1-232'
2025-12-14 20:53:56,330 [INFO] \u2705 [716] ═рщфхэю 1 уЁєяя√ фы  чряЁюёр '╚╤1-232'
2025-12-14 20:53:56,331 [INFO] \U0001f4c5 [716] ╟руЁєцр■ Ёрёяшёрэшх фы : ╚╤1-232
2025-12-14 20:53:56,350 [INFO] \U0001f50d [717] @user_717 \u2192 ╚∙хЄ уЁєяяє: '╚╤1-231'
2025-12-14 20:53:56,351 [INFO] \u2705 [717] ═рщфхэю 1 уЁєяя√ фы  чряЁюёр '╚╤1-231'
2025-12-14 20:53:56,352 [INFO] \U0001f4c5 [717] ╟руЁєцр■ Ёрёяшёрэшх фы : ╚╤1-231
2025-12-14 20:53:56,370 [INFO] \U0001f50d [717] @user_717 \u2192 ╚∙хЄ уЁєяяє: '╚╤1-232'
2025-12-14 20:53:56,370 [INFO] \u2705 [717] ═рщфхэю 1 уЁєяя√ фы  чряЁюёр '╚╤1-232'
2025-12-14 20:53:56,370 [INFO] \U0001f4c5 [717] ╟руЁєцр■ Ёрёяшёрэшх фы : ╚╤1-232
2025-12-14 20:53:56,389 [INFO] \U0001f50d [718] @user_718 \u2192 ╚∙хЄ уЁєяяє: '╚╤1-231'
2025-12-14 20:53:56,390 [INFO] \u2705 [718] ═рщфхэю 1 уЁєяя√ фы  чряЁюёр '╚╤1-231'
2025-12-14 20:53:56,391 [INFO] \U0001f4c5 [718] ╟руЁєцр■ Ёрёяшёрэшх фы : ╚╤1-231
2025-12-14 20:53:56,409 [INFO] \U0001f50d [718] @user_718 \u2192 ╚∙хЄ уЁєяяє: '╚╤1-232'
2025-12-14 20:53:56,410 [INFO] \u2705 [718] ═рщфхэю 1 уЁєяя√ фы  чряЁюёр '╚╤1-232'
2025-12-14 20:53:56,410 [INFO] \U0001f4c5 [718] ╟руЁєцр■ Ёрёяшёрэшх фы : ╚╤1-232
2025-12-14 20:53:56,429 [INFO] \U0001f50d [719] @user_719 \u2192 ╚∙хЄ уЁєяяє: '╚╤1-231'
2025-12-14 20:53:56,430 [INFO] \u2705 [719] ═рщфхэю 1 уЁєяя√ фы  чряЁюёр '╚╤1-231'
2025-12-14 20:53:56,431 [INFO] \U0001f4c5 [719] ╟руЁєцр■ Ёрёяшёрэшх фы : ╚╤1-231
2025-12-14 20:53:56,445 [INFO] \U0001f50d [719] @user_719 \u2192 ╚∙хЄ уЁєяяє: '╚╤1-232'
2025-12-14 20:53:56,445 [INFO] \u2705 [719] ═рщфхэю 1 уЁєяя√ фы  чряЁюёр '╚╤1-232'
2025-12-14 20:53:56,445 [INFO] \U0001f4c5 [719] ╟руЁєцр■ Ёрёяшёрэшх фы : ╚╤1-232
2025-12-14 20:53:56,464 [INFO] \U0001f50d [720] @user_720 \u2192 ╚∙хЄ уЁєяяє: '╚╤1-231'
2025-12-14 20:53:56,467 [INFO] \u2705 [720] ═рщфхэю 1 уЁєяя√ фы  чряЁюёр '╚╤1-231'
2025-12-14 20:53:56,468 [INFO] \U0001f4c5 [720] ╟руЁєцр■ Ёрёяшёрэшх фы : ╚╤1-231
2025-12-14 20:53:56,485 [INFO] \U0001f50d [720] @user_720 \u2192 ╚∙хЄ уЁєяяє: '╚╤1-232'
2025-12-14 20:53:56,486 [INFO] \u2705 [720] ═рщфхэю 1 уЁєяя√ фы  чряЁюёр '╚╤1-232'
2025-12-14 20:53:56,486 [INFO] \U0001f4c5 [720] ╟руЁєцр■ Ёрёяшёрэшх фы : ╚╤1-232
2025-12-14 20:53:56,502 [INFO] \U0001f50d [721] @user_721 \u2192 ╚∙хЄ уЁєяяє: '╚╤1-231'
2025-12-14 20:53:56,503 [INFO] \u2705 [721] ═рщфхэю 1 уЁєяя√ фы  чряЁюёр '╚╤1-231'
2025-12-14 20:53:56,503 [INFO] \U0001f4c5 [721] ╟руЁєцр■ Ёрёяшёрэшх фы : ╚╤1-231
2025-12-14 20:53:56,522 [INFO] \U0001f50d [721] @user_721 \u2192 ╚∙хЄ уЁєяяє: '╚╤1-232'
2025-12-14 20:53:56,523 [INFO] \u2705 [721] ═рщфхэю 1 уЁєяя√ фы  чряЁюёр '╚╤1-232'
2025-12-14 20:53:56,523 [INFO] \U0001f4c5 [721] ╟руЁєцр■ Ёрёяшёрэшх фы : ╚╤1-232
2025-12-14 20:53:56,543 [INFO] \U0001f50d [722] @user_722 \u2192 ╚∙хЄ уЁєяяє: '╚╤1-231'
2025-12-14 20:53:56,543 [INFO] \u2705 [722] ═рщфхэю 1 уЁєяя√ фы  чряЁюёр '╚╤1-231'
2025-12-14 20:53:56,544 [INFO] \U0001f4c5 [722] ╟руЁєцр■ Ёрёяшёрэшх фы : ╚╤1-231
2025-12-14 20:53:56,562 [INFO] \U0001f50d [722] @user_722 \u2192 ╚∙хЄ уЁєяяє: '╚╤1-232'
2025-12-14 20:53:56,563 [INFO] \u2705 [722] ═рщфхэю 1 уЁєяя√ фы  чряЁюёр '╚╤1-232'
2025-12-14 20:53:56,563 [INFO] \U0001f4c5 [722] ╟руЁєцр■ Ёрёяшёрэшх фы : ╚╤1-232
2025-12-14 20:53:56,580 [INFO] \U0001f50d [723] @user_723 \u2192 ╚∙хЄ уЁєяяє: '╚╤1-231'
2025-12-14 20:53:56,581 [INFO] \u2705 [723] ═рщфхэю 1 уЁєяя√ фы  чряЁюёр '╚╤1-231'
2025-12-14 20:53:56,581 [INFO] \U0001f4c5 [723] ╟руЁєцр■ Ёрёяшёрэшх фы : ╚╤1-231
2025-12-14 20:53:56,599 [INFO] \U0001f50d [723] @user_723 \u2192 ╚∙хЄ уЁєяяє: '╚╤1-232'
2025-12-14 20:53:56,600 [INFO] \u2705 [723] ═рщфхэю 1 уЁєяя√ фы  чряЁюёр '╚╤1-232'
2025-12-14 20:53:56,600 [INFO] \U0001f4c5 [723] ╟руЁєцр■ Ёрёяшёрэшх фы : ╚╤1-232
2025-12-14 20:53:56,618 [INFO] \U0001f50d [724] @user_724 \u2192 ╚∙хЄ уЁєяяє: '╚╤1-231'
2025-12-14 20:53:56,619 [INFO] \u2705 [724] ═рщфхэю 1 уЁєяя√ фы  чряЁюёр '╚╤1-231'
2025-12-14 20:53:56,619 [INFO] \U0001f4c5 [724] ╟руЁєцр■ Ёрёяшёрэшх фы : ╚╤1-231
2025-12-14 20:53:56,635 [INFO] \U0001f50d [724] @user_724 \u2192 ╚∙хЄ уЁєяяє: '╚╤1-232'
2025-12-14 20:53:56,636 [INFO] \u2705 [724] ═рщфхэю 1 уЁєяя√ фы  чряЁюёр '╚╤1-232'
2025-12-14 20:53:56,636 [INFO] \U0001f4c5 [724] ╟руЁєцр■ Ёрёяшёрэшх фы : ╚╤1-232
2025-12-14 20:53:56,653 [INFO] \U0001f50d [725] @user_725 \u2192 ╚∙хЄ уЁєяяє: '╚╤1-231'
2025-12-14 20:53:56,654 [INFO] \u2705 [725] ═рщфхэю 1 уЁєяя√ фы  чряЁюёр '╚╤1-231'
2025-12-14 20:53:56,654 [INFO] \U0001f4c5 [725] ╟руЁєцр■ Ёрёяшёрэшх фы : ╚╤1-231
2025-12-14 20:53:56,670 [INFO] \U0001f50d [725] @user_725 \u2192 ╚∙хЄ уЁєяяє: '╚╤1-232'
2025-12-14 20:53:56,671 [INFO] \u2705 [725] ═рщфхэю 1 уЁєяя√ фы  чряЁюёр '╚╤1-232'
2025-12-14 20:53:56,671 [INFO] \U0001f4c5 [725] ╟руЁєцр■ Ёрёяшёрэшх фы : ╚╤1-232
2025-12-14 20:53:56,687 [INFO] \U0001f50d [726] @user_726 \u2192 ╚∙хЄ уЁєяяє: '╚╤1-231'
2025-12-14 20:53:56,688 [INFO] \u2705 [726] ═рщфхэю 1 уЁєяя√ фы  чряЁюёр '╚╤1-231'
2025-12-14 20:53:56,688 [INFO] \U0001f4c5 [726] ╟руЁєцр■ Ёрёяшёрэшх фы : ╚╤1-231
2025-12-14 20:53:56,704 [INFO] \U0001f50d [726] @user_726 \u2192 ╚∙хЄ уЁєяяє: '╚╤1-232'
2025-12-14 20:53:56,704 [INFO] \u2705 [726] ═рщфхэю 1 уЁєяя√ фы  чряЁюёр '╚╤1-232'
2025-12-14 20:53:56,704 [INFO] \U0001f4c5 [726] ╟руЁєцр■ Ёрёяшёрэшх фы : ╚╤1-232
2025-12-14 20:53:56,721 [INFO] \U0001f50d [727] @user_727 \u2192 ╚∙хЄ уЁєяяє: '╚╤1-231'
2025-12-14 20:53:56,722 [INFO] \u2705 [727] ═рщфхэю 1 уЁєяя√ фы  чряЁюёр '╚╤1-231'
2025-12-14 20:53:56,722 [INFO] \U0001f4c5 [727] ╟руЁєцр■ Ёрёяшёрэшх фы : ╚╤1-231
2025-12-14 20:53:56,745 [INFO] \U0001f50d [727] @user_727 \u2192 ╚∙хЄ уЁєяяє: '╚╤1-232'
2025-12-14 20:53:56,746 [INFO] \u2705 [727] ═рщфхэю 1 уЁєяя√ фы  чряЁюёр '╚╤1-232'
2025-12-14 20:53:56,747 [INFO] \U0001f4c5 [727] ╟руЁєцр■ Ёрёяшёрэшх фы : ╚╤1-232
2025-12-14 20:53:56,770 [INFO] \U0001f50d [728] @user_728 \u2192 ╚∙хЄ уЁєяяє: '╚╤1-231'
2025-12-14 20:53:56,771 [INFO] \u2705 [728] ═рщфхэю 1 уЁєяя√ фы  чряЁюёр '╚╤1-231'
2025-12-14 20:53:56,772 [INFO] \U0001f4c5 [728] ╟руЁєцр■ Ёрёяшёрэшх фы : ╚╤1-231
2025-12-14 20:53:56,794 [INFO] \U0001f50d [728] @user_728 \u2192 ╚∙хЄ уЁєяяє: '╚╤1-232'
2025-12-14 20:53:56,795 [INFO] \u2705 [728] ═рщфхэю 1 уЁєяя√ фы  чряЁюёр '╚╤1-232'
2025-12-14 20:53:56,795 [INFO] \U0001f4c5 [728] ╟руЁєцр■ Ёрёяшёрэшх фы : ╚╤1-232
2025-12-14 20:53:56,813 [INFO] \U0001f50d [729] @user_729 \u2192 ╚∙хЄ уЁєяяє: '╚╤1-231'
2025-12-14 20:53:56,814 [INFO] \u2705 [729] ═рщфхэю 1 уЁєяя√ фы  чряЁюёр '╚╤1-231'
2025-12-14 20:53:56,814 [INFO] \U0001f4c5 [729] ╟руЁєцр■ Ёрёяшёрэшх фы : ╚╤1-231
2025-12-14 20:53:56,829 [INFO] \U0001f50d [729] @user_729 \u2192 ╚∙хЄ уЁєяяє: '╚╤1-232'
2025-12-14 20:53:56,830 [INFO] \u2705 [729] ═рщфхэю 1 уЁєяя√ фы  чряЁюёр '╚╤1-232'
2025-12-14 20:53:56,830 [INFO] \U0001f4c5 [729] ╟руЁєцр■ Ёрёяшёрэшх фы : ╚╤1-232
2025-12-14 20:53:56,853 [INFO] \U0001f50d [730] @user_730 \u2192 ╚∙хЄ уЁєяяє: '╚╤1-231'
2025-12-14 20:53:56,854 [INFO] \u2705 [730] ═рщфхэю 1 уЁєяя√ фы  чряЁюёр '╚╤1-231'
2025-12-14 20:53:56,854 [INFO] \U0001f4c5 [730] ╟руЁєцр■ Ёрёяшёрэшх фы : ╚╤1-231
2025-12-14 20:53:56,870 [INFO] \U0001f50d [730] @user_730 \u2192 ╚∙хЄ уЁєяяє: '╚╤1-232'
2025-12-14 20:53:56,871 [INFO] \u2705 [730] ═рщфхэю 1 уЁєяя√ фы  чряЁюёр '╚╤1-232'
2025-12-14 20:53:56,871 [INFO] \U0001f4c5 [730] ╟руЁєцр■ Ёрёяшёрэшх фы : ╚╤1-232
2025-12-14 20:53:56,889 [INFO] \U0001f50d [731] @user_731 \u2192 ╚∙хЄ уЁєяяє: '╚╤1-231'
2025-12-14 20:53:56,889 [INFO] \u2705 [731] ═рщфхэю 1 уЁєяя√ фы  чряЁюёр '╚╤1-231'
2025-12-14 20:53:56,890 [INFO] \U0001f4c5 [731] ╟руЁєцр■ Ёрёяшёрэшх фы : ╚╤1-231
2025-12-14 20:53:56,908 [INFO] \U0001f50d [731] @user_731 \u2192 ╚∙хЄ уЁєяяє: '╚╤1-232'
2025-12-14 20:53:56,910 [INFO] \u2705 [731] ═рщфхэю 1 уЁєяя√ фы  чряЁюёр '╚╤1-232'
2025-12-14 20:53:56,910 [INFO] \U0001f4c5 [731] ╟руЁєцр■ Ёрёяшёрэшх фы : ╚╤1-232
2025-12-14 20:53:56,927 [INFO] \U0001f50d [732] @user_732 \u2192 ╚∙хЄ уЁєяяє: '╚╤1-231'
2025-12-14 20:53:56,927 [INFO] \u2705 [732] ═рщфхэю 1 уЁєяя√ фы  чряЁюёр '╚╤1-231'
2025-12-14 20:53:56,928 [INFO] \U0001f4c5 [732] ╟руЁєцр■ Ёрёяшёрэшх фы : ╚╤1-231
2025-12-14 20:53:56,947 [INFO] \U0001f50d [732] @user_732 \u2192 ╚∙хЄ уЁєяяє: '╚╤1-232'
2025-12-14 20:53:56,948 [INFO] \u2705 [732] ═рщфхэю 1 уЁєяя√ фы  чряЁюёр '╚╤1-232'
2025-12-14 20:53:56,948 [INFO] \U0001f4c5 [732] ╟руЁєцр■ Ёрёяшёрэшх фы : ╚╤1-232
2025-12-14 20:53:56,963 [INFO] \U0001f50d [733] @user_733 \u2192 ╚∙хЄ уЁєяяє: '╚╤1-231'
2025-12-14 20:53:56,966 [INFO] \u2705 [733] ═рщфхэю 1 уЁєяя√ фы  чряЁюёр '╚╤1-231'
2025-12-14 20:53:56,966 [INFO] \U0001f4c5 [733] ╟руЁєцр■ Ёрёяшёрэшх фы : ╚╤1-231
2025-12-14 20:53:56,988 [INFO] \U0001f50d [733] @user_733 \u2192 ╚∙хЄ уЁєяяє: '╚╤1-232'
2025-12-14 20:53:56,989 [INFO] \u2705 [733] ═рщфхэю 1 уЁєяя√ фы  чряЁюёр '╚╤1-232'
2025-12-14 20:53:56,990 [INFO] \U0001f4c5 [733] ╟руЁєцр■ Ёрёяшёрэшх фы : ╚╤1-232
2025-12-14 20:53:57,011 [INFO] \U0001f50d [734] @user_734 \u2192 ╚∙хЄ уЁєяяє: '╚╤1-231'
2025-12-14 20:53:57,011 [INFO] \u2705 [734] ═рщфхэю 1 уЁєяя√ фы  чряЁюёр '╚╤1-231'
2025-12-14 20:53:57,012 [INFO] \U0001f4c5 [734] ╟руЁєцр■ Ёрёяшёрэшх фы : ╚╤1-231
2025-12-14 20:53:57,028 [INFO] \U0001f50d [734] @user_734 \u2192 ╚∙хЄ уЁєяяє: '╚╤1-232'
2025-12-14 20:53:57,029 [INFO] \u2705 [734] ═рщфхэю 1 уЁєяя√ фы  чряЁюёр '╚╤1-232'
2025-12-14 20:53:57,029 [INFO] \U0001f4c5 [734] ╟руЁєцр■ Ёрёяшёрэшх фы : ╚╤1-232
2025-12-14 20:53:57,052 [INFO] \U0001f50d [735] @user_735 \u2192 ╚∙хЄ уЁєяяє: '╚╤1-231'
2025-12-14 20:53:57,052 [INFO] \u2705 [735] ═рщфхэю 1 уЁєяя√ фы  чряЁюёр '╚╤1-231'
2025-12-14 20:53:57,053 [INFO] \U0001f4c5 [735] ╟руЁєцр■ Ёрёяшёрэшх фы : ╚╤1-231
2025-12-14 20:53:57,068 [INFO] \U0001f50d [735] @user_735 \u2192 ╚∙хЄ уЁєяяє: '╚╤1-232'
2025-12-14 20:53:57,069 [INFO] \u2705 [735] ═рщфхэю 1 уЁєяя√ фы  чряЁюёр '╚╤1-232'
2025-12-14 20:53:57,069 [INFO] \U0001f4c5 [735] ╟руЁєцр■ Ёрёяшёрэшх фы : ╚╤1-232
2025-12-14 20:53:57,087 [INFO] \U0001f50d [736] @user_736 \u2192 ╚∙хЄ уЁєяяє: '╚╤1-231'
2025-12-14 20:53:57,088 [INFO] \u2705 [736] ═рщфхэю 1 уЁєяя√ фы  чряЁюёр '╚╤1-231'
2025-12-14 20:53:57,088 [INFO] \U0001f4c5 [736] ╟руЁєцр■ Ёрёяшёрэшх фы : ╚╤1-231
2025-12-14 20:53:57,111 [INFO] \U0001f50d [736] @user_736 \u2192 ╚∙хЄ уЁєяяє: '╚╤1-232'
2025-12-14 20:53:57,112 [INFO] \u2705 [736] ═рщфхэю 1 уЁєяя√ фы  чряЁюёр '╚╤1-232'
2025-12-14 20:53:57,112 [INFO] \U0001f4c5 [736] ╟руЁєцр■ Ёрёяшёрэшх фы : ╚╤1-232
2025-12-14 20:53:57,136 [INFO] \U0001f50d [737] @user_737 \u2192 ╚∙хЄ уЁєяяє: '╚╤1-231'
2025-12-14 20:53:57,136 [INFO] \u2705 [737] ═рщфхэю 1 уЁєяя√ фы  чряЁюёр '╚╤1-231'
2025-12-14 20:53:57,136 [INFO] \U0001f4c5 [737] ╟руЁєцр■ Ёрёяшёрэшх фы : ╚╤1-231
2025-12-14 20:53:57,152 [INFO] \U0001f50d [737] @user_737 \u2192 ╚∙хЄ уЁєяяє: '╚╤1-232'
2025-12-14 20:53:57,153 [INFO] \u2705 [737] ═рщфхэю 1 уЁєяя√ фы  чряЁюёр '╚╤1-232'
2025-12-14 20:53:57,153 [INFO] \U0001f4c5 [737] ╟руЁєцр■ Ёрёяшёрэшх фы : ╚╤1-232
2025-12-14 20:53:57,169 [INFO] \U0001f50d [738] @user_738 \u2192 ╚∙хЄ уЁєяяє: '╚╤1-231'
2025-12-14 20:53:57,169 [INFO] \u2705 [738] ═рщфхэю 1 уЁєяя√ фы  чряЁюёр '╚╤1-231'
2025-12-14 20:53:57,170 [INFO] \U0001f4c5 [738] ╟руЁєцр■ Ёрёяшёрэшх фы : ╚╤1-231
2025-12-14 20:53:57,189 [INFO] \U0001f50d [738] @user_738 \u2192 ╚∙хЄ уЁєяяє: '╚╤1-232'
2025-12-14 20:53:57,190 [INFO] \u2705 [738] ═рщфхэю 1 уЁєяя√ фы  чряЁюёр '╚╤1-232'
2025-12-14 20:53:57,190 [INFO] \U0001f4c5 [738] ╟руЁєцр■ Ёрёяшёрэшх фы : ╚╤1-232
2025-12-14 20:53:57,207 [INFO] \U0001f50d [739] @user_739 \u2192 ╚∙хЄ уЁєяяє: '╚╤1-231'
2025-12-14 20:53:57,207 [INFO] \u2705 [739] ═рщфхэю 1 уЁєяя√ фы  чряЁюёр '╚╤1-231'
2025-12-14 20:53:57,208 [INFO] \U0001f4c5 [739] ╟руЁєцр■ Ёрёяшёрэшх фы : ╚╤1-231
2025-12-14 20:53:57,223 [INFO] \U0001f50d [739] @user_739 \u2192 ╚∙хЄ уЁєяяє: '╚╤1-232'
2025-12-14 20:53:57,224 [INFO] \u2705 [739] ═рщфхэю 1 уЁєяя√ фы  чряЁюёр '╚╤1-232'
2025-12-14 20:53:57,224 [INFO] \U0001f4c5 [739] ╟руЁєцр■ Ёрёяшёрэшх фы : ╚╤1-232
2025-12-14 20:53:57,245 [INFO] \U0001f50d [740] @user_740 \u2192 ╚∙хЄ уЁєяяє: '╚╤1-231'
2025-12-14 20:53:57,246 [INFO] \u2705 [740] ═рщфхэю 1 уЁєяя√ фы  чряЁюёр '╚╤1-231'
2025-12-14 20:53:57,246 [INFO] \U0001f4c5 [740] ╟руЁєцр■ Ёрёяшёрэшх фы : ╚╤1-231
2025-12-14 20:53:57,267 [INFO] \U0001f50d [740] @user_740 \u2192 ╚∙хЄ уЁєяяє: '╚╤1-232'
2025-12-14 20:53:57,268 [INFO] \u2705 [740] ═рщфхэю 1 уЁєяя√ фы  чряЁюёр '╚╤1-232'
2025-12-14 20:53:57,269 [INFO] \U0001f4c5 [740] ╟руЁєцр■ Ёрёяшёрэшх фы : ╚╤1-232
2025-12-14 20:53:57,285 [INFO] \U0001f50d [741] @user_741 \u2192 ╚∙хЄ уЁєяяє: '╚╤1-231'
2025-12-14 20:53:57,286 [INFO] \u2705 [741] ═рщфхэю 1 уЁєяя√ фы  чряЁюёр '╚╤1-231'
2025-12-14 20:53:57,286 [INFO] \U0001f4c5 [741] ╟руЁєцр■ Ёрёяшёрэшх фы : ╚╤1-231
2025-12-14 20:53:57,315 [INFO] \U0001f50d [741] @user_741 \u2192 ╚∙хЄ уЁєяяє: '╚╤1-232'
2025-12-14 20:53:57,316 [INFO] \u2705 [741] ═рщфхэю 1 уЁєяя√ фы  чряЁюёр '╚╤1-232'
2025-12-14 20:53:57,316 [INFO] \U0001f4c5 [741] ╟руЁєцр■ Ёрёяшёрэшх фы : ╚╤1-232
2025-12-14 20:53:57,336 [INFO] \U0001f50d [742] @user_742 \u2192 ╚∙хЄ уЁєяяє: '╚╤1-231'
2025-12-14 20:53:57,337 [INFO] \u2705 [742] ═рщфхэю 1 уЁєяя√ фы  чряЁюёр '╚╤1-231'
2025-12-14 20:53:57,337 [INFO] \U0001f4c5 [742] ╟руЁєцр■ Ёрёяшёрэшх фы : ╚╤1-231
2025-12-14 20:53:57,354 [INFO] \U0001f50d [742] @user_742 \u2192 ╚∙хЄ уЁєяяє: '╚╤1-232'
2025-12-14 20:53:57,355 [INFO] \u2705 [742] ═рщфхэю 1 уЁєяя√ фы  чряЁюёр '╚╤1-232'
2025-12-14 20:53:57,355 [INFO] \U0001f4c5 [742] ╟руЁєцр■ Ёрёяшёрэшх фы : ╚╤1-232
2025-12-14 20:53:57,374 [INFO] \U0001f50d [743] @user_743 \u2192 ╚∙хЄ уЁєяяє: '╚╤1-231'
2025-12-14 20:53:57,375 [INFO] \u2705 [743] ═рщфхэю 1 уЁєяя√ фы  чряЁюёр '╚╤1-231'
2025-12-14 20:53:57,387 [INFO] \U0001f4c5 [743] ╟руЁєцр■ Ёрёяшёрэшх фы : ╚╤1-231
2025-12-14 20:53:57,410 [INFO] \U0001f50d [743] @user_743 \u2192 ╚∙хЄ уЁєяяє: '╚╤1-232'
2025-12-14 20:53:57,410 [INFO] \u2705 [743] ═рщфхэю 1 уЁєяя√ фы  чряЁюёр '╚╤1-232'
2025-12-14 20:53:57,411 [INFO] \U0001f4c5 [743] ╟руЁєцр■ Ёрёяшёрэшх фы : ╚╤1-232
2025-12-14 20:53:57,427 [INFO] \U0001f50d [744] @user_744 \u2192 ╚∙хЄ уЁєяяє: '╚╤1-231'
2025-12-14 20:53:57,428 [INFO] \u2705 [744] ═рщфхэю 1 уЁєяя√ фы  чряЁюёр '╚╤1-231'
2025-12-14 20:53:57,429 [INFO] \U0001f4c5 [744] ╟руЁєцр■ Ёрёяшёрэшх фы : ╚╤1-231
2025-12-14 20:53:57,449 [INFO] \U0001f50d [744] @user_744 \u2192 ╚∙хЄ уЁєяяє: '╚╤1-232'
2025-12-14 20:53:57,451 [INFO] \u2705 [744] ═рщфхэю 1 уЁєяя√ фы  чряЁюёр '╚╤1-232'
2025-12-14 20:53:57,451 [INFO] \U0001f4c5 [744] ╟руЁєцр■ Ёрёяшёрэшх фы : ╚╤1-232
2025-12-14 20:53:57,478 [INFO] \U0001f50d [745] @user_745 \u2192 ╚∙хЄ уЁєяяє: '╚╤1-231'
2025-12-14 20:53:57,479 [INFO] \u2705 [745] ═рщфхэю 1 уЁєяя√ фы  чряЁюёр '╚╤1-231'
2025-12-14 20:53:57,479 [INFO] \U0001f4c5 [745] ╟руЁєцр■ Ёрёяшёрэшх фы : ╚╤1-231
2025-12-14 20:53:57,497 [INFO] \U0001f50d [745] @user_745 \u2192 ╚∙хЄ уЁєяяє: '╚╤1-232'
2025-12-14 20:53:57,499 [INFO] \u2705 [745] ═рщфхэю 1 уЁєяя√ фы  чряЁюёр '╚╤1-232'
2025-12-14 20:53:57,499 [INFO] \U0001f4c5 [745] ╟руЁєцр■ Ёрёяшёрэшх фы : ╚╤1-232
2025-12-14 20:53:57,518 [INFO] \U0001f50d [746] @user_746 \u2192 ╚∙хЄ уЁєяяє: '╚╤1-231'
2025-12-14 20:53:57,519 [INFO] \u2705 [746] ═рщфхэю 1 уЁєяя√ фы  чряЁюёр '╚╤1-231'
2025-12-14 20:53:57,519 [INFO] \U0001f4c5 [746] ╟руЁєцр■ Ёрёяшёрэшх фы : ╚╤1-231
2025-12-14 20:53:57,541 [INFO] \U0001f50d [746] @user_746 \u2192 ╚∙хЄ уЁєяяє: '╚╤1-232'
2025-12-14 20:53:57,543 [INFO] \u2705 [746] ═рщфхэю 1 уЁєяя√ фы  чряЁюёр '╚╤1-232'
2025-12-14 20:53:57,543 [INFO] \U0001f4c5 [746] ╟руЁєцр■ Ёрёяшёрэшх фы : ╚╤1-232
2025-12-14 20:53:57,559 [INFO] \U0001f50d [747] @user_747 \u2192 ╚∙хЄ уЁєяяє: '╚╤1-231'
2025-12-14 20:53:57,560 [INFO] \u2705 [747] ═рщфхэю 1 уЁєяя√ фы  чряЁюёр '╚╤1-231'
2025-12-14 20:53:57,560 [INFO] \U0001f4c5 [747] ╟руЁєцр■ Ёрёяшёрэшх фы : ╚╤1-231
2025-12-14 20:53:57,579 [INFO] \U0001f50d [747] @user_747 \u2192 ╚∙хЄ уЁєяяє: '╚╤1-232'
2025-12-14 20:53:57,580 [INFO] \u2705 [747] ═рщфхэю 1 уЁєяя√ фы  чряЁюёр '╚╤1-232'
2025-12-14 20:53:57,580 [INFO] \U0001f4c5 [747] ╟руЁєцр■ Ёрёяшёрэшх фы : ╚╤1-232
2025-12-14 20:53:57,598 [INFO] \U0001f50d [748] @user_748 \u2192 ╚∙хЄ уЁєяяє: '╚╤1-231'
2025-12-14 20:53:57,608 [INFO] \u2705 [748] ═рщфхэю 1 уЁєяя√ фы  чряЁюёр '╚╤1-231'
2025-12-14 20:53:57,609 [INFO] \U0001f4c5 [748] ╟руЁєцр■ Ёрёяшёрэшх фы : ╚╤1-231
2025-12-14 20:53:57,628 [INFO] \U0001f50d [748] @user_748 \u2192 ╚∙хЄ уЁєяяє: '╚╤1-232'
2025-12-14 20:53:57,629 [INFO] \u2705 [748] ═рщфхэю 1 уЁєяя√ фы  чряЁюёр '╚╤1-232'
2025-12-14 20:53:57,629 [INFO] \U0001f4c5 [748] ╟руЁєцр■ Ёрёяшёрэшх фы : ╚╤1-232
2025-12-14 20:53:57,644 [INFO] \U0001f50d [749] @user_749 \u2192 ╚∙хЄ уЁєяяє: '╚╤1-231'
2025-12-14 20:53:57,644 [INFO] \u2705 [749] ═рщфхэю 1 уЁєяя√ фы  чряЁюёр '╚╤1-231'
2025-12-14 20:53:57,644 [INFO] \U0001f4c5 [749] ╟руЁєцр■ Ёрёяшёрэшх фы : ╚╤1-231
2025-12-14 20:53:57,662 [INFO] \U0001f50d [749] @user_749 \u2192 ╚∙хЄ уЁєяяє: '╚╤1-232'
2025-12-14 20:53:57,663 [INFO] \u2705 [749] ═рщфхэю 1 уЁєяя√ фы  чряЁюёр '╚╤1-232'
2025-12-14 20:53:57,663 [INFO] \U0001f4c5 [749] ╟руЁєцр■ Ёрёяшёрэшх фы : ╚╤1-232
2025-12-14 20:53:57,687 [INFO] \U0001f50d [750] @user_750 \u2192 ╚∙хЄ уЁєяяє: '╚╤1-231'
2025-12-14 20:53:57,688 [INFO] \u2705 [750] ═рщфхэю 1 уЁєяя√ фы  чряЁюёр '╚╤1-231'
2025-12-14 20:53:57,688 [INFO] \U0001f4c5 [750] ╟руЁєцр■ Ёрёяшёрэшх фы : ╚╤1-231
2025-12-14 20:53:57,705 [INFO] \U0001f50d [750] @user_750 \u2192 ╚∙хЄ уЁєяяє: '╚╤1-232'
2025-12-14 20:53:57,705 [INFO] \u2705 [750] ═рщфхэю 1 уЁєяя√ фы  чряЁюёр '╚╤1-232'
2025-12-14 20:53:57,706 [INFO] \U0001f4c5 [750] ╟руЁєцр■ Ёрёяшёрэшх фы : ╚╤1-232
2025-12-14 20:53:57,725 [INFO] \U0001f50d [751] @user_751 \u2192 ╚∙хЄ уЁєяяє: '╚╤1-231'
2025-12-14 20:53:57,726 [INFO] \u2705 [751] ═рщфхэю 1 уЁєяя√ фы  чряЁюёр '╚╤1-231'
2025-12-14 20:53:57,726 [INFO] \U0001f4c5 [751] ╟руЁєцр■ Ёрёяшёрэшх фы : ╚╤1-231
2025-12-14 20:53:57,755 [INFO] \U0001f50d [751] @user_751 \u2192 ╚∙хЄ уЁєяяє: '╚╤1-232'
2025-12-14 20:53:57,755 [INFO] \u2705 [751] ═рщфхэю 1 уЁєяя√ фы  чряЁюёр '╚╤1-232'
2025-12-14 20:53:57,755 [INFO] \U0001f4c5 [751] ╟руЁєцр■ Ёрёяшёрэшх фы : ╚╤1-232
2025-12-14 20:53:57,771 [INFO] \U0001f50d [752] @user_752 \u2192 ╚∙хЄ уЁєяяє: '╚╤1-231'
2025-12-14 20:53:57,772 [INFO] \u2705 [752] ═рщфхэю 1 уЁєяя√ фы  чряЁюёр '╚╤1-231'
2025-12-14 20:53:57,772 [INFO] \U0001f4c5 [752] ╟руЁєцр■ Ёрёяшёрэшх фы : ╚╤1-231
2025-12-14 20:53:57,789 [INFO] \U0001f50d [752] @user_752 \u2192 ╚∙хЄ уЁєяяє: '╚╤1-232'
2025-12-14 20:53:57,790 [INFO] \u2705 [752] ═рщфхэю 1 уЁєяя√ фы  чряЁюёр '╚╤1-232'
2025-12-14 20:53:57,790 [INFO] \U0001f4c5 [752] ╟руЁєцр■ Ёрёяшёрэшх фы : ╚╤1-232
2025-12-14 20:53:57,805 [INFO] \U0001f50d [753] @user_753 \u2192 ╚∙хЄ уЁєяяє: '╚╤1-231'
2025-12-14 20:53:57,808 [INFO] \u2705 [753] ═рщфхэю 1 уЁєяя√ фы  чряЁюёр '╚╤1-231'
2025-12-14 20:53:57,808 [INFO] \U0001f4c5 [753] ╟руЁєцр■ Ёрёяшёрэшх фы : ╚╤1-231
2025-12-14 20:53:57,822 [INFO] \U0001f50d [753] @user_753 \u2192 ╚∙хЄ уЁєяяє: '╚╤1-232'
2025-12-14 20:53:57,823 [INFO] \u2705 [753] ═рщфхэю 1 уЁєяя√ фы  чряЁюёр '╚╤1-232'
2025-12-14 20:53:57,823 [INFO] \U0001f4c5 [753] ╟руЁєцр■ Ёрёяшёрэшх фы : ╚╤1-232
2025-12-14 20:53:57,841 [INFO] \U0001f50d [754] @user_754 \u2192 ╚∙хЄ уЁєяяє: '╚╤1-231'
2025-12-14 20:53:57,841 [INFO] \u2705 [754] ═рщфхэю 1 уЁєяя√ фы  чряЁюёр '╚╤1-231'
2025-12-14 20:53:57,842 [INFO] \U0001f4c5 [754] ╟руЁєцр■ Ёрёяшёрэшх фы : ╚╤1-231
2025-12-14 20:53:57,860 [INFO] \U0001f50d [754] @user_754 \u2192 ╚∙хЄ уЁєяяє: '╚╤1-232'
2025-12-14 20:53:57,862 [INFO] \u2705 [754] ═рщфхэю 1 уЁєяя√ фы  чряЁюёр '╚╤1-232'
2025-12-14 20:53:57,862 [INFO] \U0001f4c5 [754] ╟руЁєцр■ Ёрёяшёрэшх фы : ╚╤1-232
2025-12-14 20:53:57,887 [INFO] \U0001f50d [755] @user_755 \u2192 ╚∙хЄ уЁєяяє: '╚╤1-231'
2025-12-14 20:53:57,887 [INFO] \u2705 [755] ═рщфхэю 1 уЁєяя√ фы  чряЁюёр '╚╤1-231'
2025-12-14 20:53:57,888 [INFO] \U0001f4c5 [755] ╟руЁєцр■ Ёрёяшёрэшх фы : ╚╤1-231
2025-12-14 20:53:57,904 [INFO] \U0001f50d [755] @user_755 \u2192 ╚∙хЄ уЁєяяє: '╚╤1-232'
2025-12-14 20:53:57,905 [INFO] \u2705 [755] ═рщфхэю 1 уЁєяя√ фы  чряЁюёр '╚╤1-232'
2025-12-14 20:53:57,905 [INFO] \U0001f4c5 [755] ╟руЁєцр■ Ёрёяшёрэшх фы : ╚╤1-232
2025-12-14 20:53:57,919 [INFO] \U0001f50d [756] @user_756 \u2192 ╚∙хЄ уЁєяяє: '╚╤1-231'
2025-12-14 20:53:57,920 [INFO] \u2705 [756] ═рщфхэю 1 уЁєяя√ фы  чряЁюёр '╚╤1-231'
2025-12-14 20:53:57,920 [INFO] \U0001f4c5 [756] ╟руЁєцр■ Ёрёяшёрэшх фы : ╚╤1-231
2025-12-14 20:53:57,943 [INFO] \U0001f50d [756] @user_756 \u2192 ╚∙хЄ уЁєяяє: '╚╤1-232'
2025-12-14 20:53:57,944 [INFO] \u2705 [756] ═рщфхэю 1 уЁєяя√ фы  чряЁюёр '╚╤1-232'
2025-12-14 20:53:57,945 [INFO] \U0001f4c5 [756] ╟руЁєцр■ Ёрёяшёрэшх фы : ╚╤1-232
2025-12-14 20:53:57,959 [INFO] \U0001f50d [757] @user_757 \u2192 ╚∙хЄ уЁєяяє: '╚╤1-231'
2025-12-14 20:53:57,960 [INFO] \u2705 [757] ═рщфхэю 1 уЁєяя√ фы  чряЁюёр '╚╤1-231'
2025-12-14 20:53:57,960 [INFO] \U0001f4c5 [757] ╟руЁєцр■ Ёрёяшёрэшх фы : ╚╤1-231
2025-12-14 20:53:57,976 [INFO] \U0001f50d [757] @user_757 \u2192 ╚∙хЄ уЁєяяє: '╚╤1-232'
2025-12-14 20:53:57,976 [INFO] \u2705 [757] ═рщфхэю 1 уЁєяя√ фы  чряЁюёр '╚╤1-232'
2025-12-14 20:53:57,976 [INFO] \U0001f4c5 [757] ╟руЁєцр■ Ёрёяшёрэшх фы : ╚╤1-232
2025-12-14 20:53:57,994 [INFO] \U0001f50d [758] @user_758 \u2192 ╚∙хЄ уЁєяяє: '╚╤1-231'
2025-12-14 20:53:57,995 [INFO] \u2705 [758] ═рщфхэю 1 уЁєяя√ фы  чряЁюёр '╚╤1-231'
2025-12-14 20:53:57,995 [INFO] \U0001f4c5 [758] ╟руЁєцр■ Ёрёяшёрэшх фы : ╚╤1-231
2025-12-14 20:53:58,011 [INFO] \U0001f50d [758] @user_758 \u2192 ╚∙хЄ уЁєяяє: '╚╤1-232'
2025-12-14 20:53:58,012 [INFO] \u2705 [758] ═рщфхэю 1 уЁєяя√ фы  чряЁюёр '╚╤1-232'
2025-12-14 20:53:58,012 [INFO] \U0001f4c5 [758] ╟руЁєцр■ Ёрёяшёрэшх фы : ╚╤1-232
2025-12-14 20:53:58,029 [INFO] \U0001f50d [759] @user_759 \u2192 ╚∙хЄ уЁєяяє: '╚╤1-231'
2025-12-14 20:53:58,030 [INFO] \u2705 [759] ═рщфхэю 1 уЁєяя√ фы  чряЁюёр '╚╤1-231'
2025-12-14 20:53:58,030 [INFO] \U0001f4c5 [759] ╟руЁєцр■ Ёрёяшёрэшх фы : ╚╤1-231
2025-12-14 20:53:58,045 [INFO] \U0001f50d [759] @user_759 \u2192 ╚∙хЄ уЁєяяє: '╚╤1-232'
2025-12-14 20:53:58,045 [INFO] \u2705 [759] ═рщфхэю 1 уЁєяя√ фы  чряЁюёр '╚╤1-232'
2025-12-14 20:53:58,046 [INFO] \U0001f4c5 [759] ╟руЁєцр■ Ёрёяшёрэшх фы : ╚╤1-232
2025-12-14 20:53:58,070 [INFO] \U0001f50d [760] @user_760 \u2192 ╚∙хЄ уЁєяяє: '╚╤1-231'
2025-12-14 20:53:58,070 [INFO] \u2705 [760] ═рщфхэю 1 уЁєяя√ фы  чряЁюёр '╚╤1-231'
2025-12-14 20:53:58,071 [INFO] \U0001f4c5 [760] ╟руЁєцр■ Ёрёяшёрэшх фы : ╚╤1-231
2025-12-14 20:53:58,087 [INFO] \U0001f50d [760] @user_760 \u2192 ╚∙хЄ уЁєяяє: '╚╤1-232'
2025-12-14 20:53:58,088 [INFO] \u2705 [760] ═рщфхэю 1 уЁєяя√ фы  чряЁюёр '╚╤1-232'
2025-12-14 20:53:58,088 [INFO] \U0001f4c5 [760] ╟руЁєцр■ Ёрёяшёрэшх фы : ╚╤1-232
2025-12-14 20:53:58,106 [INFO] \U0001f50d [761] @user_761 \u2192 ╚∙хЄ уЁєяяє: '╚╤1-231'
2025-12-14 20:53:58,106 [INFO] \u2705 [761] ═рщфхэю 1 уЁєяя√ фы  чряЁюёр '╚╤1-231'
2025-12-14 20:53:58,106 [INFO] \U0001f4c5 [761] ╟руЁєцр■ Ёрёяшёрэшх фы : ╚╤1-231
2025-12-14 20:53:58,126 [INFO] \U0001f50d [761] @user_761 \u2192 ╚∙хЄ уЁєяяє: '╚╤1-232'
2025-12-14 20:53:58,127 [INFO] \u2705 [761] ═рщфхэю 1 уЁєяя√ фы  чряЁюёр '╚╤1-232'
2025-12-14 20:53:58,127 [INFO] \U0001f4c5 [761] ╟руЁєцр■ Ёрёяшёрэшх фы : ╚╤1-232
2025-12-14 20:53:58,148 [INFO] \U0001f50d [762] @user_762 \u2192 ╚∙хЄ уЁєяяє: '╚╤1-231'
2025-12-14 20:53:58,148 [INFO] \u2705 [762] ═рщфхэю 1 уЁєяя√ фы  чряЁюёр '╚╤1-231'
2025-12-14 20:53:58,149 [INFO] \U0001f4c5 [762] ╟руЁєцр■ Ёрёяшёрэшх фы : ╚╤1-231
2025-12-14 20:53:58,169 [INFO] \U0001f50d [762] @user_762 \u2192 ╚∙хЄ уЁєяяє: '╚╤1-232'
2025-12-14 20:53:58,170 [INFO] \u2705 [762] ═рщфхэю 1 уЁєяя√ фы  чряЁюёр '╚╤1-232'
2025-12-14 20:53:58,170 [INFO] \U0001f4c5 [762] ╟руЁєцр■ Ёрёяшёрэшх фы : ╚╤1-232
2025-12-14 20:53:58,188 [INFO] \U0001f50d [763] @user_763 \u2192 ╚∙хЄ уЁєяяє: '╚╤1-231'
2025-12-14 20:53:58,189 [INFO] \u2705 [763] ═рщфхэю 1 уЁєяя√ фы  чряЁюёр '╚╤1-231'
2025-12-14 20:53:58,189 [INFO] \U0001f4c5 [763] ╟руЁєцр■ Ёрёяшёрэшх фы : ╚╤1-231
2025-12-14 20:53:58,204 [INFO] \U0001f50d [763] @user_763 \u2192 ╚∙хЄ уЁєяяє: '╚╤1-232'
2025-12-14 20:53:58,204 [INFO] \u2705 [763] ═рщфхэю 1 уЁєяя√ фы  чряЁюёр '╚╤1-232'
2025-12-14 20:53:58,204 [INFO] \U0001f4c5 [763] ╟руЁєцр■ Ёрёяшёрэшх фы : ╚╤1-232
2025-12-14 20:53:58,218 [INFO] \U0001f50d [764] @user_764 \u2192 ╚∙хЄ уЁєяяє: '╚╤1-231'
2025-12-14 20:53:58,219 [INFO] \u2705 [764] ═рщфхэю 1 уЁєяя√ фы  чряЁюёр '╚╤1-231'
2025-12-14 20:53:58,219 [INFO] \U0001f4c5 [764] ╟руЁєцр■ Ёрёяшёрэшх фы : ╚╤1-231
2025-12-14 20:53:58,235 [INFO] \U0001f50d [764] @user_764 \u2192 ╚∙хЄ уЁєяяє: '╚╤1-232'
2025-12-14 20:53:58,236 [INFO] \u2705 [764] ═рщфхэю 1 уЁєяя√ фы  чряЁюёр '╚╤1-232'
2025-12-14 20:53:58,257 [INFO] \U0001f4c5 [764] ╟руЁєцр■ Ёрёяшёрэшх фы : ╚╤1-232
2025-12-14 20:53:58,275 [INFO] \U0001f50d [765] @user_765 \u2192 ╚∙хЄ уЁєяяє: '╚╤1-231'
2025-12-14 20:53:58,275 [INFO] \u2705 [765] ═рщфхэю 1 уЁєяя√ фы  чряЁюёр '╚╤1-231'
2025-12-14 20:53:58,276 [INFO] \U0001f4c5 [765] ╟руЁєцр■ Ёрёяшёрэшх фы : ╚╤1-231
2025-12-14 20:53:58,293 [INFO] \U0001f50d [765] @user_765 \u2192 ╚∙хЄ уЁєяяє: '╚╤1-232'
2025-12-14 20:53:58,294 [INFO] \u2705 [765] ═рщфхэю 1 уЁєяя√ фы  чряЁюёр '╚╤1-232'
2025-12-14 20:53:58,294 [INFO] \U0001f4c5 [765] ╟руЁєцр■ Ёрёяшёрэшх фы : ╚╤1-232
2025-12-14 20:53:58,312 [INFO] \U0001f50d [766] @user_766 \u2192 ╚∙хЄ уЁєяяє: '╚╤1-231'
2025-12-14 20:53:58,312 [INFO] \u2705 [766] ═рщфхэю 1 уЁєяя√ фы  чряЁюёр '╚╤1-231'
2025-12-14 20:53:58,312 [INFO] \U0001f4c5 [766] ╟руЁєцр■ Ёрёяшёрэшх фы : ╚╤1-231
2025-12-14 20:53:58,330 [INFO] \U0001f50d [766] @user_766 \u2192 ╚∙хЄ уЁєяяє: '╚╤1-232'
2025-12-14 20:53:58,331 [INFO] \u2705 [766] ═рщфхэю 1 уЁєяя√ фы  чряЁюёр '╚╤1-232'
2025-12-14 20:53:58,332 [INFO] \U0001f4c5 [766] ╟руЁєцр■ Ёрёяшёрэшх фы : ╚╤1-232
2025-12-14 20:53:58,351 [INFO] \U0001f50d [767] @user_767 \u2192 ╚∙хЄ уЁєяяє: '╚╤1-231'
2025-12-14 20:53:58,351 [INFO] \u2705 [767] ═рщфхэю 1 уЁєяя√ фы  чряЁюёр '╚╤1-231'
2025-12-14 20:53:58,352 [INFO] \U0001f4c5 [767] ╟руЁєцр■ Ёрёяшёрэшх фы : ╚╤1-231
2025-12-14 20:53:58,371 [INFO] \U0001f50d [767] @user_767 \u2192 ╚∙хЄ уЁєяяє: '╚╤1-232'
2025-12-14 20:53:58,372 [INFO] \u2705 [767] ═рщфхэю 1 уЁєяя√ фы  чряЁюёр '╚╤1-232'
2025-12-14 20:53:58,372 [INFO] \U0001f4c5 [767] ╟руЁєцр■ Ёрёяшёрэшх фы : ╚╤1-232
2025-12-14 20:53:58,392 [INFO] \U0001f50d [768] @user_768 \u2192 ╚∙хЄ уЁєяяє: '╚╤1-231'
2025-12-14 20:53:58,392 [INFO] \u2705 [768] ═рщфхэю 1 уЁєяя√ фы  чряЁюёр '╚╤1-231'
2025-12-14 20:53:58,393 [INFO] \U0001f4c5 [768] ╟руЁєцр■ Ёрёяшёрэшх фы : ╚╤1-231
2025-12-14 20:53:58,409 [INFO] \U0001f50d [768] @user_768 \u2192 ╚∙хЄ уЁєяяє: '╚╤1-232'
2025-12-14 20:53:58,410 [INFO] \u2705 [768] ═рщфхэю 1 уЁєяя√ фы  чряЁюёр '╚╤1-232'
2025-12-14 20:53:58,410 [INFO] \U0001f4c5 [768] ╟руЁєцр■ Ёрёяшёрэшх фы : ╚╤1-232
2025-12-14 20:53:58,428 [INFO] \U0001f50d [769] @user_769 \u2192 ╚∙хЄ уЁєяяє: '╚╤1-231'
2025-12-14 20:53:58,429 [INFO] \u2705 [769] ═рщфхэю 1 уЁєяя√ фы  чряЁюёр '╚╤1-231'
2025-12-14 20:53:58,429 [INFO] \U0001f4c5 [769] ╟руЁєцр■ Ёрёяшёрэшх фы : ╚╤1-231
2025-12-14 20:53:58,450 [INFO] \U0001f50d [769] @user_769 \u2192 ╚∙хЄ уЁєяяє: '╚╤1-232'
2025-12-14 20:53:58,451 [INFO] \u2705 [769] ═рщфхэю 1 уЁєяя√ фы  чряЁюёр '╚╤1-232'
2025-12-14 20:53:58,451 [INFO] \U0001f4c5 [769] ╟руЁєцр■ Ёрёяшёрэшх фы : ╚╤1-232
2025-12-14 20:53:58,466 [INFO] \U0001f50d [770] @user_770 \u2192 ╚∙хЄ уЁєяяє: '╚╤1-231'
2025-12-14 20:53:58,467 [INFO] \u2705 [770] ═рщфхэю 1 уЁєяя√ фы  чряЁюёр '╚╤1-231'
2025-12-14 20:53:58,467 [INFO] \U0001f4c5 [770] ╟руЁєцр■ Ёрёяшёрэшх фы : ╚╤1-231
2025-12-14 20:53:58,487 [INFO] \U0001f50d [770] @user_770 \u2192 ╚∙хЄ уЁєяяє: '╚╤1-232'
2025-12-14 20:53:58,488 [INFO] \u2705 [770] ═рщфхэю 1 уЁєяя√ фы  чряЁюёр '╚╤1-232'
2025-12-14 20:53:58,488 [INFO] \U0001f4c5 [770] ╟руЁєцр■ Ёрёяшёрэшх фы : ╚╤1-232
2025-12-14 20:53:58,508 [INFO] \U0001f50d [771] @user_771 \u2192 ╚∙хЄ уЁєяяє: '╚╤1-231'
2025-12-14 20:53:58,509 [INFO] \u2705 [771] ═рщфхэю 1 уЁєяя√ фы  чряЁюёр '╚╤1-231'
2025-12-14 20:53:58,509 [INFO] \U0001f4c5 [771] ╟руЁєцр■ Ёрёяшёрэшх фы : ╚╤1-231
2025-12-14 20:53:58,526 [INFO] \U0001f50d [771] @user_771 \u2192 ╚∙хЄ уЁєяяє: '╚╤1-232'
2025-12-14 20:53:58,527 [INFO] \u2705 [771] ═рщфхэю 1 уЁєяя√ фы  чряЁюёр '╚╤1-232'
2025-12-14 20:53:58,527 [INFO] \U0001f4c5 [771] ╟руЁєцр■ Ёрёяшёрэшх фы : ╚╤1-232
2025-12-14 20:53:58,545 [INFO] \U0001f50d [772] @user_772 \u2192 ╚∙хЄ уЁєяяє: '╚╤1-231'
2025-12-14 20:53:58,546 [INFO] \u2705 [772] ═рщфхэю 1 уЁєяя√ фы  чряЁюёр '╚╤1-231'
2025-12-14 20:53:58,546 [INFO] \U0001f4c5 [772] ╟руЁєцр■ Ёрёяшёрэшх фы : ╚╤1-231
2025-12-14 20:53:58,568 [INFO] \U0001f50d [772] @user_772 \u2192 ╚∙хЄ уЁєяяє: '╚╤1-232'
2025-12-14 20:53:58,569 [INFO] \u2705 [772] ═рщфхэю 1 уЁєяя√ фы  чряЁюёр '╚╤1-232'
2025-12-14 20:53:58,569 [INFO] \U0001f4c5 [772] ╟руЁєцр■ Ёрёяшёрэшх фы : ╚╤1-232
2025-12-14 20:53:58,591 [INFO] \U0001f50d [773] @user_773 \u2192 ╚∙хЄ уЁєяяє: '╚╤1-231'
2025-12-14 20:53:58,592 [INFO] \u2705 [773] ═рщфхэю 1 уЁєяя√ фы  чряЁюёр '╚╤1-231'
2025-12-14 20:53:58,592 [INFO] \U0001f4c5 [773] ╟руЁєцр■ Ёрёяшёрэшх фы : ╚╤1-231
2025-12-14 20:53:58,612 [INFO] \U0001f50d [773] @user_773 \u2192 ╚∙хЄ уЁєяяє: '╚╤1-232'
2025-12-14 20:53:58,614 [INFO] \u2705 [773] ═рщфхэю 1 уЁєяя√ фы  чряЁюёр '╚╤1-232'
2025-12-14 20:53:58,615 [INFO] \U0001f4c5 [773] ╟руЁєцр■ Ёрёяшёрэшх фы : ╚╤1-232
2025-12-14 20:53:58,634 [INFO] \U0001f50d [774] @user_774 \u2192 ╚∙хЄ уЁєяяє: '╚╤1-231'
2025-12-14 20:53:58,635 [INFO] \u2705 [774] ═рщфхэю 1 уЁєяя√ фы  чряЁюёр '╚╤1-231'
2025-12-14 20:53:58,635 [INFO] \U0001f4c5 [774] ╟руЁєцр■ Ёрёяшёрэшх фы : ╚╤1-231
2025-12-14 20:53:58,656 [INFO] \U0001f50d [774] @user_774 \u2192 ╚∙хЄ уЁєяяє: '╚╤1-232'
2025-12-14 20:53:58,658 [INFO] \u2705 [774] ═рщфхэю 1 уЁєяя√ фы  чряЁюёр '╚╤1-232'
2025-12-14 20:53:58,658 [INFO] \U0001f4c5 [774] ╟руЁєцр■ Ёрёяшёрэшх фы : ╚╤1-232
2025-12-14 20:53:58,681 [INFO] \U0001f50d [775] @user_775 \u2192 ╚∙хЄ уЁєяяє: '╚╤1-231'
2025-12-14 20:53:58,683 [INFO] \u2705 [775] ═рщфхэю 1 уЁєяя√ фы  чряЁюёр '╚╤1-231'
2025-12-14 20:53:58,683 [INFO] \U0001f4c5 [775] ╟руЁєцр■ Ёрёяшёрэшх фы : ╚╤1-231
2025-12-14 20:53:58,701 [INFO] \U0001f50d [775] @user_775 \u2192 ╚∙хЄ уЁєяяє: '╚╤1-232'
2025-12-14 20:53:58,702 [INFO] \u2705 [775] ═рщфхэю 1 уЁєяя√ фы  чряЁюёр '╚╤1-232'
2025-12-14 20:53:58,702 [INFO] \U0001f4c5 [775] ╟руЁєцр■ Ёрёяшёрэшх фы : ╚╤1-232
2025-12-14 20:53:58,718 [INFO] \U0001f50d [776] @user_776 \u2192 ╚∙хЄ уЁєяяє: '╚╤1-231'
2025-12-14 20:53:58,720 [INFO] \u2705 [776] ═рщфхэю 1 уЁєяя√ фы  чряЁюёр '╚╤1-231'
2025-12-14 20:53:58,720 [INFO] \U0001f4c5 [776] ╟руЁєцр■ Ёрёяшёрэшх фы : ╚╤1-231
2025-12-14 20:53:58,735 [INFO] \U0001f50d [776] @user_776 \u2192 ╚∙хЄ уЁєяяє: '╚╤1-232'
2025-12-14 20:53:58,736 [INFO] \u2705 [776] ═рщфхэю 1 уЁєяя√ фы  чряЁюёр '╚╤1-232'
2025-12-14 20:53:58,737 [INFO] \U0001f4c5 [776] ╟руЁєцр■ Ёрёяшёрэшх фы : ╚╤1-232
2025-12-14 20:53:58,755 [INFO] \U0001f50d [777] @user_777 \u2192 ╚∙хЄ уЁєяяє: '╚╤1-231'
2025-12-14 20:53:58,755 [INFO] \u2705 [777] ═рщфхэю 1 уЁєяя√ фы  чряЁюёр '╚╤1-231'
2025-12-14 20:53:58,755 [INFO] \U0001f4c5 [777] ╟руЁєцр■ Ёрёяшёрэшх фы : ╚╤1-231
2025-12-14 20:53:58,776 [INFO] \U0001f50d [777] @user_777 \u2192 ╚∙хЄ уЁєяяє: '╚╤1-232'
2025-12-14 20:53:58,777 [INFO] \u2705 [777] ═рщфхэю 1 уЁєяя√ фы  чряЁюёр '╚╤1-232'
2025-12-14 20:53:58,778 [INFO] \U0001f4c5 [777] ╟руЁєцр■ Ёрёяшёрэшх фы : ╚╤1-232
2025-12-14 20:53:58,800 [INFO] \U0001f50d [778] @user_778 \u2192 ╚∙хЄ уЁєяяє: '╚╤1-231'
2025-12-14 20:53:58,801 [INFO] \u2705 [778] ═рщфхэю 1 уЁєяя√ фы  чряЁюёр '╚╤1-231'
2025-12-14 20:53:58,801 [INFO] \U0001f4c5 [778] ╟руЁєцр■ Ёрёяшёрэшх фы : ╚╤1-231
2025-12-14 20:53:58,818 [INFO] \U0001f50d [778] @user_778 \u2192 ╚∙хЄ уЁєяяє: '╚╤1-232'
2025-12-14 20:53:58,818 [INFO] \u2705 [778] ═рщфхэю 1 уЁєяя√ фы  чряЁюёр '╚╤1-232'
2025-12-14 20:53:58,819 [INFO] \U0001f4c5 [778] ╟руЁєцр■ Ёрёяшёрэшх фы : ╚╤1-232
2025-12-14 20:53:58,837 [INFO] \U0001f50d [779] @user_779 \u2192 ╚∙хЄ уЁєяяє: '╚╤1-231'
2025-12-14 20:53:58,838 [INFO] \u2705 [779] ═рщфхэю 1 уЁєяя√ фы  чряЁюёр '╚╤1-231'
2025-12-14 20:53:58,838 [INFO] \U0001f4c5 [779] ╟руЁєцр■ Ёрёяшёрэшх фы : ╚╤1-231
2025-12-14 20:53:58,854 [INFO] \U0001f50d [779] @user_779 \u2192 ╚∙хЄ уЁєяяє: '╚╤1-232'
2025-12-14 20:53:58,855 [INFO] \u2705 [779] ═рщфхэю 1 уЁєяя√ фы  чряЁюёр '╚╤1-232'
2025-12-14 20:53:58,855 [INFO] \U0001f4c5 [779] ╟руЁєцр■ Ёрёяшёрэшх фы : ╚╤1-232
2025-12-14 20:53:58,874 [INFO] \U0001f50d [780] @user_780 \u2192 ╚∙хЄ уЁєяяє: '╚╤1-231'
2025-12-14 20:53:58,875 [INFO] \u2705 [780] ═рщфхэю 1 уЁєяя√ фы  чряЁюёр '╚╤1-231'
2025-12-14 20:53:58,876 [INFO] \U0001f4c5 [780] ╟руЁєцр■ Ёрёяшёрэшх фы : ╚╤1-231
2025-12-14 20:53:58,894 [INFO] \U0001f50d [780] @user_780 \u2192 ╚∙хЄ уЁєяяє: '╚╤1-232'
2025-12-14 20:53:58,895 [INFO] \u2705 [780] ═рщфхэю 1 уЁєяя√ фы  чряЁюёр '╚╤1-232'
2025-12-14 20:53:58,895 [INFO] \U0001f4c5 [780] ╟руЁєцр■ Ёрёяшёрэшх фы : ╚╤1-232
2025-12-14 20:53:58,914 [INFO] \U0001f50d [781] @user_781 \u2192 ╚∙хЄ уЁєяяє: '╚╤1-231'
2025-12-14 20:53:58,915 [INFO] \u2705 [781] ═рщфхэю 1 уЁєяя√ фы  чряЁюёр '╚╤1-231'
2025-12-14 20:53:58,915 [INFO] \U0001f4c5 [781] ╟руЁєцр■ Ёрёяшёрэшх фы : ╚╤1-231
2025-12-14 20:53:58,930 [INFO] \U0001f50d [781] @user_781 \u2192 ╚∙хЄ уЁєяяє: '╚╤1-232'
2025-12-14 20:53:58,931 [INFO] \u2705 [781] ═рщфхэю 1 уЁєяя√ фы  чряЁюёр '╚╤1-232'
2025-12-14 20:53:58,932 [INFO] \U0001f4c5 [781] ╟руЁєцр■ Ёрёяшёрэшх фы : ╚╤1-232
2025-12-14 20:53:58,945 [INFO] \U0001f50d [782] @user_782 \u2192 ╚∙хЄ уЁєяяє: '╚╤1-231'
2025-12-14 20:53:58,946 [INFO] \u2705 [782] ═рщфхэю 1 уЁєяя√ фы  чряЁюёр '╚╤1-231'
2025-12-14 20:53:58,946 [INFO] \U0001f4c5 [782] ╟руЁєцр■ Ёрёяшёрэшх фы : ╚╤1-231
2025-12-14 20:53:58,962 [INFO] \U0001f50d [782] @user_782 \u2192 ╚∙хЄ уЁєяяє: '╚╤1-232'
2025-12-14 20:53:58,963 [INFO] \u2705 [782] ═рщфхэю 1 уЁєяя√ фы  чряЁюёр '╚╤1-232'
2025-12-14 20:53:58,964 [INFO] \U0001f4c5 [782] ╟руЁєцр■ Ёрёяшёрэшх фы : ╚╤1-232
2025-12-14 20:53:58,982 [INFO] \U0001f50d [783] @user_783 \u2192 ╚∙хЄ уЁєяяє: '╚╤1-231'
2025-12-14 20:53:58,983 [INFO] \u2705 [783] ═рщфхэю 1 уЁєяя√ фы  чряЁюёр '╚╤1-231'
2025-12-14 20:53:58,983 [INFO] \U0001f4c5 [783] ╟руЁєцр■ Ёрёяшёрэшх фы : ╚╤1-231
2025-12-14 20:53:58,999 [INFO] \U0001f50d [783] @user_783 \u2192 ╚∙хЄ уЁєяяє: '╚╤1-232'
2025-12-14 20:53:59,000 [INFO] \u2705 [783] ═рщфхэю 1 уЁєяя√ фы  чряЁюёр '╚╤1-232'
2025-12-14 20:53:59,000 [INFO] \U0001f4c5 [783] ╟руЁєцр■ Ёрёяшёрэшх фы : ╚╤1-232
2025-12-14 20:53:59,017 [INFO] \U0001f50d [784] @user_784 \u2192 ╚∙хЄ уЁєяяє: '╚╤1-231'
2025-12-14 20:53:59,018 [INFO] \u2705 [784] ═рщфхэю 1 уЁєяя√ фы  чряЁюёр '╚╤1-231'
2025-12-14 20:53:59,018 [INFO] \U0001f4c5 [784] ╟руЁєцр■ Ёрёяшёрэшх фы : ╚╤1-231
2025-12-14 20:53:59,034 [INFO] \U0001f50d [784] @user_784 \u2192 ╚∙хЄ уЁєяяє: '╚╤1-232'
2025-12-14 20:53:59,035 [INFO] \u2705 [784] ═рщфхэю 1 уЁєяя√ фы  чряЁюёр '╚╤1-232'
2025-12-14 20:53:59,035 [INFO] \U0001f4c5 [784] ╟руЁєцр■ Ёрёяшёрэшх фы : ╚╤1-232
2025-12-14 20:53:59,053 [INFO] \U0001f50d [785] @user_785 \u2192 ╚∙хЄ уЁєяяє: '╚╤1-231'
2025-12-14 20:53:59,054 [INFO] \u2705 [785] ═рщфхэю 1 уЁєяя√ фы  чряЁюёр '╚╤1-231'
2025-12-14 20:53:59,054 [INFO] \U0001f4c5 [785] ╟руЁєцр■ Ёрёяшёрэшх фы : ╚╤1-231
2025-12-14 20:53:59,068 [INFO] \U0001f50d [785] @user_785 \u2192 ╚∙хЄ уЁєяяє: '╚╤1-232'
2025-12-14 20:53:59,069 [INFO] \u2705 [785] ═рщфхэю 1 уЁєяя√ фы  чряЁюёр '╚╤1-232'
2025-12-14 20:53:59,069 [INFO] \U0001f4c5 [785] ╟руЁєцр■ Ёрёяшёрэшх фы : ╚╤1-232
2025-12-14 20:53:59,089 [INFO] \U0001f50d [786] @user_786 \u2192 ╚∙хЄ уЁєяяє: '╚╤1-231'
2025-12-14 20:53:59,090 [INFO] \u2705 [786] ═рщфхэю 1 уЁєяя√ фы  чряЁюёр '╚╤1-231'
2025-12-14 20:53:59,090 [INFO] \U0001f4c5 [786] ╟руЁєцр■ Ёрёяшёрэшх фы : ╚╤1-231
2025-12-14 20:53:59,108 [INFO] \U0001f50d [786] @user_786 \u2192 ╚∙хЄ уЁєяяє: '╚╤1-232'
2025-12-14 20:53:59,109 [INFO] \u2705 [786] ═рщфхэю 1 уЁєяя√ фы  чряЁюёр '╚╤1-232'
2025-12-14 20:53:59,110 [INFO] \U0001f4c5 [786] ╟руЁєцр■ Ёрёяшёрэшх фы : ╚╤1-232
2025-12-14 20:53:59,132 [INFO] \U0001f50d [787] @user_787 \u2192 ╚∙хЄ уЁєяяє: '╚╤1-231'
2025-12-14 20:53:59,133 [INFO] \u2705 [787] ═рщфхэю 1 уЁєяя√ фы  чряЁюёр '╚╤1-231'
2025-12-14 20:53:59,133 [INFO] \U0001f4c5 [787] ╟руЁєцр■ Ёрёяшёрэшх фы : ╚╤1-231
2025-12-14 20:53:59,155 [INFO] \U0001f50d [787] @user_787 \u2192 ╚∙хЄ уЁєяяє: '╚╤1-232'
2025-12-14 20:53:59,157 [INFO] \u2705 [787] ═рщфхэю 1 уЁєяя√ фы  чряЁюёр '╚╤1-232'
2025-12-14 20:53:59,157 [INFO] \U0001f4c5 [787] ╟руЁєцр■ Ёрёяшёрэшх фы : ╚╤1-232
2025-12-14 20:53:59,176 [INFO] \U0001f50d [788] @user_788 \u2192 ╚∙хЄ уЁєяяє: '╚╤1-231'
2025-12-14 20:53:59,177 [INFO] \u2705 [788] ═рщфхэю 1 уЁєяя√ фы  чряЁюёр '╚╤1-231'
2025-12-14 20:53:59,178 [INFO] \U0001f4c5 [788] ╟руЁєцр■ Ёрёяшёрэшх фы : ╚╤1-231
2025-12-14 20:53:59,196 [INFO] \U0001f50d [788] @user_788 \u2192 ╚∙хЄ уЁєяяє: '╚╤1-232'
2025-12-14 20:53:59,198 [INFO] \u2705 [788] ═рщфхэю 1 уЁєяя√ фы  чряЁюёр '╚╤1-232'
2025-12-14 20:53:59,198 [INFO] \U0001f4c5 [788] ╟руЁєцр■ Ёрёяшёрэшх фы : ╚╤1-232
2025-12-14 20:53:59,218 [INFO] \U0001f50d [789] @user_789 \u2192 ╚∙хЄ уЁєяяє: '╚╤1-231'
2025-12-14 20:53:59,219 [INFO] \u2705 [789] ═рщфхэю 1 уЁєяя√ фы  чряЁюёр '╚╤1-231'
2025-12-14 20:53:59,219 [INFO] \U0001f4c5 [789] ╟руЁєцр■ Ёрёяшёрэшх фы : ╚╤1-231
2025-12-14 20:53:59,236 [INFO] \U0001f50d [789] @user_789 \u2192 ╚∙хЄ уЁєяяє: '╚╤1-232'
2025-12-14 20:53:59,236 [INFO] \u2705 [789] ═рщфхэю 1 уЁєяя√ фы  чряЁюёр '╚╤1-232'
2025-12-14 20:53:59,237 [INFO] \U0001f4c5 [789] ╟руЁєцр■ Ёрёяшёрэшх фы : ╚╤1-232
2025-12-14 20:53:59,255 [INFO] \U0001f50d [790] @user_790 \u2192 ╚∙хЄ уЁєяяє: '╚╤1-231'
2025-12-14 20:53:59,255 [INFO] \u2705 [790] ═рщфхэю 1 уЁєяя√ фы  чряЁюёр '╚╤1-231'
2025-12-14 20:53:59,256 [INFO] \U0001f4c5 [790] ╟руЁєцр■ Ёрёяшёрэшх фы : ╚╤1-231
2025-12-14 20:53:59,272 [INFO] \U0001f50d [790] @user_790 \u2192 ╚∙хЄ уЁєяяє: '╚╤1-232'
2025-12-14 20:53:59,272 [INFO] \u2705 [790] ═рщфхэю 1 уЁєяя√ фы  чряЁюёр '╚╤1-232'
2025-12-14 20:53:59,273 [INFO] \U0001f4c5 [790] ╟руЁєцр■ Ёрёяшёрэшх фы : ╚╤1-232
2025-12-14 20:53:59,292 [INFO] \U0001f50d [791] @user_791 \u2192 ╚∙хЄ уЁєяяє: '╚╤1-231'
2025-12-14 20:53:59,293 [INFO] \u2705 [791] ═рщфхэю 1 уЁєяя√ фы  чряЁюёр '╚╤1-231'
2025-12-14 20:53:59,293 [INFO] \U0001f4c5 [791] ╟руЁєцр■ Ёрёяшёрэшх фы : ╚╤1-231
2025-12-14 20:53:59,310 [INFO] \U0001f50d [791] @user_791 \u2192 ╚∙хЄ уЁєяяє: '╚╤1-232'
2025-12-14 20:53:59,311 [INFO] \u2705 [791] ═рщфхэю 1 уЁєяя√ фы  чряЁюёр '╚╤1-232'
2025-12-14 20:53:59,311 [INFO] \U0001f4c5 [791] ╟руЁєцр■ Ёрёяшёрэшх фы : ╚╤1-232
2025-12-14 20:53:59,327 [INFO] \U0001f50d [792] @user_792 \u2192 ╚∙хЄ уЁєяяє: '╚╤1-231'
2025-12-14 20:53:59,329 [INFO] \u2705 [792] ═рщфхэю 1 уЁєяя√ фы  чряЁюёр '╚╤1-231'
2025-12-14 20:53:59,329 [INFO] \U0001f4c5 [792] ╟руЁєцр■ Ёрёяшёрэшх фы : ╚╤1-231
2025-12-14 20:53:59,347 [INFO] \U0001f50d [792] @user_792 \u2192 ╚∙хЄ уЁєяяє: '╚╤1-232'
2025-12-14 20:53:59,348 [INFO] \u2705 [792] ═рщфхэю 1 уЁєяя√ фы  чряЁюёр '╚╤1-232'
2025-12-14 20:53:59,348 [INFO] \U0001f4c5 [792] ╟руЁєцр■ Ёрёяшёрэшх фы : ╚╤1-232
2025-12-14 20:53:59,367 [INFO] \U0001f50d [793] @user_793 \u2192 ╚∙хЄ уЁєяяє: '╚╤1-231'
2025-12-14 20:53:59,368 [INFO] \u2705 [793] ═рщфхэю 1 уЁєяя√ фы  чряЁюёр '╚╤1-231'
2025-12-14 20:53:59,368 [INFO] \U0001f4c5 [793] ╟руЁєцр■ Ёрёяшёрэшх фы : ╚╤1-231
2025-12-14 20:53:59,385 [INFO] \U0001f50d [793] @user_793 \u2192 ╚∙хЄ уЁєяяє: '╚╤1-232'
2025-12-14 20:53:59,386 [INFO] \u2705 [793] ═рщфхэю 1 уЁєяя√ фы  чряЁюёр '╚╤1-232'
2025-12-14 20:53:59,386 [INFO] \U0001f4c5 [793] ╟руЁєцр■ Ёрёяшёрэшх фы : ╚╤1-232
2025-12-14 20:53:59,404 [INFO] \U0001f50d [794] @user_794 \u2192 ╚∙хЄ уЁєяяє: '╚╤1-231'
2025-12-14 20:53:59,405 [INFO] \u2705 [794] ═рщфхэю 1 уЁєяя√ фы  чряЁюёр '╚╤1-231'
2025-12-14 20:53:59,405 [INFO] \U0001f4c5 [794] ╟руЁєцр■ Ёрёяшёрэшх фы : ╚╤1-231
2025-12-14 20:53:59,422 [INFO] \U0001f50d [794] @user_794 \u2192 ╚∙хЄ уЁєяяє: '╚╤1-232'
2025-12-14 20:53:59,423 [INFO] \u2705 [794] ═рщфхэю 1 уЁєяя√ фы  чряЁюёр '╚╤1-232'
2025-12-14 20:53:59,424 [INFO] \U0001f4c5 [794] ╟руЁєцр■ Ёрёяшёрэшх фы : ╚╤1-232
2025-12-14 20:53:59,443 [INFO] \U0001f50d [795] @user_795 \u2192 ╚∙хЄ уЁєяяє: '╚╤1-231'
2025-12-14 20:53:59,443 [INFO] \u2705 [795] ═рщфхэю 1 уЁєяя√ фы  чряЁюёр '╚╤1-231'
2025-12-14 20:53:59,443 [INFO] \U0001f4c5 [795] ╟руЁєцр■ Ёрёяшёрэшх фы : ╚╤1-231
2025-12-14 20:53:59,461 [INFO] \U0001f50d [795] @user_795 \u2192 ╚∙хЄ уЁєяяє: '╚╤1-232'
2025-12-14 20:53:59,462 [INFO] \u2705 [795] ═рщфхэю 1 уЁєяя√ фы  чряЁюёр '╚╤1-232'
2025-12-14 20:53:59,463 [INFO] \U0001f4c5 [795] ╟руЁєцр■ Ёрёяшёрэшх фы : ╚╤1-232
2025-12-14 20:53:59,481 [INFO] \U0001f50d [796] @user_796 \u2192 ╚∙хЄ уЁєяяє: '╚╤1-231'
2025-12-14 20:53:59,482 [INFO] \u2705 [796] ═рщфхэю 1 уЁєяя√ фы  чряЁюёр '╚╤1-231'
2025-12-14 20:53:59,482 [INFO] \U0001f4c5 [796] ╟руЁєцр■ Ёрёяшёрэшх фы : ╚╤1-231
2025-12-14 20:53:59,500 [INFO] \U0001f50d [796] @user_796 \u2192 ╚∙хЄ уЁєяяє: '╚╤1-232'
2025-12-14 20:53:59,501 [INFO] \u2705 [796] ═рщфхэю 1 уЁєяя√ фы  чряЁюёр '╚╤1-232'
2025-12-14 20:53:59,501 [INFO] \U0001f4c5 [796] ╟руЁєцр■ Ёрёяшёрэшх фы : ╚╤1-232
2025-12-14 20:53:59,518 [INFO] \U0001f50d [797] @user_797 \u2192 ╚∙хЄ уЁєяяє: '╚╤1-231'
2025-12-14 20:53:59,518 [INFO] \u2705 [797] ═рщфхэю 1 уЁєяя√ фы  чряЁюёр '╚╤1-231'
2025-12-14 20:53:59,519 [INFO] \U0001f4c5 [797] ╟руЁєцр■ Ёрёяшёрэшх фы : ╚╤1-231
2025-12-14 20:53:59,535 [INFO] \U0001f50d [797] @user_797 \u2192 ╚∙хЄ уЁєяяє: '╚╤1-232'
2025-12-14 20:53:59,536 [INFO] \u2705 [797] ═рщфхэю 1 уЁєяя√ фы  чряЁюёр '╚╤1-232'
2025-12-14 20:53:59,536 [INFO] \U0001f4c5 [797] ╟руЁєцр■ Ёрёяшёрэшх фы : ╚╤1-232
2025-12-14 20:53:59,554 [INFO] \U0001f50d [798] @user_798 \u2192 ╚∙хЄ уЁєяяє: '╚╤1-231'
2025-12-14 20:53:59,554 [INFO] \u2705 [798] ═рщфхэю 1 уЁєяя√ фы  чряЁюёр '╚╤1-231'
2025-12-14 20:53:59,554 [INFO] \U0001f4c5 [798] ╟руЁєцр■ Ёрёяшёрэшх фы : ╚╤1-231
2025-12-14 20:53:59,574 [INFO] \U0001f50d [798] @user_798 \u2192 ╚∙хЄ уЁєяяє: '╚╤1-232'
2025-12-14 20:53:59,576 [INFO] \u2705 [798] ═рщфхэю 1 уЁєяя√ фы  чряЁюёр '╚╤1-232'
2025-12-14 20:53:59,576 [INFO] \U0001f4c5 [798] ╟руЁєцр■ Ёрёяшёрэшх фы : ╚╤1-232
2025-12-14 20:53:59,594 [INFO] \U0001f50d [799] @user_799 \u2192 ╚∙хЄ уЁєяяє: '╚╤1-231'
2025-12-14 20:53:59,596 [INFO] \u2705 [799] ═рщфхэю 1 уЁєяя√ фы  чряЁюёр '╚╤1-231'
2025-12-14 20:53:59,596 [INFO] \U0001f4c5 [799] ╟руЁєцр■ Ёрёяшёрэшх фы : ╚╤1-231
2025-12-14 20:53:59,613 [INFO] \U0001f50d [799] @user_799 \u2192 ╚∙хЄ уЁєяяє: '╚╤1-232'
2025-12-14 20:53:59,614 [INFO] \u2705 [799] ═рщфхэю 1 уЁєяя√ фы  чряЁюёр '╚╤1-232'
2025-12-14 20:53:59,614 [INFO] \U0001f4c5 [799] ╟руЁєцр■ Ёрёяшёрэшх фы : ╚╤1-232
2025-12-14 20:53:59,634 [INFO] \U0001f50d [800] @user_800 \u2192 ╚∙хЄ уЁєяяє: '╚╤1-231'
2025-12-14 20:53:59,634 [INFO] \u2705 [800] ═рщфхэю 1 уЁєяя√ фы  чряЁюёр '╚╤1-231'
2025-12-14 20:53:59,635 [INFO] \U0001f4c5 [800] ╟руЁєцр■ Ёрёяшёрэшх фы : ╚╤1-231
2025-12-14 20:53:59,651 [INFO] \U0001f50d [800] @user_800 \u2192 ╚∙хЄ уЁєяяє: '╚╤1-232'
2025-12-14 20:53:59,652 [INFO] \u2705 [800] ═рщфхэю 1 уЁєяя√ фы  чряЁюёр '╚╤1-232'
2025-12-14 20:53:59,652 [INFO] \U0001f4c5 [800] ╟руЁєцр■ Ёрёяшёрэшх фы : ╚╤1-232
2025-12-14 20:53:59,669 [INFO] \U0001f50d [801] @user_801 \u2192 ╚∙хЄ уЁєяяє: '╚╤1-231'
2025-12-14 20:53:59,670 [INFO] \u2705 [801] ═рщфхэю 1 уЁєяя√ фы  чряЁюёр '╚╤1-231'
2025-12-14 20:53:59,670 [INFO] \U0001f4c5 [801] ╟руЁєцр■ Ёрёяшёрэшх фы : ╚╤1-231
2025-12-14 20:53:59,688 [INFO] \U0001f50d [801] @user_801 \u2192 ╚∙хЄ уЁєяяє: '╚╤1-232'
2025-12-14 20:53:59,689 [INFO] \u2705 [801] ═рщфхэю 1 уЁєяя√ фы  чряЁюёр '╚╤1-232'
2025-12-14 20:53:59,690 [INFO] \U0001f4c5 [801] ╟руЁєцр■ Ёрёяшёрэшх фы : ╚╤1-232
2025-12-14 20:53:59,709 [INFO] \U0001f50d [802] @user_802 \u2192 ╚∙хЄ уЁєяяє: '╚╤1-231'
2025-12-14 20:53:59,710 [INFO] \u2705 [802] ═рщфхэю 1 уЁєяя√ фы  чряЁюёр '╚╤1-231'
2025-12-14 20:53:59,710 [INFO] \U0001f4c5 [802] ╟руЁєцр■ Ёрёяшёрэшх фы : ╚╤1-231
2025-12-14 20:53:59,732 [INFO] \U0001f50d [802] @user_802 \u2192 ╚∙хЄ уЁєяяє: '╚╤1-232'
2025-12-14 20:53:59,733 [INFO] \u2705 [802] ═рщфхэю 1 уЁєяя√ фы  чряЁюёр '╚╤1-232'
2025-12-14 20:53:59,733 [INFO] \U0001f4c5 [802] ╟руЁєцр■ Ёрёяшёрэшх фы : ╚╤1-232
2025-12-14 20:53:59,756 [INFO] \U0001f50d [803] @user_803 \u2192 ╚∙хЄ уЁєяяє: '╚╤1-231'
2025-12-14 20:53:59,758 [INFO] \u2705 [803] ═рщфхэю 1 уЁєяя√ фы  чряЁюёр '╚╤1-231'
2025-12-14 20:53:59,758 [INFO] \U0001f4c5 [803] ╟руЁєцр■ Ёрёяшёрэшх фы : ╚╤1-231
2025-12-14 20:53:59,774 [INFO] \U0001f50d [803] @user_803 \u2192 ╚∙хЄ уЁєяяє: '╚╤1-232'
2025-12-14 20:53:59,775 [INFO] \u2705 [803] ═рщфхэю 1 уЁєяя√ фы  чряЁюёр '╚╤1-232'
2025-12-14 20:53:59,775 [INFO] \U0001f4c5 [803] ╟руЁєцр■ Ёрёяшёрэшх фы : ╚╤1-232
2025-12-14 20:53:59,789 [INFO] \U0001f50d [804] @user_804 \u2192 ╚∙хЄ уЁєяяє: '╚╤1-231'
2025-12-14 20:53:59,791 [INFO] \u2705 [804] ═рщфхэю 1 уЁєяя√ фы  чряЁюёр '╚╤1-231'
2025-12-14 20:53:59,791 [INFO] \U0001f4c5 [804] ╟руЁєцр■ Ёрёяшёрэшх фы : ╚╤1-231
2025-12-14 20:53:59,811 [INFO] \U0001f50d [804] @user_804 \u2192 ╚∙хЄ уЁєяяє: '╚╤1-232'
2025-12-14 20:53:59,812 [INFO] \u2705 [804] ═рщфхэю 1 уЁєяя√ фы  чряЁюёр '╚╤1-232'
2025-12-14 20:53:59,813 [INFO] \U0001f4c5 [804] ╟руЁєцр■ Ёрёяшёрэшх фы : ╚╤1-232
2025-12-14 20:53:59,833 [INFO] \U0001f50d [805] @user_805 \u2192 ╚∙хЄ уЁєяяє: '╚╤1-231'
2025-12-14 20:53:59,834 [INFO] \u2705 [805] ═рщфхэю 1 уЁєяя√ фы  чряЁюёр '╚╤1-231'
2025-12-14 20:53:59,834 [INFO] \U0001f4c5 [805] ╟руЁєцр■ Ёрёяшёрэшх фы : ╚╤1-231
2025-12-14 20:53:59,854 [INFO] \U0001f50d [805] @user_805 \u2192 ╚∙хЄ уЁєяяє: '╚╤1-232'
2025-12-14 20:53:59,854 [INFO] \u2705 [805] ═рщфхэю 1 уЁєяя√ фы  чряЁюёр '╚╤1-232'
2025-12-14 20:53:59,854 [INFO] \U0001f4c5 [805] ╟руЁєцр■ Ёрёяшёрэшх фы : ╚╤1-232
2025-12-14 20:53:59,873 [INFO] \U0001f50d [806] @user_806 \u2192 ╚∙хЄ уЁєяяє: '╚╤1-231'
2025-12-14 20:53:59,874 [INFO] \u2705 [806] ═рщфхэю 1 уЁєяя√ фы  чряЁюёр '╚╤1-231'
2025-12-14 20:53:59,875 [INFO] \U0001f4c5 [806] ╟руЁєцр■ Ёрёяшёрэшх фы : ╚╤1-231
2025-12-14 20:53:59,893 [INFO] \U0001f50d [806] @user_806 \u2192 ╚∙хЄ уЁєяяє: '╚╤1-232'
2025-12-14 20:53:59,894 [INFO] \u2705 [806] ═рщфхэю 1 уЁєяя√ фы  чряЁюёр '╚╤1-232'
2025-12-14 20:53:59,894 [INFO] \U0001f4c5 [806] ╟руЁєцр■ Ёрёяшёрэшх фы : ╚╤1-232
2025-12-14 20:53:59,913 [INFO] \U0001f50d [807] @user_807 \u2192 ╚∙хЄ уЁєяяє: '╚╤1-231'
2025-12-14 20:53:59,914 [INFO] \u2705 [807] ═рщфхэю 1 уЁєяя√ фы  чряЁюёр '╚╤1-231'
2025-12-14 20:53:59,914 [INFO] \U0001f4c5 [807] ╟руЁєцр■ Ёрёяшёрэшх фы : ╚╤1-231
2025-12-14 20:53:59,940 [INFO] \U0001f50d [807] @user_807 \u2192 ╚∙хЄ уЁєяяє: '╚╤1-232'
2025-12-14 20:53:59,941 [INFO] \u2705 [807] ═рщфхэю 1 уЁєяя√ фы  чряЁюёр '╚╤1-232'
2025-12-14 20:53:59,942 [INFO] \U0001f4c5 [807] ╟руЁєцр■ Ёрёяшёрэшх фы : ╚╤1-232
2025-12-14 20:53:59,960 [INFO] \U0001f50d [808] @user_808 \u2192 ╚∙хЄ уЁєяяє: '╚╤1-231'
2025-12-14 20:53:59,961 [INFO] \u2705 [808] ═рщфхэю 1 уЁєяя√ фы  чряЁюёр '╚╤1-231'
2025-12-14 20:53:59,961 [INFO] \U0001f4c5 [808] ╟руЁєцр■ Ёрёяшёрэшх фы : ╚╤1-231
2025-12-14 20:53:59,982 [INFO] \U0001f50d [808] @user_808 \u2192 ╚∙хЄ уЁєяяє: '╚╤1-232'
2025-12-14 20:53:59,982 [INFO] \u2705 [808] ═рщфхэю 1 уЁєяя√ фы  чряЁюёр '╚╤1-232'
2025-12-14 20:53:59,983 [INFO] \U0001f4c5 [808] ╟руЁєцр■ Ёрёяшёрэшх фы : ╚╤1-232
2025-12-14 20:54:00,003 [INFO] \U0001f50d [809] @user_809 \u2192 ╚∙хЄ уЁєяяє: '╚╤1-231'
2025-12-14 20:54:00,005 [INFO] \u2705 [809] ═рщфхэю 1 уЁєяя√ фы  чряЁюёр '╚╤1-231'
2025-12-14 20:54:00,005 [INFO] \U0001f4c5 [809] ╟руЁєцр■ Ёрёяшёрэшх фы : ╚╤1-231
2025-12-14 20:54:00,022 [INFO] \U0001f50d [809] @user_809 \u2192 ╚∙хЄ уЁєяяє: '╚╤1-232'
2025-12-14 20:54:00,022 [INFO] \u2705 [809] ═рщфхэю 1 уЁєяя√ фы  чряЁюёр '╚╤1-232'
2025-12-14 20:54:00,023 [INFO] \U0001f4c5 [809] ╟руЁєцр■ Ёрёяшёрэшх фы : ╚╤1-232
2025-12-14 20:54:00,040 [INFO] \U0001f50d [810] @user_810 \u2192 ╚∙хЄ уЁєяяє: '╚╤1-231'
2025-12-14 20:54:00,040 [INFO] \u2705 [810] ═рщфхэю 1 уЁєяя√ фы  чряЁюёр '╚╤1-231'
2025-12-14 20:54:00,041 [INFO] \U0001f4c5 [810] ╟руЁєцр■ Ёрёяшёрэшх фы : ╚╤1-231
2025-12-14 20:54:00,057 [INFO] \U0001f50d [810] @user_810 \u2192 ╚∙хЄ уЁєяяє: '╚╤1-232'
2025-12-14 20:54:00,059 [INFO] \u2705 [810] ═рщфхэю 1 уЁєяя√ фы  чряЁюёр '╚╤1-232'
2025-12-14 20:54:00,059 [INFO] \U0001f4c5 [810] ╟руЁєцр■ Ёрёяшёрэшх фы : ╚╤1-232
2025-12-14 20:54:00,076 [INFO] \U0001f50d [811] @user_811 \u2192 ╚∙хЄ уЁєяяє: '╚╤1-231'
2025-12-14 20:54:00,077 [INFO] \u2705 [811] ═рщфхэю 1 уЁєяя√ фы  чряЁюёр '╚╤1-231'
2025-12-14 20:54:00,077 [INFO] \U0001f4c5 [811] ╟руЁєцр■ Ёрёяшёрэшх фы : ╚╤1-231
2025-12-14 20:54:00,096 [INFO] \U0001f50d [811] @user_811 \u2192 ╚∙хЄ уЁєяяє: '╚╤1-232'
2025-12-14 20:54:00,097 [INFO] \u2705 [811] ═рщфхэю 1 уЁєяя√ фы  чряЁюёр '╚╤1-232'
2025-12-14 20:54:00,097 [INFO] \U0001f4c5 [811] ╟руЁєцр■ Ёрёяшёрэшх фы : ╚╤1-232
2025-12-14 20:54:00,121 [INFO] \U0001f50d [812] @user_812 \u2192 ╚∙хЄ уЁєяяє: '╚╤1-231'
2025-12-14 20:54:00,122 [INFO] \u2705 [812] ═рщфхэю 1 уЁєяя√ фы  чряЁюёр '╚╤1-231'
2025-12-14 20:54:00,122 [INFO] \U0001f4c5 [812] ╟руЁєцр■ Ёрёяшёрэшх фы : ╚╤1-231
2025-12-14 20:54:00,146 [INFO] \U0001f50d [812] @user_812 \u2192 ╚∙хЄ уЁєяяє: '╚╤1-232'
2025-12-14 20:54:00,148 [INFO] \u2705 [812] ═рщфхэю 1 уЁєяя√ фы  чряЁюёр '╚╤1-232'
2025-12-14 20:54:00,148 [INFO] \U0001f4c5 [812] ╟руЁєцр■ Ёрёяшёрэшх фы : ╚╤1-232
2025-12-14 20:54:00,166 [INFO] \U0001f50d [813] @user_813 \u2192 ╚∙хЄ уЁєяяє: '╚╤1-231'
2025-12-14 20:54:00,167 [INFO] \u2705 [813] ═рщфхэю 1 уЁєяя√ фы  чряЁюёр '╚╤1-231'
2025-12-14 20:54:00,167 [INFO] \U0001f4c5 [813] ╟руЁєцр■ Ёрёяшёрэшх фы : ╚╤1-231
2025-12-14 20:54:00,190 [INFO] \U0001f50d [813] @user_813 \u2192 ╚∙хЄ уЁєяяє: '╚╤1-232'
2025-12-14 20:54:00,192 [INFO] \u2705 [813] ═рщфхэю 1 уЁєяя√ фы  чряЁюёр '╚╤1-232'
2025-12-14 20:54:00,192 [INFO] \U0001f4c5 [813] ╟руЁєцр■ Ёрёяшёрэшх фы : ╚╤1-232
2025-12-14 20:54:00,211 [INFO] \U0001f50d [814] @user_814 \u2192 ╚∙хЄ уЁєяяє: '╚╤1-231'
2025-12-14 20:54:00,213 [INFO] \u2705 [814] ═рщфхэю 1 уЁєяя√ фы  чряЁюёр '╚╤1-231'
2025-12-14 20:54:00,214 [INFO] \U0001f4c5 [814] ╟руЁєцр■ Ёрёяшёрэшх фы : ╚╤1-231
2025-12-14 20:54:00,240 [INFO] \U0001f50d [814] @user_814 \u2192 ╚∙хЄ уЁєяяє: '╚╤1-232'
2025-12-14 20:54:00,241 [INFO] \u2705 [814] ═рщфхэю 1 уЁєяя√ фы  чряЁюёр '╚╤1-232'
2025-12-14 20:54:00,241 [INFO] \U0001f4c5 [814] ╟руЁєцр■ Ёрёяшёрэшх фы : ╚╤1-232
2025-12-14 20:54:00,261 [INFO] \U0001f50d [815] @user_815 \u2192 ╚∙хЄ уЁєяяє: '╚╤1-231'
2025-12-14 20:54:00,262 [INFO] \u2705 [815] ═рщфхэю 1 уЁєяя√ фы  чряЁюёр '╚╤1-231'
2025-12-14 20:54:00,262 [INFO] \U0001f4c5 [815] ╟руЁєцр■ Ёрёяшёрэшх фы : ╚╤1-231
2025-12-14 20:54:00,282 [INFO] \U0001f50d [815] @user_815 \u2192 ╚∙хЄ уЁєяяє: '╚╤1-232'
2025-12-14 20:54:00,284 [INFO] \u2705 [815] ═рщфхэю 1 уЁєяя√ фы  чряЁюёр '╚╤1-232'
2025-12-14 20:54:00,284 [INFO] \U0001f4c5 [815] ╟руЁєцр■ Ёрёяшёрэшх фы : ╚╤1-232
2025-12-14 20:54:00,304 [INFO] \U0001f50d [816] @user_816 \u2192 ╚∙хЄ уЁєяяє: '╚╤1-231'
2025-12-14 20:54:00,306 [INFO] \u2705 [816] ═рщфхэю 1 уЁєяя√ фы  чряЁюёр '╚╤1-231'
2025-12-14 20:54:00,306 [INFO] \U0001f4c5 [816] ╟руЁєцр■ Ёрёяшёрэшх фы : ╚╤1-231
2025-12-14 20:54:00,324 [INFO] \U0001f50d [816] @user_816 \u2192 ╚∙хЄ уЁєяяє: '╚╤1-232'
2025-12-14 20:54:00,325 [INFO] \u2705 [816] ═рщфхэю 1 уЁєяя√ фы  чряЁюёр '╚╤1-232'
2025-12-14 20:54:00,325 [INFO] \U0001f4c5 [816] ╟руЁєцр■ Ёрёяшёрэшх фы : ╚╤1-232
2025-12-14 20:54:00,342 [INFO] \U0001f50d [817] @user_817 \u2192 ╚∙хЄ уЁєяяє: '╚╤1-231'
2025-12-14 20:54:00,342 [INFO] \u2705 [817] ═рщфхэю 1 уЁєяя√ фы  чряЁюёр '╚╤1-231'
2025-12-14 20:54:00,343 [INFO] \U0001f4c5 [817] ╟руЁєцр■ Ёрёяшёрэшх фы : ╚╤1-231
2025-12-14 20:54:00,367 [INFO] \U0001f50d [817] @user_817 \u2192 ╚∙хЄ уЁєяяє: '╚╤1-232'
2025-12-14 20:54:00,368 [INFO] \u2705 [817] ═рщфхэю 1 уЁєяя√ фы  чряЁюёр '╚╤1-232'
2025-12-14 20:54:00,368 [INFO] \U0001f4c5 [817] ╟руЁєцр■ Ёрёяшёрэшх фы : ╚╤1-232
2025-12-14 20:54:00,387 [INFO] \U0001f50d [818] @user_818 \u2192 ╚∙хЄ уЁєяяє: '╚╤1-231'
2025-12-14 20:54:00,388 [INFO] \u2705 [818] ═рщфхэю 1 уЁєяя√ фы  чряЁюёр '╚╤1-231'
2025-12-14 20:54:00,388 [INFO] \U0001f4c5 [818] ╟руЁєцр■ Ёрёяшёрэшх фы : ╚╤1-231
2025-12-14 20:54:00,409 [INFO] \U0001f50d [818] @user_818 \u2192 ╚∙хЄ уЁєяяє: '╚╤1-232'
2025-12-14 20:54:00,410 [INFO] \u2705 [818] ═рщфхэю 1 уЁєяя√ фы  чряЁюёр '╚╤1-232'
2025-12-14 20:54:00,410 [INFO] \U0001f4c5 [818] ╟руЁєцр■ Ёрёяшёрэшх фы : ╚╤1-232
2025-12-14 20:54:00,433 [INFO] \U0001f50d [819] @user_819 \u2192 ╚∙хЄ уЁєяяє: '╚╤1-231'
2025-12-14 20:54:00,434 [INFO] \u2705 [819] ═рщфхэю 1 уЁєяя√ фы  чряЁюёр '╚╤1-231'
2025-12-14 20:54:00,434 [INFO] \U0001f4c5 [819] ╟руЁєцр■ Ёрёяшёрэшх фы : ╚╤1-231
2025-12-14 20:54:00,454 [INFO] \U0001f50d [819] @user_819 \u2192 ╚∙хЄ уЁєяяє: '╚╤1-232'
2025-12-14 20:54:00,455 [INFO] \u2705 [819] ═рщфхэю 1 уЁєяя√ фы  чряЁюёр '╚╤1-232'
2025-12-14 20:54:00,455 [INFO] \U0001f4c5 [819] ╟руЁєцр■ Ёрёяшёрэшх фы : ╚╤1-232
2025-12-14 20:54:00,476 [INFO] \U0001f50d [820] @user_820 \u2192 ╚∙хЄ уЁєяяє: '╚╤1-231'
2025-12-14 20:54:00,477 [INFO] \u2705 [820] ═рщфхэю 1 уЁєяя√ фы  чряЁюёр '╚╤1-231'
2025-12-14 20:54:00,477 [INFO] \U0001f4c5 [820] ╟руЁєцр■ Ёрёяшёрэшх фы : ╚╤1-231
2025-12-14 20:54:00,499 [INFO] \U0001f50d [820] @user_820 \u2192 ╚∙хЄ уЁєяяє: '╚╤1-232'
2025-12-14 20:54:00,500 [INFO] \u2705 [820] ═рщфхэю 1 уЁєяя√ фы  чряЁюёр '╚╤1-232'
2025-12-14 20:54:00,500 [INFO] \U0001f4c5 [820] ╟руЁєцр■ Ёрёяшёрэшх фы : ╚╤1-232
2025-12-14 20:54:00,522 [INFO] \U0001f50d [821] @user_821 \u2192 ╚∙хЄ уЁєяяє: '╚╤1-231'
2025-12-14 20:54:00,523 [INFO] \u2705 [821] ═рщфхэю 1 уЁєяя√ фы  чряЁюёр '╚╤1-231'
2025-12-14 20:54:00,523 [INFO] \U0001f4c5 [821] ╟руЁєцр■ Ёрёяшёрэшх фы : ╚╤1-231
2025-12-14 20:54:00,542 [INFO] \U0001f50d [821] @user_821 \u2192 ╚∙хЄ уЁєяяє: '╚╤1-232'
2025-12-14 20:54:00,543 [INFO] \u2705 [821] ═рщфхэю 1 уЁєяя√ фы  чряЁюёр '╚╤1-232'
2025-12-14 20:54:00,543 [INFO] \U0001f4c5 [821] ╟руЁєцр■ Ёрёяшёрэшх фы : ╚╤1-232
2025-12-14 20:54:00,565 [INFO] \U0001f50d [822] @user_822 \u2192 ╚∙хЄ уЁєяяє: '╚╤1-231'
2025-12-14 20:54:00,566 [INFO] \u2705 [822] ═рщфхэю 1 уЁєяя√ фы  чряЁюёр '╚╤1-231'
2025-12-14 20:54:00,566 [INFO] \U0001f4c5 [822] ╟руЁєцр■ Ёрёяшёрэшх фы : ╚╤1-231
2025-12-14 20:54:00,586 [INFO] \U0001f50d [822] @user_822 \u2192 ╚∙хЄ уЁєяяє: '╚╤1-232'
2025-12-14 20:54:00,587 [INFO] \u2705 [822] ═рщфхэю 1 уЁєяя√ фы  чряЁюёр '╚╤1-232'
2025-12-14 20:54:00,587 [INFO] \U0001f4c5 [822] ╟руЁєцр■ Ёрёяшёрэшх фы : ╚╤1-232
2025-12-14 20:54:00,606 [INFO] \U0001f50d [823] @user_823 \u2192 ╚∙хЄ уЁєяяє: '╚╤1-231'
2025-12-14 20:54:00,607 [INFO] \u2705 [823] ═рщфхэю 1 уЁєяя√ фы  чряЁюёр '╚╤1-231'
2025-12-14 20:54:00,607 [INFO] \U0001f4c5 [823] ╟руЁєцр■ Ёрёяшёрэшх фы : ╚╤1-231
2025-12-14 20:54:00,629 [INFO] \U0001f50d [823] @user_823 \u2192 ╚∙хЄ уЁєяяє: '╚╤1-232'
2025-12-14 20:54:00,630 [INFO] \u2705 [823] ═рщфхэю 1 уЁєяя√ фы  чряЁюёр '╚╤1-232'
2025-12-14 20:54:00,630 [INFO] \U0001f4c5 [823] ╟руЁєцр■ Ёрёяшёрэшх фы : ╚╤1-232
2025-12-14 20:54:00,649 [INFO] \U0001f50d [824] @user_824 \u2192 ╚∙хЄ уЁєяяє: '╚╤1-231'
2025-12-14 20:54:00,649 [INFO] \u2705 [824] ═рщфхэю 1 уЁєяя√ фы  чряЁюёр '╚╤1-231'
2025-12-14 20:54:00,650 [INFO] \U0001f4c5 [824] ╟руЁєцр■ Ёрёяшёрэшх фы : ╚╤1-231
2025-12-14 20:54:00,667 [INFO] \U0001f50d [824] @user_824 \u2192 ╚∙хЄ уЁєяяє: '╚╤1-232'
2025-12-14 20:54:00,668 [INFO] \u2705 [824] ═рщфхэю 1 уЁєяя√ фы  чряЁюёр '╚╤1-232'
2025-12-14 20:54:00,668 [INFO] \U0001f4c5 [824] ╟руЁєцр■ Ёрёяшёрэшх фы : ╚╤1-232
2025-12-14 20:54:00,690 [INFO] \U0001f50d [825] @user_825 \u2192 ╚∙хЄ уЁєяяє: '╚╤1-231'
2025-12-14 20:54:00,691 [INFO] \u2705 [825] ═рщфхэю 1 уЁєяя√ фы  чряЁюёр '╚╤1-231'
2025-12-14 20:54:00,691 [INFO] \U0001f4c5 [825] ╟руЁєцр■ Ёрёяшёрэшх фы : ╚╤1-231
2025-12-14 20:54:00,710 [INFO] \U0001f50d [825] @user_825 \u2192 ╚∙хЄ уЁєяяє: '╚╤1-232'
2025-12-14 20:54:00,711 [INFO] \u2705 [825] ═рщфхэю 1 уЁєяя√ фы  чряЁюёр '╚╤1-232'
2025-12-14 20:54:00,712 [INFO] \U0001f4c5 [825] ╟руЁєцр■ Ёрёяшёрэшх фы : ╚╤1-232
2025-12-14 20:54:00,731 [INFO] \U0001f50d [826] @user_826 \u2192 ╚∙хЄ уЁєяяє: '╚╤1-231'
2025-12-14 20:54:00,733 [INFO] \u2705 [826] ═рщфхэю 1 уЁєяя√ фы  чряЁюёр '╚╤1-231'
2025-12-14 20:54:00,733 [INFO] \U0001f4c5 [826] ╟руЁєцр■ Ёрёяшёрэшх фы : ╚╤1-231
2025-12-14 20:54:00,750 [INFO] \U0001f50d [826] @user_826 \u2192 ╚∙хЄ уЁєяяє: '╚╤1-232'
2025-12-14 20:54:00,752 [INFO] \u2705 [826] ═рщфхэю 1 уЁєяя√ фы  чряЁюёр '╚╤1-232'
2025-12-14 20:54:00,752 [INFO] \U0001f4c5 [826] ╟руЁєцр■ Ёрёяшёрэшх фы : ╚╤1-232
2025-12-14 20:54:00,772 [INFO] \U0001f50d [827] @user_827 \u2192 ╚∙хЄ уЁєяяє: '╚╤1-231'
2025-12-14 20:54:00,774 [INFO] \u2705 [827] ═рщфхэю 1 уЁєяя√ фы  чряЁюёр '╚╤1-231'
2025-12-14 20:54:00,775 [INFO] \U0001f4c5 [827] ╟руЁєцр■ Ёрёяшёрэшх фы : ╚╤1-231
2025-12-14 20:54:00,793 [INFO] \U0001f50d [827] @user_827 \u2192 ╚∙хЄ уЁєяяє: '╚╤1-232'
2025-12-14 20:54:00,794 [INFO] \u2705 [827] ═рщфхэю 1 уЁєяя√ фы  чряЁюёр '╚╤1-232'
2025-12-14 20:54:00,794 [INFO] \U0001f4c5 [827] ╟руЁєцр■ Ёрёяшёрэшх фы : ╚╤1-232
2025-12-14 20:54:00,815 [INFO] \U0001f50d [828] @user_828 \u2192 ╚∙хЄ уЁєяяє: '╚╤1-231'
2025-12-14 20:54:00,816 [INFO] \u2705 [828] ═рщфхэю 1 уЁєяя√ фы  чряЁюёр '╚╤1-231'
2025-12-14 20:54:00,816 [INFO] \U0001f4c5 [828] ╟руЁєцр■ Ёрёяшёрэшх фы : ╚╤1-231
2025-12-14 20:54:00,836 [INFO] \U0001f50d [828] @user_828 \u2192 ╚∙хЄ уЁєяяє: '╚╤1-232'
2025-12-14 20:54:00,838 [INFO] \u2705 [828] ═рщфхэю 1 уЁєяя√ фы  чряЁюёр '╚╤1-232'
2025-12-14 20:54:00,838 [INFO] \U0001f4c5 [828] ╟руЁєцр■ Ёрёяшёрэшх фы : ╚╤1-232
2025-12-14 20:54:00,854 [INFO] \U0001f50d [829] @user_829 \u2192 ╚∙хЄ уЁєяяє: '╚╤1-231'
2025-12-14 20:54:00,855 [INFO] \u2705 [829] ═рщфхэю 1 уЁєяя√ фы  чряЁюёр '╚╤1-231'
2025-12-14 20:54:00,855 [INFO] \U0001f4c5 [829] ╟руЁєцр■ Ёрёяшёрэшх фы : ╚╤1-231
2025-12-14 20:54:00,871 [INFO] \U0001f50d [829] @user_829 \u2192 ╚∙хЄ уЁєяяє: '╚╤1-232'
2025-12-14 20:54:00,872 [INFO] \u2705 [829] ═рщфхэю 1 уЁєяя√ фы  чряЁюёр '╚╤1-232'
2025-12-14 20:54:00,872 [INFO] \U0001f4c5 [829] ╟руЁєцр■ Ёрёяшёрэшх фы : ╚╤1-232
2025-12-14 20:54:00,886 [INFO] \U0001f50d [830] @user_830 \u2192 ╚∙хЄ уЁєяяє: '╚╤1-231'
2025-12-14 20:54:00,887 [INFO] \u2705 [830] ═рщфхэю 1 уЁєяя√ фы  чряЁюёр '╚╤1-231'
2025-12-14 20:54:00,887 [INFO] \U0001f4c5 [830] ╟руЁєцр■ Ёрёяшёрэшх фы : ╚╤1-231
2025-12-14 20:54:00,903 [INFO] \U0001f50d [830] @user_830 \u2192 ╚∙хЄ уЁєяяє: '╚╤1-232'
2025-12-14 20:54:00,904 [INFO] \u2705 [830] ═рщфхэю 1 уЁєяя√ фы  чряЁюёр '╚╤1-232'
2025-12-14 20:54:00,904 [INFO] \U0001f4c5 [830] ╟руЁєцр■ Ёрёяшёрэшх фы : ╚╤1-232
2025-12-14 20:54:00,921 [INFO] \U0001f50d [831] @user_831 \u2192 ╚∙хЄ уЁєяяє: '╚╤1-231'
2025-12-14 20:54:00,922 [INFO] \u2705 [831] ═рщфхэю 1 уЁєяя√ фы  чряЁюёр '╚╤1-231'
2025-12-14 20:54:00,922 [INFO] \U0001f4c5 [831] ╟руЁєцр■ Ёрёяшёрэшх фы : ╚╤1-231
2025-12-14 20:54:00,937 [INFO] \U0001f50d [831] @user_831 \u2192 ╚∙хЄ уЁєяяє: '╚╤1-232'
2025-12-14 20:54:00,938 [INFO] \u2705 [831] ═рщфхэю 1 уЁєяя√ фы  чряЁюёр '╚╤1-232'
2025-12-14 20:54:00,938 [INFO] \U0001f4c5 [831] ╟руЁєцр■ Ёрёяшёрэшх фы : ╚╤1-232
2025-12-14 20:54:00,954 [INFO] \U0001f50d [832] @user_832 \u2192 ╚∙хЄ уЁєяяє: '╚╤1-231'
2025-12-14 20:54:00,955 [INFO] \u2705 [832] ═рщфхэю 1 уЁєяя√ фы  чряЁюёр '╚╤1-231'
2025-12-14 20:54:00,955 [INFO] \U0001f4c5 [832] ╟руЁєцр■ Ёрёяшёрэшх фы : ╚╤1-231
2025-12-14 20:54:00,973 [INFO] \U0001f50d [832] @user_832 \u2192 ╚∙хЄ уЁєяяє: '╚╤1-232'
2025-12-14 20:54:00,974 [INFO] \u2705 [832] ═рщфхэю 1 уЁєяя√ фы  чряЁюёр '╚╤1-232'
2025-12-14 20:54:00,974 [INFO] \U0001f4c5 [832] ╟руЁєцр■ Ёрёяшёрэшх фы : ╚╤1-232
2025-12-14 20:54:00,992 [INFO] \U0001f50d [833] @user_833 \u2192 ╚∙хЄ уЁєяяє: '╚╤1-231'
2025-12-14 20:54:00,994 [INFO] \u2705 [833] ═рщфхэю 1 уЁєяя√ фы  чряЁюёр '╚╤1-231'
2025-12-14 20:54:00,994 [INFO] \U0001f4c5 [833] ╟руЁєцр■ Ёрёяшёрэшх фы : ╚╤1-231
2025-12-14 20:54:01,014 [INFO] \U0001f50d [833] @user_833 \u2192 ╚∙хЄ уЁєяяє: '╚╤1-232'
2025-12-14 20:54:01,014 [INFO] \u2705 [833] ═рщфхэю 1 уЁєяя√ фы  чряЁюёр '╚╤1-232'
2025-12-14 20:54:01,015 [INFO] \U0001f4c5 [833] ╟руЁєцр■ Ёрёяшёрэшх фы : ╚╤1-232
2025-12-14 20:54:01,035 [INFO] \U0001f50d [834] @user_834 \u2192 ╚∙хЄ уЁєяяє: '╚╤1-231'
2025-12-14 20:54:01,035 [INFO] \u2705 [834] ═рщфхэю 1 уЁєяя√ фы  чряЁюёр '╚╤1-231'
2025-12-14 20:54:01,035 [INFO] \U0001f4c5 [834] ╟руЁєцр■ Ёрёяшёрэшх фы : ╚╤1-231
2025-12-14 20:54:01,052 [INFO] \U0001f50d [834] @user_834 \u2192 ╚∙хЄ уЁєяяє: '╚╤1-232'
2025-12-14 20:54:01,053 [INFO] \u2705 [834] ═рщфхэю 1 уЁєяя√ фы  чряЁюёр '╚╤1-232'
2025-12-14 20:54:01,053 [INFO] \U0001f4c5 [834] ╟руЁєцр■ Ёрёяшёрэшх фы : ╚╤1-232
2025-12-14 20:54:01,069 [INFO] \U0001f50d [835] @user_835 \u2192 ╚∙хЄ уЁєяяє: '╚╤1-231'
2025-12-14 20:54:01,070 [INFO] \u2705 [835] ═рщфхэю 1 уЁєяя√ фы  чряЁюёр '╚╤1-231'
2025-12-14 20:54:01,070 [INFO] \U0001f4c5 [835] ╟руЁєцр■ Ёрёяшёрэшх фы : ╚╤1-231
2025-12-14 20:54:01,090 [INFO] \U0001f50d [835] @user_835 \u2192 ╚∙хЄ уЁєяяє: '╚╤1-232'
2025-12-14 20:54:01,092 [INFO] \u2705 [835] ═рщфхэю 1 уЁєяя√ фы  чряЁюёр '╚╤1-232'
2025-12-14 20:54:01,092 [INFO] \U0001f4c5 [835] ╟руЁєцр■ Ёрёяшёрэшх фы : ╚╤1-232
2025-12-14 20:54:01,111 [INFO] \U0001f50d [836] @user_836 \u2192 ╚∙хЄ уЁєяяє: '╚╤1-231'
2025-12-14 20:54:01,113 [INFO] \u2705 [836] ═рщфхэю 1 уЁєяя√ фы  чряЁюёр '╚╤1-231'
2025-12-14 20:54:01,113 [INFO] \U0001f4c5 [836] ╟руЁєцр■ Ёрёяшёрэшх фы : ╚╤1-231
2025-12-14 20:54:01,130 [INFO] \U0001f50d [836] @user_836 \u2192 ╚∙хЄ уЁєяяє: '╚╤1-232'
2025-12-14 20:54:01,131 [INFO] \u2705 [836] ═рщфхэю 1 уЁєяя√ фы  чряЁюёр '╚╤1-232'
2025-12-14 20:54:01,131 [INFO] \U0001f4c5 [836] ╟руЁєцр■ Ёрёяшёрэшх фы : ╚╤1-232
2025-12-14 20:54:01,153 [INFO] \U0001f50d [837] @user_837 \u2192 ╚∙хЄ уЁєяяє: '╚╤1-231'
2025-12-14 20:54:01,154 [INFO] \u2705 [837] ═рщфхэю 1 уЁєяя√ фы  чряЁюёр '╚╤1-231'
2025-12-14 20:54:01,154 [INFO] \U0001f4c5 [837] ╟руЁєцр■ Ёрёяшёрэшх фы : ╚╤1-231
2025-12-14 20:54:01,171 [INFO] \U0001f50d [837] @user_837 \u2192 ╚∙хЄ уЁєяяє: '╚╤1-232'
2025-12-14 20:54:01,172 [INFO] \u2705 [837] ═рщфхэю 1 уЁєяя√ фы  чряЁюёр '╚╤1-232'
2025-12-14 20:54:01,172 [INFO] \U0001f4c5 [837] ╟руЁєцр■ Ёрёяшёрэшх фы : ╚╤1-232
2025-12-14 20:54:01,190 [INFO] \U0001f50d [838] @user_838 \u2192 ╚∙хЄ уЁєяяє: '╚╤1-231'
2025-12-14 20:54:01,190 [INFO] \u2705 [838] ═рщфхэю 1 уЁєяя√ фы  чряЁюёр '╚╤1-231'
2025-12-14 20:54:01,191 [INFO] \U0001f4c5 [838] ╟руЁєцр■ Ёрёяшёрэшх фы : ╚╤1-231
2025-12-14 20:54:01,210 [INFO] \U0001f50d [838] @user_838 \u2192 ╚∙хЄ уЁєяяє: '╚╤1-232'
2025-12-14 20:54:01,214 [INFO] \u2705 [838] ═рщфхэю 1 уЁєяя√ фы  чряЁюёр '╚╤1-232'
2025-12-14 20:54:01,214 [INFO] \U0001f4c5 [838] ╟руЁєцр■ Ёрёяшёрэшх фы : ╚╤1-232
2025-12-14 20:54:01,233 [INFO] \U0001f50d [839] @user_839 \u2192 ╚∙хЄ уЁєяяє: '╚╤1-231'
2025-12-14 20:54:01,234 [INFO] \u2705 [839] ═рщфхэю 1 уЁєяя√ фы  чряЁюёр '╚╤1-231'
2025-12-14 20:54:01,234 [INFO] \U0001f4c5 [839] ╟руЁєцр■ Ёрёяшёрэшх фы : ╚╤1-231
2025-12-14 20:54:01,258 [INFO] \U0001f50d [839] @user_839 \u2192 ╚∙хЄ уЁєяяє: '╚╤1-232'
2025-12-14 20:54:01,259 [INFO] \u2705 [839] ═рщфхэю 1 уЁєяя√ фы  чряЁюёр '╚╤1-232'
2025-12-14 20:54:01,259 [INFO] \U0001f4c5 [839] ╟руЁєцр■ Ёрёяшёрэшх фы : ╚╤1-232
2025-12-14 20:54:01,277 [INFO] \U0001f50d [840] @user_840 \u2192 ╚∙хЄ уЁєяяє: '╚╤1-231'
2025-12-14 20:54:01,278 [INFO] \u2705 [840] ═рщфхэю 1 уЁєяя√ фы  чряЁюёр '╚╤1-231'
2025-12-14 20:54:01,278 [INFO] \U0001f4c5 [840] ╟руЁєцр■ Ёрёяшёрэшх фы : ╚╤1-231
2025-12-14 20:54:01,300 [INFO] \U0001f50d [840] @user_840 \u2192 ╚∙хЄ уЁєяяє: '╚╤1-232'
2025-12-14 20:54:01,301 [INFO] \u2705 [840] ═рщфхэю 1 уЁєяя√ фы  чряЁюёр '╚╤1-232'
2025-12-14 20:54:01,301 [INFO] \U0001f4c5 [840] ╟руЁєцр■ Ёрёяшёрэшх фы : ╚╤1-232
2025-12-14 20:54:01,318 [INFO] \U0001f50d [841] @user_841 \u2192 ╚∙хЄ уЁєяяє: '╚╤1-231'
2025-12-14 20:54:01,320 [INFO] \u2705 [841] ═рщфхэю 1 уЁєяя√ фы  чряЁюёр '╚╤1-231'
2025-12-14 20:54:01,320 [INFO] \U0001f4c5 [841] ╟руЁєцр■ Ёрёяшёрэшх фы : ╚╤1-231
2025-12-14 20:54:01,340 [INFO] \U0001f50d [841] @user_841 \u2192 ╚∙хЄ уЁєяяє: '╚╤1-232'
2025-12-14 20:54:01,341 [INFO] \u2705 [841] ═рщфхэю 1 уЁєяя√ фы  чряЁюёр '╚╤1-232'
2025-12-14 20:54:01,341 [INFO] \U0001f4c5 [841] ╟руЁєцр■ Ёрёяшёрэшх фы : ╚╤1-232
2025-12-14 20:54:01,363 [INFO] \U0001f50d [842] @user_842 \u2192 ╚∙хЄ уЁєяяє: '╚╤1-231'
2025-12-14 20:54:01,364 [INFO] \u2705 [842] ═рщфхэю 1 уЁєяя√ фы  чряЁюёр '╚╤1-231'
2025-12-14 20:54:01,364 [INFO] \U0001f4c5 [842] ╟руЁєцр■ Ёрёяшёрэшх фы : ╚╤1-231
2025-12-14 20:54:01,385 [INFO] \U0001f50d [842] @user_842 \u2192 ╚∙хЄ уЁєяяє: '╚╤1-232'
2025-12-14 20:54:01,386 [INFO] \u2705 [842] ═рщфхэю 1 уЁєяя√ фы  чряЁюёр '╚╤1-232'
2025-12-14 20:54:01,386 [INFO] \U0001f4c5 [842] ╟руЁєцр■ Ёрёяшёрэшх фы : ╚╤1-232
2025-12-14 20:54:01,405 [INFO] \U0001f50d [843] @user_843 \u2192 ╚∙хЄ уЁєяяє: '╚╤1-231'
2025-12-14 20:54:01,406 [INFO] \u2705 [843] ═рщфхэю 1 уЁєяя√ фы  чряЁюёр '╚╤1-231'
2025-12-14 20:54:01,406 [INFO] \U0001f4c5 [843] ╟руЁєцр■ Ёрёяшёрэшх фы : ╚╤1-231
2025-12-14 20:54:01,423 [INFO] \U0001f50d [843] @user_843 \u2192 ╚∙хЄ уЁєяяє: '╚╤1-232'
2025-12-14 20:54:01,424 [INFO] \u2705 [843] ═рщфхэю 1 уЁєяя√ фы  чряЁюёр '╚╤1-232'
2025-12-14 20:54:01,424 [INFO] \U0001f4c5 [843] ╟руЁєцр■ Ёрёяшёрэшх фы : ╚╤1-232
2025-12-14 20:54:01,443 [INFO] \U0001f50d [844] @user_844 \u2192 ╚∙хЄ уЁєяяє: '╚╤1-231'
2025-12-14 20:54:01,443 [INFO] \u2705 [844] ═рщфхэю 1 уЁєяя√ фы  чряЁюёр '╚╤1-231'
2025-12-14 20:54:01,444 [INFO] \U0001f4c5 [844] ╟руЁєцр■ Ёрёяшёрэшх фы : ╚╤1-231
2025-12-14 20:54:01,463 [INFO] \U0001f50d [844] @user_844 \u2192 ╚∙хЄ уЁєяяє: '╚╤1-232'
2025-12-14 20:54:01,463 [INFO] \u2705 [844] ═рщфхэю 1 уЁєяя√ фы  чряЁюёр '╚╤1-232'
2025-12-14 20:54:01,464 [INFO] \U0001f4c5 [844] ╟руЁєцр■ Ёрёяшёрэшх фы : ╚╤1-232
2025-12-14 20:54:01,481 [INFO] \U0001f50d [845] @user_845 \u2192 ╚∙хЄ уЁєяяє: '╚╤1-231'
2025-12-14 20:54:01,482 [INFO] \u2705 [845] ═рщфхэю 1 уЁєяя√ фы  чряЁюёр '╚╤1-231'
2025-12-14 20:54:01,482 [INFO] \U0001f4c5 [845] ╟руЁєцр■ Ёрёяшёрэшх фы : ╚╤1-231
2025-12-14 20:54:01,507 [INFO] \U0001f50d [845] @user_845 \u2192 ╚∙хЄ уЁєяяє: '╚╤1-232'
2025-12-14 20:54:01,508 [INFO] \u2705 [845] ═рщфхэю 1 уЁєяя√ фы  чряЁюёр '╚╤1-232'
2025-12-14 20:54:01,508 [INFO] \U0001f4c5 [845] ╟руЁєцр■ Ёрёяшёрэшх фы : ╚╤1-232
2025-12-14 20:54:01,526 [INFO] \U0001f50d [846] @user_846 \u2192 ╚∙хЄ уЁєяяє: '╚╤1-231'
2025-12-14 20:54:01,527 [INFO] \u2705 [846] ═рщфхэю 1 уЁєяя√ фы  чряЁюёр '╚╤1-231'
2025-12-14 20:54:01,527 [INFO] \U0001f4c5 [846] ╟руЁєцр■ Ёрёяшёрэшх фы : ╚╤1-231
2025-12-14 20:54:01,547 [INFO] \U0001f50d [846] @user_846 \u2192 ╚∙хЄ уЁєяяє: '╚╤1-232'
2025-12-14 20:54:01,548 [INFO] \u2705 [846] ═рщфхэю 1 уЁєяя√ фы  чряЁюёр '╚╤1-232'
2025-12-14 20:54:01,548 [INFO] \U0001f4c5 [846] ╟руЁєцр■ Ёрёяшёрэшх фы : ╚╤1-232
2025-12-14 20:54:01,570 [INFO] \U0001f50d [847] @user_847 \u2192 ╚∙хЄ уЁєяяє: '╚╤1-231'
2025-12-14 20:54:01,571 [INFO] \u2705 [847] ═рщфхэю 1 уЁєяя√ фы  чряЁюёр '╚╤1-231'
2025-12-14 20:54:01,571 [INFO] \U0001f4c5 [847] ╟руЁєцр■ Ёрёяшёрэшх фы : ╚╤1-231
2025-12-14 20:54:01,591 [INFO] \U0001f50d [847] @user_847 \u2192 ╚∙хЄ уЁєяяє: '╚╤1-232'
2025-12-14 20:54:01,592 [INFO] \u2705 [847] ═рщфхэю 1 уЁєяя√ фы  чряЁюёр '╚╤1-232'
2025-12-14 20:54:01,592 [INFO] \U0001f4c5 [847] ╟руЁєцр■ Ёрёяшёрэшх фы : ╚╤1-232
2025-12-14 20:54:01,611 [INFO] \U0001f50d [848] @user_848 \u2192 ╚∙хЄ уЁєяяє: '╚╤1-231'
2025-12-14 20:54:01,612 [INFO] \u2705 [848] ═рщфхэю 1 уЁєяя√ фы  чряЁюёр '╚╤1-231'
2025-12-14 20:54:01,613 [INFO] \U0001f4c5 [848] ╟руЁєцр■ Ёрёяшёрэшх фы : ╚╤1-231
2025-12-14 20:54:01,632 [INFO] \U0001f50d [848] @user_848 \u2192 ╚∙хЄ уЁєяяє: '╚╤1-232'
2025-12-14 20:54:01,633 [INFO] \u2705 [848] ═рщфхэю 1 уЁєяя√ фы  чряЁюёр '╚╤1-232'
2025-12-14 20:54:01,633 [INFO] \U0001f4c5 [848] ╟руЁєцр■ Ёрёяшёрэшх фы : ╚╤1-232
2025-12-14 20:54:01,650 [INFO] \U0001f50d [849] @user_849 \u2192 ╚∙хЄ уЁєяяє: '╚╤1-231'
2025-12-14 20:54:01,651 [INFO] \u2705 [849] ═рщфхэю 1 уЁєяя√ фы  чряЁюёр '╚╤1-231'
2025-12-14 20:54:01,652 [INFO] \U0001f4c5 [849] ╟руЁєцр■ Ёрёяшёрэшх фы : ╚╤1-231
2025-12-14 20:54:01,670 [INFO] \U0001f50d [849] @user_849 \u2192 ╚∙хЄ уЁєяяє: '╚╤1-232'
2025-12-14 20:54:01,671 [INFO] \u2705 [849] ═рщфхэю 1 уЁєяя√ фы  чряЁюёр '╚╤1-232'
2025-12-14 20:54:01,671 [INFO] \U0001f4c5 [849] ╟руЁєцр■ Ёрёяшёрэшх фы : ╚╤1-232
2025-12-14 20:54:01,690 [INFO] \U0001f50d [850] @user_850 \u2192 ╚∙хЄ уЁєяяє: '╚╤1-231'
2025-12-14 20:54:01,692 [INFO] \u2705 [850] ═рщфхэю 1 уЁєяя√ фы  чряЁюёр '╚╤1-231'
2025-12-14 20:54:01,692 [INFO] \U0001f4c5 [850] ╟руЁєцр■ Ёрёяшёрэшх фы : ╚╤1-231
2025-12-14 20:54:01,708 [INFO] \U0001f50d [850] @user_850 \u2192 ╚∙хЄ уЁєяяє: '╚╤1-232'
2025-12-14 20:54:01,709 [INFO] \u2705 [850] ═рщфхэю 1 уЁєяя√ фы  чряЁюёр '╚╤1-232'
2025-12-14 20:54:01,709 [INFO] \U0001f4c5 [850] ╟руЁєцр■ Ёрёяшёрэшх фы : ╚╤1-232
2025-12-14 20:54:01,729 [INFO] \U0001f50d [851] @user_851 \u2192 ╚∙хЄ уЁєяяє: '╚╤1-231'
2025-12-14 20:54:01,731 [INFO] \u2705 [851] ═рщфхэю 1 уЁєяя√ фы  чряЁюёр '╚╤1-231'
2025-12-14 20:54:01,731 [INFO] \U0001f4c5 [851] ╟руЁєцр■ Ёрёяшёрэшх фы : ╚╤1-231
2025-12-14 20:54:01,750 [INFO] \U0001f50d [851] @user_851 \u2192 ╚∙хЄ уЁєяяє: '╚╤1-232'
2025-12-14 20:54:01,750 [INFO] \u2705 [851] ═рщфхэю 1 уЁєяя√ фы  чряЁюёр '╚╤1-232'
2025-12-14 20:54:01,750 [INFO] \U0001f4c5 [851] ╟руЁєцр■ Ёрёяшёрэшх фы : ╚╤1-232
2025-12-14 20:54:01,770 [INFO] \U0001f50d [852] @user_852 \u2192 ╚∙хЄ уЁєяяє: '╚╤1-231'
2025-12-14 20:54:01,771 [INFO] \u2705 [852] ═рщфхэю 1 уЁєяя√ фы  чряЁюёр '╚╤1-231'
2025-12-14 20:54:01,771 [INFO] \U0001f4c5 [852] ╟руЁєцр■ Ёрёяшёрэшх фы : ╚╤1-231
2025-12-14 20:54:01,786 [INFO] \U0001f50d [852] @user_852 \u2192 ╚∙хЄ уЁєяяє: '╚╤1-232'
2025-12-14 20:54:01,787 [INFO] \u2705 [852] ═рщфхэю 1 уЁєяя√ фы  чряЁюёр '╚╤1-232'
2025-12-14 20:54:01,787 [INFO] \U0001f4c5 [852] ╟руЁєцр■ Ёрёяшёрэшх фы : ╚╤1-232
2025-12-14 20:54:01,804 [INFO] \U0001f50d [853] @user_853 \u2192 ╚∙хЄ уЁєяяє: '╚╤1-231'
2025-12-14 20:54:01,805 [INFO] \u2705 [853] ═рщфхэю 1 уЁєяя√ фы  чряЁюёр '╚╤1-231'
2025-12-14 20:54:01,805 [INFO] \U0001f4c5 [853] ╟руЁєцр■ Ёрёяшёрэшх фы : ╚╤1-231
2025-12-14 20:54:01,824 [INFO] \U0001f50d [853] @user_853 \u2192 ╚∙хЄ уЁєяяє: '╚╤1-232'
2025-12-14 20:54:01,825 [INFO] \u2705 [853] ═рщфхэю 1 уЁєяя√ фы  чряЁюёр '╚╤1-232'
2025-12-14 20:54:01,825 [INFO] \U0001f4c5 [853] ╟руЁєцр■ Ёрёяшёрэшх фы : ╚╤1-232
2025-12-14 20:54:01,841 [INFO] \U0001f50d [854] @user_854 \u2192 ╚∙хЄ уЁєяяє: '╚╤1-231'
2025-12-14 20:54:01,842 [INFO] \u2705 [854] ═рщфхэю 1 уЁєяя√ фы  чряЁюёр '╚╤1-231'
2025-12-14 20:54:01,842 [INFO] \U0001f4c5 [854] ╟руЁєцр■ Ёрёяшёрэшх фы : ╚╤1-231
2025-12-14 20:54:01,859 [INFO] \U0001f50d [854] @user_854 \u2192 ╚∙хЄ уЁєяяє: '╚╤1-232'
2025-12-14 20:54:01,859 [INFO] \u2705 [854] ═рщфхэю 1 уЁєяя√ фы  чряЁюёр '╚╤1-232'
2025-12-14 20:54:01,860 [INFO] \U0001f4c5 [854] ╟руЁєцр■ Ёрёяшёрэшх фы : ╚╤1-232
2025-12-14 20:54:01,880 [INFO] \U0001f50d [855] @user_855 \u2192 ╚∙хЄ уЁєяяє: '╚╤1-231'
2025-12-14 20:54:01,882 [INFO] \u2705 [855] ═рщфхэю 1 уЁєяя√ фы  чряЁюёр '╚╤1-231'
2025-12-14 20:54:01,882 [INFO] \U0001f4c5 [855] ╟руЁєцр■ Ёрёяшёрэшх фы : ╚╤1-231
2025-12-14 20:54:01,899 [INFO] \U0001f50d [855] @user_855 \u2192 ╚∙хЄ уЁєяяє: '╚╤1-232'
2025-12-14 20:54:01,899 [INFO] \u2705 [855] ═рщфхэю 1 уЁєяя√ фы  чряЁюёр '╚╤1-232'
2025-12-14 20:54:01,900 [INFO] \U0001f4c5 [855] ╟руЁєцр■ Ёрёяшёрэшх фы : ╚╤1-232
2025-12-14 20:54:01,917 [INFO] \U0001f50d [856] @user_856 \u2192 ╚∙хЄ уЁєяяє: '╚╤1-231'
2025-12-14 20:54:01,918 [INFO] \u2705 [856] ═рщфхэю 1 уЁєяя√ фы  чряЁюёр '╚╤1-231'
2025-12-14 20:54:01,918 [INFO] \U0001f4c5 [856] ╟руЁєцр■ Ёрёяшёрэшх фы : ╚╤1-231
2025-12-14 20:54:01,934 [INFO] \U0001f50d [856] @user_856 \u2192 ╚∙хЄ уЁєяяє: '╚╤1-232'
2025-12-14 20:54:01,935 [INFO] \u2705 [856] ═рщфхэю 1 уЁєяя√ фы  чряЁюёр '╚╤1-232'
2025-12-14 20:54:01,935 [INFO] \U0001f4c5 [856] ╟руЁєцр■ Ёрёяшёрэшх фы : ╚╤1-232
2025-12-14 20:54:01,957 [INFO] \U0001f50d [857] @user_857 \u2192 ╚∙хЄ уЁєяяє: '╚╤1-231'
2025-12-14 20:54:01,957 [INFO] \u2705 [857] ═рщфхэю 1 уЁєяя√ фы  чряЁюёр '╚╤1-231'
2025-12-14 20:54:01,958 [INFO] \U0001f4c5 [857] ╟руЁєцр■ Ёрёяшёрэшх фы : ╚╤1-231
2025-12-14 20:54:01,978 [INFO] \U0001f50d [857] @user_857 \u2192 ╚∙хЄ уЁєяяє: '╚╤1-232'
2025-12-14 20:54:01,979 [INFO] \u2705 [857] ═рщфхэю 1 уЁєяя√ фы  чряЁюёр '╚╤1-232'
2025-12-14 20:54:01,980 [INFO] \U0001f4c5 [857] ╟руЁєцр■ Ёрёяшёрэшх фы : ╚╤1-232
2025-12-14 20:54:01,996 [INFO] \U0001f50d [858] @user_858 \u2192 ╚∙хЄ уЁєяяє: '╚╤1-231'
2025-12-14 20:54:01,997 [INFO] \u2705 [858] ═рщфхэю 1 уЁєяя√ фы  чряЁюёр '╚╤1-231'
2025-12-14 20:54:01,997 [INFO] \U0001f4c5 [858] ╟руЁєцр■ Ёрёяшёрэшх фы : ╚╤1-231
2025-12-14 20:54:02,018 [INFO] \U0001f50d [858] @user_858 \u2192 ╚∙хЄ уЁєяяє: '╚╤1-232'
2025-12-14 20:54:02,020 [INFO] \u2705 [858] ═рщфхэю 1 уЁєяя√ фы  чряЁюёр '╚╤1-232'
2025-12-14 20:54:02,020 [INFO] \U0001f4c5 [858] ╟руЁєцр■ Ёрёяшёрэшх фы : ╚╤1-232
2025-12-14 20:54:02,036 [INFO] \U0001f50d [859] @user_859 \u2192 ╚∙хЄ уЁєяяє: '╚╤1-231'
2025-12-14 20:54:02,037 [INFO] \u2705 [859] ═рщфхэю 1 уЁєяя√ фы  чряЁюёр '╚╤1-231'
2025-12-14 20:54:02,037 [INFO] \U0001f4c5 [859] ╟руЁєцр■ Ёрёяшёрэшх фы : ╚╤1-231
2025-12-14 20:54:02,054 [INFO] \U0001f50d [859] @user_859 \u2192 ╚∙хЄ уЁєяяє: '╚╤1-232'
2025-12-14 20:54:02,054 [INFO] \u2705 [859] ═рщфхэю 1 уЁєяя√ фы  чряЁюёр '╚╤1-232'
2025-12-14 20:54:02,055 [INFO] \U0001f4c5 [859] ╟руЁєцр■ Ёрёяшёрэшх фы : ╚╤1-232
2025-12-14 20:54:02,072 [INFO] \U0001f50d [860] @user_860 \u2192 ╚∙хЄ уЁєяяє: '╚╤1-231'
2025-12-14 20:54:02,073 [INFO] \u2705 [860] ═рщфхэю 1 уЁєяя√ фы  чряЁюёр '╚╤1-231'
2025-12-14 20:54:02,073 [INFO] \U0001f4c5 [860] ╟руЁєцр■ Ёрёяшёрэшх фы : ╚╤1-231
2025-12-14 20:54:02,091 [INFO] \U0001f50d [860] @user_860 \u2192 ╚∙хЄ уЁєяяє: '╚╤1-232'
2025-12-14 20:54:02,091 [INFO] \u2705 [860] ═рщфхэю 1 уЁєяя√ фы  чряЁюёр '╚╤1-232'
2025-12-14 20:54:02,091 [INFO] \U0001f4c5 [860] ╟руЁєцр■ Ёрёяшёрэшх фы : ╚╤1-232
2025-12-14 20:54:02,107 [INFO] \U0001f50d [861] @user_861 \u2192 ╚∙хЄ уЁєяяє: '╚╤1-231'
2025-12-14 20:54:02,107 [INFO] \u2705 [861] ═рщфхэю 1 уЁєяя√ фы  чряЁюёр '╚╤1-231'
2025-12-14 20:54:02,107 [INFO] \U0001f4c5 [861] ╟руЁєцр■ Ёрёяшёрэшх фы : ╚╤1-231
2025-12-14 20:54:02,121 [INFO] \U0001f50d [861] @user_861 \u2192 ╚∙хЄ уЁєяяє: '╚╤1-232'
2025-12-14 20:54:02,124 [INFO] \u2705 [861] ═рщфхэю 1 уЁєяя√ фы  чряЁюёр '╚╤1-232'
2025-12-14 20:54:02,124 [INFO] \U0001f4c5 [861] ╟руЁєцр■ Ёрёяшёрэшх фы : ╚╤1-232
2025-12-14 20:54:02,139 [INFO] \U0001f50d [862] @user_862 \u2192 ╚∙хЄ уЁєяяє: '╚╤1-231'
2025-12-14 20:54:02,140 [INFO] \u2705 [862] ═рщфхэю 1 уЁєяя√ фы  чряЁюёр '╚╤1-231'
2025-12-14 20:54:02,140 [INFO] \U0001f4c5 [862] ╟руЁєцр■ Ёрёяшёрэшх фы : ╚╤1-231
2025-12-14 20:54:02,155 [INFO] \U0001f50d [862] @user_862 \u2192 ╚∙хЄ уЁєяяє: '╚╤1-232'
2025-12-14 20:54:02,155 [INFO] \u2705 [862] ═рщфхэю 1 уЁєяя√ фы  чряЁюёр '╚╤1-232'
2025-12-14 20:54:02,156 [INFO] \U0001f4c5 [862] ╟руЁєцр■ Ёрёяшёрэшх фы : ╚╤1-232
2025-12-14 20:54:02,174 [INFO] \U0001f50d [863] @user_863 \u2192 ╚∙хЄ уЁєяяє: '╚╤1-231'
2025-12-14 20:54:02,175 [INFO] \u2705 [863] ═рщфхэю 1 уЁєяя√ фы  чряЁюёр '╚╤1-231'
2025-12-14 20:54:02,175 [INFO] \U0001f4c5 [863] ╟руЁєцр■ Ёрёяшёрэшх фы : ╚╤1-231
2025-12-14 20:54:02,204 [INFO] \U0001f50d [863] @user_863 \u2192 ╚∙хЄ уЁєяяє: '╚╤1-232'
2025-12-14 20:54:02,206 [INFO] \u2705 [863] ═рщфхэю 1 уЁєяя√ фы  чряЁюёр '╚╤1-232'
2025-12-14 20:54:02,206 [INFO] \U0001f4c5 [863] ╟руЁєцр■ Ёрёяшёрэшх фы : ╚╤1-232
2025-12-14 20:54:02,225 [INFO] \U0001f50d [864] @user_864 \u2192 ╚∙хЄ уЁєяяє: '╚╤1-231'
2025-12-14 20:54:02,226 [INFO] \u2705 [864] ═рщфхэю 1 уЁєяя√ фы  чряЁюёр '╚╤1-231'
2025-12-14 20:54:02,227 [INFO] \U0001f4c5 [864] ╟руЁєцр■ Ёрёяшёрэшх фы : ╚╤1-231
2025-12-14 20:54:02,240 [INFO] \U0001f50d [864] @user_864 \u2192 ╚∙хЄ уЁєяяє: '╚╤1-232'
2025-12-14 20:54:02,240 [INFO] \u2705 [864] ═рщфхэю 1 уЁєяя√ фы  чряЁюёр '╚╤1-232'
2025-12-14 20:54:02,240 [INFO] \U0001f4c5 [864] ╟руЁєцр■ Ёрёяшёрэшх фы : ╚╤1-232
2025-12-14 20:54:02,260 [INFO] \U0001f50d [865] @user_865 \u2192 ╚∙хЄ уЁєяяє: '╚╤1-231'
2025-12-14 20:54:02,260 [INFO] \u2705 [865] ═рщфхэю 1 уЁєяя√ фы  чряЁюёр '╚╤1-231'
2025-12-14 20:54:02,260 [INFO] \U0001f4c5 [865] ╟руЁєцр■ Ёрёяшёрэшх фы : ╚╤1-231
2025-12-14 20:54:02,274 [INFO] \U0001f50d [865] @user_865 \u2192 ╚∙хЄ уЁєяяє: '╚╤1-232'
2025-12-14 20:54:02,274 [INFO] \u2705 [865] ═рщфхэю 1 уЁєяя√ фы  чряЁюёр '╚╤1-232'
2025-12-14 20:54:02,274 [INFO] \U0001f4c5 [865] ╟руЁєцр■ Ёрёяшёрэшх фы : ╚╤1-232
2025-12-14 20:54:02,287 [INFO] \U0001f50d [866] @user_866 \u2192 ╚∙хЄ уЁєяяє: '╚╤1-231'
2025-12-14 20:54:02,287 [INFO] \u2705 [866] ═рщфхэю 1 уЁєяя√ фы  чряЁюёр '╚╤1-231'
2025-12-14 20:54:02,287 [INFO] \U0001f4c5 [866] ╟руЁєцр■ Ёрёяшёрэшх фы : ╚╤1-231
2025-12-14 20:54:02,307 [INFO] \U0001f50d [866] @user_866 \u2192 ╚∙хЄ уЁєяяє: '╚╤1-232'
2025-12-14 20:54:02,312 [INFO] \u2705 [866] ═рщфхэю 1 уЁєяя√ фы  чряЁюёр '╚╤1-232'
2025-12-14 20:54:02,313 [INFO] \U0001f4c5 [866] ╟руЁєцр■ Ёрёяшёрэшх фы : ╚╤1-232
2025-12-14 20:54:02,325 [INFO] \U0001f50d [867] @user_867 \u2192 ╚∙хЄ уЁєяяє: '╚╤1-231'
2025-12-14 20:54:02,325 [INFO] \u2705 [867] ═рщфхэю 1 уЁєяя√ фы  чряЁюёр '╚╤1-231'
2025-12-14 20:54:02,325 [INFO] \U0001f4c5 [867] ╟руЁєцр■ Ёрёяшёрэшх фы : ╚╤1-231
2025-12-14 20:54:02,341 [INFO] \U0001f50d [867] @user_867 \u2192 ╚∙хЄ уЁєяяє: '╚╤1-232'
2025-12-14 20:54:02,342 [INFO] \u2705 [867] ═рщфхэю 1 уЁєяя√ фы  чряЁюёр '╚╤1-232'
2025-12-14 20:54:02,342 [INFO] \U0001f4c5 [867] ╟руЁєцр■ Ёрёяшёрэшх фы : ╚╤1-232
2025-12-14 20:54:02,362 [INFO] \U0001f50d [868] @user_868 \u2192 ╚∙хЄ уЁєяяє: '╚╤1-231'
2025-12-14 20:54:02,364 [INFO] \u2705 [868] ═рщфхэю 1 уЁєяя√ фы  чряЁюёр '╚╤1-231'
2025-12-14 20:54:02,364 [INFO] \U0001f4c5 [868] ╟руЁєцр■ Ёрёяшёрэшх фы : ╚╤1-231
2025-12-14 20:54:02,388 [INFO] \U0001f50d [868] @user_868 \u2192 ╚∙хЄ уЁєяяє: '╚╤1-232'
2025-12-14 20:54:02,390 [INFO] \u2705 [868] ═рщфхэю 1 уЁєяя√ фы  чряЁюёр '╚╤1-232'
2025-12-14 20:54:02,390 [INFO] \U0001f4c5 [868] ╟руЁєцр■ Ёрёяшёрэшх фы : ╚╤1-232
2025-12-14 20:54:02,406 [INFO] \U0001f50d [869] @user_869 \u2192 ╚∙хЄ уЁєяяє: '╚╤1-231'
2025-12-14 20:54:02,406 [INFO] \u2705 [869] ═рщфхэю 1 уЁєяя√ фы  чряЁюёр '╚╤1-231'
2025-12-14 20:54:02,407 [INFO] \U0001f4c5 [869] ╟руЁєцр■ Ёрёяшёрэшх фы : ╚╤1-231
2025-12-14 20:54:02,425 [INFO] \U0001f50d [869] @user_869 \u2192 ╚∙хЄ уЁєяяє: '╚╤1-232'
2025-12-14 20:54:02,426 [INFO] \u2705 [869] ═рщфхэю 1 уЁєяя√ фы  чряЁюёр '╚╤1-232'
2025-12-14 20:54:02,426 [INFO] \U0001f4c5 [869] ╟руЁєцр■ Ёрёяшёрэшх фы : ╚╤1-232
2025-12-14 20:54:02,448 [INFO] \U0001f50d [870] @user_870 \u2192 ╚∙хЄ уЁєяяє: '╚╤1-231'
2025-12-14 20:54:02,449 [INFO] \u2705 [870] ═рщфхэю 1 уЁєяя√ фы  чряЁюёр '╚╤1-231'
2025-12-14 20:54:02,449 [INFO] \U0001f4c5 [870] ╟руЁєцр■ Ёрёяшёрэшх фы : ╚╤1-231
2025-12-14 20:54:02,463 [INFO] \U0001f50d [870] @user_870 \u2192 ╚∙хЄ уЁєяяє: '╚╤1-232'
2025-12-14 20:54:02,464 [INFO] \u2705 [870] ═рщфхэю 1 уЁєяя√ фы  чряЁюёр '╚╤1-232'
2025-12-14 20:54:02,464 [INFO] \U0001f4c5 [870] ╟руЁєцр■ Ёрёяшёрэшх фы : ╚╤1-232
2025-12-14 20:54:02,476 [INFO] \U0001f50d [871] @user_871 \u2192 ╚∙хЄ уЁєяяє: '╚╤1-231'
2025-12-14 20:54:02,476 [INFO] \u2705 [871] ═рщфхэю 1 уЁєяя√ фы  чряЁюёр '╚╤1-231'
2025-12-14 20:54:02,476 [INFO] \U0001f4c5 [871] ╟руЁєцр■ Ёрёяшёрэшх фы : ╚╤1-231
2025-12-14 20:54:02,500 [INFO] \U0001f50d [871] @user_871 \u2192 ╚∙хЄ уЁєяяє: '╚╤1-232'
2025-12-14 20:54:02,501 [INFO] \u2705 [871] ═рщфхэю 1 уЁєяя√ фы  чряЁюёр '╚╤1-232'
2025-12-14 20:54:02,501 [INFO] \U0001f4c5 [871] ╟руЁєцр■ Ёрёяшёрэшх фы : ╚╤1-232
2025-12-14 20:54:02,518 [INFO] \U0001f50d [872] @user_872 \u2192 ╚∙хЄ уЁєяяє: '╚╤1-231'
2025-12-14 20:54:02,519 [INFO] \u2705 [872] ═рщфхэю 1 уЁєяя√ фы  чряЁюёр '╚╤1-231'
2025-12-14 20:54:02,519 [INFO] \U0001f4c5 [872] ╟руЁєцр■ Ёрёяшёрэшх фы : ╚╤1-231
2025-12-14 20:54:02,535 [INFO] \U0001f50d [872] @user_872 \u2192 ╚∙хЄ уЁєяяє: '╚╤1-232'
2025-12-14 20:54:02,535 [INFO] \u2705 [872] ═рщфхэю 1 уЁєяя√ фы  чряЁюёр '╚╤1-232'
2025-12-14 20:54:02,535 [INFO] \U0001f4c5 [872] ╟руЁєцр■ Ёрёяшёрэшх фы : ╚╤1-232
2025-12-14 20:54:02,553 [INFO] \U0001f50d [873] @user_873 \u2192 ╚∙хЄ уЁєяяє: '╚╤1-231'
2025-12-14 20:54:02,554 [INFO] \u2705 [873] ═рщфхэю 1 уЁєяя√ фы  чряЁюёр '╚╤1-231'
2025-12-14 20:54:02,554 [INFO] \U0001f4c5 [873] ╟руЁєцр■ Ёрёяшёрэшх фы : ╚╤1-231
2025-12-14 20:54:02,573 [INFO] \U0001f50d [873] @user_873 \u2192 ╚∙хЄ уЁєяяє: '╚╤1-232'
2025-12-14 20:54:02,574 [INFO] \u2705 [873] ═рщфхэю 1 уЁєяя√ фы  чряЁюёр '╚╤1-232'
2025-12-14 20:54:02,574 [INFO] \U0001f4c5 [873] ╟руЁєцр■ Ёрёяшёрэшх фы : ╚╤1-232
2025-12-14 20:54:02,588 [INFO] \U0001f50d [874] @user_874 \u2192 ╚∙хЄ уЁєяяє: '╚╤1-231'
2025-12-14 20:54:02,588 [INFO] \u2705 [874] ═рщфхэю 1 уЁєяя√ фы  чряЁюёр '╚╤1-231'
2025-12-14 20:54:02,588 [INFO] \U0001f4c5 [874] ╟руЁєцр■ Ёрёяшёрэшх фы : ╚╤1-231
2025-12-14 20:54:02,603 [INFO] \U0001f50d [874] @user_874 \u2192 ╚∙хЄ уЁєяяє: '╚╤1-232'
2025-12-14 20:54:02,603 [INFO] \u2705 [874] ═рщфхэю 1 уЁєяя√ фы  чряЁюёр '╚╤1-232'
2025-12-14 20:54:02,603 [INFO] \U0001f4c5 [874] ╟руЁєцр■ Ёрёяшёрэшх фы : ╚╤1-232
2025-12-14 20:54:02,624 [INFO] \U0001f50d [875] @user_875 \u2192 ╚∙хЄ уЁєяяє: '╚╤1-231'
2025-12-14 20:54:02,625 [INFO] \u2705 [875] ═рщфхэю 1 уЁєяя√ фы  чряЁюёр '╚╤1-231'
2025-12-14 20:54:02,625 [INFO] \U0001f4c5 [875] ╟руЁєцр■ Ёрёяшёрэшх фы : ╚╤1-231
2025-12-14 20:54:02,640 [INFO] \U0001f50d [875] @user_875 \u2192 ╚∙хЄ уЁєяяє: '╚╤1-232'
2025-12-14 20:54:02,641 [INFO] \u2705 [875] ═рщфхэю 1 уЁєяя√ фы  чряЁюёр '╚╤1-232'
2025-12-14 20:54:02,641 [INFO] \U0001f4c5 [875] ╟руЁєцр■ Ёрёяшёрэшх фы : ╚╤1-232
2025-12-14 20:54:02,655 [INFO] \U0001f50d [876] @user_876 \u2192 ╚∙хЄ уЁєяяє: '╚╤1-231'
2025-12-14 20:54:02,656 [INFO] \u2705 [876] ═рщфхэю 1 уЁєяя√ фы  чряЁюёр '╚╤1-231'
2025-12-14 20:54:02,656 [INFO] \U0001f4c5 [876] ╟руЁєцр■ Ёрёяшёрэшх фы : ╚╤1-231
2025-12-14 20:54:02,675 [INFO] \U0001f50d [876] @user_876 \u2192 ╚∙хЄ уЁєяяє: '╚╤1-232'
2025-12-14 20:54:02,675 [INFO] \u2705 [876] ═рщфхэю 1 уЁєяя√ фы  чряЁюёр '╚╤1-232'
2025-12-14 20:54:02,675 [INFO] \U0001f4c5 [876] ╟руЁєцр■ Ёрёяшёрэшх фы : ╚╤1-232
2025-12-14 20:54:02,695 [INFO] \U0001f50d [877] @user_877 \u2192 ╚∙хЄ уЁєяяє: '╚╤1-231'
2025-12-14 20:54:02,696 [INFO] \u2705 [877] ═рщфхэю 1 уЁєяя√ фы  чряЁюёр '╚╤1-231'
2025-12-14 20:54:02,697 [INFO] \U0001f4c5 [877] ╟руЁєцр■ Ёрёяшёрэшх фы : ╚╤1-231
2025-12-14 20:54:02,716 [INFO] \U0001f50d [877] @user_877 \u2192 ╚∙хЄ уЁєяяє: '╚╤1-232'
2025-12-14 20:54:02,718 [INFO] \u2705 [877] ═рщфхэю 1 уЁєяя√ фы  чряЁюёр '╚╤1-232'
2025-12-14 20:54:02,718 [INFO] \U0001f4c5 [877] ╟руЁєцр■ Ёрёяшёрэшх фы : ╚╤1-232
2025-12-14 20:54:02,737 [INFO] \U0001f50d [878] @user_878 \u2192 ╚∙хЄ уЁєяяє: '╚╤1-231'
2025-12-14 20:54:02,738 [INFO] \u2705 [878] ═рщфхэю 1 уЁєяя√ фы  чряЁюёр '╚╤1-231'
2025-12-14 20:54:02,738 [INFO] \U0001f4c5 [878] ╟руЁєцр■ Ёрёяшёрэшх фы : ╚╤1-231
2025-12-14 20:54:02,762 [INFO] \U0001f50d [878] @user_878 \u2192 ╚∙хЄ уЁєяяє: '╚╤1-232'
2025-12-14 20:54:02,763 [INFO] \u2705 [878] ═рщфхэю 1 уЁєяя√ фы  чряЁюёр '╚╤1-232'
2025-12-14 20:54:02,763 [INFO] \U0001f4c5 [878] ╟руЁєцр■ Ёрёяшёрэшх фы : ╚╤1-232
2025-12-14 20:54:02,781 [INFO] \U0001f50d [879] @user_879 \u2192 ╚∙хЄ уЁєяяє: '╚╤1-231'
2025-12-14 20:54:02,782 [INFO] \u2705 [879] ═рщфхэю 1 уЁєяя√ фы  чряЁюёр '╚╤1-231'
2025-12-14 20:54:02,782 [INFO] \U0001f4c5 [879] ╟руЁєцр■ Ёрёяшёрэшх фы : ╚╤1-231
2025-12-14 20:54:02,804 [INFO] \U0001f50d [879] @user_879 \u2192 ╚∙хЄ уЁєяяє: '╚╤1-232'
2025-12-14 20:54:02,804 [INFO] \u2705 [879] ═рщфхэю 1 уЁєяя√ фы  чряЁюёр '╚╤1-232'
2025-12-14 20:54:02,805 [INFO] \U0001f4c5 [879] ╟руЁєцр■ Ёрёяшёрэшх фы : ╚╤1-232
2025-12-14 20:54:02,824 [INFO] \U0001f50d [880] @user_880 \u2192 ╚∙хЄ уЁєяяє: '╚╤1-231'
2025-12-14 20:54:02,825 [INFO] \u2705 [880] ═рщфхэю 1 уЁєяя√ фы  чряЁюёр '╚╤1-231'
2025-12-14 20:54:02,825 [INFO] \U0001f4c5 [880] ╟руЁєцр■ Ёрёяшёрэшх фы : ╚╤1-231
2025-12-14 20:54:02,844 [INFO] \U0001f50d [880] @user_880 \u2192 ╚∙хЄ уЁєяяє: '╚╤1-232'
2025-12-14 20:54:02,845 [INFO] \u2705 [880] ═рщфхэю 1 уЁєяя√ фы  чряЁюёр '╚╤1-232'
2025-12-14 20:54:02,846 [INFO] \U0001f4c5 [880] ╟руЁєцр■ Ёрёяшёрэшх фы : ╚╤1-232
2025-12-14 20:54:02,863 [INFO] \U0001f50d [881] @user_881 \u2192 ╚∙хЄ уЁєяяє: '╚╤1-231'
2025-12-14 20:54:02,865 [INFO] \u2705 [881] ═рщфхэю 1 уЁєяя√ фы  чряЁюёр '╚╤1-231'
2025-12-14 20:54:02,865 [INFO] \U0001f4c5 [881] ╟руЁєцр■ Ёрёяшёрэшх фы : ╚╤1-231
2025-12-14 20:54:02,892 [INFO] \U0001f50d [881] @user_881 \u2192 ╚∙хЄ уЁєяяє: '╚╤1-232'
2025-12-14 20:54:02,894 [INFO] \u2705 [881] ═рщфхэю 1 уЁєяя√ фы  чряЁюёр '╚╤1-232'
2025-12-14 20:54:02,895 [INFO] \U0001f4c5 [881] ╟руЁєцр■ Ёрёяшёрэшх фы : ╚╤1-232
2025-12-14 20:54:02,912 [INFO] \U0001f50d [882] @user_882 \u2192 ╚∙хЄ уЁєяяє: '╚╤1-231'
2025-12-14 20:54:02,913 [INFO] \u2705 [882] ═рщфхэю 1 уЁєяя√ фы  чряЁюёр '╚╤1-231'
2025-12-14 20:54:02,913 [INFO] \U0001f4c5 [882] ╟руЁєцр■ Ёрёяшёрэшх фы : ╚╤1-231
2025-12-14 20:54:02,936 [INFO] \U0001f50d [882] @user_882 \u2192 ╚∙хЄ уЁєяяє: '╚╤1-232'
2025-12-14 20:54:02,937 [INFO] \u2705 [882] ═рщфхэю 1 уЁєяя√ фы  чряЁюёр '╚╤1-232'
2025-12-14 20:54:02,937 [INFO] \U0001f4c5 [882] ╟руЁєцр■ Ёрёяшёрэшх фы : ╚╤1-232
2025-12-14 20:54:02,957 [INFO] \U0001f50d [883] @user_883 \u2192 ╚∙хЄ уЁєяяє: '╚╤1-231'
2025-12-14 20:54:02,963 [INFO] \u2705 [883] ═рщфхэю 1 уЁєяя√ фы  чряЁюёр '╚╤1-231'
2025-12-14 20:54:02,964 [INFO] \U0001f4c5 [883] ╟руЁєцр■ Ёрёяшёрэшх фы : ╚╤1-231
2025-12-14 20:54:02,984 [INFO] \U0001f50d [883] @user_883 \u2192 ╚∙хЄ уЁєяяє: '╚╤1-232'
2025-12-14 20:54:02,985 [INFO] \u2705 [883] ═рщфхэю 1 уЁєяя√ фы  чряЁюёр '╚╤1-232'
2025-12-14 20:54:02,985 [INFO] \U0001f4c5 [883] ╟руЁєцр■ Ёрёяшёрэшх фы : ╚╤1-232
2025-12-14 20:54:03,004 [INFO] \U0001f50d [884] @user_884 \u2192 ╚∙хЄ уЁєяяє: '╚╤1-231'
2025-12-14 20:54:03,005 [INFO] \u2705 [884] ═рщфхэю 1 уЁєяя√ фы  чряЁюёр '╚╤1-231'
2025-12-14 20:54:03,005 [INFO] \U0001f4c5 [884] ╟руЁєцр■ Ёрёяшёрэшх фы : ╚╤1-231
2025-12-14 20:54:03,021 [INFO] \U0001f50d [884] @user_884 \u2192 ╚∙хЄ уЁєяяє: '╚╤1-232'
2025-12-14 20:54:03,021 [INFO] \u2705 [884] ═рщфхэю 1 уЁєяя√ фы  чряЁюёр '╚╤1-232'
2025-12-14 20:54:03,022 [INFO] \U0001f4c5 [884] ╟руЁєцр■ Ёрёяшёрэшх фы : ╚╤1-232
2025-12-14 20:54:03,044 [INFO] \U0001f50d [885] @user_885 \u2192 ╚∙хЄ уЁєяяє: '╚╤1-231'
2025-12-14 20:54:03,045 [INFO] \u2705 [885] ═рщфхэю 1 уЁєяя√ фы  чряЁюёр '╚╤1-231'
2025-12-14 20:54:03,045 [INFO] \U0001f4c5 [885] ╟руЁєцр■ Ёрёяшёрэшх фы : ╚╤1-231
2025-12-14 20:54:03,062 [INFO] \U0001f50d [885] @user_885 \u2192 ╚∙хЄ уЁєяяє: '╚╤1-232'
2025-12-14 20:54:03,063 [INFO] \u2705 [885] ═рщфхэю 1 уЁєяя√ фы  чряЁюёр '╚╤1-232'
2025-12-14 20:54:03,063 [INFO] \U0001f4c5 [885] ╟руЁєцр■ Ёрёяшёрэшх фы : ╚╤1-232
2025-12-14 20:54:03,082 [INFO] \U0001f50d [886] @user_886 \u2192 ╚∙хЄ уЁєяяє: '╚╤1-231'
2025-12-14 20:54:03,082 [INFO] \u2705 [886] ═рщфхэю 1 уЁєяя√ фы  чряЁюёр '╚╤1-231'
2025-12-14 20:54:03,083 [INFO] \U0001f4c5 [886] ╟руЁєцр■ Ёрёяшёрэшх фы : ╚╤1-231
2025-12-14 20:54:03,124 [INFO] \U0001f50d [886] @user_886 \u2192 ╚∙хЄ уЁєяяє: '╚╤1-232'
2025-12-14 20:54:03,124 [INFO] \u2705 [886] ═рщфхэю 1 уЁєяя√ фы  чряЁюёр '╚╤1-232'
2025-12-14 20:54:03,125 [INFO] \U0001f4c5 [886] ╟руЁєцр■ Ёрёяшёрэшх фы : ╚╤1-232
2025-12-14 20:54:03,140 [INFO] \U0001f50d [887] @user_887 \u2192 ╚∙хЄ уЁєяяє: '╚╤1-231'
2025-12-14 20:54:03,140 [INFO] \u2705 [887] ═рщфхэю 1 уЁєяя√ фы  чряЁюёр '╚╤1-231'
2025-12-14 20:54:03,141 [INFO] \U0001f4c5 [887] ╟руЁєцр■ Ёрёяшёрэшх фы : ╚╤1-231
2025-12-14 20:54:03,159 [INFO] \U0001f50d [887] @user_887 \u2192 ╚∙хЄ уЁєяяє: '╚╤1-232'
2025-12-14 20:54:03,159 [INFO] \u2705 [887] ═рщфхэю 1 уЁєяя√ фы  чряЁюёр '╚╤1-232'
2025-12-14 20:54:03,159 [INFO] \U0001f4c5 [887] ╟руЁєцр■ Ёрёяшёрэшх фы : ╚╤1-232
2025-12-14 20:54:03,178 [INFO] \U0001f50d [888] @user_888 \u2192 ╚∙хЄ уЁєяяє: '╚╤1-231'
2025-12-14 20:54:03,179 [INFO] \u2705 [888] ═рщфхэю 1 уЁєяя√ фы  чряЁюёр '╚╤1-231'
2025-12-14 20:54:03,180 [INFO] \U0001f4c5 [888] ╟руЁєцр■ Ёрёяшёрэшх фы : ╚╤1-231
2025-12-14 20:54:03,197 [INFO] \U0001f50d [888] @user_888 \u2192 ╚∙хЄ уЁєяяє: '╚╤1-232'
2025-12-14 20:54:03,198 [INFO] \u2705 [888] ═рщфхэю 1 уЁєяя√ фы  чряЁюёр '╚╤1-232'
2025-12-14 20:54:03,198 [INFO] \U0001f4c5 [888] ╟руЁєцр■ Ёрёяшёрэшх фы : ╚╤1-232
2025-12-14 20:54:03,210 [INFO] \U0001f50d [889] @user_889 \u2192 ╚∙хЄ уЁєяяє: '╚╤1-231'
2025-12-14 20:54:03,212 [INFO] \u2705 [889] ═рщфхэю 1 уЁєяя√ фы  чряЁюёр '╚╤1-231'
2025-12-14 20:54:03,212 [INFO] \U0001f4c5 [889] ╟руЁєцр■ Ёрёяшёрэшх фы : ╚╤1-231
2025-12-14 20:54:03,232 [INFO] \U0001f50d [889] @user_889 \u2192 ╚∙хЄ уЁєяяє: '╚╤1-232'
2025-12-14 20:54:03,233 [INFO] \u2705 [889] ═рщфхэю 1 уЁєяя√ фы  чряЁюёр '╚╤1-232'
2025-12-14 20:54:03,233 [INFO] \U0001f4c5 [889] ╟руЁєцр■ Ёрёяшёрэшх фы : ╚╤1-232
2025-12-14 20:54:03,248 [INFO] \U0001f50d [890] @user_890 \u2192 ╚∙хЄ уЁєяяє: '╚╤1-231'
2025-12-14 20:54:03,249 [INFO] \u2705 [890] ═рщфхэю 1 уЁєяя√ фы  чряЁюёр '╚╤1-231'
2025-12-14 20:54:03,249 [INFO] \U0001f4c5 [890] ╟руЁєцр■ Ёрёяшёрэшх фы : ╚╤1-231
2025-12-14 20:54:03,268 [INFO] \U0001f50d [890] @user_890 \u2192 ╚∙хЄ уЁєяяє: '╚╤1-232'
2025-12-14 20:54:03,269 [INFO] \u2705 [890] ═рщфхэю 1 уЁєяя√ фы  чряЁюёр '╚╤1-232'
2025-12-14 20:54:03,269 [INFO] \U0001f4c5 [890] ╟руЁєцр■ Ёрёяшёрэшх фы : ╚╤1-232
2025-12-14 20:54:03,284 [INFO] \U0001f50d [891] @user_891 \u2192 ╚∙хЄ уЁєяяє: '╚╤1-231'
2025-12-14 20:54:03,284 [INFO] \u2705 [891] ═рщфхэю 1 уЁєяя√ фы  чряЁюёр '╚╤1-231'
2025-12-14 20:54:03,284 [INFO] \U0001f4c5 [891] ╟руЁєцр■ Ёрёяшёрэшх фы : ╚╤1-231
2025-12-14 20:54:03,300 [INFO] \U0001f50d [891] @user_891 \u2192 ╚∙хЄ уЁєяяє: '╚╤1-232'
2025-12-14 20:54:03,301 [INFO] \u2705 [891] ═рщфхэю 1 уЁєяя√ фы  чряЁюёр '╚╤1-232'
2025-12-14 20:54:03,301 [INFO] \U0001f4c5 [891] ╟руЁєцр■ Ёрёяшёрэшх фы : ╚╤1-232
2025-12-14 20:54:03,317 [INFO] \U0001f50d [892] @user_892 \u2192 ╚∙хЄ уЁєяяє: '╚╤1-231'
2025-12-14 20:54:03,317 [INFO] \u2705 [892] ═рщфхэю 1 уЁєяя√ фы  чряЁюёр '╚╤1-231'
2025-12-14 20:54:03,317 [INFO] \U0001f4c5 [892] ╟руЁєцр■ Ёрёяшёрэшх фы : ╚╤1-231
2025-12-14 20:54:03,331 [INFO] \U0001f50d [892] @user_892 \u2192 ╚∙хЄ уЁєяяє: '╚╤1-232'
2025-12-14 20:54:03,332 [INFO] \u2705 [892] ═рщфхэю 1 уЁєяя√ фы  чряЁюёр '╚╤1-232'
2025-12-14 20:54:03,332 [INFO] \U0001f4c5 [892] ╟руЁєцр■ Ёрёяшёрэшх фы : ╚╤1-232
2025-12-14 20:54:03,351 [INFO] \U0001f50d [893] @user_893 \u2192 ╚∙хЄ уЁєяяє: '╚╤1-231'
2025-12-14 20:54:03,352 [INFO] \u2705 [893] ═рщфхэю 1 уЁєяя√ фы  чряЁюёр '╚╤1-231'
2025-12-14 20:54:03,352 [INFO] \U0001f4c5 [893] ╟руЁєцр■ Ёрёяшёрэшх фы : ╚╤1-231
2025-12-14 20:54:03,369 [INFO] \U0001f50d [893] @user_893 \u2192 ╚∙хЄ уЁєяяє: '╚╤1-232'
2025-12-14 20:54:03,371 [INFO] \u2705 [893] ═рщфхэю 1 уЁєяя√ фы  чряЁюёр '╚╤1-232'
2025-12-14 20:54:03,371 [INFO] \U0001f4c5 [893] ╟руЁєцр■ Ёрёяшёрэшх фы : ╚╤1-232
2025-12-14 20:54:03,390 [INFO] \U0001f50d [894] @user_894 \u2192 ╚∙хЄ уЁєяяє: '╚╤1-231'
2025-12-14 20:54:03,391 [INFO] \u2705 [894] ═рщфхэю 1 уЁєяя√ фы  чряЁюёр '╚╤1-231'
2025-12-14 20:54:03,391 [INFO] \U0001f4c5 [894] ╟руЁєцр■ Ёрёяшёрэшх фы : ╚╤1-231
2025-12-14 20:54:03,407 [INFO] \U0001f50d [894] @user_894 \u2192 ╚∙хЄ уЁєяяє: '╚╤1-232'
2025-12-14 20:54:03,409 [INFO] \u2705 [894] ═рщфхэю 1 уЁєяя√ фы  чряЁюёр '╚╤1-232'
2025-12-14 20:54:03,409 [INFO] \U0001f4c5 [894] ╟руЁєцр■ Ёрёяшёрэшх фы : ╚╤1-232
2025-12-14 20:54:03,432 [INFO] \U0001f50d [895] @user_895 \u2192 ╚∙хЄ уЁєяяє: '╚╤1-231'
2025-12-14 20:54:03,432 [INFO] \u2705 [895] ═рщфхэю 1 уЁєяя√ фы  чряЁюёр '╚╤1-231'
2025-12-14 20:54:03,433 [INFO] \U0001f4c5 [895] ╟руЁєцр■ Ёрёяшёрэшх фы : ╚╤1-231
2025-12-14 20:54:03,447 [INFO] \U0001f50d [895] @user_895 \u2192 ╚∙хЄ уЁєяяє: '╚╤1-232'
2025-12-14 20:54:03,448 [INFO] \u2705 [895] ═рщфхэю 1 уЁєяя√ фы  чряЁюёр '╚╤1-232'
2025-12-14 20:54:03,448 [INFO] \U0001f4c5 [895] ╟руЁєцр■ Ёрёяшёрэшх фы : ╚╤1-232
2025-12-14 20:54:03,467 [INFO] \U0001f50d [896] @user_896 \u2192 ╚∙хЄ уЁєяяє: '╚╤1-231'
2025-12-14 20:54:03,467 [INFO] \u2705 [896] ═рщфхэю 1 уЁєяя√ фы  чряЁюёр '╚╤1-231'
2025-12-14 20:54:03,468 [INFO] \U0001f4c5 [896] ╟руЁєцр■ Ёрёяшёрэшх фы : ╚╤1-231
2025-12-14 20:54:03,486 [INFO] \U0001f50d [896] @user_896 \u2192 ╚∙хЄ уЁєяяє: '╚╤1-232'
2025-12-14 20:54:03,487 [INFO] \u2705 [896] ═рщфхэю 1 уЁєяя√ фы  чряЁюёр '╚╤1-232'
2025-12-14 20:54:03,487 [INFO] \U0001f4c5 [896] ╟руЁєцр■ Ёрёяшёрэшх фы : ╚╤1-232
2025-12-14 20:54:03,504 [INFO] \U0001f50d [897] @user_897 \u2192 ╚∙хЄ уЁєяяє: '╚╤1-231'
2025-12-14 20:54:03,505 [INFO] \u2705 [897] ═рщфхэю 1 уЁєяя√ фы  чряЁюёр '╚╤1-231'
2025-12-14 20:54:03,505 [INFO] \U0001f4c5 [897] ╟руЁєцр■ Ёрёяшёрэшх фы : ╚╤1-231
2025-12-14 20:54:03,532 [INFO] \U0001f50d [897] @user_897 \u2192 ╚∙хЄ уЁєяяє: '╚╤1-232'
2025-12-14 20:54:03,533 [INFO] \u2705 [897] ═рщфхэю 1 уЁєяя√ фы  чряЁюёр '╚╤1-232'
2025-12-14 20:54:03,533 [INFO] \U0001f4c5 [897] ╟руЁєцр■ Ёрёяшёрэшх фы : ╚╤1-232
2025-12-14 20:54:03,557 [INFO] \U0001f50d [898] @user_898 \u2192 ╚∙хЄ уЁєяяє: '╚╤1-231'
2025-12-14 20:54:03,558 [INFO] \u2705 [898] ═рщфхэю 1 уЁєяя√ фы  чряЁюёр '╚╤1-231'
2025-12-14 20:54:03,559 [INFO] \U0001f4c5 [898] ╟руЁєцр■ Ёрёяшёрэшх фы : ╚╤1-231
2025-12-14 20:54:03,577 [INFO] \U0001f50d [898] @user_898 \u2192 ╚∙хЄ уЁєяяє: '╚╤1-232'
2025-12-14 20:54:03,579 [INFO] \u2705 [898] ═рщфхэю 1 уЁєяя√ фы  чряЁюёр '╚╤1-232'
2025-12-14 20:54:03,579 [INFO] \U0001f4c5 [898] ╟руЁєцр■ Ёрёяшёрэшх фы : ╚╤1-232
2025-12-14 20:54:03,596 [INFO] \U0001f50d [899] @user_899 \u2192 ╚∙хЄ уЁєяяє: '╚╤1-231'
2025-12-14 20:54:03,597 [INFO] \u2705 [899] ═рщфхэю 1 уЁєяя√ фы  чряЁюёр '╚╤1-231'
2025-12-14 20:54:03,597 [INFO] \U0001f4c5 [899] ╟руЁєцр■ Ёрёяшёрэшх фы : ╚╤1-231
2025-12-14 20:54:03,615 [INFO] \U0001f50d [899] @user_899 \u2192 ╚∙хЄ уЁєяяє: '╚╤1-232'
2025-12-14 20:54:03,616 [INFO] \u2705 [899] ═рщфхэю 1 уЁєяя√ фы  чряЁюёр '╚╤1-232'
2025-12-14 20:54:03,616 [INFO] \U0001f4c5 [899] ╟руЁєцр■ Ёрёяшёрэшх фы : ╚╤1-232
2025-12-14 20:54:03,637 [INFO] \U0001f50d [900] @user_900 \u2192 ╚∙хЄ уЁєяяє: '╚╤1-231'
2025-12-14 20:54:03,638 [INFO] \u2705 [900] ═рщфхэю 1 уЁєяя√ фы  чряЁюёр '╚╤1-231'
2025-12-14 20:54:03,638 [INFO] \U0001f4c5 [900] ╟руЁєцр■ Ёрёяшёрэшх фы : ╚╤1-231
2025-12-14 20:54:03,658 [INFO] \U0001f50d [900] @user_900 \u2192 ╚∙хЄ уЁєяяє: '╚╤1-232'
2025-12-14 20:54:03,658 [INFO] \u2705 [900] ═рщфхэю 1 уЁєяя√ фы  чряЁюёр '╚╤1-232'
2025-12-14 20:54:03,658 [INFO] \U0001f4c5 [900] ╟руЁєцр■ Ёрёяшёрэшх фы : ╚╤1-232
2025-12-14 20:54:03,676 [INFO] \U0001f50d [901] @user_901 \u2192 ╚∙хЄ уЁєяяє: '╚╤1-231'
2025-12-14 20:54:03,677 [INFO] \u2705 [901] ═рщфхэю 1 уЁєяя√ фы  чряЁюёр '╚╤1-231'
2025-12-14 20:54:03,678 [INFO] \U0001f4c5 [901] ╟руЁєцр■ Ёрёяшёрэшх фы : ╚╤1-231
2025-12-14 20:54:03,695 [INFO] \U0001f50d [901] @user_901 \u2192 ╚∙хЄ уЁєяяє: '╚╤1-232'
2025-12-14 20:54:03,697 [INFO] \u2705 [901] ═рщфхэю 1 уЁєяя√ фы  чряЁюёр '╚╤1-232'
2025-12-14 20:54:03,697 [INFO] \U0001f4c5 [901] ╟руЁєцр■ Ёрёяшёрэшх фы : ╚╤1-232
2025-12-14 20:54:03,715 [INFO] \U0001f50d [902] @user_902 \u2192 ╚∙хЄ уЁєяяє: '╚╤1-231'
2025-12-14 20:54:03,716 [INFO] \u2705 [902] ═рщфхэю 1 уЁєяя√ фы  чряЁюёр '╚╤1-231'
2025-12-14 20:54:03,716 [INFO] \U0001f4c5 [902] ╟руЁєцр■ Ёрёяшёрэшх фы : ╚╤1-231
2025-12-14 20:54:03,732 [INFO] \U0001f50d [902] @user_902 \u2192 ╚∙хЄ уЁєяяє: '╚╤1-232'
2025-12-14 20:54:03,733 [INFO] \u2705 [902] ═рщфхэю 1 уЁєяя√ фы  чряЁюёр '╚╤1-232'
2025-12-14 20:54:03,733 [INFO] \U0001f4c5 [902] ╟руЁєцр■ Ёрёяшёрэшх фы : ╚╤1-232
2025-12-14 20:54:03,751 [INFO] \U0001f50d [903] @user_903 \u2192 ╚∙хЄ уЁєяяє: '╚╤1-231'
2025-12-14 20:54:03,752 [INFO] \u2705 [903] ═рщфхэю 1 уЁєяя√ фы  чряЁюёр '╚╤1-231'
2025-12-14 20:54:03,752 [INFO] \U0001f4c5 [903] ╟руЁєцр■ Ёрёяшёрэшх фы : ╚╤1-231
2025-12-14 20:54:03,773 [INFO] \U0001f50d [903] @user_903 \u2192 ╚∙хЄ уЁєяяє: '╚╤1-232'
2025-12-14 20:54:03,774 [INFO] \u2705 [903] ═рщфхэю 1 уЁєяя√ фы  чряЁюёр '╚╤1-232'
2025-12-14 20:54:03,774 [INFO] \U0001f4c5 [903] ╟руЁєцр■ Ёрёяшёрэшх фы : ╚╤1-232
2025-12-14 20:54:03,797 [INFO] \U0001f50d [904] @user_904 \u2192 ╚∙хЄ уЁєяяє: '╚╤1-231'
2025-12-14 20:54:03,799 [INFO] \u2705 [904] ═рщфхэю 1 уЁєяя√ фы  чряЁюёр '╚╤1-231'
2025-12-14 20:54:03,799 [INFO] \U0001f4c5 [904] ╟руЁєцр■ Ёрёяшёрэшх фы : ╚╤1-231
2025-12-14 20:54:03,819 [INFO] \U0001f50d [904] @user_904 \u2192 ╚∙хЄ уЁєяяє: '╚╤1-232'
2025-12-14 20:54:03,820 [INFO] \u2705 [904] ═рщфхэю 1 уЁєяя√ фы  чряЁюёр '╚╤1-232'
2025-12-14 20:54:03,820 [INFO] \U0001f4c5 [904] ╟руЁєцр■ Ёрёяшёрэшх фы : ╚╤1-232
2025-12-14 20:54:03,839 [INFO] \U0001f50d [905] @user_905 \u2192 ╚∙хЄ уЁєяяє: '╚╤1-231'
2025-12-14 20:54:03,839 [INFO] \u2705 [905] ═рщфхэю 1 уЁєяя√ фы  чряЁюёр '╚╤1-231'
2025-12-14 20:54:03,840 [INFO] \U0001f4c5 [905] ╟руЁєцр■ Ёрёяшёрэшх фы : ╚╤1-231
2025-12-14 20:54:03,856 [INFO] \U0001f50d [905] @user_905 \u2192 ╚∙хЄ уЁєяяє: '╚╤1-232'
2025-12-14 20:54:03,856 [INFO] \u2705 [905] ═рщфхэю 1 уЁєяя√ фы  чряЁюёр '╚╤1-232'
2025-12-14 20:54:03,856 [INFO] \U0001f4c5 [905] ╟руЁєцр■ Ёрёяшёрэшх фы : ╚╤1-232
2025-12-14 20:54:03,874 [INFO] \U0001f50d [906] @user_906 \u2192 ╚∙хЄ уЁєяяє: '╚╤1-231'
2025-12-14 20:54:03,876 [INFO] \u2705 [906] ═рщфхэю 1 уЁєяя√ фы  чряЁюёр '╚╤1-231'
2025-12-14 20:54:03,876 [INFO] \U0001f4c5 [906] ╟руЁєцр■ Ёрёяшёрэшх фы : ╚╤1-231
2025-12-14 20:54:03,894 [INFO] \U0001f50d [906] @user_906 \u2192 ╚∙хЄ уЁєяяє: '╚╤1-232'
2025-12-14 20:54:03,895 [INFO] \u2705 [906] ═рщфхэю 1 уЁєяя√ фы  чряЁюёр '╚╤1-232'
2025-12-14 20:54:03,895 [INFO] \U0001f4c5 [906] ╟руЁєцр■ Ёрёяшёрэшх фы : ╚╤1-232
2025-12-14 20:54:03,912 [INFO] \U0001f50d [907] @user_907 \u2192 ╚∙хЄ уЁєяяє: '╚╤1-231'
2025-12-14 20:54:03,913 [INFO] \u2705 [907] ═рщфхэю 1 уЁєяя√ фы  чряЁюёр '╚╤1-231'
2025-12-14 20:54:03,913 [INFO] \U0001f4c5 [907] ╟руЁєцр■ Ёрёяшёрэшх фы : ╚╤1-231
2025-12-14 20:54:03,933 [INFO] \U0001f50d [907] @user_907 \u2192 ╚∙хЄ уЁєяяє: '╚╤1-232'
2025-12-14 20:54:03,934 [INFO] \u2705 [907] ═рщфхэю 1 уЁєяя√ фы  чряЁюёр '╚╤1-232'
2025-12-14 20:54:03,934 [INFO] \U0001f4c5 [907] ╟руЁєцр■ Ёрёяшёрэшх фы : ╚╤1-232
2025-12-14 20:54:03,950 [INFO] \U0001f50d [908] @user_908 \u2192 ╚∙хЄ уЁєяяє: '╚╤1-231'
2025-12-14 20:54:03,951 [INFO] \u2705 [908] ═рщфхэю 1 уЁєяя√ фы  чряЁюёр '╚╤1-231'
2025-12-14 20:54:03,951 [INFO] \U0001f4c5 [908] ╟руЁєцр■ Ёрёяшёрэшх фы : ╚╤1-231
2025-12-14 20:54:03,971 [INFO] \U0001f50d [908] @user_908 \u2192 ╚∙хЄ уЁєяяє: '╚╤1-232'
2025-12-14 20:54:03,972 [INFO] \u2705 [908] ═рщфхэю 1 уЁєяя√ фы  чряЁюёр '╚╤1-232'
2025-12-14 20:54:03,972 [INFO] \U0001f4c5 [908] ╟руЁєцр■ Ёрёяшёрэшх фы : ╚╤1-232
2025-12-14 20:54:03,988 [INFO] \U0001f50d [909] @user_909 \u2192 ╚∙хЄ уЁєяяє: '╚╤1-231'
2025-12-14 20:54:03,988 [INFO] \u2705 [909] ═рщфхэю 1 уЁєяя√ фы  чряЁюёр '╚╤1-231'
2025-12-14 20:54:03,989 [INFO] \U0001f4c5 [909] ╟руЁєцр■ Ёрёяшёрэшх фы : ╚╤1-231
2025-12-14 20:54:04,006 [INFO] \U0001f50d [909] @user_909 \u2192 ╚∙хЄ уЁєяяє: '╚╤1-232'
2025-12-14 20:54:04,007 [INFO] \u2705 [909] ═рщфхэю 1 уЁєяя√ фы  чряЁюёр '╚╤1-232'
2025-12-14 20:54:04,007 [INFO] \U0001f4c5 [909] ╟руЁєцр■ Ёрёяшёрэшх фы : ╚╤1-232
2025-12-14 20:54:04,023 [INFO] \U0001f50d [910] @user_910 \u2192 ╚∙хЄ уЁєяяє: '╚╤1-231'
2025-12-14 20:54:04,024 [INFO] \u2705 [910] ═рщфхэю 1 уЁєяя√ фы  чряЁюёр '╚╤1-231'
2025-12-14 20:54:04,024 [INFO] \U0001f4c5 [910] ╟руЁєцр■ Ёрёяшёрэшх фы : ╚╤1-231
2025-12-14 20:54:04,044 [INFO] \U0001f50d [910] @user_910 \u2192 ╚∙хЄ уЁєяяє: '╚╤1-232'
2025-12-14 20:54:04,045 [INFO] \u2705 [910] ═рщфхэю 1 уЁєяя√ фы  чряЁюёр '╚╤1-232'
2025-12-14 20:54:04,046 [INFO] \U0001f4c5 [910] ╟руЁєцр■ Ёрёяшёрэшх фы : ╚╤1-232
2025-12-14 20:54:04,063 [INFO] \U0001f50d [911] @user_911 \u2192 ╚∙хЄ уЁєяяє: '╚╤1-231'
2025-12-14 20:54:04,065 [INFO] \u2705 [911] ═рщфхэю 1 уЁєяя√ фы  чряЁюёр '╚╤1-231'
2025-12-14 20:54:04,066 [INFO] \U0001f4c5 [911] ╟руЁєцр■ Ёрёяшёрэшх фы : ╚╤1-231
2025-12-14 20:54:04,087 [INFO] \U0001f50d [911] @user_911 \u2192 ╚∙хЄ уЁєяяє: '╚╤1-232'
2025-12-14 20:54:04,088 [INFO] \u2705 [911] ═рщфхэю 1 уЁєяя√ фы  чряЁюёр '╚╤1-232'
2025-12-14 20:54:04,088 [INFO] \U0001f4c5 [911] ╟руЁєцр■ Ёрёяшёрэшх фы : ╚╤1-232
2025-12-14 20:54:04,104 [INFO] \U0001f50d [912] @user_912 \u2192 ╚∙хЄ уЁєяяє: '╚╤1-231'
2025-12-14 20:54:04,104 [INFO] \u2705 [912] ═рщфхэю 1 уЁєяя√ фы  чряЁюёр '╚╤1-231'
2025-12-14 20:54:04,105 [INFO] \U0001f4c5 [912] ╟руЁєцр■ Ёрёяшёрэшх фы : ╚╤1-231
2025-12-14 20:54:04,123 [INFO] \U0001f50d [912] @user_912 \u2192 ╚∙хЄ уЁєяяє: '╚╤1-232'
2025-12-14 20:54:04,124 [INFO] \u2705 [912] ═рщфхэю 1 уЁєяя√ фы  чряЁюёр '╚╤1-232'
2025-12-14 20:54:04,125 [INFO] \U0001f4c5 [912] ╟руЁєцр■ Ёрёяшёрэшх фы : ╚╤1-232
2025-12-14 20:54:04,147 [INFO] \U0001f50d [913] @user_913 \u2192 ╚∙хЄ уЁєяяє: '╚╤1-231'
2025-12-14 20:54:04,148 [INFO] \u2705 [913] ═рщфхэю 1 уЁєяя√ фы  чряЁюёр '╚╤1-231'
2025-12-14 20:54:04,149 [INFO] \U0001f4c5 [913] ╟руЁєцр■ Ёрёяшёрэшх фы : ╚╤1-231
2025-12-14 20:54:04,169 [INFO] \U0001f50d [913] @user_913 \u2192 ╚∙хЄ уЁєяяє: '╚╤1-232'
2025-12-14 20:54:04,170 [INFO] \u2705 [913] ═рщфхэю 1 уЁєяя√ фы  чряЁюёр '╚╤1-232'
2025-12-14 20:54:04,170 [INFO] \U0001f4c5 [913] ╟руЁєцр■ Ёрёяшёрэшх фы : ╚╤1-232
2025-12-14 20:54:04,188 [INFO] \U0001f50d [914] @user_914 \u2192 ╚∙хЄ уЁєяяє: '╚╤1-231'
2025-12-14 20:54:04,189 [INFO] \u2705 [914] ═рщфхэю 1 уЁєяя√ фы  чряЁюёр '╚╤1-231'
2025-12-14 20:54:04,189 [INFO] \U0001f4c5 [914] ╟руЁєцр■ Ёрёяшёрэшх фы : ╚╤1-231
2025-12-14 20:54:04,209 [INFO] \U0001f50d [914] @user_914 \u2192 ╚∙хЄ уЁєяяє: '╚╤1-232'
2025-12-14 20:54:04,210 [INFO] \u2705 [914] ═рщфхэю 1 уЁєяя√ фы  чряЁюёр '╚╤1-232'
2025-12-14 20:54:04,211 [INFO] \U0001f4c5 [914] ╟руЁєцр■ Ёрёяшёрэшх фы : ╚╤1-232
2025-12-14 20:54:04,227 [INFO] \U0001f50d [915] @user_915 \u2192 ╚∙хЄ уЁєяяє: '╚╤1-231'
2025-12-14 20:54:04,228 [INFO] \u2705 [915] ═рщфхэю 1 уЁєяя√ фы  чряЁюёр '╚╤1-231'
2025-12-14 20:54:04,228 [INFO] \U0001f4c5 [915] ╟руЁєцр■ Ёрёяшёрэшх фы : ╚╤1-231
2025-12-14 20:54:04,245 [INFO] \U0001f50d [915] @user_915 \u2192 ╚∙хЄ уЁєяяє: '╚╤1-232'
2025-12-14 20:54:04,246 [INFO] \u2705 [915] ═рщфхэю 1 уЁєяя√ фы  чряЁюёр '╚╤1-232'
2025-12-14 20:54:04,247 [INFO] \U0001f4c5 [915] ╟руЁєцр■ Ёрёяшёрэшх фы : ╚╤1-232
2025-12-14 20:54:04,265 [INFO] \U0001f50d [916] @user_916 \u2192 ╚∙хЄ уЁєяяє: '╚╤1-231'
2025-12-14 20:54:04,266 [INFO] \u2705 [916] ═рщфхэю 1 уЁєяя√ фы  чряЁюёр '╚╤1-231'
2025-12-14 20:54:04,266 [INFO] \U0001f4c5 [916] ╟руЁєцр■ Ёрёяшёрэшх фы : ╚╤1-231
2025-12-14 20:54:04,290 [INFO] \U0001f50d [916] @user_916 \u2192 ╚∙хЄ уЁєяяє: '╚╤1-232'
2025-12-14 20:54:04,292 [INFO] \u2705 [916] ═рщфхэю 1 уЁєяя√ фы  чряЁюёр '╚╤1-232'
2025-12-14 20:54:04,292 [INFO] \U0001f4c5 [916] ╟руЁєцр■ Ёрёяшёрэшх фы : ╚╤1-232
2025-12-14 20:54:04,308 [INFO] \U0001f50d [917] @user_917 \u2192 ╚∙хЄ уЁєяяє: '╚╤1-231'
2025-12-14 20:54:04,308 [INFO] \u2705 [917] ═рщфхэю 1 уЁєяя√ фы  чряЁюёр '╚╤1-231'
2025-12-14 20:54:04,309 [INFO] \U0001f4c5 [917] ╟руЁєцр■ Ёрёяшёрэшх фы : ╚╤1-231
2025-12-14 20:54:04,326 [INFO] \U0001f50d [917] @user_917 \u2192 ╚∙хЄ уЁєяяє: '╚╤1-232'
2025-12-14 20:54:04,329 [INFO] \u2705 [917] ═рщфхэю 1 уЁєяя√ фы  чряЁюёр '╚╤1-232'
2025-12-14 20:54:04,329 [INFO] \U0001f4c5 [917] ╟руЁєцр■ Ёрёяшёрэшх фы : ╚╤1-232
2025-12-14 20:54:04,348 [INFO] \U0001f50d [918] @user_918 \u2192 ╚∙хЄ уЁєяяє: '╚╤1-231'
2025-12-14 20:54:04,349 [INFO] \u2705 [918] ═рщфхэю 1 уЁєяя√ фы  чряЁюёр '╚╤1-231'
2025-12-14 20:54:04,349 [INFO] \U0001f4c5 [918] ╟руЁєцр■ Ёрёяшёрэшх фы : ╚╤1-231
2025-12-14 20:54:04,364 [INFO] \U0001f50d [918] @user_918 \u2192 ╚∙хЄ уЁєяяє: '╚╤1-232'
2025-12-14 20:54:04,364 [INFO] \u2705 [918] ═рщфхэю 1 уЁєяя√ фы  чряЁюёр '╚╤1-232'
2025-12-14 20:54:04,364 [INFO] \U0001f4c5 [918] ╟руЁєцр■ Ёрёяшёрэшх фы : ╚╤1-232
2025-12-14 20:54:04,378 [INFO] \U0001f50d [919] @user_919 \u2192 ╚∙хЄ уЁєяяє: '╚╤1-231'
2025-12-14 20:54:04,378 [INFO] \u2705 [919] ═рщфхэю 1 уЁєяя√ фы  чряЁюёр '╚╤1-231'
2025-12-14 20:54:04,379 [INFO] \U0001f4c5 [919] ╟руЁєцр■ Ёрёяшёрэшх фы : ╚╤1-231
2025-12-14 20:54:04,398 [INFO] \U0001f50d [919] @user_919 \u2192 ╚∙хЄ уЁєяяє: '╚╤1-232'
2025-12-14 20:54:04,399 [INFO] \u2705 [919] ═рщфхэю 1 уЁєяя√ фы  чряЁюёр '╚╤1-232'
2025-12-14 20:54:04,399 [INFO] \U0001f4c5 [919] ╟руЁєцр■ Ёрёяшёрэшх фы : ╚╤1-232
2025-12-14 20:54:04,413 [INFO] \U0001f50d [920] @user_920 \u2192 ╚∙хЄ уЁєяяє: '╚╤1-231'
2025-12-14 20:54:04,414 [INFO] \u2705 [920] ═рщфхэю 1 уЁєяя√ фы  чряЁюёр '╚╤1-231'
2025-12-14 20:54:04,414 [INFO] \U0001f4c5 [920] ╟руЁєцр■ Ёрёяшёрэшх фы : ╚╤1-231
2025-12-14 20:54:04,433 [INFO] \U0001f50d [920] @user_920 \u2192 ╚∙хЄ уЁєяяє: '╚╤1-232'
2025-12-14 20:54:04,434 [INFO] \u2705 [920] ═рщфхэю 1 уЁєяя√ фы  чряЁюёр '╚╤1-232'
2025-12-14 20:54:04,434 [INFO] \U0001f4c5 [920] ╟руЁєцр■ Ёрёяшёрэшх фы : ╚╤1-232
2025-12-14 20:54:04,451 [INFO] \U0001f50d [921] @user_921 \u2192 ╚∙хЄ уЁєяяє: '╚╤1-231'
2025-12-14 20:54:04,451 [INFO] \u2705 [921] ═рщфхэю 1 уЁєяя√ фы  чряЁюёр '╚╤1-231'
2025-12-14 20:54:04,452 [INFO] \U0001f4c5 [921] ╟руЁєцр■ Ёрёяшёрэшх фы : ╚╤1-231
2025-12-14 20:54:04,466 [INFO] \U0001f50d [921] @user_921 \u2192 ╚∙хЄ уЁєяяє: '╚╤1-232'
2025-12-14 20:54:04,466 [INFO] \u2705 [921] ═рщфхэю 1 уЁєяя√ фы  чряЁюёр '╚╤1-232'
2025-12-14 20:54:04,466 [INFO] \U0001f4c5 [921] ╟руЁєцр■ Ёрёяшёрэшх фы : ╚╤1-232
2025-12-14 20:54:04,485 [INFO] \U0001f50d [922] @user_922 \u2192 ╚∙хЄ уЁєяяє: '╚╤1-231'
2025-12-14 20:54:04,486 [INFO] \u2705 [922] ═рщфхэю 1 уЁєяя√ фы  чряЁюёр '╚╤1-231'
2025-12-14 20:54:04,486 [INFO] \U0001f4c5 [922] ╟руЁєцр■ Ёрёяшёрэшх фы : ╚╤1-231
2025-12-14 20:54:04,500 [INFO] \U0001f50d [922] @user_922 \u2192 ╚∙хЄ уЁєяяє: '╚╤1-232'
2025-12-14 20:54:04,502 [INFO] \u2705 [922] ═рщфхэю 1 уЁєяя√ фы  чряЁюёр '╚╤1-232'
2025-12-14 20:54:04,502 [INFO] \U0001f4c5 [922] ╟руЁєцр■ Ёрёяшёрэшх фы : ╚╤1-232
2025-12-14 20:54:04,520 [INFO] \U0001f50d [923] @user_923 \u2192 ╚∙хЄ уЁєяяє: '╚╤1-231'
2025-12-14 20:54:04,521 [INFO] \u2705 [923] ═рщфхэю 1 уЁєяя√ фы  чряЁюёр '╚╤1-231'
2025-12-14 20:54:04,521 [INFO] \U0001f4c5 [923] ╟руЁєцр■ Ёрёяшёрэшх фы : ╚╤1-231
2025-12-14 20:54:04,537 [INFO] \U0001f50d [923] @user_923 \u2192 ╚∙хЄ уЁєяяє: '╚╤1-232'
2025-12-14 20:54:04,538 [INFO] \u2705 [923] ═рщфхэю 1 уЁєяя√ фы  чряЁюёр '╚╤1-232'
2025-12-14 20:54:04,538 [INFO] \U0001f4c5 [923] ╟руЁєцр■ Ёрёяшёрэшх фы : ╚╤1-232
2025-12-14 20:54:04,550 [INFO] \U0001f50d [924] @user_924 \u2192 ╚∙хЄ уЁєяяє: '╚╤1-231'
2025-12-14 20:54:04,551 [INFO] \u2705 [924] ═рщфхэю 1 уЁєяя√ фы  чряЁюёр '╚╤1-231'
2025-12-14 20:54:04,551 [INFO] \U0001f4c5 [924] ╟руЁєцр■ Ёрёяшёрэшх фы : ╚╤1-231
2025-12-14 20:54:04,567 [INFO] \U0001f50d [924] @user_924 \u2192 ╚∙хЄ уЁєяяє: '╚╤1-232'
2025-12-14 20:54:04,567 [INFO] \u2705 [924] ═рщфхэю 1 уЁєяя√ фы  чряЁюёр '╚╤1-232'
2025-12-14 20:54:04,568 [INFO] \U0001f4c5 [924] ╟руЁєцр■ Ёрёяшёрэшх фы : ╚╤1-232
2025-12-14 20:54:04,584 [INFO] \U0001f50d [925] @user_925 \u2192 ╚∙хЄ уЁєяяє: '╚╤1-231'
2025-12-14 20:54:04,585 [INFO] \u2705 [925] ═рщфхэю 1 уЁєяя√ фы  чряЁюёр '╚╤1-231'
2025-12-14 20:54:04,585 [INFO] \U0001f4c5 [925] ╟руЁєцр■ Ёрёяшёрэшх фы : ╚╤1-231
2025-12-14 20:54:04,606 [INFO] \U0001f50d [925] @user_925 \u2192 ╚∙хЄ уЁєяяє: '╚╤1-232'
2025-12-14 20:54:04,608 [INFO] \u2705 [925] ═рщфхэю 1 уЁєяя√ фы  чряЁюёр '╚╤1-232'
2025-12-14 20:54:04,608 [INFO] \U0001f4c5 [925] ╟руЁєцр■ Ёрёяшёрэшх фы : ╚╤1-232
2025-12-14 20:54:04,630 [INFO] \U0001f50d [926] @user_926 \u2192 ╚∙хЄ уЁєяяє: '╚╤1-231'
2025-12-14 20:54:04,632 [INFO] \u2705 [926] ═рщфхэю 1 уЁєяя√ фы  чряЁюёр '╚╤1-231'
2025-12-14 20:54:04,632 [INFO] \U0001f4c5 [926] ╟руЁєцр■ Ёрёяшёрэшх фы : ╚╤1-231
2025-12-14 20:54:04,646 [INFO] \U0001f50d [926] @user_926 \u2192 ╚∙хЄ уЁєяяє: '╚╤1-232'
2025-12-14 20:54:04,647 [INFO] \u2705 [926] ═рщфхэю 1 уЁєяя√ фы  чряЁюёр '╚╤1-232'
2025-12-14 20:54:04,647 [INFO] \U0001f4c5 [926] ╟руЁєцр■ Ёрёяшёрэшх фы : ╚╤1-232
2025-12-14 20:54:04,660 [INFO] \U0001f50d [927] @user_927 \u2192 ╚∙хЄ уЁєяяє: '╚╤1-231'
2025-12-14 20:54:04,661 [INFO] \u2705 [927] ═рщфхэю 1 уЁєяя√ фы  чряЁюёр '╚╤1-231'
2025-12-14 20:54:04,661 [INFO] \U0001f4c5 [927] ╟руЁєцр■ Ёрёяшёрэшх фы : ╚╤1-231
2025-12-14 20:54:04,678 [INFO] \U0001f50d [927] @user_927 \u2192 ╚∙хЄ уЁєяяє: '╚╤1-232'
2025-12-14 20:54:04,679 [INFO] \u2705 [927] ═рщфхэю 1 уЁєяя√ фы  чряЁюёр '╚╤1-232'
2025-12-14 20:54:04,679 [INFO] \U0001f4c5 [927] ╟руЁєцр■ Ёрёяшёрэшх фы : ╚╤1-232
2025-12-14 20:54:04,692 [INFO] \U0001f50d [928] @user_928 \u2192 ╚∙хЄ уЁєяяє: '╚╤1-231'
2025-12-14 20:54:04,693 [INFO] \u2705 [928] ═рщфхэю 1 уЁєяя√ фы  чряЁюёр '╚╤1-231'
2025-12-14 20:54:04,694 [INFO] \U0001f4c5 [928] ╟руЁєцр■ Ёрёяшёрэшх фы : ╚╤1-231
2025-12-14 20:54:04,712 [INFO] \U0001f50d [928] @user_928 \u2192 ╚∙хЄ уЁєяяє: '╚╤1-232'
2025-12-14 20:54:04,714 [INFO] \u2705 [928] ═рщфхэю 1 уЁєяя√ фы  чряЁюёр '╚╤1-232'
2025-12-14 20:54:04,714 [INFO] \U0001f4c5 [928] ╟руЁєцр■ Ёрёяшёрэшх фы : ╚╤1-232
2025-12-14 20:54:04,733 [INFO] \U0001f50d [929] @user_929 \u2192 ╚∙хЄ уЁєяяє: '╚╤1-231'
2025-12-14 20:54:04,735 [INFO] \u2705 [929] ═рщфхэю 1 уЁєяя√ фы  чряЁюёр '╚╤1-231'
2025-12-14 20:54:04,735 [INFO] \U0001f4c5 [929] ╟руЁєцр■ Ёрёяшёрэшх фы : ╚╤1-231
2025-12-14 20:54:04,755 [INFO] \U0001f50d [929] @user_929 \u2192 ╚∙хЄ уЁєяяє: '╚╤1-232'
2025-12-14 20:54:04,755 [INFO] \u2705 [929] ═рщфхэю 1 уЁєяя√ фы  чряЁюёр '╚╤1-232'
2025-12-14 20:54:04,756 [INFO] \U0001f4c5 [929] ╟руЁєцр■ Ёрёяшёрэшх фы : ╚╤1-232
2025-12-14 20:54:04,773 [INFO] \U0001f50d [930] @user_930 \u2192 ╚∙хЄ уЁєяяє: '╚╤1-231'
2025-12-14 20:54:04,774 [INFO] \u2705 [930] ═рщфхэю 1 уЁєяя√ фы  чряЁюёр '╚╤1-231'
2025-12-14 20:54:04,774 [INFO] \U0001f4c5 [930] ╟руЁєцр■ Ёрёяшёрэшх фы : ╚╤1-231
2025-12-14 20:54:04,791 [INFO] \U0001f50d [930] @user_930 \u2192 ╚∙хЄ уЁєяяє: '╚╤1-232'
2025-12-14 20:54:04,792 [INFO] \u2705 [930] ═рщфхэю 1 уЁєяя√ фы  чряЁюёр '╚╤1-232'
2025-12-14 20:54:04,792 [INFO] \U0001f4c5 [930] ╟руЁєцр■ Ёрёяшёрэшх фы : ╚╤1-232
2025-12-14 20:54:04,814 [INFO] \U0001f50d [931] @user_931 \u2192 ╚∙хЄ уЁєяяє: '╚╤1-231'
2025-12-14 20:54:04,815 [INFO] \u2705 [931] ═рщфхэю 1 уЁєяя√ фы  чряЁюёр '╚╤1-231'
2025-12-14 20:54:04,816 [INFO] \U0001f4c5 [931] ╟руЁєцр■ Ёрёяшёрэшх фы : ╚╤1-231
2025-12-14 20:54:04,836 [INFO] \U0001f50d [931] @user_931 \u2192 ╚∙хЄ уЁєяяє: '╚╤1-232'
2025-12-14 20:54:04,836 [INFO] \u2705 [931] ═рщфхэю 1 уЁєяя√ фы  чряЁюёр '╚╤1-232'
2025-12-14 20:54:04,837 [INFO] \U0001f4c5 [931] ╟руЁєцр■ Ёрёяшёрэшх фы : ╚╤1-232
2025-12-14 20:54:04,853 [INFO] \U0001f50d [932] @user_932 \u2192 ╚∙хЄ уЁєяяє: '╚╤1-231'
2025-12-14 20:54:04,854 [INFO] \u2705 [932] ═рщфхэю 1 уЁєяя√ фы  чряЁюёр '╚╤1-231'
2025-12-14 20:54:04,854 [INFO] \U0001f4c5 [932] ╟руЁєцр■ Ёрёяшёрэшх фы : ╚╤1-231
2025-12-14 20:54:04,874 [INFO] \U0001f50d [932] @user_932 \u2192 ╚∙хЄ уЁєяяє: '╚╤1-232'
2025-12-14 20:54:04,876 [INFO] \u2705 [932] ═рщфхэю 1 уЁєяя√ фы  чряЁюёр '╚╤1-232'
2025-12-14 20:54:04,876 [INFO] \U0001f4c5 [932] ╟руЁєцр■ Ёрёяшёрэшх фы : ╚╤1-232
2025-12-14 20:54:04,894 [INFO] \U0001f50d [933] @user_933 \u2192 ╚∙хЄ уЁєяяє: '╚╤1-231'
2025-12-14 20:54:04,895 [INFO] \u2705 [933] ═рщфхэю 1 уЁєяя√ фы  чряЁюёр '╚╤1-231'
2025-12-14 20:54:04,896 [INFO] \U0001f4c5 [933] ╟руЁєцр■ Ёрёяшёрэшх фы : ╚╤1-231
2025-12-14 20:54:04,913 [INFO] \U0001f50d [933] @user_933 \u2192 ╚∙хЄ уЁєяяє: '╚╤1-232'
2025-12-14 20:54:04,915 [INFO] \u2705 [933] ═рщфхэю 1 уЁєяя√ фы  чряЁюёр '╚╤1-232'
2025-12-14 20:54:04,915 [INFO] \U0001f4c5 [933] ╟руЁєцр■ Ёрёяшёрэшх фы : ╚╤1-232
2025-12-14 20:54:04,936 [INFO] \U0001f50d [934] @user_934 \u2192 ╚∙хЄ уЁєяяє: '╚╤1-231'
2025-12-14 20:54:04,938 [INFO] \u2705 [934] ═рщфхэю 1 уЁєяя√ фы  чряЁюёр '╚╤1-231'
2025-12-14 20:54:04,938 [INFO] \U0001f4c5 [934] ╟руЁєцр■ Ёрёяшёрэшх фы : ╚╤1-231
2025-12-14 20:54:04,954 [INFO] \U0001f50d [934] @user_934 \u2192 ╚∙хЄ уЁєяяє: '╚╤1-232'
2025-12-14 20:54:04,955 [INFO] \u2705 [934] ═рщфхэю 1 уЁєяя√ фы  чряЁюёр '╚╤1-232'
2025-12-14 20:54:04,955 [INFO] \U0001f4c5 [934] ╟руЁєцр■ Ёрёяшёрэшх фы : ╚╤1-232
2025-12-14 20:54:04,973 [INFO] \U0001f50d [935] @user_935 \u2192 ╚∙хЄ уЁєяяє: '╚╤1-231'
2025-12-14 20:54:04,974 [INFO] \u2705 [935] ═рщфхэю 1 уЁєяя√ фы  чряЁюёр '╚╤1-231'
2025-12-14 20:54:04,974 [INFO] \U0001f4c5 [935] ╟руЁєцр■ Ёрёяшёрэшх фы : ╚╤1-231
2025-12-14 20:54:04,989 [INFO] \U0001f50d [935] @user_935 \u2192 ╚∙хЄ уЁєяяє: '╚╤1-232'
2025-12-14 20:54:04,989 [INFO] \u2705 [935] ═рщфхэю 1 уЁєяя√ фы  чряЁюёр '╚╤1-232'
2025-12-14 20:54:04,990 [INFO] \U0001f4c5 [935] ╟руЁєцр■ Ёрёяшёрэшх фы : ╚╤1-232
2025-12-14 20:54:05,008 [INFO] \U0001f50d [936] @user_936 \u2192 ╚∙хЄ уЁєяяє: '╚╤1-231'
2025-12-14 20:54:05,008 [INFO] \u2705 [936] ═рщфхэю 1 уЁєяя√ фы  чряЁюёр '╚╤1-231'
2025-12-14 20:54:05,009 [INFO] \U0001f4c5 [936] ╟руЁєцр■ Ёрёяшёрэшх фы : ╚╤1-231
2025-12-14 20:54:05,028 [INFO] \U0001f50d [936] @user_936 \u2192 ╚∙хЄ уЁєяяє: '╚╤1-232'
2025-12-14 20:54:05,029 [INFO] \u2705 [936] ═рщфхэю 1 уЁєяя√ фы  чряЁюёр '╚╤1-232'
2025-12-14 20:54:05,029 [INFO] \U0001f4c5 [936] ╟руЁєцр■ Ёрёяшёрэшх фы : ╚╤1-232
2025-12-14 20:54:05,046 [INFO] \U0001f50d [937] @user_937 \u2192 ╚∙хЄ уЁєяяє: '╚╤1-231'
2025-12-14 20:54:05,047 [INFO] \u2705 [937] ═рщфхэю 1 уЁєяя√ фы  чряЁюёр '╚╤1-231'
2025-12-14 20:54:05,047 [INFO] \U0001f4c5 [937] ╟руЁєцр■ Ёрёяшёрэшх фы : ╚╤1-231
2025-12-14 20:54:05,066 [INFO] \U0001f50d [937] @user_937 \u2192 ╚∙хЄ уЁєяяє: '╚╤1-232'
2025-12-14 20:54:05,067 [INFO] \u2705 [937] ═рщфхэю 1 уЁєяя√ фы  чряЁюёр '╚╤1-232'
2025-12-14 20:54:05,067 [INFO] \U0001f4c5 [937] ╟руЁєцр■ Ёрёяшёрэшх фы : ╚╤1-232
2025-12-14 20:54:05,084 [INFO] \U0001f50d [938] @user_938 \u2192 ╚∙хЄ уЁєяяє: '╚╤1-231'
2025-12-14 20:54:05,085 [INFO] \u2705 [938] ═рщфхэю 1 уЁєяя√ фы  чряЁюёр '╚╤1-231'
2025-12-14 20:54:05,085 [INFO] \U0001f4c5 [938] ╟руЁєцр■ Ёрёяшёрэшх фы : ╚╤1-231
2025-12-14 20:54:05,104 [INFO] \U0001f50d [938] @user_938 \u2192 ╚∙хЄ уЁєяяє: '╚╤1-232'
2025-12-14 20:54:05,105 [INFO] \u2705 [938] ═рщфхэю 1 уЁєяя√ фы  чряЁюёр '╚╤1-232'
2025-12-14 20:54:05,105 [INFO] \U0001f4c5 [938] ╟руЁєцр■ Ёрёяшёрэшх фы : ╚╤1-232
2025-12-14 20:54:05,126 [INFO] \U0001f50d [939] @user_939 \u2192 ╚∙хЄ уЁєяяє: '╚╤1-231'
2025-12-14 20:54:05,127 [INFO] \u2705 [939] ═рщфхэю 1 уЁєяя√ фы  чряЁюёр '╚╤1-231'
2025-12-14 20:54:05,128 [INFO] \U0001f4c5 [939] ╟руЁєцр■ Ёрёяшёрэшх фы : ╚╤1-231
2025-12-14 20:54:05,147 [INFO] \U0001f50d [939] @user_939 \u2192 ╚∙хЄ уЁєяяє: '╚╤1-232'
2025-12-14 20:54:05,147 [INFO] \u2705 [939] ═рщфхэю 1 уЁєяя√ фы  чряЁюёр '╚╤1-232'
2025-12-14 20:54:05,148 [INFO] \U0001f4c5 [939] ╟руЁєцр■ Ёрёяшёрэшх фы : ╚╤1-232
2025-12-14 20:54:05,164 [INFO] \U0001f50d [940] @user_940 \u2192 ╚∙хЄ уЁєяяє: '╚╤1-231'
2025-12-14 20:54:05,165 [INFO] \u2705 [940] ═рщфхэю 1 уЁєяя√ фы  чряЁюёр '╚╤1-231'
2025-12-14 20:54:05,165 [INFO] \U0001f4c5 [940] ╟руЁєцр■ Ёрёяшёрэшх фы : ╚╤1-231
2025-12-14 20:54:05,184 [INFO] \U0001f50d [940] @user_940 \u2192 ╚∙хЄ уЁєяяє: '╚╤1-232'
2025-12-14 20:54:05,185 [INFO] \u2705 [940] ═рщфхэю 1 уЁєяя√ фы  чряЁюёр '╚╤1-232'
2025-12-14 20:54:05,185 [INFO] \U0001f4c5 [940] ╟руЁєцр■ Ёрёяшёрэшх фы : ╚╤1-232
2025-12-14 20:54:05,207 [INFO] \U0001f50d [941] @user_941 \u2192 ╚∙хЄ уЁєяяє: '╚╤1-231'
2025-12-14 20:54:05,208 [INFO] \u2705 [941] ═рщфхэю 1 уЁєяя√ фы  чряЁюёр '╚╤1-231'
2025-12-14 20:54:05,208 [INFO] \U0001f4c5 [941] ╟руЁєцр■ Ёрёяшёрэшх фы : ╚╤1-231
2025-12-14 20:54:05,227 [INFO] \U0001f50d [941] @user_941 \u2192 ╚∙хЄ уЁєяяє: '╚╤1-232'
2025-12-14 20:54:05,228 [INFO] \u2705 [941] ═рщфхэю 1 уЁєяя√ фы  чряЁюёр '╚╤1-232'
2025-12-14 20:54:05,228 [INFO] \U0001f4c5 [941] ╟руЁєцр■ Ёрёяшёрэшх фы : ╚╤1-232
2025-12-14 20:54:05,246 [INFO] \U0001f50d [942] @user_942 \u2192 ╚∙хЄ уЁєяяє: '╚╤1-231'
2025-12-14 20:54:05,247 [INFO] \u2705 [942] ═рщфхэю 1 уЁєяя√ фы  чряЁюёр '╚╤1-231'
2025-12-14 20:54:05,247 [INFO] \U0001f4c5 [942] ╟руЁєцр■ Ёрёяшёрэшх фы : ╚╤1-231
2025-12-14 20:54:05,265 [INFO] \U0001f50d [942] @user_942 \u2192 ╚∙хЄ уЁєяяє: '╚╤1-232'
2025-12-14 20:54:05,265 [INFO] \u2705 [942] ═рщфхэю 1 уЁєяя√ фы  чряЁюёр '╚╤1-232'
2025-12-14 20:54:05,266 [INFO] \U0001f4c5 [942] ╟руЁєцр■ Ёрёяшёрэшх фы : ╚╤1-232
2025-12-14 20:54:05,282 [INFO] \U0001f50d [943] @user_943 \u2192 ╚∙хЄ уЁєяяє: '╚╤1-231'
2025-12-14 20:54:05,283 [INFO] \u2705 [943] ═рщфхэю 1 уЁєяя√ фы  чряЁюёр '╚╤1-231'
2025-12-14 20:54:05,283 [INFO] \U0001f4c5 [943] ╟руЁєцр■ Ёрёяшёрэшх фы : ╚╤1-231
2025-12-14 20:54:05,304 [INFO] \U0001f50d [943] @user_943 \u2192 ╚∙хЄ уЁєяяє: '╚╤1-232'
2025-12-14 20:54:05,305 [INFO] \u2705 [943] ═рщфхэю 1 уЁєяя√ фы  чряЁюёр '╚╤1-232'
2025-12-14 20:54:05,305 [INFO] \U0001f4c5 [943] ╟руЁєцр■ Ёрёяшёрэшх фы : ╚╤1-232
2025-12-14 20:54:05,321 [INFO] \U0001f50d [944] @user_944 \u2192 ╚∙хЄ уЁєяяє: '╚╤1-231'
2025-12-14 20:54:05,322 [INFO] \u2705 [944] ═рщфхэю 1 уЁєяя√ фы  чряЁюёр '╚╤1-231'
2025-12-14 20:54:05,323 [INFO] \U0001f4c5 [944] ╟руЁєцр■ Ёрёяшёрэшх фы : ╚╤1-231
2025-12-14 20:54:05,340 [INFO] \U0001f50d [944] @user_944 \u2192 ╚∙хЄ уЁєяяє: '╚╤1-232'
2025-12-14 20:54:05,341 [INFO] \u2705 [944] ═рщфхэю 1 уЁєяя√ фы  чряЁюёр '╚╤1-232'
2025-12-14 20:54:05,341 [INFO] \U0001f4c5 [944] ╟руЁєцр■ Ёрёяшёрэшх фы : ╚╤1-232
2025-12-14 20:54:05,362 [INFO] \U0001f50d [945] @user_945 \u2192 ╚∙хЄ уЁєяяє: '╚╤1-231'
2025-12-14 20:54:05,363 [INFO] \u2705 [945] ═рщфхэю 1 уЁєяя√ фы  чряЁюёр '╚╤1-231'
2025-12-14 20:54:05,363 [INFO] \U0001f4c5 [945] ╟руЁєцр■ Ёрёяшёрэшх фы : ╚╤1-231
2025-12-14 20:54:05,380 [INFO] \U0001f50d [945] @user_945 \u2192 ╚∙хЄ уЁєяяє: '╚╤1-232'
2025-12-14 20:54:05,382 [INFO] \u2705 [945] ═рщфхэю 1 уЁєяя√ фы  чряЁюёр '╚╤1-232'
2025-12-14 20:54:05,382 [INFO] \U0001f4c5 [945] ╟руЁєцр■ Ёрёяшёрэшх фы : ╚╤1-232
2025-12-14 20:54:05,397 [INFO] \U0001f50d [946] @user_946 \u2192 ╚∙хЄ уЁєяяє: '╚╤1-231'
2025-12-14 20:54:05,398 [INFO] \u2705 [946] ═рщфхэю 1 уЁєяя√ фы  чряЁюёр '╚╤1-231'
2025-12-14 20:54:05,398 [INFO] \U0001f4c5 [946] ╟руЁєцр■ Ёрёяшёрэшх фы : ╚╤1-231
2025-12-14 20:54:05,416 [INFO] \U0001f50d [946] @user_946 \u2192 ╚∙хЄ уЁєяяє: '╚╤1-232'
2025-12-14 20:54:05,416 [INFO] \u2705 [946] ═рщфхэю 1 уЁєяя√ фы  чряЁюёр '╚╤1-232'
2025-12-14 20:54:05,417 [INFO] \U0001f4c5 [946] ╟руЁєцр■ Ёрёяшёрэшх фы : ╚╤1-232
2025-12-14 20:54:05,433 [INFO] \U0001f50d [947] @user_947 \u2192 ╚∙хЄ уЁєяяє: '╚╤1-231'
2025-12-14 20:54:05,434 [INFO] \u2705 [947] ═рщфхэю 1 уЁєяя√ фы  чряЁюёр '╚╤1-231'
2025-12-14 20:54:05,434 [INFO] \U0001f4c5 [947] ╟руЁєцр■ Ёрёяшёрэшх фы : ╚╤1-231
2025-12-14 20:54:05,451 [INFO] \U0001f50d [947] @user_947 \u2192 ╚∙хЄ уЁєяяє: '╚╤1-232'
2025-12-14 20:54:05,452 [INFO] \u2705 [947] ═рщфхэю 1 уЁєяя√ фы  чряЁюёр '╚╤1-232'
2025-12-14 20:54:05,452 [INFO] \U0001f4c5 [947] ╟руЁєцр■ Ёрёяшёрэшх фы : ╚╤1-232
2025-12-14 20:54:05,469 [INFO] \U0001f50d [948] @user_948 \u2192 ╚∙хЄ уЁєяяє: '╚╤1-231'
2025-12-14 20:54:05,470 [INFO] \u2705 [948] ═рщфхэю 1 уЁєяя√ фы  чряЁюёр '╚╤1-231'
2025-12-14 20:54:05,470 [INFO] \U0001f4c5 [948] ╟руЁєцр■ Ёрёяшёрэшх фы : ╚╤1-231
2025-12-14 20:54:05,490 [INFO] \U0001f50d [948] @user_948 \u2192 ╚∙хЄ уЁєяяє: '╚╤1-232'
2025-12-14 20:54:05,491 [INFO] \u2705 [948] ═рщфхэю 1 уЁєяя√ фы  чряЁюёр '╚╤1-232'
2025-12-14 20:54:05,491 [INFO] \U0001f4c5 [948] ╟руЁєцр■ Ёрёяшёрэшх фы : ╚╤1-232
2025-12-14 20:54:05,515 [INFO] \U0001f50d [949] @user_949 \u2192 ╚∙хЄ уЁєяяє: '╚╤1-231'
2025-12-14 20:54:05,516 [INFO] \u2705 [949] ═рщфхэю 1 уЁєяя√ фы  чряЁюёр '╚╤1-231'
2025-12-14 20:54:05,517 [INFO] \U0001f4c5 [949] ╟руЁєцр■ Ёрёяшёрэшх фы : ╚╤1-231
2025-12-14 20:54:05,536 [INFO] \U0001f50d [949] @user_949 \u2192 ╚∙хЄ уЁєяяє: '╚╤1-232'
2025-12-14 20:54:05,536 [INFO] \u2705 [949] ═рщфхэю 1 уЁєяя√ фы  чряЁюёр '╚╤1-232'
2025-12-14 20:54:05,536 [INFO] \U0001f4c5 [949] ╟руЁєцр■ Ёрёяшёрэшх фы : ╚╤1-232
2025-12-14 20:54:05,555 [INFO] \U0001f50d [950] @user_950 \u2192 ╚∙хЄ уЁєяяє: '╚╤1-231'
2025-12-14 20:54:05,556 [INFO] \u2705 [950] ═рщфхэю 1 уЁєяя√ фы  чряЁюёр '╚╤1-231'
2025-12-14 20:54:05,556 [INFO] \U0001f4c5 [950] ╟руЁєцр■ Ёрёяшёрэшх фы : ╚╤1-231
2025-12-14 20:54:05,578 [INFO] \U0001f50d [950] @user_950 \u2192 ╚∙хЄ уЁєяяє: '╚╤1-232'
2025-12-14 20:54:05,579 [INFO] \u2705 [950] ═рщфхэю 1 уЁєяя√ фы  чряЁюёр '╚╤1-232'
2025-12-14 20:54:05,579 [INFO] \U0001f4c5 [950] ╟руЁєцр■ Ёрёяшёрэшх фы : ╚╤1-232
2025-12-14 20:54:05,597 [INFO] \U0001f50d [951] @user_951 \u2192 ╚∙хЄ уЁєяяє: '╚╤1-231'
2025-12-14 20:54:05,598 [INFO] \u2705 [951] ═рщфхэю 1 уЁєяя√ фы  чряЁюёр '╚╤1-231'
2025-12-14 20:54:05,598 [INFO] \U0001f4c5 [951] ╟руЁєцр■ Ёрёяшёрэшх фы : ╚╤1-231
2025-12-14 20:54:05,618 [INFO] \U0001f50d [951] @user_951 \u2192 ╚∙хЄ уЁєяяє: '╚╤1-232'
2025-12-14 20:54:05,620 [INFO] \u2705 [951] ═рщфхэю 1 уЁєяя√ фы  чряЁюёр '╚╤1-232'
2025-12-14 20:54:05,621 [INFO] \U0001f4c5 [951] ╟руЁєцр■ Ёрёяшёрэшх фы : ╚╤1-232
2025-12-14 20:54:05,637 [INFO] \U0001f50d [952] @user_952 \u2192 ╚∙хЄ уЁєяяє: '╚╤1-231'
2025-12-14 20:54:05,638 [INFO] \u2705 [952] ═рщфхэю 1 уЁєяя√ фы  чряЁюёр '╚╤1-231'
2025-12-14 20:54:05,638 [INFO] \U0001f4c5 [952] ╟руЁєцр■ Ёрёяшёрэшх фы : ╚╤1-231
2025-12-14 20:54:05,659 [INFO] \U0001f50d [952] @user_952 \u2192 ╚∙хЄ уЁєяяє: '╚╤1-232'
2025-12-14 20:54:05,660 [INFO] \u2705 [952] ═рщфхэю 1 уЁєяя√ фы  чряЁюёр '╚╤1-232'
2025-12-14 20:54:05,660 [INFO] \U0001f4c5 [952] ╟руЁєцр■ Ёрёяшёрэшх фы : ╚╤1-232
2025-12-14 20:54:05,681 [INFO] \U0001f50d [953] @user_953 \u2192 ╚∙хЄ уЁєяяє: '╚╤1-231'
2025-12-14 20:54:05,682 [INFO] \u2705 [953] ═рщфхэю 1 уЁєяя√ фы  чряЁюёр '╚╤1-231'
2025-12-14 20:54:05,682 [INFO] \U0001f4c5 [953] ╟руЁєцр■ Ёрёяшёрэшх фы : ╚╤1-231
2025-12-14 20:54:05,698 [INFO] \U0001f50d [953] @user_953 \u2192 ╚∙хЄ уЁєяяє: '╚╤1-232'
2025-12-14 20:54:05,699 [INFO] \u2705 [953] ═рщфхэю 1 уЁєяя√ фы  чряЁюёр '╚╤1-232'
2025-12-14 20:54:05,699 [INFO] \U0001f4c5 [953] ╟руЁєцр■ Ёрёяшёрэшх фы : ╚╤1-232
2025-12-14 20:54:05,721 [INFO] \U0001f50d [954] @user_954 \u2192 ╚∙хЄ уЁєяяє: '╚╤1-231'
2025-12-14 20:54:05,721 [INFO] \u2705 [954] ═рщфхэю 1 уЁєяя√ фы  чряЁюёр '╚╤1-231'
2025-12-14 20:54:05,721 [INFO] \U0001f4c5 [954] ╟руЁєцр■ Ёрёяшёрэшх фы : ╚╤1-231
2025-12-14 20:54:05,739 [INFO] \U0001f50d [954] @user_954 \u2192 ╚∙хЄ уЁєяяє: '╚╤1-232'
2025-12-14 20:54:05,740 [INFO] \u2705 [954] ═рщфхэю 1 уЁєяя√ фы  чряЁюёр '╚╤1-232'
2025-12-14 20:54:05,740 [INFO] \U0001f4c5 [954] ╟руЁєцр■ Ёрёяшёрэшх фы : ╚╤1-232
2025-12-14 20:54:05,758 [INFO] \U0001f50d [955] @user_955 \u2192 ╚∙хЄ уЁєяяє: '╚╤1-231'
2025-12-14 20:54:05,759 [INFO] \u2705 [955] ═рщфхэю 1 уЁєяя√ фы  чряЁюёр '╚╤1-231'
2025-12-14 20:54:05,759 [INFO] \U0001f4c5 [955] ╟руЁєцр■ Ёрёяшёрэшх фы : ╚╤1-231
2025-12-14 20:54:05,777 [INFO] \U0001f50d [955] @user_955 \u2192 ╚∙хЄ уЁєяяє: '╚╤1-232'
2025-12-14 20:54:05,778 [INFO] \u2705 [955] ═рщфхэю 1 уЁєяя√ фы  чряЁюёр '╚╤1-232'
2025-12-14 20:54:05,778 [INFO] \U0001f4c5 [955] ╟руЁєцр■ Ёрёяшёрэшх фы : ╚╤1-232
2025-12-14 20:54:05,795 [INFO] \U0001f50d [956] @user_956 \u2192 ╚∙хЄ уЁєяяє: '╚╤1-231'
2025-12-14 20:54:05,796 [INFO] \u2705 [956] ═рщфхэю 1 уЁєяя√ фы  чряЁюёр '╚╤1-231'
2025-12-14 20:54:05,796 [INFO] \U0001f4c5 [956] ╟руЁєцр■ Ёрёяшёрэшх фы : ╚╤1-231
2025-12-14 20:54:05,814 [INFO] \U0001f50d [956] @user_956 \u2192 ╚∙хЄ уЁєяяє: '╚╤1-232'
2025-12-14 20:54:05,815 [INFO] \u2705 [956] ═рщфхэю 1 уЁєяя√ фы  чряЁюёр '╚╤1-232'
2025-12-14 20:54:05,815 [INFO] \U0001f4c5 [956] ╟руЁєцр■ Ёрёяшёрэшх фы : ╚╤1-232
2025-12-14 20:54:05,831 [INFO] \U0001f50d [957] @user_957 \u2192 ╚∙хЄ уЁєяяє: '╚╤1-231'
2025-12-14 20:54:05,835 [INFO] \u2705 [957] ═рщфхэю 1 уЁєяя√ фы  чряЁюёр '╚╤1-231'
2025-12-14 20:54:05,835 [INFO] \U0001f4c5 [957] ╟руЁєцр■ Ёрёяшёрэшх фы : ╚╤1-231
2025-12-14 20:54:05,852 [INFO] \U0001f50d [957] @user_957 \u2192 ╚∙хЄ уЁєяяє: '╚╤1-232'
2025-12-14 20:54:05,853 [INFO] \u2705 [957] ═рщфхэю 1 уЁєяя√ фы  чряЁюёр '╚╤1-232'
2025-12-14 20:54:05,853 [INFO] \U0001f4c5 [957] ╟руЁєцр■ Ёрёяшёрэшх фы : ╚╤1-232
2025-12-14 20:54:05,872 [INFO] \U0001f50d [958] @user_958 \u2192 ╚∙хЄ уЁєяяє: '╚╤1-231'
2025-12-14 20:54:05,873 [INFO] \u2705 [958] ═рщфхэю 1 уЁєяя√ фы  чряЁюёр '╚╤1-231'
2025-12-14 20:54:05,873 [INFO] \U0001f4c5 [958] ╟руЁєцр■ Ёрёяшёрэшх фы : ╚╤1-231
2025-12-14 20:54:05,894 [INFO] \U0001f50d [958] @user_958 \u2192 ╚∙хЄ уЁєяяє: '╚╤1-232'
2025-12-14 20:54:05,895 [INFO] \u2705 [958] ═рщфхэю 1 уЁєяя√ фы  чряЁюёр '╚╤1-232'
2025-12-14 20:54:05,895 [INFO] \U0001f4c5 [958] ╟руЁєцр■ Ёрёяшёрэшх фы : ╚╤1-232
2025-12-14 20:54:05,915 [INFO] \U0001f50d [959] @user_959 \u2192 ╚∙хЄ уЁєяяє: '╚╤1-231'
2025-12-14 20:54:05,916 [INFO] \u2705 [959] ═рщфхэю 1 уЁєяя√ фы  чряЁюёр '╚╤1-231'
2025-12-14 20:54:05,916 [INFO] \U0001f4c5 [959] ╟руЁєцр■ Ёрёяшёрэшх фы : ╚╤1-231
2025-12-14 20:54:05,934 [INFO] \U0001f50d [959] @user_959 \u2192 ╚∙хЄ уЁєяяє: '╚╤1-232'
2025-12-14 20:54:05,935 [INFO] \u2705 [959] ═рщфхэю 1 уЁєяя√ фы  чряЁюёр '╚╤1-232'
2025-12-14 20:54:05,935 [INFO] \U0001f4c5 [959] ╟руЁєцр■ Ёрёяшёрэшх фы : ╚╤1-232
2025-12-14 20:54:05,955 [INFO] \U0001f50d [960] @user_960 \u2192 ╚∙хЄ уЁєяяє: '╚╤1-231'
2025-12-14 20:54:05,956 [INFO] \u2705 [960] ═рщфхэю 1 уЁєяя√ фы  чряЁюёр '╚╤1-231'
2025-12-14 20:54:05,956 [INFO] \U0001f4c5 [960] ╟руЁєцр■ Ёрёяшёрэшх фы : ╚╤1-231
2025-12-14 20:54:05,981 [INFO] \U0001f50d [960] @user_960 \u2192 ╚∙хЄ уЁєяяє: '╚╤1-232'
2025-12-14 20:54:05,982 [INFO] \u2705 [960] ═рщфхэю 1 уЁєяя√ фы  чряЁюёр '╚╤1-232'
2025-12-14 20:54:05,982 [INFO] \U0001f4c5 [960] ╟руЁєцр■ Ёрёяшёрэшх фы : ╚╤1-232
2025-12-14 20:54:05,999 [INFO] \U0001f50d [961] @user_961 \u2192 ╚∙хЄ уЁєяяє: '╚╤1-231'
2025-12-14 20:54:06,000 [INFO] \u2705 [961] ═рщфхэю 1 уЁєяя√ фы  чряЁюёр '╚╤1-231'
2025-12-14 20:54:06,000 [INFO] \U0001f4c5 [961] ╟руЁєцр■ Ёрёяшёрэшх фы : ╚╤1-231
2025-12-14 20:54:06,017 [INFO] \U0001f50d [961] @user_961 \u2192 ╚∙хЄ уЁєяяє: '╚╤1-232'
2025-12-14 20:54:06,018 [INFO] \u2705 [961] ═рщфхэю 1 уЁєяя√ фы  чряЁюёр '╚╤1-232'
2025-12-14 20:54:06,018 [INFO] \U0001f4c5 [961] ╟руЁєцр■ Ёрёяшёрэшх фы : ╚╤1-232
2025-12-14 20:54:06,048 [INFO] \U0001f50d [962] @user_962 \u2192 ╚∙хЄ уЁєяяє: '╚╤1-231'
2025-12-14 20:54:06,049 [INFO] \u2705 [962] ═рщфхэю 1 уЁєяя√ фы  чряЁюёр '╚╤1-231'
2025-12-14 20:54:06,049 [INFO] \U0001f4c5 [962] ╟руЁєцр■ Ёрёяшёрэшх фы : ╚╤1-231
2025-12-14 20:54:06,068 [INFO] \U0001f50d [962] @user_962 \u2192 ╚∙хЄ уЁєяяє: '╚╤1-232'
2025-12-14 20:54:06,069 [INFO] \u2705 [962] ═рщфхэю 1 уЁєяя√ фы  чряЁюёр '╚╤1-232'
2025-12-14 20:54:06,069 [INFO] \U0001f4c5 [962] ╟руЁєцр■ Ёрёяшёрэшх фы : ╚╤1-232
2025-12-14 20:54:06,087 [INFO] \U0001f50d [963] @user_963 \u2192 ╚∙хЄ уЁєяяє: '╚╤1-231'
2025-12-14 20:54:06,088 [INFO] \u2705 [963] ═рщфхэю 1 уЁєяя√ фы  чряЁюёр '╚╤1-231'
2025-12-14 20:54:06,088 [INFO] \U0001f4c5 [963] ╟руЁєцр■ Ёрёяшёрэшх фы : ╚╤1-231
2025-12-14 20:54:06,107 [INFO] \U0001f50d [963] @user_963 \u2192 ╚∙хЄ уЁєяяє: '╚╤1-232'
2025-12-14 20:54:06,108 [INFO] \u2705 [963] ═рщфхэю 1 уЁєяя√ фы  чряЁюёр '╚╤1-232'
2025-12-14 20:54:06,108 [INFO] \U0001f4c5 [963] ╟руЁєцр■ Ёрёяшёрэшх фы : ╚╤1-232
2025-12-14 20:54:06,135 [INFO] \U0001f50d [964] @user_964 \u2192 ╚∙хЄ уЁєяяє: '╚╤1-231'
2025-12-14 20:54:06,135 [INFO] \u2705 [964] ═рщфхэю 1 уЁєяя√ фы  чряЁюёр '╚╤1-231'
2025-12-14 20:54:06,136 [INFO] \U0001f4c5 [964] ╟руЁєцр■ Ёрёяшёрэшх фы : ╚╤1-231
2025-12-14 20:54:06,153 [INFO] \U0001f50d [964] @user_964 \u2192 ╚∙хЄ уЁєяяє: '╚╤1-232'
2025-12-14 20:54:06,154 [INFO] \u2705 [964] ═рщфхэю 1 уЁєяя√ фы  чряЁюёр '╚╤1-232'
2025-12-14 20:54:06,154 [INFO] \U0001f4c5 [964] ╟руЁєцр■ Ёрёяшёрэшх фы : ╚╤1-232
2025-12-14 20:54:06,172 [INFO] \U0001f50d [965] @user_965 \u2192 ╚∙хЄ уЁєяяє: '╚╤1-231'
2025-12-14 20:54:06,173 [INFO] \u2705 [965] ═рщфхэю 1 уЁєяя√ фы  чряЁюёр '╚╤1-231'
2025-12-14 20:54:06,174 [INFO] \U0001f4c5 [965] ╟руЁєцр■ Ёрёяшёрэшх фы : ╚╤1-231
2025-12-14 20:54:06,198 [INFO] \U0001f50d [965] @user_965 \u2192 ╚∙хЄ уЁєяяє: '╚╤1-232'
2025-12-14 20:54:06,199 [INFO] \u2705 [965] ═рщфхэю 1 уЁєяя√ фы  чряЁюёр '╚╤1-232'
2025-12-14 20:54:06,199 [INFO] \U0001f4c5 [965] ╟руЁєцр■ Ёрёяшёрэшх фы : ╚╤1-232
2025-12-14 20:54:06,221 [INFO] \U0001f50d [966] @user_966 \u2192 ╚∙хЄ уЁєяяє: '╚╤1-231'
2025-12-14 20:54:06,221 [INFO] \u2705 [966] ═рщфхэю 1 уЁєяя√ фы  чряЁюёр '╚╤1-231'
2025-12-14 20:54:06,222 [INFO] \U0001f4c5 [966] ╟руЁєцр■ Ёрёяшёрэшх фы : ╚╤1-231
2025-12-14 20:54:06,241 [INFO] \U0001f50d [966] @user_966 \u2192 ╚∙хЄ уЁєяяє: '╚╤1-232'
2025-12-14 20:54:06,242 [INFO] \u2705 [966] ═рщфхэю 1 уЁєяя√ фы  чряЁюёр '╚╤1-232'
2025-12-14 20:54:06,243 [INFO] \U0001f4c5 [966] ╟руЁєцр■ Ёрёяшёрэшх фы : ╚╤1-232
2025-12-14 20:54:06,265 [INFO] \U0001f50d [967] @user_967 \u2192 ╚∙хЄ уЁєяяє: '╚╤1-231'
2025-12-14 20:54:06,266 [INFO] \u2705 [967] ═рщфхэю 1 уЁєяя√ фы  чряЁюёр '╚╤1-231'
2025-12-14 20:54:06,266 [INFO] \U0001f4c5 [967] ╟руЁєцр■ Ёрёяшёрэшх фы : ╚╤1-231
2025-12-14 20:54:06,282 [INFO] \U0001f50d [967] @user_967 \u2192 ╚∙хЄ уЁєяяє: '╚╤1-232'
2025-12-14 20:54:06,283 [INFO] \u2705 [967] ═рщфхэю 1 уЁєяя√ фы  чряЁюёр '╚╤1-232'
2025-12-14 20:54:06,283 [INFO] \U0001f4c5 [967] ╟руЁєцр■ Ёрёяшёрэшх фы : ╚╤1-232
2025-12-14 20:54:06,300 [INFO] \U0001f50d [968] @user_968 \u2192 ╚∙хЄ уЁєяяє: '╚╤1-231'
2025-12-14 20:54:06,300 [INFO] \u2705 [968] ═рщфхэю 1 уЁєяя√ фы  чряЁюёр '╚╤1-231'
2025-12-14 20:54:06,301 [INFO] \U0001f4c5 [968] ╟руЁєцр■ Ёрёяшёрэшх фы : ╚╤1-231
2025-12-14 20:54:06,317 [INFO] \U0001f50d [968] @user_968 \u2192 ╚∙хЄ уЁєяяє: '╚╤1-232'
2025-12-14 20:54:06,322 [INFO] \u2705 [968] ═рщфхэю 1 уЁєяя√ фы  чряЁюёр '╚╤1-232'
2025-12-14 20:54:06,322 [INFO] \U0001f4c5 [968] ╟руЁєцр■ Ёрёяшёрэшх фы : ╚╤1-232
2025-12-14 20:54:06,342 [INFO] \U0001f50d [969] @user_969 \u2192 ╚∙хЄ уЁєяяє: '╚╤1-231'
2025-12-14 20:54:06,343 [INFO] \u2705 [969] ═рщфхэю 1 уЁєяя√ фы  чряЁюёр '╚╤1-231'
2025-12-14 20:54:06,343 [INFO] \U0001f4c5 [969] ╟руЁєцр■ Ёрёяшёрэшх фы : ╚╤1-231
2025-12-14 20:54:06,360 [INFO] \U0001f50d [969] @user_969 \u2192 ╚∙хЄ уЁєяяє: '╚╤1-232'
2025-12-14 20:54:06,362 [INFO] \u2705 [969] ═рщфхэю 1 уЁєяя√ фы  чряЁюёр '╚╤1-232'
2025-12-14 20:54:06,362 [INFO] \U0001f4c5 [969] ╟руЁєцр■ Ёрёяшёрэшх фы : ╚╤1-232
2025-12-14 20:54:06,380 [INFO] \U0001f50d [970] @user_970 \u2192 ╚∙хЄ уЁєяяє: '╚╤1-231'
2025-12-14 20:54:06,381 [INFO] \u2705 [970] ═рщфхэю 1 уЁєяя√ фы  чряЁюёр '╚╤1-231'
2025-12-14 20:54:06,381 [INFO] \U0001f4c5 [970] ╟руЁєцр■ Ёрёяшёрэшх фы : ╚╤1-231
2025-12-14 20:54:06,409 [INFO] \U0001f50d [970] @user_970 \u2192 ╚∙хЄ уЁєяяє: '╚╤1-232'
2025-12-14 20:54:06,411 [INFO] \u2705 [970] ═рщфхэю 1 уЁєяя√ фы  чряЁюёр '╚╤1-232'
2025-12-14 20:54:06,411 [INFO] \U0001f4c5 [970] ╟руЁєцр■ Ёрёяшёрэшх фы : ╚╤1-232
2025-12-14 20:54:06,436 [INFO] \U0001f50d [971] @user_971 \u2192 ╚∙хЄ уЁєяяє: '╚╤1-231'
2025-12-14 20:54:06,436 [INFO] \u2705 [971] ═рщфхэю 1 уЁєяя√ фы  чряЁюёр '╚╤1-231'
2025-12-14 20:54:06,437 [INFO] \U0001f4c5 [971] ╟руЁєцр■ Ёрёяшёрэшх фы : ╚╤1-231
2025-12-14 20:54:06,452 [INFO] \U0001f50d [971] @user_971 \u2192 ╚∙хЄ уЁєяяє: '╚╤1-232'
2025-12-14 20:54:06,453 [INFO] \u2705 [971] ═рщфхэю 1 уЁєяя√ фы  чряЁюёр '╚╤1-232'
2025-12-14 20:54:06,453 [INFO] \U0001f4c5 [971] ╟руЁєцр■ Ёрёяшёрэшх фы : ╚╤1-232
2025-12-14 20:54:06,479 [INFO] \U0001f50d [972] @user_972 \u2192 ╚∙хЄ уЁєяяє: '╚╤1-231'
2025-12-14 20:54:06,479 [INFO] \u2705 [972] ═рщфхэю 1 уЁєяя√ фы  чряЁюёр '╚╤1-231'
2025-12-14 20:54:06,480 [INFO] \U0001f4c5 [972] ╟руЁєцр■ Ёрёяшёрэшх фы : ╚╤1-231
2025-12-14 20:54:06,496 [INFO] \U0001f50d [972] @user_972 \u2192 ╚∙хЄ уЁєяяє: '╚╤1-232'
2025-12-14 20:54:06,496 [INFO] \u2705 [972] ═рщфхэю 1 уЁєяя√ фы  чряЁюёр '╚╤1-232'
2025-12-14 20:54:06,497 [INFO] \U0001f4c5 [972] ╟руЁєцр■ Ёрёяшёрэшх фы : ╚╤1-232
2025-12-14 20:54:06,512 [INFO] \U0001f50d [973] @user_973 \u2192 ╚∙хЄ уЁєяяє: '╚╤1-231'
2025-12-14 20:54:06,512 [INFO] \u2705 [973] ═рщфхэю 1 уЁєяя√ фы  чряЁюёр '╚╤1-231'
2025-12-14 20:54:06,513 [INFO] \U0001f4c5 [973] ╟руЁєцр■ Ёрёяшёрэшх фы : ╚╤1-231
2025-12-14 20:54:06,529 [INFO] \U0001f50d [973] @user_973 \u2192 ╚∙хЄ уЁєяяє: '╚╤1-232'
2025-12-14 20:54:06,534 [INFO] \u2705 [973] ═рщфхэю 1 уЁєяя√ фы  чряЁюёр '╚╤1-232'
2025-12-14 20:54:06,534 [INFO] \U0001f4c5 [973] ╟руЁєцр■ Ёрёяшёрэшх фы : ╚╤1-232
2025-12-14 20:54:06,550 [INFO] \U0001f50d [974] @user_974 \u2192 ╚∙хЄ уЁєяяє: '╚╤1-231'
2025-12-14 20:54:06,551 [INFO] \u2705 [974] ═рщфхэю 1 уЁєяя√ фы  чряЁюёр '╚╤1-231'
2025-12-14 20:54:06,551 [INFO] \U0001f4c5 [974] ╟руЁєцр■ Ёрёяшёрэшх фы : ╚╤1-231
2025-12-14 20:54:06,567 [INFO] \U0001f50d [974] @user_974 \u2192 ╚∙хЄ уЁєяяє: '╚╤1-232'
2025-12-14 20:54:06,568 [INFO] \u2705 [974] ═рщфхэю 1 уЁєяя√ фы  чряЁюёр '╚╤1-232'
2025-12-14 20:54:06,568 [INFO] \U0001f4c5 [974] ╟руЁєцр■ Ёрёяшёрэшх фы : ╚╤1-232
2025-12-14 20:54:06,583 [INFO] \U0001f50d [975] @user_975 \u2192 ╚∙хЄ уЁєяяє: '╚╤1-231'
2025-12-14 20:54:06,584 [INFO] \u2705 [975] ═рщфхэю 1 уЁєяя√ фы  чряЁюёр '╚╤1-231'
2025-12-14 20:54:06,584 [INFO] \U0001f4c5 [975] ╟руЁєцр■ Ёрёяшёрэшх фы : ╚╤1-231
2025-12-14 20:54:06,605 [INFO] \U0001f50d [975] @user_975 \u2192 ╚∙хЄ уЁєяяє: '╚╤1-232'
2025-12-14 20:54:06,606 [INFO] \u2705 [975] ═рщфхэю 1 уЁєяя√ фы  чряЁюёр '╚╤1-232'
2025-12-14 20:54:06,606 [INFO] \U0001f4c5 [975] ╟руЁєцр■ Ёрёяшёрэшх фы : ╚╤1-232
2025-12-14 20:54:06,622 [INFO] \U0001f50d [976] @user_976 \u2192 ╚∙хЄ уЁєяяє: '╚╤1-231'
2025-12-14 20:54:06,623 [INFO] \u2705 [976] ═рщфхэю 1 уЁєяя√ фы  чряЁюёр '╚╤1-231'
2025-12-14 20:54:06,623 [INFO] \U0001f4c5 [976] ╟руЁєцр■ Ёрёяшёрэшх фы : ╚╤1-231
2025-12-14 20:54:06,638 [INFO] \U0001f50d [976] @user_976 \u2192 ╚∙хЄ уЁєяяє: '╚╤1-232'
2025-12-14 20:54:06,639 [INFO] \u2705 [976] ═рщфхэю 1 уЁєяя√ фы  чряЁюёр '╚╤1-232'
2025-12-14 20:54:06,639 [INFO] \U0001f4c5 [976] ╟руЁєцр■ Ёрёяшёрэшх фы : ╚╤1-232
2025-12-14 20:54:06,664 [INFO] \U0001f50d [977] @user_977 \u2192 ╚∙хЄ уЁєяяє: '╚╤1-231'
2025-12-14 20:54:06,665 [INFO] \u2705 [977] ═рщфхэю 1 уЁєяя√ фы  чряЁюёр '╚╤1-231'
2025-12-14 20:54:06,665 [INFO] \U0001f4c5 [977] ╟руЁєцр■ Ёрёяшёрэшх фы : ╚╤1-231
2025-12-14 20:54:06,680 [INFO] \U0001f50d [977] @user_977 \u2192 ╚∙хЄ уЁєяяє: '╚╤1-232'
2025-12-14 20:54:06,681 [INFO] \u2705 [977] ═рщфхэю 1 уЁєяя√ фы  чряЁюёр '╚╤1-232'
2025-12-14 20:54:06,681 [INFO] \U0001f4c5 [977] ╟руЁєцр■ Ёрёяшёрэшх фы : ╚╤1-232
2025-12-14 20:54:06,698 [INFO] \U0001f50d [978] @user_978 \u2192 ╚∙хЄ уЁєяяє: '╚╤1-231'
2025-12-14 20:54:06,698 [INFO] \u2705 [978] ═рщфхэю 1 уЁєяя√ фы  чряЁюёр '╚╤1-231'
2025-12-14 20:54:06,699 [INFO] \U0001f4c5 [978] ╟руЁєцр■ Ёрёяшёрэшх фы : ╚╤1-231
2025-12-14 20:54:06,718 [INFO] \U0001f50d [978] @user_978 \u2192 ╚∙хЄ уЁєяяє: '╚╤1-232'
2025-12-14 20:54:06,719 [INFO] \u2705 [978] ═рщфхэю 1 уЁєяя√ фы  чряЁюёр '╚╤1-232'
2025-12-14 20:54:06,719 [INFO] \U0001f4c5 [978] ╟руЁєцр■ Ёрёяшёрэшх фы : ╚╤1-232
2025-12-14 20:54:06,735 [INFO] \U0001f50d [979] @user_979 \u2192 ╚∙хЄ уЁєяяє: '╚╤1-231'
2025-12-14 20:54:06,735 [INFO] \u2705 [979] ═рщфхэю 1 уЁєяя√ фы  чряЁюёр '╚╤1-231'
2025-12-14 20:54:06,735 [INFO] \U0001f4c5 [979] ╟руЁєцр■ Ёрёяшёрэшх фы : ╚╤1-231
2025-12-14 20:54:06,792 [INFO] \U0001f50d [979] @user_979 \u2192 ╚∙хЄ уЁєяяє: '╚╤1-232'
2025-12-14 20:54:06,794 [INFO] \u2705 [979] ═рщфхэю 1 уЁєяя√ фы  чряЁюёр '╚╤1-232'
2025-12-14 20:54:06,794 [INFO] \U0001f4c5 [979] ╟руЁєцр■ Ёрёяшёрэшх фы : ╚╤1-232
2025-12-14 20:54:06,811 [INFO] \U0001f50d [980] @user_980 \u2192 ╚∙хЄ уЁєяяє: '╚╤1-231'
2025-12-14 20:54:06,812 [INFO] \u2705 [980] ═рщфхэю 1 уЁєяя√ фы  чряЁюёр '╚╤1-231'
2025-12-14 20:54:06,812 [INFO] \U0001f4c5 [980] ╟руЁєцр■ Ёрёяшёрэшх фы : ╚╤1-231
2025-12-14 20:54:06,832 [INFO] \U0001f50d [980] @user_980 \u2192 ╚∙хЄ уЁєяяє: '╚╤1-232'
2025-12-14 20:54:06,833 [INFO] \u2705 [980] ═рщфхэю 1 уЁєяя√ фы  чряЁюёр '╚╤1-232'
2025-12-14 20:54:06,833 [INFO] \U0001f4c5 [980] ╟руЁєцр■ Ёрёяшёрэшх фы : ╚╤1-232
2025-12-14 20:54:06,848 [INFO] \U0001f50d [981] @user_981 \u2192 ╚∙хЄ уЁєяяє: '╚╤1-231'
2025-12-14 20:54:06,849 [INFO] \u2705 [981] ═рщфхэю 1 уЁєяя√ фы  чряЁюёр '╚╤1-231'
2025-12-14 20:54:06,849 [INFO] \U0001f4c5 [981] ╟руЁєцр■ Ёрёяшёрэшх фы : ╚╤1-231
2025-12-14 20:54:06,890 [INFO] \U0001f50d [981] @user_981 \u2192 ╚∙хЄ уЁєяяє: '╚╤1-232'
2025-12-14 20:54:06,892 [INFO] \u2705 [981] ═рщфхэю 1 уЁєяя√ фы  чряЁюёр '╚╤1-232'
2025-12-14 20:54:06,893 [INFO] \U0001f4c5 [981] ╟руЁєцр■ Ёрёяшёрэшх фы : ╚╤1-232
2025-12-14 20:54:06,914 [INFO] \U0001f50d [982] @user_982 \u2192 ╚∙хЄ уЁєяяє: '╚╤1-231'
2025-12-14 20:54:06,914 [INFO] \u2705 [982] ═рщфхэю 1 уЁєяя√ фы  чряЁюёр '╚╤1-231'
2025-12-14 20:54:06,914 [INFO] \U0001f4c5 [982] ╟руЁєцр■ Ёрёяшёрэшх фы : ╚╤1-231
2025-12-14 20:54:06,959 [INFO] \U0001f50d [982] @user_982 \u2192 ╚∙хЄ уЁєяяє: '╚╤1-232'
2025-12-14 20:54:06,960 [INFO] \u2705 [982] ═рщфхэю 1 уЁєяя√ фы  чряЁюёр '╚╤1-232'
2025-12-14 20:54:06,961 [INFO] \U0001f4c5 [982] ╟руЁєцр■ Ёрёяшёрэшх фы : ╚╤1-232
2025-12-14 20:54:06,978 [INFO] \U0001f50d [983] @user_983 \u2192 ╚∙хЄ уЁєяяє: '╚╤1-231'
2025-12-14 20:54:06,979 [INFO] \u2705 [983] ═рщфхэю 1 уЁєяя√ фы  чряЁюёр '╚╤1-231'
2025-12-14 20:54:06,979 [INFO] \U0001f4c5 [983] ╟руЁєцр■ Ёрёяшёрэшх фы : ╚╤1-231
2025-12-14 20:54:07,003 [INFO] \U0001f50d [983] @user_983 \u2192 ╚∙хЄ уЁєяяє: '╚╤1-232'
2025-12-14 20:54:07,004 [INFO] \u2705 [983] ═рщфхэю 1 уЁєяя√ фы  чряЁюёр '╚╤1-232'
2025-12-14 20:54:07,004 [INFO] \U0001f4c5 [983] ╟руЁєцр■ Ёрёяшёрэшх фы : ╚╤1-232
2025-12-14 20:54:07,023 [INFO] \U0001f50d [984] @user_984 \u2192 ╚∙хЄ уЁєяяє: '╚╤1-231'
2025-12-14 20:54:07,024 [INFO] \u2705 [984] ═рщфхэю 1 уЁєяя√ фы  чряЁюёр '╚╤1-231'
2025-12-14 20:54:07,025 [INFO] \U0001f4c5 [984] ╟руЁєцр■ Ёрёяшёрэшх фы : ╚╤1-231
2025-12-14 20:54:07,047 [INFO] \U0001f50d [984] @user_984 \u2192 ╚∙хЄ уЁєяяє: '╚╤1-232'
2025-12-14 20:54:07,047 [INFO] \u2705 [984] ═рщфхэю 1 уЁєяя√ фы  чряЁюёр '╚╤1-232'
2025-12-14 20:54:07,047 [INFO] \U0001f4c5 [984] ╟руЁєцр■ Ёрёяшёрэшх фы : ╚╤1-232
2025-12-14 20:54:07,065 [INFO] \U0001f50d [985] @user_985 \u2192 ╚∙хЄ уЁєяяє: '╚╤1-231'
2025-12-14 20:54:07,065 [INFO] \u2705 [985] ═рщфхэю 1 уЁєяя√ фы  чряЁюёр '╚╤1-231'
2025-12-14 20:54:07,065 [INFO] \U0001f4c5 [985] ╟руЁєцр■ Ёрёяшёрэшх фы : ╚╤1-231
2025-12-14 20:54:07,086 [INFO] \U0001f50d [985] @user_985 \u2192 ╚∙хЄ уЁєяяє: '╚╤1-232'
2025-12-14 20:54:07,088 [INFO] \u2705 [985] ═рщфхэю 1 уЁєяя√ фы  чряЁюёр '╚╤1-232'
2025-12-14 20:54:07,088 [INFO] \U0001f4c5 [985] ╟руЁєцр■ Ёрёяшёрэшх фы : ╚╤1-232
2025-12-14 20:54:07,104 [INFO] \U0001f50d [986] @user_986 \u2192 ╚∙хЄ уЁєяяє: '╚╤1-231'
2025-12-14 20:54:07,106 [INFO] \u2705 [986] ═рщфхэю 1 уЁєяя√ фы  чряЁюёр '╚╤1-231'
2025-12-14 20:54:07,106 [INFO] \U0001f4c5 [986] ╟руЁєцр■ Ёрёяшёрэшх фы : ╚╤1-231
2025-12-14 20:54:07,130 [INFO] \U0001f50d [986] @user_986 \u2192 ╚∙хЄ уЁєяяє: '╚╤1-232'
2025-12-14 20:54:07,132 [INFO] \u2705 [986] ═рщфхэю 1 уЁєяя√ фы  чряЁюёр '╚╤1-232'
2025-12-14 20:54:07,133 [INFO] \U0001f4c5 [986] ╟руЁєцр■ Ёрёяшёрэшх фы : ╚╤1-232
2025-12-14 20:54:07,165 [INFO] \U0001f50d [987] @user_987 \u2192 ╚∙хЄ уЁєяяє: '╚╤1-231'
2025-12-14 20:54:07,166 [INFO] \u2705 [987] ═рщфхэю 1 уЁєяя√ фы  чряЁюёр '╚╤1-231'
2025-12-14 20:54:07,166 [INFO] \U0001f4c5 [987] ╟руЁєцр■ Ёрёяшёрэшх фы : ╚╤1-231
2025-12-14 20:54:07,189 [INFO] \U0001f50d [987] @user_987 \u2192 ╚∙хЄ уЁєяяє: '╚╤1-232'
2025-12-14 20:54:07,190 [INFO] \u2705 [987] ═рщфхэю 1 уЁєяя√ фы  чряЁюёр '╚╤1-232'
2025-12-14 20:54:07,191 [INFO] \U0001f4c5 [987] ╟руЁєцр■ Ёрёяшёрэшх фы : ╚╤1-232
2025-12-14 20:54:07,212 [INFO] \U0001f50d [988] @user_988 \u2192 ╚∙хЄ уЁєяяє: '╚╤1-231'
2025-12-14 20:54:07,213 [INFO] \u2705 [988] ═рщфхэю 1 уЁєяя√ фы  чряЁюёр '╚╤1-231'
2025-12-14 20:54:07,213 [INFO] \U0001f4c5 [988] ╟руЁєцр■ Ёрёяшёрэшх фы : ╚╤1-231
2025-12-14 20:54:07,237 [INFO] \U0001f50d [988] @user_988 \u2192 ╚∙хЄ уЁєяяє: '╚╤1-232'
2025-12-14 20:54:07,237 [INFO] \u2705 [988] ═рщфхэю 1 уЁєяя√ фы  чряЁюёр '╚╤1-232'
2025-12-14 20:54:07,238 [INFO] \U0001f4c5 [988] ╟руЁєцр■ Ёрёяшёрэшх фы : ╚╤1-232
2025-12-14 20:54:07,256 [INFO] \U0001f50d [989] @user_989 \u2192 ╚∙хЄ уЁєяяє: '╚╤1-231'
2025-12-14 20:54:07,257 [INFO] \u2705 [989] ═рщфхэю 1 уЁєяя√ фы  чряЁюёр '╚╤1-231'
2025-12-14 20:54:07,257 [INFO] \U0001f4c5 [989] ╟руЁєцр■ Ёрёяшёрэшх фы : ╚╤1-231
2025-12-14 20:54:07,278 [INFO] \U0001f50d [989] @user_989 \u2192 ╚∙хЄ уЁєяяє: '╚╤1-232'
2025-12-14 20:54:07,279 [INFO] \u2705 [989] ═рщфхэю 1 уЁєяя√ фы  чряЁюёр '╚╤1-232'
2025-12-14 20:54:07,279 [INFO] \U0001f4c5 [989] ╟руЁєцр■ Ёрёяшёрэшх фы : ╚╤1-232
2025-12-14 20:54:07,299 [INFO] \U0001f50d [990] @user_990 \u2192 ╚∙хЄ уЁєяяє: '╚╤1-231'
2025-12-14 20:54:07,302 [INFO] \u2705 [990] ═рщфхэю 1 уЁєяя√ фы  чряЁюёр '╚╤1-231'
2025-12-14 20:54:07,303 [INFO] \U0001f4c5 [990] ╟руЁєцр■ Ёрёяшёрэшх фы : ╚╤1-231
2025-12-14 20:54:07,319 [INFO] \U0001f50d [990] @user_990 \u2192 ╚∙хЄ уЁєяяє: '╚╤1-232'
2025-12-14 20:54:07,320 [INFO] \u2705 [990] ═рщфхэю 1 уЁєяя√ фы  чряЁюёр '╚╤1-232'
2025-12-14 20:54:07,320 [INFO] \U0001f4c5 [990] ╟руЁєцр■ Ёрёяшёрэшх фы : ╚╤1-232
2025-12-14 20:54:07,338 [INFO] \U0001f50d [991] @user_991 \u2192 ╚∙хЄ уЁєяяє: '╚╤1-231'
2025-12-14 20:54:07,338 [INFO] \u2705 [991] ═рщфхэю 1 уЁєяя√ фы  чряЁюёр '╚╤1-231'
2025-12-14 20:54:07,338 [INFO] \U0001f4c5 [991] ╟руЁєцр■ Ёрёяшёрэшх фы : ╚╤1-231
2025-12-14 20:54:07,359 [INFO] \U0001f50d [991] @user_991 \u2192 ╚∙хЄ уЁєяяє: '╚╤1-232'
2025-12-14 20:54:07,361 [INFO] \u2705 [991] ═рщфхэю 1 уЁєяя√ фы  чряЁюёр '╚╤1-232'
2025-12-14 20:54:07,361 [INFO] \U0001f4c5 [991] ╟руЁєцр■ Ёрёяшёрэшх фы : ╚╤1-232
2025-12-14 20:54:07,383 [INFO] \U0001f50d [992] @user_992 \u2192 ╚∙хЄ уЁєяяє: '╚╤1-231'
2025-12-14 20:54:07,384 [INFO] \u2705 [992] ═рщфхэю 1 уЁєяя√ фы  чряЁюёр '╚╤1-231'
2025-12-14 20:54:07,384 [INFO] \U0001f4c5 [992] ╟руЁєцр■ Ёрёяшёрэшх фы : ╚╤1-231
2025-12-14 20:54:07,404 [INFO] \U0001f50d [992] @user_992 \u2192 ╚∙хЄ уЁєяяє: '╚╤1-232'
2025-12-14 20:54:07,405 [INFO] \u2705 [992] ═рщфхэю 1 уЁєяя√ фы  чряЁюёр '╚╤1-232'
2025-12-14 20:54:07,406 [INFO] \U0001f4c5 [992] ╟руЁєцр■ Ёрёяшёрэшх фы : ╚╤1-232
2025-12-14 20:54:07,423 [INFO] \U0001f50d [993] @user_993 \u2192 ╚∙хЄ уЁєяяє: '╚╤1-231'
2025-12-14 20:54:07,423 [INFO] \u2705 [993] ═рщфхэю 1 уЁєяя√ фы  чряЁюёр '╚╤1-231'
2025-12-14 20:54:07,424 [INFO] \U0001f4c5 [993] ╟руЁєцр■ Ёрёяшёрэшх фы : ╚╤1-231
2025-12-14 20:54:07,461 [INFO] \U0001f50d [993] @user_993 \u2192 ╚∙хЄ уЁєяяє: '╚╤1-232'
2025-12-14 20:54:07,462 [INFO] \u2705 [993] ═рщфхэю 1 уЁєяя√ фы  чряЁюёр '╚╤1-232'
2025-12-14 20:54:07,462 [INFO] \U0001f4c5 [993] ╟руЁєцр■ Ёрёяшёрэшх фы : ╚╤1-232
2025-12-14 20:54:07,479 [INFO] \U0001f50d [994] @user_994 \u2192 ╚∙хЄ уЁєяяє: '╚╤1-231'
2025-12-14 20:54:07,480 [INFO] \u2705 [994] ═рщфхэю 1 уЁєяя√ фы  чряЁюёр '╚╤1-231'
2025-12-14 20:54:07,480 [INFO] \U0001f4c5 [994] ╟руЁєцр■ Ёрёяшёрэшх фы : ╚╤1-231
2025-12-14 20:54:07,500 [INFO] \U0001f50d [994] @user_994 \u2192 ╚∙хЄ уЁєяяє: '╚╤1-232'
2025-12-14 20:54:07,501 [INFO] \u2705 [994] ═рщфхэю 1 уЁєяя√ фы  чряЁюёр '╚╤1-232'
2025-12-14 20:54:07,501 [INFO] \U0001f4c5 [994] ╟руЁєцр■ Ёрёяшёрэшх фы : ╚╤1-232
2025-12-14 20:54:07,520 [INFO] \U0001f50d [995] @user_995 \u2192 ╚∙хЄ уЁєяяє: '╚╤1-231'
2025-12-14 20:54:07,521 [INFO] \u2705 [995] ═рщфхэю 1 уЁєяя√ фы  чряЁюёр '╚╤1-231'
2025-12-14 20:54:07,521 [INFO] \U0001f4c5 [995] ╟руЁєцр■ Ёрёяшёрэшх фы : ╚╤1-231
2025-12-14 20:54:07,539 [INFO] \U0001f50d [995] @user_995 \u2192 ╚∙хЄ уЁєяяє: '╚╤1-232'
2025-12-14 20:54:07,539 [INFO] \u2705 [995] ═рщфхэю 1 уЁєяя√ фы  чряЁюёр '╚╤1-232'
2025-12-14 20:54:07,540 [INFO] \U0001f4c5 [995] ╟руЁєцр■ Ёрёяшёрэшх фы : ╚╤1-232
2025-12-14 20:54:07,562 [INFO] \U0001f50d [996] @user_996 \u2192 ╚∙хЄ уЁєяяє: '╚╤1-231'
2025-12-14 20:54:07,563 [INFO] \u2705 [996] ═рщфхэю 1 уЁєяя√ фы  чряЁюёр '╚╤1-231'
2025-12-14 20:54:07,563 [INFO] \U0001f4c5 [996] ╟руЁєцр■ Ёрёяшёрэшх фы : ╚╤1-231
2025-12-14 20:54:07,580 [INFO] \U0001f50d [996] @user_996 \u2192 ╚∙хЄ уЁєяяє: '╚╤1-232'
2025-12-14 20:54:07,581 [INFO] \u2705 [996] ═рщфхэю 1 уЁєяя√ фы  чряЁюёр '╚╤1-232'
2025-12-14 20:54:07,581 [INFO] \U0001f4c5 [996] ╟руЁєцр■ Ёрёяшёрэшх фы : ╚╤1-232
2025-12-14 20:54:07,601 [INFO] \U0001f50d [997] @user_997 \u2192 ╚∙хЄ уЁєяяє: '╚╤1-231'
2025-12-14 20:54:07,602 [INFO] \u2705 [997] ═рщфхэю 1 уЁєяя√ фы  чряЁюёр '╚╤1-231'
2025-12-14 20:54:07,602 [INFO] \U0001f4c5 [997] ╟руЁєцр■ Ёрёяшёрэшх фы : ╚╤1-231
2025-12-14 20:54:07,620 [INFO] \U0001f50d [997] @user_997 \u2192 ╚∙хЄ уЁєяяє: '╚╤1-232'
2025-12-14 20:54:07,621 [INFO] \u2705 [997] ═рщфхэю 1 уЁєяя√ фы  чряЁюёр '╚╤1-232'
2025-12-14 20:54:07,621 [INFO] \U0001f4c5 [997] ╟руЁєцр■ Ёрёяшёрэшх фы : ╚╤1-232
2025-12-14 20:54:07,638 [INFO] \U0001f50d [998] @user_998 \u2192 ╚∙хЄ уЁєяяє: '╚╤1-231'
2025-12-14 20:54:07,639 [INFO] \u2705 [998] ═рщфхэю 1 уЁєяя√ фы  чряЁюёр '╚╤1-231'
2025-12-14 20:54:07,639 [INFO] \U0001f4c5 [998] ╟руЁєцр■ Ёрёяшёрэшх фы : ╚╤1-231
2025-12-14 20:54:07,657 [INFO] \U0001f50d [998] @user_998 \u2192 ╚∙хЄ уЁєяяє: '╚╤1-232'
2025-12-14 20:54:07,658 [INFO] \u2705 [998] ═рщфхэю 1 уЁєяя√ фы  чряЁюёр '╚╤1-232'
2025-12-14 20:54:07,659 [INFO] \U0001f4c5 [998] ╟руЁєцр■ Ёрёяшёрэшх фы : ╚╤1-232
2025-12-14 20:54:07,676 [INFO] \U0001f50d [999] @user_999 \u2192 ╚∙хЄ уЁєяяє: '╚╤1-231'
2025-12-14 20:54:07,677 [INFO] \u2705 [999] ═рщфхэю 1 уЁєяя√ фы  чряЁюёр '╚╤1-231'
2025-12-14 20:54:07,677 [INFO] \U0001f4c5 [999] ╟руЁєцр■ Ёрёяшёрэшх фы : ╚╤1-231
2025-12-14 20:54:07,696 [INFO] \U0001f50d [999] @user_999 \u2192 ╚∙хЄ уЁєяяє: '╚╤1-232'
2025-12-14 20:54:07,697 [INFO] \u2705 [999] ═рщфхэю 1 уЁєяя√ фы  чряЁюёр '╚╤1-232'
2025-12-14 20:54:07,697 [INFO] \U0001f4c5 [999] ╟руЁєцр■ Ёрёяшёрэшх фы : ╚╤1-232
2025-12-14 20:54:07,714 [INFO] \U0001f50d [1000] @user_1000 \u2192 ╚∙хЄ уЁєяяє: '╚╤1-231'
2025-12-14 20:54:07,715 [INFO] \u2705 [1000] ═рщфхэю 1 уЁєяя√ фы  чряЁюёр '╚╤1-231'
2025-12-14 20:54:07,715 [INFO] \U0001f4c5 [1000] ╟руЁєцр■ Ёрёяшёрэшх фы : ╚╤1-231
2025-12-14 20:54:07,731 [INFO] \U0001f50d [1000] @user_1000 \u2192 ╚∙хЄ уЁєяяє: '╚╤1-232'
2025-12-14 20:54:07,732 [INFO] \u2705 [1000] ═рщфхэю 1 уЁєяя√ фы  чряЁюёр '╚╤1-232'
2025-12-14 20:54:07,733 [INFO] \U0001f4c5 [1000] ╟руЁєцр■ Ёрёяшёрэшх фы : ╚╤1-232

============================================================
╥┼╤╥╚╨╬┬└═╚┼ ╧╨╬╚╟┬╬─╚╥┼╦▄═╬╤╥╚ ┴╬╥└
============================================================

============================================================
╥┼╤╥ ╧╨╬╚╟┬╬─╚╥┼╦▄═╬╤╥╚ ┴└╟█ ─└══█╒
============================================================

╥хёЄ чряшёш яюы№чютрЄхыхщ...
╟ряшё№ 500 яюы№чютрЄхыхщ: 8.91 ёхъ (56.13 чряшёхщ/ёхъ)

╥хёЄ ўЄхэш  яюы№чютрЄхыхщ...
╫Єхэшх 500 яюы№чютрЄхыхщ: 2.96 ёхъ (168.93 чряЁюёют/ёхъ)

╥хёЄ шёЄюЁшш яюшёър...
╟ряшё№ 500 чряшёхщ шёЄюЁшш: 10.49 ёхъ (47.68 чряшёхщ/ёхъ)

╬ўшёЄър ЄхёЄют√ї фрээ√ї...
╬ўшёЄър чртхЁ°хэр


============================================================
╥хёЄ яЁюшчтюфшЄхы№эюёЄш: 1000 яюы№чютрЄхыхщ
╟ряЁюёют эр яюы№чютрЄхы : 2
┬ёхую чряЁюёют: 2000
╚ёяюы№чєхЄё  ьюъшЁютрэшх API фы  с√ёЄЁюую ЄхёЄшЁютрэш 
============================================================

╟ряєёъ 2000 чряЁюёют...

============================================================
╨┼╟╙╦▄╥└╥█ ╥┼╤╥└ ╧╨╬╚╟┬╬─╚╥┼╦▄═╬╤╥╚
============================================================

╬с∙хх тЁхь  т√яюыэхэш : 43.11 ёхъ
┬ёхую чряЁюёют: 2000
╙ёях°э√ї: 2000
═хєфрўэ√ї: 0

╧ЁюшчтюфшЄхы№эюёЄ№:
  ╟ряЁюёют т ёхъєэфє: 46.40

┬Ёхь  юЄтхЄр (ьё):
  ╠шэшьры№эюх: 12.60
  ╠ръёшьры№эюх: 83.63
  ╤Ёхфэхх: 20.60
  ╠хфшрэр: 20.01
  95-щ яхЁЎхэЄшы№: 26.39
  99-щ яхЁЎхэЄшы№: 33.59

============================================================
╬╓┼═╩└ ╧╨╬╚╟┬╬─╚╥┼╦▄═╬╤╥╚
============================================================

Traceback (most recent call last):
  File "C:\Users\hacke\Documents\┴юЄ-Ёрёяшёрэшх-туыЄє\tests\test_performance_1000_users.py", line 325, in <module>
    asyncio.run(main())
    ~~~~~~~~~~~^^^^^^^^
  File "C:\Python314\Lib\asyncio\runners.py", line 204, in run
    return runner.run(main)
           ~~~~~~~~~~^^^^^^
  File "C:\Python314\Lib\asyncio\runners.py", line 127, in run
    return self._loop.run_until_complete(task)
           ~~~~~~~~~~~~~~~~~~~~~~~~~~~~~^^^^^^
  File "C:\Python314\Lib\asyncio\base_events.py", line 719, in run_until_complete
    return future.result()
           ~~~~~~~~~~~~~^^
  File "C:\Users\hacke\Documents\┴юЄ-Ёрёяшёрэшх-туыЄє\tests\test_performance_1000_users.py", line 298, in main
    results = await test_concurrent_users(num_users=1000, queries_per_user=2)
              ^^^^^^^^^^^^^^^^^^^^^^^^^^^^^^^^^^^^^^^^^^^^^^^^^^^^^^^^^^^^^^^
  File "C:\Users\hacke\Documents\┴юЄ-Ёрёяшёрэшх-туыЄє\tests\test_performance_1000_users.py", line 203, in test_concurrent_users
    print("\u26a0\ufe0f ╙─╬┬╦┼╥┬╬╨╚╥┼╦▄═╬: > 20 чряЁюёют/ёхъ")
    ~~~~~^^^^^^^^^^^^^^^^^^^^^^^^^^^^^^^^^^^^^^^^^^^
  File "C:\Python314\Lib\encodings\cp1251.py", line 19, in encode
    return codecs.charmap_encode(input,self.errors,encoding_table)[0]
           ~~~~~~~~~~~~~~~~~~~~~^^^^^^^^^^^^^^^^^^^^^^^^^^^^^^^^^^
UnicodeEncodeError: 'charmap' codec can't encode characters in position 0-1: character maps to <undefined>
